<?xml version="1.0" encoding="UTF-8"?>
<testsuites name="jest tests" tests="3168" failures="0" errors="0" time="49.525">
  <testsuite name="get" errors="0" failures="0" skipped="0" timestamp="2026-08-13T14:23:57" time="4.462" tests="212">
    <testcase classname="get will return null if there is no document data" name="get will return null if there is no document data" time="0.001">
    </testcase>
    <testcase classname="get will return null if there is no exportData" name="get will return null if there is no exportData" time="0">
    </testcase>
    <testcase classname="get will return null if there is exportData but no landingsTypeOption" name="get will return null if there is exportData but no landingsTypeOption" time="0">
    </testcase>
    <testcase classname="get will return the progress data if the landing type is Manual Entry" name="get will return the progress data if the landing type is Manual Entry" time="0.002">
    </testcase>
    <testcase classname="get will return the progress data for incomplete transport" name="get will return the progress data for incomplete transport" time="0">
    </testcase>
    <testcase classname="get will show exportJourney as COMPLETE for new documents" name="get will show exportJourney as COMPLETE for new documents" time="0.001">
    </testcase>
    <testcase classname="get will show exportJourney as INCOMPLETE for new documents" name="get will show exportJourney as INCOMPLETE for new documents" time="0">
    </testcase>
    <testcase classname="get will show exportJourney as INCOMPLETE when pointOfDestination is missing" name="get will show exportJourney as INCOMPLETE when pointOfDestination is missing" time="0">
    </testcase>
    <testcase classname="get will return the progress data if the landing type is Direct Landing" name="get will return the progress data if the landing type is Direct Landing" time="0">
    </testcase>
    <testcase classname="get will return the progress data if the landing type is Data Upload" name="get will return the progress data if the landing type is Data Upload" time="0.001">
    </testcase>
    <testcase classname="get will return the COMPLETED products but not landings in the progress data" name="get will return the COMPLETED products but not landings in the progress data" time="0">
    </testcase>
    <testcase classname="get will return the COMPLETED products and COMPLETED LANDINGS in the progress data" name="get will return the COMPLETED products and COMPLETED LANDINGS in the progress data" time="0">
    </testcase>
    <testcase classname="get will return conservation COMPLETED and INCOMPLETE trasportDetails if the user adds a vehicle but no details" name="get will return conservation COMPLETED and INCOMPLETE trasportDetails if the user adds a vehicle but no details" time="0.001">
    </testcase>
    <testcase classname="get will return COMPLETED transportationDetails if the user adds a vehicle and the transport details" name="get will return COMPLETED transportationDetails if the user adds a vehicle and the transport details" time="0.002">
    </testcase>
    <testcase classname="get will return COMPLETED transportationDetails if the user adds a vehicle and the transport details for transportation" name="get will return COMPLETED transportationDetails if the user adds a vehicle and the transport details for transportation" time="0">
    </testcase>
    <testcase classname="get will return INCOMPLETE transportationDetails if the user adds a truck vehicle with cmr flag set to true and no vehicle details" name="get will return INCOMPLETE transportationDetails if the user adds a truck vehicle with cmr flag set to true and no vehicle details" time="0.001">
    </testcase>
    <testcase classname="get will return INCOMPLETE transportationDetails if the user adds a truck vehicle with cmr flag set to true and truck vehicle with cmr flag set to false with no mandatory fields filled" name="get will return INCOMPLETE transportationDetails if the user adds a truck vehicle with cmr flag set to true and truck vehicle with cmr flag set to false with no mandatory fields filled" time="0">
    </testcase>
    <testcase classname="get will return INCOMPLETE transportationDetails if the user adds a vehicle and the transport details for transportation with no reference" name="get will return INCOMPLETE transportationDetails if the user adds a vehicle and the transport details for transportation with no reference" time="0">
    </testcase>
    <testcase classname="get will return COMPLETE transportationDetails if the user adds a vehicle and the transport details for transportation with no name" name="get will return COMPLETE transportationDetails if the user adds a vehicle and the transport details for transportation with no name" time="0.001">
    </testcase>
    <testcase classname="get will return COMPLETE transportationDetails if the user adds a vehicle and the transport details for transportation with no documents" name="get will return COMPLETE transportationDetails if the user adds a vehicle and the transport details for transportation with no documents" time="0">
    </testcase>
    <testcase classname="get will return COMPLETE transportationDetails if the user adds a vehicle and the transport details for transportation with no CMR" name="get will return COMPLETE transportationDetails if the user adds a vehicle and the transport details for transportation with no CMR" time="0.001">
    </testcase>
    <testcase classname="get will return COMPLETE transportationDetails if the transport details have valid freightBillNumber format" name="get will return COMPLETE transportationDetails if the transport details have valid freightBillNumber format" time="0">
    </testcase>
    <testcase classname="get will return INCOMPLETE transportationDetails if the user adds a vehicle and the transport details for only one transportation" name="get will return INCOMPLETE transportationDetails if the user adds a vehicle and the transport details for only one transportation" time="0.001">
    </testcase>
    <testcase classname="get will return INCOMPLETE transportationDetails if the user adds a vehicle and the transport details for transportation has a validation error" name="get will return INCOMPLETE transportationDetails if the user adds a vehicle and the transport details for transportation has a validation error" time="0">
    </testcase>
    <testcase classname="get will return INCOMPLETE transportationDetails if the user adds a vehicle and the transport details with invalid freightBillNumber format" name="get will return INCOMPLETE transportationDetails if the user adds a vehicle and the transport details with invalid freightBillNumber format" time="0">
    </testcase>
    <testcase classname="get will count the landings section as completed if it has errors" name="get will count the landings section as completed if it has errors" time="0.001">
    </testcase>
    <testcase classname="get will return exporter details as COMPLETE without townCity" name="get will return exporter details as COMPLETE without townCity" time="0">
    </testcase>
    <testcase classname="get will return exporter details as INCOMPLETE without contact id" name="get will return exporter details as INCOMPLETE without contact id" time="0.001">
    </testcase>
    <testcase classname="get will return exporter details as COMPLETE without contact id for an admin certificate" name="get will return exporter details as COMPLETE without contact id for an admin certificate" time="0">
    </testcase>
    <testcase classname="get will return exporter details as INCOMPLETE when not found in export data" name="get will return exporter details as INCOMPLETE when not found in export data" time="0">
    </testcase>
    <testcase classname="get will return exporter details as INCOMPLETE when details found are without all the required fields in export data" name="get will return exporter details as INCOMPLETE when details found are without all the required fields in export data" time="0">
    </testcase>
    <testcase classname="getLandingStatus will return ERROR if there are summary errors" name="getLandingStatus will return ERROR if there are summary errors" time="0">
    </testcase>
    <testcase classname="getLandingStatus will not return ERROR if the summary errors are filtered out" name="getLandingStatus will not return ERROR if the summary errors are filtered out" time="0">
    </testcase>
    <testcase classname="getLandingStatus will return INCOMPLETE if the products are not complete" name="getLandingStatus will return INCOMPLETE if the products are not complete" time="0.001">
    </testcase>
    <testcase classname="getLandingStatus will return CANNOT START if there are no products" name="getLandingStatus will return CANNOT START if there are no products" time="0">
    </testcase>
    <testcase classname="getLandingStatus will return COMPLETE if everything is complete" name="getLandingStatus will return COMPLETE if everything is complete" time="0">
    </testcase>
    <testcase classname="getLandingStatus will return INCOMPLETE when session has a landing with error &quot;invalid&quot; and the landing ID matches a current caughtBy entry (FI0-10996)" name="getLandingStatus will return INCOMPLETE when session has a landing with error &quot;invalid&quot; and the landing ID matches a current caughtBy entry (FI0-10996)" time="0">
    </testcase>
    <testcase classname="getLandingStatus will return COMPLETE when session has a stale error for a landing ID that no longer exists in caughtBy (FI0-10996 - correcting an invalid weight generates a new ID)" name="getLandingStatus will return COMPLETE when session has a stale error for a landing ID that no longer exists in caughtBy (FI0-10996 - correcting an invalid weight generates a new ID)" time="0">
    </testcase>
    <testcase classname="filterErrors will return true for system errors without a document number" name="filterErrors will return true for system errors without a document number" time="0">
    </testcase>
    <testcase classname="filterErrors will return false for no products" name="filterErrors will return false for no products" time="0">
    </testcase>
    <testcase classname="filterErrors will return true for system errors with a matching document number" name="filterErrors will return true for system errors with a matching document number" time="0">
    </testcase>
    <testcase classname="filterErrors will return false for system errors with a non-matching document number" name="filterErrors will return false for system errors with a non-matching document number" time="0">
    </testcase>
    <testcase classname="filterErrors will return true for a validation failure with a matching catch" name="filterErrors will return true for a validation failure with a matching catch" time="0">
    </testcase>
    <testcase classname="filterErrors will return false for a validation failure without a matching catch" name="filterErrors will return false for a validation failure without a matching catch" time="0.001">
    </testcase>
    <testcase classname="filterErrors will return false for a validation failure with no catch" name="filterErrors will return false for a validation failure with no catch" time="0">
    </testcase>
    <testcase classname="filterErrors will return false for a validation failure with no catches" name="filterErrors will return false for a validation failure with no catches" time="0">
    </testcase>
    <testcase classname="filterErrors will return false for a validation failure with no products" name="filterErrors will return false for a validation failure with no products" time="0">
    </testcase>
    <testcase classname="filterErrors will return false for a validation failure with product with no state" name="filterErrors will return false for a validation failure with product with no state" time="0">
    </testcase>
    <testcase classname="filterErrors will return false for a validation failure with no presentation" name="filterErrors will return false for a validation failure with no presentation" time="0">
    </testcase>
    <testcase classname="getTransportDetails with journey as storage notes should return INCOMPLETE for a incomplete truck" name="getTransportDetails with journey as storage notes should return INCOMPLETE for a incomplete truck" time="0.001">
    </testcase>
    <testcase classname="getTransportDetails with journey as storage notes should return INCOMPLETE for a truck with a cmr" name="getTransportDetails with journey as storage notes should return INCOMPLETE for a truck with a cmr" time="0">
    </testcase>
    <testcase classname="getTransportDetails with journey as storage notes should return INCOMPLETED for a truck without a cmr or departure place" name="getTransportDetails with journey as storage notes should return INCOMPLETED for a truck without a cmr or departure place" time="0">
    </testcase>
    <testcase classname="getTransportDetails with journey as storage notes should return COMPLETE for a truck without a cmr but with a departure place" name="getTransportDetails with journey as storage notes should return COMPLETE for a truck without a cmr but with a departure place" time="0.002">
    </testcase>
    <testcase classname="getTransportDetails with journey as storage notes should return INCOMPLETED for a truck without a cmr but with a departure place with validation errors" name="getTransportDetails with journey as storage notes should return INCOMPLETED for a truck without a cmr but with a departure place with validation errors" time="0">
    </testcase>
    <testcase classname="getTransportDetails with journey as storage notes should return INCOMPLETED for a train with a departure place with validation errors" name="getTransportDetails with journey as storage notes should return INCOMPLETED for a train with a departure place with validation errors" time="0">
    </testcase>
    <testcase classname="getTransportDetails with journey as storage notes should return INCOMPLETED for a plane with a departure place with validation errors" name="getTransportDetails with journey as storage notes should return INCOMPLETED for a plane with a departure place with validation errors" time="0">
    </testcase>
    <testcase classname="getTransportDetails with journey as storage notes should return COMPLETED when all arrival plane fields are filled out with valid values" name="getTransportDetails with journey as storage notes should return COMPLETED when all arrival plane fields are filled out with valid values" time="0.001">
    </testcase>
    <testcase classname="getTransportDetails with journey as storage notes should return INCOMPLETE when some arrival plane fields are missing" name="getTransportDetails with journey as storage notes should return INCOMPLETE when some arrival plane fields are missing" time="0">
    </testcase>
    <testcase classname="getTransportDetails with journey as storage notes should return INCOMPLETE when some arrival plane fields have validation errors" name="getTransportDetails with journey as storage notes should return INCOMPLETE when some arrival plane fields have validation errors" time="0">
    </testcase>
    <testcase classname="getTransportDetails with journey as storage notes should return INCOMPLETED for a container vessel with a departure place with validation errors" name="getTransportDetails with journey as storage notes should return INCOMPLETED for a container vessel with a departure place with validation errors" time="0.001">
    </testcase>
    <testcase classname="getTransportDetails with journey as storage notes should return COMPLETED when all arrival container vessel fields are filled out with valid values" name="getTransportDetails with journey as storage notes should return COMPLETED when all arrival container vessel fields are filled out with valid values" time="0">
    </testcase>
    <testcase classname="getTransportDetails with journey as storage notes should return INCOMPLETE when some arrival container vessel fields are missing" name="getTransportDetails with journey as storage notes should return INCOMPLETE when some arrival container vessel fields are missing" time="0">
    </testcase>
    <testcase classname="getTransportDetails with journey as storage notes should return INCOMPLETE when some arrival container vessel fields have validation errors" name="getTransportDetails with journey as storage notes should return INCOMPLETE when some arrival container vessel fields have validation errors" time="0">
    </testcase>
    <testcase classname="getTransportDetails with journey as storage notes should return INCOMPLETE when arrival container vessel is missing flagState" name="getTransportDetails with journey as storage notes should return INCOMPLETE when arrival container vessel is missing flagState" time="0">
    </testcase>
    <testcase classname="getTransportDetails with journey as storage notes should return INCOMPLETE when arrival container vessel is missing departureCountry" name="getTransportDetails with journey as storage notes should return INCOMPLETE when arrival container vessel is missing departureCountry" time="0">
    </testcase>
    <testcase classname="getTransportDetails with journey as storage notes should return INCOMPLETE when arrival container vessel is missing departurePort" name="getTransportDetails with journey as storage notes should return INCOMPLETE when arrival container vessel is missing departurePort" time="0">
    </testcase>
    <testcase classname="getTransportDetails with journey as storage notes should return INCOMPLETE when arrival container vessel is missing departureDate" name="getTransportDetails with journey as storage notes should return INCOMPLETE when arrival container vessel is missing departureDate" time="0">
    </testcase>
    <testcase classname="getTransportDetails with journey as storage notes should return INCOMPLETE when arrival container vessel has invalid flagState format" name="getTransportDetails with journey as storage notes should return INCOMPLETE when arrival container vessel has invalid flagState format" time="0">
    </testcase>
    <testcase classname="getTransportDetails with journey as storage notes should return COMPLETED when all arrival train fields are filled out with valid values" name="getTransportDetails with journey as storage notes should return COMPLETED when all arrival train fields are filled out with valid values" time="0">
    </testcase>
    <testcase classname="getTransportDetails with journey as storage notes should return INCOMPLETE when arrival train is missing departureCountry" name="getTransportDetails with journey as storage notes should return INCOMPLETE when arrival train is missing departureCountry" time="0">
    </testcase>
    <testcase classname="getTransportDetails with journey as storage notes should return INCOMPLETE when arrival train is missing departurePort" name="getTransportDetails with journey as storage notes should return INCOMPLETE when arrival train is missing departurePort" time="0">
    </testcase>
    <testcase classname="getTransportDetails with journey as storage notes should return INCOMPLETE when arrival train is missing departureDate" name="getTransportDetails with journey as storage notes should return INCOMPLETE when arrival train is missing departureDate" time="0.001">
    </testcase>
    <testcase classname="getTransportDetails with journey as storage notes should return INCOMPLETE when arrival train has invalid departurePort format" name="getTransportDetails with journey as storage notes should return INCOMPLETE when arrival train has invalid departurePort format" time="0">
    </testcase>
    <testcase classname="getTransportDetails with journey as storage notes should return INCOMPLETE when arrival train has invalid departureDate format" name="getTransportDetails with journey as storage notes should return INCOMPLETE when arrival train has invalid departureDate format" time="0">
    </testcase>
    <testcase classname="getTransportDetails with journey as storage notes should return INCOMPLETE when some arrival fields have validation errors" name="getTransportDetails with journey as storage notes should return INCOMPLETE when some arrival fields have validation errors" time="0">
    </testcase>
    <testcase classname="getTransportDetails with journey as storage notes should return INCOMPLETE if there is no valid transport type" name="getTransportDetails with journey as storage notes should return INCOMPLETE if there is no valid transport type" time="0">
    </testcase>
    <testcase classname="getTransportDetails should return INCOMPLETE for a incomplete truck" name="getTransportDetails should return INCOMPLETE for a incomplete truck" time="0.001">
    </testcase>
    <testcase classname="getTransportDetails should return INCOMPLETE for a truck with a cmr" name="getTransportDetails should return INCOMPLETE for a truck with a cmr" time="0">
    </testcase>
    <testcase classname="getTransportDetails should return INCOMPLETED for a truck without a cmr or departure place" name="getTransportDetails should return INCOMPLETED for a truck without a cmr or departure place" time="0">
    </testcase>
    <testcase classname="getTransportDetails should return COMPLETE for a truck without a cmr but with a departure place" name="getTransportDetails should return COMPLETE for a truck without a cmr but with a departure place" time="0">
    </testcase>
    <testcase classname="getTransportDetails should return INCOMPLETED for a truck without a cmr but with a departure place with validation errors" name="getTransportDetails should return INCOMPLETED for a truck without a cmr but with a departure place with validation errors" time="0">
    </testcase>
    <testcase classname="getTransportDetails should return INCOMPLETED for a train with a departure place with validation errors" name="getTransportDetails should return INCOMPLETED for a train with a departure place with validation errors" time="0">
    </testcase>
    <testcase classname="getTransportDetails should return INCOMPLETED for a plane with a departure place with validation errors" name="getTransportDetails should return INCOMPLETED for a plane with a departure place with validation errors" time="0">
    </testcase>
    <testcase classname="getTransportDetails should return INCOMPLETE for a container vessel with a departure place with validation errors" name="getTransportDetails should return INCOMPLETE for a container vessel with a departure place with validation errors" time="0">
    </testcase>
    <testcase classname="getTransportDetails should return INCOMPLETE if there is no valid transport type" name="getTransportDetails should return INCOMPLETE if there is no valid transport type" time="0">
    </testcase>
    <testcase classname="getTransportDetails should return CANNOT START if there is no transport type" name="getTransportDetails should return CANNOT START if there is no transport type" time="0">
    </testcase>
    <testcase classname="getStorageFacilityStatus should return INCOMPLETE for incomplete storage facilities" name="getStorageFacilityStatus should return INCOMPLETE for incomplete storage facilities" time="0.001">
    </testcase>
    <testcase classname="getStorageFacilityStatus should return INCOMPLETE for storage facilities with no address details" name="getStorageFacilityStatus should return INCOMPLETE for storage facilities with no address details" time="0">
    </testcase>
    <testcase classname="getStorageFacilityStatus should return INCOMPLETE for incomplete storage facilities with no arrival date" name="getStorageFacilityStatus should return INCOMPLETE for incomplete storage facilities with no arrival date" time="0">
    </testcase>
    <testcase classname="getStorageFacilityStatus should return COMPLETED for complete storage facilities" name="getStorageFacilityStatus should return COMPLETED for complete storage facilities" time="0">
    </testcase>
    <testcase classname="getUserReference should return OPTIONAL for empty userReference" name="getUserReference should return OPTIONAL for empty userReference" time="0">
    </testcase>
    <testcase classname="getUserReference should return COMPLETED for completed userReference" name="getUserReference should return COMPLETED for completed userReference" time="0">
    </testcase>
    <testcase classname="getProcessingStatementProgress will return the progress data" name="getProcessingStatementProgress will return the progress data" time="0.001">
    </testcase>
    <testcase classname="getProcessingStatementProgress will return 0 completed sections" name="getProcessingStatementProgress will return 0 completed sections" time="0">
    </testcase>
    <testcase classname="getProcessingStatementProgress will return a progress object if there is an exportData" name="getProcessingStatementProgress will return a progress object if there is an exportData" time="0">
    </testcase>
    <testcase classname="getProcessingStatementProgress will return COMPLETED exporter if there is an exporter with addressOne, exporterCompanyName and postcode properties" name="getProcessingStatementProgress will return COMPLETED exporter if there is an exporter with addressOne, exporterCompanyName and postcode properties" time="0">
    </testcase>
    <testcase classname="getProcessingStatementProgress will return INCOMPLETED exporter is without a contact id" name="getProcessingStatementProgress will return INCOMPLETED exporter is without a contact id" time="0">
    </testcase>
    <testcase classname="getProcessingStatementProgress will return COMPLETE exporter is without a contact id for an admin" name="getProcessingStatementProgress will return COMPLETE exporter is without a contact id for an admin" time="0">
    </testcase>
    <testcase classname="getProcessingStatementProgress will return INCOMPLETE exporter if there is any of addressOne, exporterCompanyName and postcode in the exporter properties missing" name="getProcessingStatementProgress will return INCOMPLETE exporter if there is any of addressOne, exporterCompanyName and postcode in the exporter properties missing" time="0">
    </testcase>
    <testcase classname="getProcessingStatementProgress will return COMPLETED consignmentDescription if there is a consignment description" name="getProcessingStatementProgress will return COMPLETED consignmentDescription if there is a consignment description" time="0">
    </testcase>
    <testcase classname="getProcessingStatementProgress will return COMPLETED consignmentDescription if there is a list of products" name="getProcessingStatementProgress will return COMPLETED consignmentDescription if there is a list of products" time="0">
    </testcase>
    <testcase classname="getProcessingStatementProgress will return INCOMPLETED consignmentDescription if there is a list of products with a product missing a description" name="getProcessingStatementProgress will return INCOMPLETED consignmentDescription if there is a list of products with a product missing a description" time="0.001">
    </testcase>
    <testcase classname="getProcessingStatementProgress will return INCOMPLETED consignmentDescription if there is a list of products with a product missing a commodity code" name="getProcessingStatementProgress will return INCOMPLETED consignmentDescription if there is a list of products with a product missing a commodity code" time="0">
    </testcase>
    <testcase classname="getProcessingStatementProgress will return INCOMPLETED consignmentDescription if there is a list of products with a product that has an undefined description" name="getProcessingStatementProgress will return INCOMPLETED consignmentDescription if there is a list of products with a product that has an undefined description" time="0">
    </testcase>
    <testcase classname="getProcessingStatementProgress will return INCOMPLETED consignmentDescription if there is a list of products with a product that has an undefined commodity code" name="getProcessingStatementProgress will return INCOMPLETED consignmentDescription if there is a list of products with a product that has an undefined commodity code" time="0">
    </testcase>
    <testcase classname="getProcessingStatementProgress will return INCOMPLETE processedProductDetails if products have valid descriptions but no associated catches (FI0-10647)" name="getProcessingStatementProgress will return INCOMPLETE processedProductDetails if products have valid descriptions but no associated catches (FI0-10647)" time="0.005">
    </testcase>
    <testcase classname="getProcessingStatementProgress will return INCOMPLETE processedProductDetails if some products do not have catch details (FI0-10647)" name="getProcessingStatementProgress will return INCOMPLETE processedProductDetails if some products do not have catch details (FI0-10647)" time="0">
    </testcase>
    <testcase classname="getProcessingStatementProgress will return INCOMPLETED consignmentDescription if there is a list of products with a product that has a description over 50 characters" name="getProcessingStatementProgress will return INCOMPLETED consignmentDescription if there is a list of products with a product that has a description over 50 characters" time="0.001">
    </testcase>
    <testcase classname="getProcessingStatementProgress will return INCOMPLETE catches even if scientific name is missing" name="getProcessingStatementProgress will return INCOMPLETE catches even if scientific name is missing" time="0">
    </testcase>
    <testcase classname="getProcessingStatementProgress will return INCOMPLETE catches if all of these properties species, id, catchCertificateNumber, totalWeightLanded, exportWeightBeforeProcessing, exportWeightAfterProcessing and scientificName are present in every catch object" name="getProcessingStatementProgress will return INCOMPLETE catches if all of these properties species, id, catchCertificateNumber, totalWeightLanded, exportWeightBeforeProcessing, exportWeightAfterProcessing and scientificName are present in every catch object" time="0">
    </testcase>
    <testcase classname="getProcessingStatementProgress will return INCOMPLETE catches if one of the catch object references a non existence COMPLETE catch certificate" name="getProcessingStatementProgress will return INCOMPLETE catches if one of the catch object references a non existence COMPLETE catch certificate" time="0">
    </testcase>
    <testcase classname="getProcessingStatementProgress will return INCOMPLETE catches if one of the catches have a UK catchCertificateNumber in an incorrect format" name="getProcessingStatementProgress will return INCOMPLETE catches if one of the catches have a UK catchCertificateNumber in an incorrect format" time="0.001">
    </testcase>
    <testcase classname="getProcessingStatementProgress will return INCOMPLETED catches if any of these properties totalWeightLanded, exportWeightBeforeProcessing and exportWeightAfterProcessing are erroneous in any catch object" name="getProcessingStatementProgress will return INCOMPLETED catches if any of these properties totalWeightLanded, exportWeightBeforeProcessing and exportWeightAfterProcessing are erroneous in any catch object" time="0">
    </testcase>
    <testcase classname="getProcessingStatementProgress will return INCOMPLETE catches if at least one of these properties species, id, catchCertificateNumber, totalWeightLanded, exportWeightBeforeProcessing, exportWeightAfterProcessing and scientificName is missing in any of the catch objects" name="getProcessingStatementProgress will return INCOMPLETE catches if at least one of these properties species, id, catchCertificateNumber, totalWeightLanded, exportWeightBeforeProcessing, exportWeightAfterProcessing and scientificName is missing in any of the catch objects" time="0">
    </testcase>
    <testcase classname="getProcessingStatementProgress will return INCOMPLETED catches if at least one of the catches have a UK catch certificate type for which the species is missing on the reference completed catch certificate" name="getProcessingStatementProgress will return INCOMPLETED catches if at least one of the catches have a UK catch certificate type for which the species is missing on the reference completed catch certificate" time="0">
    </testcase>
    <testcase classname="getProcessingStatementProgress will return COMPLETED processing plant info if there is all plantName, plantApprovalNumber and plantResponsibleForConsignment" name="getProcessingStatementProgress will return COMPLETED processing plant info if there is all plantName, plantApprovalNumber and plantResponsibleForConsignment" time="0">
    </testcase>
    <testcase classname="getProcessingStatementProgress will return INCOMPLETE processing plant info if there any of plantApprovalNumber or plantResponsibleForConsignment is missing" name="getProcessingStatementProgress will return INCOMPLETE processing plant info if there any of plantApprovalNumber or plantResponsibleForConsignment is missing" time="0.001">
    </testcase>
    <testcase classname="getProcessingStatementProgress will return INCOMPLETE exportDestination if there is no exportedTo" name="getProcessingStatementProgress will return INCOMPLETE exportDestination if there is no exportedTo" time="0">
    </testcase>
    <testcase classname="getProcessingStatementProgress will return COMPLETED exportDestination if there is exportedTo and pointOfDestination in exportData" name="getProcessingStatementProgress will return COMPLETED exportDestination if there is exportedTo and pointOfDestination in exportData" time="0">
    </testcase>
    <testcase classname="getProcessingStatementProgress will return INCOMPLETE exportDestination if any of officialCountryName, isoCodeAlpha2, isoCodeAlpha3 and isoNumericCode is missing in exportedTo" name="getProcessingStatementProgress will return INCOMPLETE exportDestination if any of officialCountryName, isoCodeAlpha2, isoCodeAlpha3 and isoNumericCode is missing in exportedTo" time="0">
    </testcase>
    <testcase classname="getProcessingStatementProgress will return INCOMPLETE exportDestination if exportedTo is present but pointOfDestination is missing" name="getProcessingStatementProgress will return INCOMPLETE exportDestination if exportedTo is present but pointOfDestination is missing" time="0">
    </testcase>
    <testcase classname="getProcessingStatementProgress will return INCOMPLETE exportDestination if pointOfDestination is empty string" name="getProcessingStatementProgress will return INCOMPLETE exportDestination if pointOfDestination is empty string" time="0">
    </testcase>
    <testcase classname="getProcessingStatementProgress will return COMPLETED exportHealthCertificate if there is healthCertificateDate and healthCertificateNumber in exportData" name="getProcessingStatementProgress will return COMPLETED exportHealthCertificate if there is healthCertificateDate and healthCertificateNumber in exportData" time="0">
    </testcase>
    <testcase classname="getProcessingStatementProgress will return INCOMPLETE exportHealthCertificate if there is any of healthCertificateDate and healthCertificateNumber missing in exportData" name="getProcessingStatementProgress will return INCOMPLETE exportHealthCertificate if there is any of healthCertificateDate and healthCertificateNumber missing in exportData" time="0">
    </testcase>
    <testcase classname="getProcessingStatementProgress will return INCOMPLETE exportHealthCertificate if healthCertificateDate is invalid" name="getProcessingStatementProgress will return INCOMPLETE exportHealthCertificate if healthCertificateDate is invalid" time="0">
    </testcase>
    <testcase classname="getProcessingStatementProgress will return INCOMPLETE exportHealthCertificate if healthCertificateDate is a future date" name="getProcessingStatementProgress will return INCOMPLETE exportHealthCertificate if healthCertificateDate is a future date" time="0">
    </testcase>
    <testcase classname="getProcessingStatementProgress will return INCOMPLETE exportHealthCertificate if healthCertificateNumber is invalid" name="getProcessingStatementProgress will return INCOMPLETE exportHealthCertificate if healthCertificateNumber is invalid" time="0.001">
    </testcase>
    <testcase classname="getProcessingStatementProgress will return COMPLETE processingPlantAddress if any of plantName, plantAddressOne and plantPostcode is missing in exportData" name="getProcessingStatementProgress will return COMPLETE processingPlantAddress if any of plantName, plantAddressOne and plantPostcode is missing in exportData" time="0">
    </testcase>
    <testcase classname="getProcessingStatementProgress will return COMPLETED processingPlantAddress if all plantAddressOne and plantPostcode exist in exportData" name="getProcessingStatementProgress will return COMPLETED processingPlantAddress if all plantAddressOne and plantPostcode exist in exportData" time="0">
    </testcase>
    <testcase classname="getProcessingStatementProgress will return INCOMPLETE processingPlantAddress if data and exportData is undefined" name="getProcessingStatementProgress will return INCOMPLETE processingPlantAddress if data and exportData is undefined" time="0">
    </testcase>
    <testcase classname="getProcessingStatementProgress will return COMPLETE processingPlantAddress if there is any of plantAddressOne and plantPostcode has empty value in exportData" name="getProcessingStatementProgress will return COMPLETE processingPlantAddress if there is any of plantAddressOne and plantPostcode has empty value in exportData" time="0">
    </testcase>
    <testcase classname="getProcessingStatementProgress will return requiredSections and completedSections the same number if all are COMPLETED including the user reference" name="getProcessingStatementProgress will return requiredSections and completedSections the same number if all are COMPLETED including the user reference" time="0.001">
    </testcase>
    <testcase classname="getProcessingStatementProgress will return INCOMPLETE processedProductDetails if a catch has an invalid FAO code or species name not found in reference data (UAT-553)" name="getProcessingStatementProgress will return INCOMPLETE processedProductDetails if a catch has an invalid FAO code or species name not found in reference data (UAT-553)" time="0">
    </testcase>
    <testcase classname="getStorageDocumentProgress will return 0 completed sections" name="getStorageDocumentProgress will return 0 completed sections" time="0.001">
    </testcase>
    <testcase classname="getStorageDocumentProgress will return COMPLETED exporter if there is an exporter with addressOne, exporterCompanyName and postcode properties" name="getStorageDocumentProgress will return COMPLETED exporter if there is an exporter with addressOne, exporterCompanyName and postcode properties" time="0">
    </testcase>
    <testcase classname="getStorageDocumentProgress will return INCOMPLETED exporter if there is no contact id" name="getStorageDocumentProgress will return INCOMPLETED exporter if there is no contact id" time="0.001">
    </testcase>
    <testcase classname="getStorageDocumentProgress will return COMPLETED exporter if there is no contact id for an admin" name="getStorageDocumentProgress will return COMPLETED exporter if there is no contact id for an admin" time="0">
    </testcase>
    <testcase classname="getStorageDocumentProgress will return INCOMPLETE exporter if there is any of addressOne, exporterCompanyName and postcode in the exporter properties missing" name="getStorageDocumentProgress will return INCOMPLETE exporter if there is any of addressOne, exporterCompanyName and postcode in the exporter properties missing" time="0">
    </testcase>
    <testcase classname="getStorageDocumentProgress will return COMPLETED catches even if scientific name is missing" name="getStorageDocumentProgress will return COMPLETED catches even if scientific name is missing" time="0.001">
    </testcase>
    <testcase classname="getStorageDocumentProgress will return INCOMPLETE transportDetails (not catches) when departure weights have not been confirmed" name="getStorageDocumentProgress will return INCOMPLETE transportDetails (not catches) when departure weights have not been confirmed" time="0.001">
    </testcase>
    <testcase classname="getStorageDocumentProgress will return INCOMPLETE transportDetails (not catches) when departure weight exceeds arrival weight" name="getStorageDocumentProgress will return INCOMPLETE transportDetails (not catches) when departure weight exceeds arrival weight" time="0">
    </testcase>
    <testcase classname="getStorageDocumentProgress will return INCOMPLETE transportDetails when fishery departure weight exceeds fishery arrival weight" name="getStorageDocumentProgress will return INCOMPLETE transportDetails when fishery departure weight exceeds fishery arrival weight" time="0">
    </testcase>
    <testcase classname="getStorageDocumentProgress will return INCOMPLETED catches if any of the weights are invalid" name="getStorageDocumentProgress will return INCOMPLETED catches if any of the weights are invalid" time="0.001">
    </testcase>
    <testcase classname="getStorageDocumentProgress will return INCOMPLETE catches if any species are invalid" name="getStorageDocumentProgress will return INCOMPLETE catches if any species are invalid" time="0">
    </testcase>
    <testcase classname="getStorageDocumentProgress will return INCOMPLETE catches any of them is missing in any of the required catch objects" name="getStorageDocumentProgress will return INCOMPLETE catches any of them is missing in any of the required catch objects" time="0">
    </testcase>
    <testcase classname="getStorageDocumentProgress will return INCOMPLETE exportDestination if there is no exportedTo" name="getStorageDocumentProgress will return INCOMPLETE exportDestination if there is no exportedTo" time="0">
    </testcase>
    <testcase classname="getStorageDocumentProgress will return COMPLETED exportDestination if there is exportedTo in exportData" name="getStorageDocumentProgress will return COMPLETED exportDestination if there is exportedTo in exportData" time="0">
    </testcase>
    <testcase classname="getStorageDocumentProgress will return INCOMPLETE exportDestination if any of officialCountryName, isoCodeAlpha2, isoCodeAlpha3 and isoNumericCode is missing in exportedTo" name="getStorageDocumentProgress will return INCOMPLETE exportDestination if any of officialCountryName, isoCodeAlpha2, isoCodeAlpha3 and isoNumericCode is missing in exportedTo" time="0">
    </testcase>
    <testcase classname="getStorageDocumentProgress will return requiredSections and completedSections the same number if all are COMPLETED including the user reference" name="getStorageDocumentProgress will return requiredSections and completedSections the same number if all are COMPLETED including the user reference" time="0.001">
    </testcase>
    <testcase classname="getStorageDocumentProgress will return a completed arrival transportation section" name="getStorageDocumentProgress will return a completed arrival transportation section" time="0.001">
    </testcase>
    <testcase classname="getStorageDocumentProgress will return a completed arrival transportation section - truck" name="getStorageDocumentProgress will return a completed arrival transportation section - truck" time="0">
    </testcase>
    <testcase classname="getStorageDocumentProgress will return a completed arrival transportation section - plane" name="getStorageDocumentProgress will return a completed arrival transportation section - plane" time="0.001">
    </testcase>
    <testcase classname="getStorageDocumentProgress will return a optional arrival transportation section" name="getStorageDocumentProgress will return a optional arrival transportation section" time="0">
    </testcase>
    <testcase classname="getStorageDocumentProgress will return a optional arrival transportation section - truck" name="getStorageDocumentProgress will return a optional arrival transportation section - truck" time="0.001">
    </testcase>
    <testcase classname="getStorageDocumentProgress will return a uncompleted arrival transportation section as optional" name="getStorageDocumentProgress will return a uncompleted arrival transportation section as optional" time="0">
    </testcase>
    <testcase classname="getStorageDocumentProgress should return INCOMPLETE transport details when product departure weight is zero" name="getStorageDocumentProgress should return INCOMPLETE transport details when product departure weight is zero" time="0.001">
    </testcase>
    <testcase classname="getStorageDocumentProgress should return INCOMPLETE transport details when fishery product departure weight is zero" name="getStorageDocumentProgress should return INCOMPLETE transport details when fishery product departure weight is zero" time="0">
    </testcase>
    <testcase classname="getStorageDocumentProgress should return INCOMPLETE transport details when weights exceed 2 decimals" name="getStorageDocumentProgress should return INCOMPLETE transport details when weights exceed 2 decimals" time="0.001">
    </testcase>
    <testcase classname="getStorageDocumentProgress should return INCOMPLETE transport details when weights exceed 12 digits" name="getStorageDocumentProgress should return INCOMPLETE transport details when weights exceed 12 digits" time="0">
    </testcase>
    <testcase classname="getStorageDocumentProgress should return INCOMPLETE transport details when productWeight is empty" name="getStorageDocumentProgress should return INCOMPLETE transport details when productWeight is empty" time="0">
    </testcase>
    <testcase classname="getStorageDocumentProgress should return INCOMPLETE transport details when both weight types are invalid" name="getStorageDocumentProgress should return INCOMPLETE transport details when both weight types are invalid" time="0.001">
    </testcase>
    <testcase classname="getStorageDocumentProgress should return COMPLETED transport details when weights are valid" name="getStorageDocumentProgress should return COMPLETED transport details when weights are valid" time="0">
    </testcase>
    <testcase classname="getStorageDocumentProgress should return INCOMPLETE transport details when at least one weight type is valid" name="getStorageDocumentProgress should return INCOMPLETE transport details when at least one weight type is valid" time="0">
    </testcase>
    <testcase classname="getStorageDocumentProgress Storage Facilities Date Validation Tests should return COMPLETED storageFacilities when facility arrival date is after arrival transportation departure date" name="getStorageDocumentProgress Storage Facilities Date Validation Tests should return COMPLETED storageFacilities when facility arrival date is after arrival transportation departure date" time="0.001">
    </testcase>
    <testcase classname="getStorageDocumentProgress Storage Facilities Date Validation Tests should return INCOMPLETE storageFacilities when facility arrival date is not after arrival transportation departure date" name="getStorageDocumentProgress Storage Facilities Date Validation Tests should return INCOMPLETE storageFacilities when facility arrival date is not after arrival transportation departure date" time="0.001">
    </testcase>
    <testcase classname="getStorageDocumentProgress Storage Facilities Date Validation Tests should return INCOMPLETE storageFacilities when facility arrival date is missing" name="getStorageDocumentProgress Storage Facilities Date Validation Tests should return INCOMPLETE storageFacilities when facility arrival date is missing" time="0">
    </testcase>
    <testcase classname="getStorageDocumentProgress Storage Facilities Date Validation Tests should return INCOMPLETE storageFacilities when facility approval number contains invalid characters" name="getStorageDocumentProgress Storage Facilities Date Validation Tests should return INCOMPLETE storageFacilities when facility approval number contains invalid characters" time="0.001">
    </testcase>
    <testcase classname="getStorageDocumentProgress Storage Facilities Date Validation Tests should return INCOMPLETE storageFacilities when facility approval number exceeds 50 characters" name="getStorageDocumentProgress Storage Facilities Date Validation Tests should return INCOMPLETE storageFacilities when facility approval number exceeds 50 characters" time="0.001">
    </testcase>
    <testcase classname="getStorageDocumentProgress Storage Facilities Date Validation Tests should return COMPLETED storageFacilities when facility approval number is valid" name="getStorageDocumentProgress Storage Facilities Date Validation Tests should return COMPLETED storageFacilities when facility approval number is valid" time="0.001">
    </testcase>
    <testcase classname="getStorageDocumentProgress Transport Details Date Validation Tests should return COMPLETED transportDetails when departure transport date is after arrival transport departure date" name="getStorageDocumentProgress Transport Details Date Validation Tests should return COMPLETED transportDetails when departure transport date is after arrival transport departure date" time="0">
    </testcase>
    <testcase classname="getStorageDocumentProgress Transport Details Date Validation Tests should return INCOMPLETE transportDetails when departure transport date is not after arrival transport departure date" name="getStorageDocumentProgress Transport Details Date Validation Tests should return INCOMPLETE transportDetails when departure transport date is not after arrival transport departure date" time="0.001">
    </testcase>
    <testcase classname="getStorageDocumentProgress Transport Details Date Validation Tests should return INCOMPLETE transportDetails when departure transport date is missing" name="getStorageDocumentProgress Transport Details Date Validation Tests should return INCOMPLETE transportDetails when departure transport date is missing" time="0.001">
    </testcase>
    <testcase classname="getStorageDocumentProgress Transport Details Date Validation Tests should return INCOMPLETE transportDetails when arrival transport departure date is missing" name="getStorageDocumentProgress Transport Details Date Validation Tests should return INCOMPLETE transportDetails when arrival transport departure date is missing" time="0.001">
    </testcase>
    <testcase classname="getStorageDocumentProgress Transport Details Date Validation Tests should return COMPLETED transportDetails when departure transport details are complete and date is after arrival, even when catches are incomplete (FI0-11073)" name="getStorageDocumentProgress Transport Details Date Validation Tests should return COMPLETED transportDetails when departure transport details are complete and date is after arrival, even when catches are incomplete (FI0-11073)" time="0.001">
    </testcase>
    <testcase classname="getStorageDocumentProgress Transport Details Date Validation Tests should return false when firstDateStr is undefined in isFirstDateAfterSecondDate" name="getStorageDocumentProgress Transport Details Date Validation Tests should return false when firstDateStr is undefined in isFirstDateAfterSecondDate" time="0">
    </testcase>
    <testcase classname="getStorageDocumentProgress Transport Details Date Validation Tests should return false when secondDateStr is undefined in isFirstDateAfterSecondDate" name="getStorageDocumentProgress Transport Details Date Validation Tests should return false when secondDateStr is undefined in isFirstDateAfterSecondDate" time="0">
    </testcase>
    <testcase classname="getStorageDocumentProgress Transport Details Date Validation Tests should return false when both dates are undefined in isFirstDateAfterSecondDate" name="getStorageDocumentProgress Transport Details Date Validation Tests should return false when both dates are undefined in isFirstDateAfterSecondDate" time="0">
    </testcase>
    <testcase classname="getStorageDocumentProgress Transport Details Date Validation Tests should return false when firstDateStr is invalid in isFirstDateAfterSecondDate" name="getStorageDocumentProgress Transport Details Date Validation Tests should return false when firstDateStr is invalid in isFirstDateAfterSecondDate" time="0.001">
    </testcase>
    <testcase classname="getStorageDocumentProgress Transport Details Date Validation Tests should return false when secondDateStr is invalid in isFirstDateAfterSecondDate" name="getStorageDocumentProgress Transport Details Date Validation Tests should return false when secondDateStr is invalid in isFirstDateAfterSecondDate" time="0">
    </testcase>
    <testcase classname="getStorageDocumentProgress Transport Details Date Validation Tests should return false when both dates are invalid in isFirstDateAfterSecondDate" name="getStorageDocumentProgress Transport Details Date Validation Tests should return false when both dates are invalid in isFirstDateAfterSecondDate" time="0">
    </testcase>
    <testcase classname="getStorageDocumentProgress Transport Details Date Validation Tests should return true when first date is after second date in isFirstDateAfterSecondDate" name="getStorageDocumentProgress Transport Details Date Validation Tests should return true when first date is after second date in isFirstDateAfterSecondDate" time="0">
    </testcase>
    <testcase classname="getStorageDocumentProgress Transport Details Date Validation Tests should return true when first date is same as second date in isFirstDateAfterSecondDate" name="getStorageDocumentProgress Transport Details Date Validation Tests should return true when first date is same as second date in isFirstDateAfterSecondDate" time="0">
    </testcase>
    <testcase classname="getStorageDocumentProgress Transport Details Date Validation Tests should return false when first date is before second date in isFirstDateAfterSecondDate" name="getStorageDocumentProgress Transport Details Date Validation Tests should return false when first date is before second date in isFirstDateAfterSecondDate" time="0">
    </testcase>
    <testcase classname="Catch Certificate Progress - requestByAdmin branch coverage should mark exporter as COMPLETED when requestByAdmin is true even without contactId" name="Catch Certificate Progress - requestByAdmin branch coverage should mark exporter as COMPLETED when requestByAdmin is true even without contactId" time="0">
    </testcase>
    <testcase classname="isFacilityArrivalAfterTransportDeparture - missing departure date should return false when arrivalTransportation has no departureDate" name="isFacilityArrivalAfterTransportDeparture - missing departure date should return false when arrivalTransportation has no departureDate" time="0">
    </testcase>
    <testcase classname="isDepartureTransportAfterArrivalTransport - missing dates should return false when departure transport has no exportDate" name="isDepartureTransportAfterArrivalTransport - missing dates should return false when departure transport has no exportDate" time="0.001">
    </testcase>
    <testcase classname="isDepartureTransportAfterArrivalTransport - missing dates should return false when arrival transport has no departureDate" name="isDepartureTransportAfterArrivalTransport - missing dates should return false when arrival transport has no departureDate" time="0">
    </testcase>
    <testcase classname="isDepartureTransportAfterArrivalTransport - missing dates should return true when both dates are present and departure is after arrival" name="isDepartureTransportAfterArrivalTransport - missing dates should return true when both dates are present and departure is after arrival" time="0">
    </testcase>
    <testcase classname="isDepartureTransportAfterArrivalTransport - missing dates should return false when both dates are present but departure is before arrival" name="isDepartureTransportAfterArrivalTransport - missing dates should return false when both dates are present but departure is before arrival" time="0">
    </testcase>
    <testcase classname="isDepartureTransportAfterArrivalTransport - missing dates should correctly access departureDate from BackEndTransport type" name="isDepartureTransportAfterArrivalTransport - missing dates should correctly access departureDate from BackEndTransport type" time="0">
    </testcase>
    <testcase classname="isEmptyAndTrimSpaces - object value should return true when object has all non-empty string values" name="isEmptyAndTrimSpaces - object value should return true when object has all non-empty string values" time="0">
    </testcase>
    <testcase classname="isEmptyAndTrimSpaces - object value should return false when object has empty string values" name="isEmptyAndTrimSpaces - object value should return false when object has empty string values" time="0">
    </testcase>
    <testcase classname="isEmptyAndTrimSpaces - object value should return false when object is empty" name="isEmptyAndTrimSpaces - object value should return false when object is empty" time="0">
    </testcase>
    <testcase classname="Processing Statement Progress - processingPlant COMPLETED branch should mark processingPlant as COMPLETED when all required fields are present" name="Processing Statement Progress - processingPlant COMPLETED branch should mark processingPlant as COMPLETED when all required fields are present" time="0">
    </testcase>
    <testcase classname="Processing Statement Progress - processingPlant COMPLETED branch should mark exportHealthCertificate as COMPLETED when certificate number and date are valid" name="Processing Statement Progress - processingPlant COMPLETED branch should mark exportHealthCertificate as COMPLETED when certificate number and date are valid" time="0.001">
    </testcase>
    <testcase classname="Storage Document Progress - transportDetails with all conditions met should mark transportDetails as INCOMPLETE when departure transport is not completed" name="Storage Document Progress - transportDetails with all conditions met should mark transportDetails as INCOMPLETE when departure transport is not completed" time="0">
    </testcase>
    <testcase classname="Storage Document Progress - transportDetails with all conditions met should mark transportDetails as INCOMPLETE when catches have productWeight but no departure weight fields" name="Storage Document Progress - transportDetails with all conditions met should mark transportDetails as INCOMPLETE when catches have productWeight but no departure weight fields" time="0.001">
    </testcase>
    <testcase classname="Storage Document Progress - transportDetails with all conditions met should mark transportDetails as INCOMPLETE when one of two catches has stale productWeight but null departure weights" name="Storage Document Progress - transportDetails with all conditions met should mark transportDetails as INCOMPLETE when one of two catches has stale productWeight but null departure weights" time="0.001">
    </testcase>
    <testcase classname="hasLandingData - EU2026 mandatory fields validation should return true when all products have complete landing data with EU2026 mandatory fields" name="hasLandingData - EU2026 mandatory fields validation should return true when all products have complete landing data with EU2026 mandatory fields" time="0">
    </testcase>
    <testcase classname="hasLandingData - EU2026 mandatory fields validation should return false when products have caughtBy but missing startDate" name="hasLandingData - EU2026 mandatory fields validation should return false when products have caughtBy but missing startDate" time="0">
    </testcase>
    <testcase classname="hasLandingData - EU2026 mandatory fields validation should return false when products have caughtBy but missing gearCategory" name="hasLandingData - EU2026 mandatory fields validation should return false when products have caughtBy but missing gearCategory" time="0">
    </testcase>
    <testcase classname="hasLandingData - EU2026 mandatory fields validation should return false when products have caughtBy but missing gearType" name="hasLandingData - EU2026 mandatory fields validation should return false when products have caughtBy but missing gearType" time="0">
    </testcase>
    <testcase classname="hasLandingData - EU2026 mandatory fields validation should return false when products have caughtBy but missing highSeasArea" name="hasLandingData - EU2026 mandatory fields validation should return false when products have caughtBy but missing highSeasArea" time="0">
    </testcase>
    <testcase classname="hasLandingData - EU2026 mandatory fields validation should return false when products have caughtBy but startDate is empty string" name="hasLandingData - EU2026 mandatory fields validation should return false when products have caughtBy but startDate is empty string" time="0">
    </testcase>
    <testcase classname="hasLandingData - EU2026 mandatory fields validation should return false when products have caughtBy but startDate is whitespace" name="hasLandingData - EU2026 mandatory fields validation should return false when products have caughtBy but startDate is whitespace" time="0">
    </testcase>
    <testcase classname="hasLandingData - EU2026 mandatory fields validation should return true when all products have multiple complete landings" name="hasLandingData - EU2026 mandatory fields validation should return true when all products have multiple complete landings" time="0.001">
    </testcase>
    <testcase classname="hasLandingData - EU2026 mandatory fields validation should return false when one landing in multiple landings is missing mandatory fields" name="hasLandingData - EU2026 mandatory fields validation should return false when one landing in multiple landings is missing mandatory fields" time="0">
    </testcase>
    <testcase classname="hasLandingData - EU2026 mandatory fields validation should return false when products have empty caughtBy array" name="hasLandingData - EU2026 mandatory fields validation should return false when products have empty caughtBy array" time="0">
    </testcase>
    <testcase classname="hasLandingData - EU2026 mandatory fields validation should return false when products have undefined caughtBy" name="hasLandingData - EU2026 mandatory fields validation should return false when products have undefined caughtBy" time="0">
    </testcase>
    <testcase classname="hasLandingData - EU2026 mandatory fields validation should return false when products array is empty" name="hasLandingData - EU2026 mandatory fields validation should return false when products array is empty" time="0">
    </testcase>
    <testcase classname="hasLandingData - EU2026 mandatory fields validation should return false when products is undefined" name="hasLandingData - EU2026 mandatory fields validation should return false when products is undefined" time="0">
    </testcase>
    <testcase classname="hasLandingData - EU2026 mandatory fields validation should check all products - return false if any product has incomplete landings" name="hasLandingData - EU2026 mandatory fields validation should check all products - return false if any product has incomplete landings" time="0">
    </testcase>
  </testsuite>
  <testsuite name="getItemByProductId" errors="0" failures="0" skipped="0" timestamp="2026-08-13T14:24:01" time="0.492" tests="114">
    <testcase classname="getItemByProductId should return a product if it exists in the export payload" name="getItemByProductId should return a product if it exists in the export payload" time="0.001">
    </testcase>
    <testcase classname="getItemByProductId should return a product with doc number" name="getItemByProductId should return a product with doc number" time="0">
    </testcase>
    <testcase classname="getItemByProductId should error if there is no product in the export payload" name="getItemByProductId should error if there is no product in the export payload" time="0.011">
    </testcase>
    <testcase classname="getItemByProductId should throw product-not-found when exportPayload has no items (exportPayload?.items is falsy)" name="getItemByProductId should throw product-not-found when exportPayload has no items (exportPayload?.items is falsy)" time="0">
    </testcase>
    <testcase classname="get should return payload data from draft data with given doc number" name="get should return payload data from draft data with given doc number" time="0.001">
    </testcase>
    <testcase classname="get should return payload data from draft data" name="get should return payload data from draft data" time="0">
    </testcase>
    <testcase classname="get should retrieve related session data for landings and merge it into draft data" name="get should retrieve related session data for landings and merge it into draft data" time="0.001">
    </testcase>
    <testcase classname="get should continue as normal if session landing does not exist" name="get should continue as normal if session landing does not exist" time="0">
    </testcase>
    <testcase classname="get should continue as normal if session has no landings" name="get should continue as normal if session has no landings" time="0">
    </testcase>
    <testcase classname="get should continue as normal if there is no landings at all" name="get should continue as normal if there is no landings at all" time="0.001">
    </testcase>
    <testcase classname="get should retrieve multiple related session data for landings and merge it into draft data" name="get should retrieve multiple related session data for landings and merge it into draft data" time="0">
    </testcase>
    <testcase classname="get should return null as payload if no data payload is found" name="get should return null as payload if no data payload is found" time="0">
    </testcase>
    <testcase classname="get should return a payload with the landing from sessionLanding for an erroneous landings from MONGO" name="get should return a payload with the landing from sessionLanding for an erroneous landings from MONGO" time="0">
    </testcase>
    <testcase classname="get should continue as normal if there is no session data" name="get should continue as normal if there is no session data" time="0">
    </testcase>
    <testcase classname="get should not merge session data when exportPayload has no items (exportPayload?.items is falsy)" name="get should not merge session data when exportPayload has no items (exportPayload?.items is falsy)" time="0">
    </testcase>
    <testcase classname="getDirectLanding should return payload data from draft data with given doc number" name="getDirectLanding should return payload data from draft data with given doc number" time="0">
    </testcase>
    <testcase classname="getDirectLanding should return payload data from draft data" name="getDirectLanding should return payload data from draft data" time="0">
    </testcase>
    <testcase classname="getDirectLanding should retrieve related session data for landings and merge it into draft data" name="getDirectLanding should retrieve related session data for landings and merge it into draft data" time="0">
    </testcase>
    <testcase classname="getDirectLanding should continue as normal if session landing does not exist" name="getDirectLanding should continue as normal if session landing does not exist" time="0">
    </testcase>
    <testcase classname="getDirectLanding should continue as normal if session has no landings" name="getDirectLanding should continue as normal if session has no landings" time="0">
    </testcase>
    <testcase classname="getDirectLanding should continue as normal if there is no landings at all" name="getDirectLanding should continue as normal if there is no landings at all" time="0">
    </testcase>
    <testcase classname="getDirectLanding should return null as payload if no data payload is found" name="getDirectLanding should return null as payload if no data payload is found" time="0">
    </testcase>
    <testcase classname="getDirectLanding should continue as normal if there is no session data" name="getDirectLanding should continue as normal if there is no session data" time="0.001">
    </testcase>
    <testcase classname="upsertLanding will throw an error when vesselOverriddenByAdmin is true in the db" name="upsertLanding will throw an error when vesselOverriddenByAdmin is true in the db" time="0">
    </testcase>
    <testcase classname="upsertLanding will throw an error when vesselOverriddenByAdmin is true in the request" name="upsertLanding will throw an error when vesselOverriddenByAdmin is true in the request" time="0">
    </testcase>
    <testcase classname="upsertLanding should save and return  payload data from draft data with a document number" name="upsertLanding should save and return  payload data from draft data with a document number" time="0.001">
    </testcase>
    <testcase classname="upsertLanding should save and return  payload data from draft data" name="upsertLanding should save and return  payload data from draft data" time="0">
    </testcase>
    <testcase classname="upsertLanding should save session data in REDIS" name="upsertLanding should save session data in REDIS" time="0">
    </testcase>
    <testcase classname="upsertLanding should save data to REDIS if there are validation errors" name="upsertLanding should save data to REDIS if there are validation errors" time="0">
    </testcase>
    <testcase classname="upsertLanding should save data to REDIS with values from session data" name="upsertLanding should save data to REDIS with values from session data" time="0.008">
    </testcase>
    <testcase classname="upsertLanding POST ExportPayload to mongo with errors should return a payload when exportWeight is a string" name="upsertLanding POST ExportPayload to mongo with errors should return a payload when exportWeight is a string" time="0.001">
    </testcase>
    <testcase classname="upsertLanding POST ExportPayload to mongo with errors should return a payload when dateLanded is in the future" name="upsertLanding POST ExportPayload to mongo with errors should return a payload when dateLanded is in the future" time="0">
    </testcase>
    <testcase classname="upsertLanding POST ExportPayload to mongo with errors when using JS should return a payload when landing contains a vessel error" name="upsertLanding POST ExportPayload to mongo with errors when using JS should return a payload when landing contains a vessel error" time="0">
    </testcase>
    <testcase classname="upsertLanding POST ExportPayload to mongo with errors when using NO JS should return a payload when landing contains a vessel error" name="upsertLanding POST ExportPayload to mongo with errors when using NO JS should return a payload when landing contains a vessel error" time="0">
    </testcase>
    <testcase classname="upsertLanding should skip session-data merge and return payload with empty items when exportPayload has no items (exportPayload?.items is falsy)" name="upsertLanding should skip session-data merge and return payload with empty items when exportPayload has no items (exportPayload?.items is falsy)" time="0.001">
    </testcase>
    <testcase classname="upsertLanding should replace an empty-slot landing when lnd.model?.id is undefined (second find path)" name="upsertLanding should replace an empty-slot landing when lnd.model?.id is undefined (second find path)" time="0">
    </testcase>
    <testcase classname="save should save and return payload data" name="save should save and return payload data" time="0">
    </testcase>
    <testcase classname="save should save with document number and return payload data" name="save should save with document number and return payload data" time="0">
    </testcase>
    <testcase classname="createExportCerticate should create an export certificate when CC_3c is true for an export with a matching species on a landing" name="createExportCerticate should create an export certificate when CC_3c is true for an export with a matching species on a landing" time="0.002">
    </testcase>
    <testcase classname="createExportCerticate should fall back to fetching the draft inside gatherExportInfo when the initial draft is null" name="createExportCerticate should fall back to fetching the draft inside gatherExportInfo when the initial draft is null" time="0">
    </testcase>
    <testcase classname="createExportCerticate passes exportedTo.exportedTo to isEuCountry when export location contains exportedTo property" name="createExportCerticate passes exportedTo.exportedTo to isEuCountry when export location contains exportedTo property" time="0.001">
    </testcase>
    <testcase classname="createExportCerticate should submit to EU CATCH when exportedTo is an EU country" name="createExportCerticate should submit to EU CATCH when exportedTo is an EU country" time="0">
    </testcase>
    <testcase classname="createExportCerticate should NOT submit to EU CATCH when exportedTo is not an EU country" name="createExportCerticate should NOT submit to EU CATCH when exportedTo is not an EU country" time="0.001">
    </testcase>
    <testcase classname="createExportCerticate should pass exportedTo.exportedTo to isEuCountry when export location contains exportedTo property" name="createExportCerticate should pass exportedTo.exportedTo to isEuCountry when export location contains exportedTo property" time="0">
    </testcase>
    <testcase classname="createExportCerticate should not create an export certificate when CC_3c is true for an export without a matching species on a landing" name="createExportCerticate should not create an export certificate when CC_3c is true for an export without a matching species on a landing" time="0.001">
    </testcase>
    <testcase classname="createExportCerticate logs an error when email is missing for createExportCertificate" name="createExportCerticate logs an error when email is missing for createExportCertificate" time="0">
    </testcase>
    <testcase classname="createExportCerticate should not create an export certificate when application fails on noDataSubmitted" name="createExportCerticate should not create an export certificate when application fails on noDataSubmitted" time="0">
    </testcase>
    <testcase classname="createExportCerticate When processing the validation offline fails should refresh landings in serial for offline validation" name="createExportCerticate When processing the validation offline fails should refresh landings in serial for offline validation" time="0.001">
    </testcase>
    <testcase classname="createExportCerticate When processing the validation offline fails should update certificate status when document fails validation for an offline validation" name="createExportCerticate When processing the validation offline fails should update certificate status when document fails validation for an offline validation" time="0">
    </testcase>
    <testcase classname="createExportCerticate When processing the validation offline fails should catch errors thrown whilst updating the status to DRAFT" name="createExportCerticate When processing the validation offline fails should catch errors thrown whilst updating the status to DRAFT" time="0.001">
    </testcase>
    <testcase classname="createExportCerticate When processing the validation offline fails should call toFrontEndValidationFailure once with the right parameters if offline validation returns a validation failure" name="createExportCerticate When processing the validation offline fails should call toFrontEndValidationFailure once with the right parameters if offline validation returns a validation failure" time="0">
    </testcase>
    <testcase classname="createExportCerticate When processing the validation offline fails should call saveErrors once if offline validation returns a validation failure" name="createExportCerticate When processing the validation offline fails should call saveErrors once if offline validation returns a validation failure" time="0.001">
    </testcase>
    <testcase classname="createExportCerticate When processing the validation offline fails should catch errors thrown whilst saving validation results" name="createExportCerticate When processing the validation offline fails should catch errors thrown whilst saving validation results" time="0">
    </testcase>
    <testcase classname="createExportCerticate When processing the validation offline fails should log the fact that createExportCertificate has failed and set the document to DRAFT" name="createExportCerticate When processing the validation offline fails should log the fact that createExportCertificate has failed and set the document to DRAFT" time="0.012">
    </testcase>
    <testcase classname="createExportCerticate When processing the validation offline fails should log the fact that updateCertificateStatus failed" name="createExportCerticate When processing the validation offline fails should log the fact that updateCertificateStatus failed" time="0.001">
    </testcase>
    <testcase classname="createExportCerticate When processing the validation offline fails should log the fact that saveErrors failed" name="createExportCerticate When processing the validation offline fails should log the fact that saveErrors failed" time="0">
    </testcase>
    <testcase classname="createExportCerticate When processing the validation offline fails should catch a log the stack of any errors thrown whilst getting blocked status" name="createExportCerticate When processing the validation offline fails should catch a log the stack of any errors thrown whilst getting blocked status" time="0.001">
    </testcase>
    <testcase classname="createExportCerticate When processing the validation offline fails should catch a log any errors thrown whilst getting blocked status" name="createExportCerticate When processing the validation offline fails should catch a log any errors thrown whilst getting blocked status" time="0">
    </testcase>
    <testcase classname="createExportCerticate When processing the validation offline fails should throw with empty message when error has no message property (e?.message is undefined)" name="createExportCerticate When processing the validation offline fails should throw with empty message when error has no message property (e?.message is undefined)" time="0.001">
    </testcase>
    <testcase classname="createExportCerticate When processing the validation offline fails should save any errors thrown whilst setting status to DRAFT" name="createExportCerticate When processing the validation offline fails should save any errors thrown whilst setting status to DRAFT" time="0">
    </testcase>
    <testcase classname="createExportCerticate When processing the validation offline passes should not change status if clear session data errors" name="createExportCerticate When processing the validation offline passes should not change status if clear session data errors" time="0.001">
    </testcase>
    <testcase classname="createExportCerticate should gracefully handle SUBMIT event failure" name="createExportCerticate should gracefully handle SUBMIT event failure" time="0">
    </testcase>
    <testcase classname="createExportCerticate should gracefully handle SUBMIT landing consolidate failure" name="createExportCerticate should gracefully handle SUBMIT landing consolidate failure" time="0.001">
    </testcase>
    <testcase classname="createExportCerticate should increment the number of submissions for each landings on each product" name="createExportCerticate should increment the number of submissions for each landings on each product" time="0">
    </testcase>
    <testcase classname="createExportCerticate should refresh landings in parallel for online validation" name="createExportCerticate should refresh landings in parallel for online validation" time="0">
    </testcase>
    <testcase classname="createExportCerticate should catch, log, and rethrow any errors" name="createExportCerticate should catch, log, and rethrow any errors" time="0">
    </testcase>
    <testcase classname="createExportCerticate should use empty object when exporter.model is null" name="createExportCerticate should use empty object when exporter.model is null" time="0.001">
    </testcase>
    <testcase classname="createExportCerticate should use empty object when exporter.model is undefined" name="createExportCerticate should use empty object when exporter.model is undefined" time="0">
    </testcase>
    <testcase classname="createExportCerticate should use empty array when transportations is not an array (null)" name="createExportCerticate should use empty array when transportations is not an array (null)" time="0">
    </testcase>
    <testcase classname="createExportCerticate should use empty array when transportations is a non-array object" name="createExportCerticate should use empty array when transportations is a non-array object" time="0.001">
    </testcase>
    <testcase classname="createExportCerticate should not call isEuCountry and should log export location when exportLocation is null" name="createExportCerticate should not call isEuCountry and should log export location when exportLocation is null" time="0">
    </testcase>
    <testcase classname="createExportCerticate should log CHECK-EU-ERROR and not rethrow when isEuCountry check throws" name="createExportCerticate should log CHECK-EU-ERROR and not rethrow when isEuCountry check throws" time="0">
    </testcase>
    <testcase classname="createExportCerticate should call isEuCountry with the isoCodeAlpha2 extracted from an exportedTo object (line 403)" name="createExportCerticate should call isEuCountry with the isoCodeAlpha2 extracted from an exportedTo object (line 403)" time="0">
    </testcase>
    <testcase classname="createExportCerticate should call isEuCountry with undefined when exportedTo is a legacy string (line 403)" name="createExportCerticate should call isEuCountry with undefined when exportedTo is a legacy string (line 403)" time="0">
    </testcase>
    <testcase classname="createExportCerticate should log SET-CATCH-SUBMISSION-IN-PROGRESS error when setCatchSubmissionInProgress rejects during createExportCertificate" name="createExportCerticate should log SET-CATCH-SUBMISSION-IN-PROGRESS error when setCatchSubmissionInProgress rejects during createExportCertificate" time="0.001">
    </testcase>
    <testcase classname="updateCertificateStatus should call the service layer" name="updateCertificateStatus should call the service layer" time="0">
    </testcase>
    <testcase classname="updateCertificateStatus should bubble up any errors" name="updateCertificateStatus should bubble up any errors" time="0">
    </testcase>
    <testcase classname="getCertificateStatus should return the status of document" name="getCertificateStatus should return the status of document" time="0">
    </testcase>
    <testcase classname="getCertificateStatus should catch any errors thrown" name="getCertificateStatus should catch any errors thrown" time="0.001">
    </testcase>
    <testcase classname="isSubmissionFailure will return true if the report has items and blocking is not enabled" name="isSubmissionFailure will return true if the report has items and blocking is not enabled" time="0">
    </testcase>
    <testcase classname="isSubmissionFailure will return false if blocking is not enabled" name="isSubmissionFailure will return false if blocking is not enabled" time="0">
    </testcase>
    <testcase classname="isSubmissionFailure will return false if the report has no items" name="isSubmissionFailure will return false if the report has no items" time="0">
    </testcase>
    <testcase classname="getCertificateHash should call get certificate method once with the right arguments" name="getCertificateHash should call get certificate method once with the right arguments" time="0">
    </testcase>
    <testcase classname="getCertificateHash should return valid certificate hash" name="getCertificateHash should return valid certificate hash" time="0">
    </testcase>
    <testcase classname="performRefresh should call vessel landings refresher for serial refreshes" name="performRefresh should call vessel landings refresher for serial refreshes" time="0.001">
    </testcase>
    <testcase classname="performRefresh should call vessel landings refresher for serial refreshes with a true legally due" name="performRefresh should call vessel landings refresher for serial refreshes with a true legally due" time="0">
    </testcase>
    <testcase classname="performRefresh should call vessel landings refresher for serial refreshes with a true legally due for multiple landings with at least one legally due landing" name="performRefresh should call vessel landings refresher for serial refreshes with a true legally due for multiple landings with at least one legally due landing" time="0">
    </testcase>
    <testcase classname="performRefresh should call vessel landings refresher for serial refreshes with a true legally due for multiple landings with different products with at least one legally due landing" name="performRefresh should call vessel landings refresher for serial refreshes with a true legally due for multiple landings with different products with at least one legally due landing" time="0">
    </testcase>
    <testcase classname="performRefresh should call vessel landings refresher for serial refreshes with mutiple landings with differing landings" name="performRefresh should call vessel landings refresher for serial refreshes with mutiple landings with differing landings" time="0.001">
    </testcase>
    <testcase classname="performRefresh should call vessel landings refresher for parallel refreshes" name="performRefresh should call vessel landings refresher for parallel refreshes" time="0">
    </testcase>
    <testcase classname="performRefresh should call vessel landings refresher for parallel refreshes with a true legally due" name="performRefresh should call vessel landings refresher for parallel refreshes with a true legally due" time="0">
    </testcase>
    <testcase classname="performRefresh should call vessel landings refresher for parallel refreshes with a true legally due for multiple landings with at least one legally due landing" name="performRefresh should call vessel landings refresher for parallel refreshes with a true legally due for multiple landings with at least one legally due landing" time="0.001">
    </testcase>
    <testcase classname="performRefresh should call vessel landings refresher for parallel refreshes with a true legally due for multiple landings with different products with at least one legally due landing" name="performRefresh should call vessel landings refresher for parallel refreshes with a true legally due for multiple landings with different products with at least one legally due landing" time="0">
    </testcase>
    <testcase classname="performRefresh should call vessel landings refresher for parallel refreshes with mutiple landings with differing landings" name="performRefresh should call vessel landings refresher for parallel refreshes with mutiple landings with differing landings" time="0">
    </testcase>
    <testcase classname="getLandingsToRefresh will return an empty array if there are no products landed" name="getLandingsToRefresh will return an empty array if there are no products landed" time="0">
    </testcase>
    <testcase classname="getLandingsToRefresh will call getLandingsRefreshData with the landings of every product" name="getLandingsToRefresh will call getLandingsRefreshData with the landings of every product" time="0">
    </testcase>
    <testcase classname="getLandingsToRefresh will return all unique landings to refresh" name="getLandingsToRefresh will return all unique landings to refresh" time="0.001">
    </testcase>
    <testcase classname="getLandingsToRefresh will return all landings with correct legally due status" name="getLandingsToRefresh will return all landings with correct legally due status" time="0">
    </testcase>
    <testcase classname="catchSubmissionForCC should call setCatchSubmissionInProgress and submitToCatchSystem" name="catchSubmissionForCC should call setCatchSubmissionInProgress and submitToCatchSystem" time="0">
    </testcase>
    <testcase classname="catchSubmissionForCC should handle errors from submitToCatchSystem gracefully" name="catchSubmissionForCC should handle errors from submitToCatchSystem gracefully" time="0">
    </testcase>
    <testcase classname="catchSubmissionForCC should still call submitToCatchSystem when setCatchSubmissionInProgress fails" name="catchSubmissionForCC should still call submitToCatchSystem when setCatchSubmissionInProgress fails" time="0">
    </testcase>
    <testcase classname="catchSubmissionForCC should log error when setCatchSubmissionInProgress rejects" name="catchSubmissionForCC should log error when setCatchSubmissionInProgress rejects" time="0">
    </testcase>
    <testcase classname="catchSubmissionForCC should log error when submitToCatchSystem rejects" name="catchSubmissionForCC should log error when submitToCatchSystem rejects" time="0">
    </testcase>
    <testcase classname="saveSystemError should update certificate status to DRAFT" name="saveSystemError should update certificate status to DRAFT" time="0.001">
    </testcase>
    <testcase classname="saveSystemError should log success after updating certificate status to DRAFT" name="saveSystemError should log success after updating certificate status to DRAFT" time="0">
    </testcase>
    <testcase classname="saveSystemError should save system error with the correct failure object" name="saveSystemError should save system error with the correct failure object" time="0">
    </testcase>
    <testcase classname="saveSystemError should log error when updateCertificateStatus fails" name="saveSystemError should log error when updateCertificateStatus fails" time="0">
    </testcase>
    <testcase classname="saveSystemError should continue to save system error even when updateCertificateStatus fails" name="saveSystemError should continue to save system error even when updateCertificateStatus fails" time="0">
    </testcase>
    <testcase classname="saveSystemError should log error when saveSystemError fails" name="saveSystemError should log error when saveSystemError fails" time="0">
    </testcase>
    <testcase classname="checkCertificate should call axios.post with the correct url and wrapped payload" name="checkCertificate should call axios.post with the correct url and wrapped payload" time="0.001">
    </testcase>
    <testcase classname="checkCertificate should return res.data on a successful response" name="checkCertificate should return res.data on a successful response" time="0">
    </testcase>
    <testcase classname="checkCertificate should log the report and rawData on success" name="checkCertificate should log the report and rawData on success" time="0">
    </testcase>
    <testcase classname="checkCertificate should log the error and rethrow when axios.post rejects" name="checkCertificate should log the error and rethrow when axios.post rejects" time="0">
    </testcase>
    <testcase classname="checkCertificate should throw a new Error wrapping the original error on failure" name="checkCertificate should throw a new Error wrapping the original error on failure" time="0">
    </testcase>
  </testsuite>
  <testsuite name="additional focused controller tests" errors="0" failures="0" skipped="0" timestamp="2026-08-13T14:24:02" time="1.486" tests="123">
    <testcase classname="additional focused controller tests checkPayloadItems adds vessel error for invalid landings" name="additional focused controller tests checkPayloadItems adds vessel error for invalid landings" time="0.001">
    </testcase>
    <testcase classname="additional focused controller tests getLandingsType handles session store read errors gracefully" name="additional focused controller tests getLandingsType handles session store read errors gracefully" time="0.001">
    </testcase>
    <testcase classname="additional focused controller tests addExportPayloadProduct saves when commodityCode present" name="additional focused controller tests addExportPayloadProduct saves when commodityCode present" time="0">
    </testcase>
    <testcase classname="createExportCertificate when certificate pre-checks fail will return before attempting to create the certificate" name="createExportCertificate when certificate pre-checks fail will return before attempting to create the certificate" time="0">
    </testcase>
    <testcase classname="createExportCertificate when certificate pre-checks fail when acceptsHtml is false - js response will return the specified json response" name="createExportCertificate when certificate pre-checks fail when acceptsHtml is false - js response will return the specified json response" time="0.001">
    </testcase>
    <testcase classname="createExportCertificate when certificate pre-checks fail when acceptsHtml is false - js response will return the specified http code" name="createExportCertificate when certificate pre-checks fail when acceptsHtml is false - js response will return the specified http code" time="0">
    </testcase>
    <testcase classname="createExportCertificate when certificate pre-checks fail when acceptsHtml is true - nonjs response will redirect to the specified url" name="createExportCertificate when certificate pre-checks fail when acceptsHtml is true - nonjs response will redirect to the specified url" time="0">
    </testcase>
    <testcase classname="createExportCertificate when doing offline validation will log that validation is happening offline" name="createExportCertificate when doing offline validation will log that validation is happening offline" time="0.001">
    </testcase>
    <testcase classname="createExportCertificate when doing offline validation will set the document status as pending" name="createExportCertificate when doing offline validation will set the document status as pending" time="0">
    </testcase>
    <testcase classname="createExportCertificate when doing offline validation will not continue if there is a problem setting the certificate as submitted" name="createExportCertificate when doing offline validation will not continue if there is a problem setting the certificate as submitted" time="0.014">
    </testcase>
    <testcase classname="createExportCertificate when doing offline validation will call submitExportCertificate once the certificate is set as pending" name="createExportCertificate when doing offline validation will call submitExportCertificate once the certificate is set as pending" time="0">
    </testcase>
    <testcase classname="createExportCertificate when doing offline validation will return { offlineValidation: true } for a json response" name="createExportCertificate when doing offline validation will return { offlineValidation: true } for a json response" time="0">
    </testcase>
    <testcase classname="createExportCertificate when doing offline validation will redirect to the submittedUri for a html response" name="createExportCertificate when doing offline validation will redirect to the submittedUri for a html response" time="0">
    </testcase>
    <testcase classname="createExportCertificate when doing offline validation will log an error if the export submission fails" name="createExportCertificate when doing offline validation will log an error if the export submission fails" time="0">
    </testcase>
    <testcase classname="createExportCertificate when doing online validation will log that validation is happening online" name="createExportCertificate when doing online validation will log that validation is happening online" time="0.001">
    </testcase>
    <testcase classname="createExportCertificate when doing online validation will call submitExportCertificate" name="createExportCertificate when doing online validation will call submitExportCertificate" time="0">
    </testcase>
    <testcase classname="createExportCertificate when doing online validation will return { offlineValidation: false, documentNumber: documentNumber, uri: results.uri } for a success json response" name="createExportCertificate when doing online validation will return { offlineValidation: false, documentNumber: documentNumber, uri: results.uri } for a success json response" time="0">
    </testcase>
    <testcase classname="createExportCertificate when doing online validation will return a frontend validation failure for a failure json response" name="createExportCertificate when doing online validation will return a frontend validation failure for a failure json response" time="0">
    </testcase>
    <testcase classname="createExportCertificate when doing online validation will redirect to the completeUri for a html response" name="createExportCertificate when doing online validation will redirect to the completeUri for a html response" time="0">
    </testcase>
    <testcase classname="createExportCertificate when doing online validation should call saveErrors once if validation return failure" name="createExportCertificate when doing online validation should call saveErrors once if validation return failure" time="0">
    </testcase>
    <testcase classname="createExportCertificate should invalidate the draft catch certificate cache" name="createExportCertificate should invalidate the draft catch certificate cache" time="0.001">
    </testcase>
    <testcase classname="createExportCertificate should log and rethrow any errors" name="createExportCertificate should log and rethrow any errors" time="0">
    </testcase>
    <testcase classname="preCheckCertificate will return the correct details if the document status is locked" name="preCheckCertificate will return the correct details if the document status is locked" time="0">
    </testcase>
    <testcase classname="preCheckCertificate will return the correct details if there are vessels not found" name="preCheckCertificate will return the correct details if there are vessels not found" time="0">
    </testcase>
    <testcase classname="preCheckCertificate will return the correct details if there are invalid landing dates" name="preCheckCertificate will return the correct details if there are invalid landing dates" time="0">
    </testcase>
    <testcase classname="preCheckCertificate will combine vessel not found and invalid landing dates in the response" name="preCheckCertificate will combine vessel not found and invalid landing dates in the response" time="0.001">
    </testcase>
    <testcase classname="preCheckCertificate will return the correct details if there are blocking validation errors(3C) and vessels not found" name="preCheckCertificate will return the correct details if there are blocking validation errors(3C) and vessels not found" time="0">
    </testcase>
    <testcase classname="preCheckCertificate will return the correct details if there are blocking validation errors(3C) and invalid landing date" name="preCheckCertificate will return the correct details if there are blocking validation errors(3C) and invalid landing date" time="0">
    </testcase>
    <testcase classname="preCheckCertificate will return catch certificate invalid if there are invalid vessels" name="preCheckCertificate will return catch certificate invalid if there are invalid vessels" time="0">
    </testcase>
    <testcase classname="preCheckCertificate will return catch certificate invalid if there are invalid products" name="preCheckCertificate will return catch certificate invalid if there are invalid products" time="0">
    </testcase>
    <testcase classname="preCheckCertificate will return null if all pre check validations pass" name="preCheckCertificate will return null if all pre check validations pass" time="0">
    </testcase>
    <testcase classname="validate() should call ExportPayloadService.save() with correct error in payload when a single product has no landings" name="validate() should call ExportPayloadService.save() with correct error in payload when a single product has no landings" time="0.001">
    </testcase>
    <testcase classname="validate() should call ExportPayloadService.save() with correct error in payload when multiple products with no landings" name="validate() should call ExportPayloadService.save() with correct error in payload when multiple products with no landings" time="0">
    </testcase>
    <testcase classname="validate() should call ExportPayloadService.get() with the correct params" name="validate() should call ExportPayloadService.get() with the correct params" time="0">
    </testcase>
    <testcase classname="validate() should call VesselValidator.checkVesselWithDate() with correct params when no errors and returns no errors" name="validate() should call VesselValidator.checkVesselWithDate() with correct params when no errors and returns no errors" time="0">
    </testcase>
    <testcase classname="validate() should redirect to payload.nextUri when acceptsHtml returns true" name="validate() should redirect to payload.nextUri when acceptsHtml returns true" time="0">
    </testcase>
    <testcase classname="getExportPayload() should call ExportPayloadService.get() with the right params" name="getExportPayload() should call ExportPayloadService.get() with the right params" time="0">
    </testcase>
    <testcase classname="getExportPayload() validate() maps seasonalFish product validation errors into exportPayload.errors" name="getExportPayload() validate() maps seasonalFish product validation errors into exportPayload.errors" time="0.001">
    </testcase>
    <testcase classname="getDirectLandingExportPayload() should call ExportPayloadService.getDirectLanding() with the right params" name="getDirectLandingExportPayload() should call ExportPayloadService.getDirectLanding() with the right params" time="0">
    </testcase>
    <testcase classname="methods editExportPayloadProductLanding() should call ExportPayloadService.get() with the right params" name="methods editExportPayloadProductLanding() should call ExportPayloadService.get() with the right params" time="0">
    </testcase>
    <testcase classname="methods editExportPayloadProductLanding() should call ExportPayloadService.save() with the right params with no landings" name="methods editExportPayloadProductLanding() should call ExportPayloadService.save() with the right params with no landings" time="0">
    </testcase>
    <testcase classname="methods editExportPayloadProductLanding() should call ExportPayloadService.save() with the right params" name="methods editExportPayloadProductLanding() should call ExportPayloadService.save() with the right params" time="0">
    </testcase>
    <testcase classname="methods editExportPayloadProductLandingNonjs() should call ExportPayloadService.get() with the right params" name="methods editExportPayloadProductLandingNonjs() should call ExportPayloadService.get() with the right params" time="0.001">
    </testcase>
    <testcase classname="methods editExportPayloadProductLandingNonjs() should call ExportPayloadService.save() with the right params" name="methods editExportPayloadProductLandingNonjs() should call ExportPayloadService.save() with the right params" time="0">
    </testcase>
    <testcase classname="methods removeExportPayloadProductLanding() should call ExportPayloadService.get() with the right params" name="methods removeExportPayloadProductLanding() should call ExportPayloadService.get() with the right params" time="0">
    </testcase>
    <testcase classname="methods removeExportPayloadProductLanding() should call ExportPayloadService.get() with the right params with no landings" name="methods removeExportPayloadProductLanding() should call ExportPayloadService.get() with the right params with no landings" time="0">
    </testcase>
    <testcase classname="methods addAnotherExportPayloadProductLandingNonjs() should redirect to payload.currentUri" name="methods addAnotherExportPayloadProductLandingNonjs() should redirect to payload.currentUri" time="0">
    </testcase>
    <testcase classname="methods upsertExportPayloadProductLanding() errors should send Error Error Error 400" name="methods upsertExportPayloadProductLanding() errors should send Error Error Error 400" time="0.001">
    </testcase>
    <testcase classname="methods upsertExportPayloadProductLanding() should send error code 400 when validateLanding() throws exception" name="methods upsertExportPayloadProductLanding() should send error code 400 when validateLanding() throws exception" time="0">
    </testcase>
    <testcase classname="methods upsertExportPayloadProductLanding() should redirect to payload.currentUri when validateLanding() is successful" name="methods upsertExportPayloadProductLanding() should redirect to payload.currentUri when validateLanding() is successful" time="0">
    </testcase>
    <testcase classname="methods upsertExportPayloadProductLanding() should return a valid response when validateLanding() is successful and accept header is not text/html" name="methods upsertExportPayloadProductLanding() should return a valid response when validateLanding() is successful and accept header is not text/html" time="0.001">
    </testcase>
    <testcase classname="methods upsertExportPayloadInvalidRequest() should call ExportPayloadService.upsertLanding() with the right params" name="methods upsertExportPayloadInvalidRequest() should call ExportPayloadService.upsertLanding() with the right params" time="0">
    </testcase>
    <testcase classname="methods upsertExportPayloadProductLandingNonjs() should call ExportPayloadService.upsertLanding() with the right params" name="methods upsertExportPayloadProductLandingNonjs() should call ExportPayloadService.upsertLanding() with the right params" time="0.013">
    </testcase>
    <testcase classname="methods upsertExportPayloadInvalidNonJs() should call ExportPayloadService.upsertLanding() with the right params" name="methods upsertExportPayloadInvalidNonJs() should call ExportPayloadService.upsertLanding() with the right params" time="0.001">
    </testcase>
    <testcase classname="methods upsertExportPayloadProductDirectLanding should validate a direct landing and throw if invalid" name="methods upsertExportPayloadProductDirectLanding should validate a direct landing and throw if invalid" time="0.001">
    </testcase>
    <testcase classname="methods upsertExportPayloadProductDirectLanding should validate a empty gear category and throw if invalid" name="methods upsertExportPayloadProductDirectLanding should validate a empty gear category and throw if invalid" time="0">
    </testcase>
    <testcase classname="methods upsertExportPayloadProductDirectLanding should validate a direct landing and redirect" name="methods upsertExportPayloadProductDirectLanding should validate a direct landing and redirect" time="0.001">
    </testcase>
    <testcase classname="methods upsertExportPayloadProductDirectLanding should validate a direct landing and return items" name="methods upsertExportPayloadProductDirectLanding should validate a direct landing and return items" time="0">
    </testcase>
    <testcase classname="methods upsertExportPayloadProductDirectLanding with more than one product should validate a direct landing and throw if invalid" name="methods upsertExportPayloadProductDirectLanding with more than one product should validate a direct landing and throw if invalid" time="0.001">
    </testcase>
    <testcase classname="methods upsertExportPayloadProductDirectLanding with more than one product should have unique landing ids for direct landings" name="methods upsertExportPayloadProductDirectLanding with more than one product should have unique landing ids for direct landings" time="0">
    </testcase>
    <testcase classname="methods addExportPayloadProduct() should return a given result" name="methods addExportPayloadProduct() should return a given result" time="0">
    </testcase>
    <testcase classname="methods addExportPayloadProduct() should redirect to payload.nextUri if the accept header is text/html" name="methods addExportPayloadProduct() should redirect to payload.nextUri if the accept header is text/html" time="0">
    </testcase>
    <testcase classname="methods addExportPayloadProduct() should return a valid result if the accept header is not text/html" name="methods addExportPayloadProduct() should return a valid result if the accept header is not text/html" time="0.001">
    </testcase>
    <testcase classname="methods removeExportPayloadProduct() should redirect to payload.url.path if the accept header is text/html" name="methods removeExportPayloadProduct() should redirect to payload.url.path if the accept header is text/html" time="0">
    </testcase>
    <testcase classname="methods removeExportPayloadProduct() should return a valid result if the accept header is not text/html" name="methods removeExportPayloadProduct() should return a valid result if the accept header is not text/html" time="0">
    </testcase>
    <testcase classname="methods validateExportPayloadAndSaveAsDraft() should return a valid result" name="methods validateExportPayloadAndSaveAsDraft() should return a valid result" time="0">
    </testcase>
    <testcase classname="methods getExportPayloadInvalidRequest should return errors within export payload" name="methods getExportPayloadInvalidRequest should return errors within export payload" time="0">
    </testcase>
    <testcase classname="methods getExportPayloadInvalidRequest should return errors within export payload and redirect" name="methods getExportPayloadInvalidRequest should return errors within export payload and redirect" time="0">
    </testcase>
    <testcase classname="methods getDirectLandingExportPayloadInvalidRequest should save error state to session for each landing and return 400 (FI0-10996)" name="methods getDirectLandingExportPayloadInvalidRequest should save error state to session for each landing and return 400 (FI0-10996)" time="0.001">
    </testcase>
    <testcase classname="methods getDirectLandingExportPayloadInvalidRequest should redirect to currentUri when request accepts HTML (FI0-10996)" name="methods getDirectLandingExportPayloadInvalidRequest should redirect to currentUri when request accepts HTML (FI0-10996)" time="0">
    </testcase>
    <testcase classname="methods getDirectLandingExportPayloadInvalidRequest should not call withUserSessionDataStored when req.payload is falsy" name="methods getDirectLandingExportPayloadInvalidRequest should not call withUserSessionDataStored when req.payload is falsy" time="0">
    </testcase>
    <testcase classname="submitExportCertificate if the call to the service layer returns validation errors will log the failure and return the result of the service call" name="submitExportCertificate if the call to the service layer returns validation errors will log the failure and return the result of the service call" time="0">
    </testcase>
    <testcase classname="submitExportCertificate if the call to the service layer returns validation errors will delete the draft link" name="submitExportCertificate if the call to the service layer returns validation errors will delete the draft link" time="0.001">
    </testcase>
    <testcase classname="submitExportCertificate if the call to the service layer returns validation errors will log a delete draft link failure without blocking the rest of the process" name="submitExportCertificate if the call to the service layer returns validation errors will log a delete draft link failure without blocking the rest of the process" time="0">
    </testcase>
    <testcase classname="submitExportCertificate if the call to the service layer returns validation errors will not invalidate draft cache" name="submitExportCertificate if the call to the service layer returns validation errors will not invalidate draft cache" time="0">
    </testcase>
    <testcase classname="submitExportCertificate if the call to the service layer returns validation errors will not send an email via gov notify for online validation" name="submitExportCertificate if the call to the service layer returns validation errors will not send an email via gov notify for online validation" time="0">
    </testcase>
    <testcase classname="submitExportCertificate if the call to the service layer returns validation errors should call clearErrors once with the documentNumber as argument" name="submitExportCertificate if the call to the service layer returns validation errors should call clearErrors once with the documentNumber as argument" time="0">
    </testcase>
    <testcase classname="submitExportCertificate if the call to the service layer returns validation errors will log and return failure if the submission failed" name="submitExportCertificate if the call to the service layer returns validation errors will log and return failure if the submission failed" time="0">
    </testcase>
    <testcase classname="submitExportCertificate if the call to the service layer returns validation errors will send an email via gov notify for offline validation" name="submitExportCertificate if the call to the service layer returns validation errors will send an email via gov notify for offline validation" time="0">
    </testcase>
    <testcase classname="submitExportCertificate if the call to the service layer returns validation errors will catch any errors thrown whilst sending an email via gov notify for offline validation" name="submitExportCertificate if the call to the service layer returns validation errors will catch any errors thrown whilst sending an email via gov notify for offline validation" time="0.001">
    </testcase>
    <testcase classname="submitExportCertificate if the call to the service layer returns successfully will log the success and return the result of the service call" name="submitExportCertificate if the call to the service layer returns successfully will log the success and return the result of the service call" time="0">
    </testcase>
    <testcase classname="submitExportCertificate if the call to the service layer returns successfully will submit a protective monitoring event" name="submitExportCertificate if the call to the service layer returns successfully will submit a protective monitoring event" time="0">
    </testcase>
    <testcase classname="submitExportCertificate if the call to the service layer returns successfully will log a protective monitoring failure without blocking the rest of the process" name="submitExportCertificate if the call to the service layer returns successfully will log a protective monitoring failure without blocking the rest of the process" time="0.001">
    </testcase>
    <testcase classname="submitExportCertificate if the call to the service layer returns successfully will delete the draft link" name="submitExportCertificate if the call to the service layer returns successfully will delete the draft link" time="0">
    </testcase>
    <testcase classname="submitExportCertificate if the call to the service layer returns successfully will log a delete draft link failure without blocking the rest of the process" name="submitExportCertificate if the call to the service layer returns successfully will log a delete draft link failure without blocking the rest of the process" time="0">
    </testcase>
    <testcase classname="submitExportCertificate if the call to the service layer returns successfully will invalidate draft cache" name="submitExportCertificate if the call to the service layer returns successfully will invalidate draft cache" time="0.001">
    </testcase>
    <testcase classname="submitExportCertificate if the call to the service layer returns successfully should clear system errors" name="submitExportCertificate if the call to the service layer returns successfully should clear system errors" time="0">
    </testcase>
    <testcase classname="submitExportCertificate if the call to the service layer returns successfully will not send an email via gov notify for online validation" name="submitExportCertificate if the call to the service layer returns successfully will not send an email via gov notify for online validation" time="0">
    </testcase>
    <testcase classname="submitExportCertificate if the call to the service layer returns successfully will send an email via gov notify for online validation" name="submitExportCertificate if the call to the service layer returns successfully will send an email via gov notify for online validation" time="0">
    </testcase>
    <testcase classname="submitExportCertificate if the call to the service layer returns successfully will catch any errors thrown whilst sending an email via gov notify for offline validation" name="submitExportCertificate if the call to the service layer returns successfully will catch any errors thrown whilst sending an email via gov notify for offline validation" time="0">
    </testcase>
    <testcase classname="submitExportCertificate will send any technical error emails via gov notify for offline validation" name="submitExportCertificate will send any technical error emails via gov notify for offline validation" time="0">
    </testcase>
    <testcase classname="submitExportCertificate will not send any technical error emails via gov notify for online validation" name="submitExportCertificate will not send any technical error emails via gov notify for online validation" time="0.001">
    </testcase>
    <testcase classname="submitExportCertificate will catch any errors thrown whilst sending a technical error email via gov notify for offline validation" name="submitExportCertificate will catch any errors thrown whilst sending a technical error email via gov notify for offline validation" time="0">
    </testcase>
    <testcase classname="getLandingType if there is a landing entry option in the database should return the value from the db" name="getLandingType if there is a landing entry option in the database should return the value from the db" time="0">
    </testcase>
    <testcase classname="getLandingType if there is a landing entry option in the database should attempt to write the computed value to the session cache when present" name="getLandingType if there is a landing entry option in the database should attempt to write the computed value to the session cache when present" time="0">
    </testcase>
    <testcase classname="getLandingType if there is not a landing entry option in the database and there are no landings for the certificate should return an undefined landing option" name="getLandingType if there is not a landing entry option in the database and there are no landings for the certificate should return an undefined landing option" time="0">
    </testcase>
    <testcase classname="getLandingType if there is not a landing entry option in the database and there are landings for the certificate should return as a manual entry if there is more than one unique landing" name="getLandingType if there is not a landing entry option in the database and there are landings for the certificate should return as a manual entry if there is more than one unique landing" time="0">
    </testcase>
    <testcase classname="getLandingType if there is not a landing entry option in the database and there are landings for the certificate should return as a direct landing if there is one unique landing and the transport vehicle is fishing vessel" name="getLandingType if there is not a landing entry option in the database and there are landings for the certificate should return as a direct landing if there is one unique landing and the transport vehicle is fishing vessel" time="0.001">
    </testcase>
    <testcase classname="getLandingType if there is not a landing entry option in the database and there are landings for the certificate should return as a manual entry if there is one unique landing and the transport vehicle is not fishing vessel" name="getLandingType if there is not a landing entry option in the database and there are landings for the certificate should return as a manual entry if there is one unique landing and the transport vehicle is not fishing vessel" time="0">
    </testcase>
    <testcase classname="getLandingType if there is not a landing entry option in the database and there are landings for the certificate should return as a manual entry if there is one unique landing and the transport vehicle is undefined" name="getLandingType if there is not a landing entry option in the database and there are landings for the certificate should return as a manual entry if there is one unique landing and the transport vehicle is undefined" time="0">
    </testcase>
    <testcase classname="addLandingsEntryOption should not upsert transportation data if landingsEntryOption is not directLanding" name="addLandingsEntryOption should not upsert transportation data if landingsEntryOption is not directLanding" time="0">
    </testcase>
    <testcase classname="addLandingsEntryOption should upsert transportation data if landingsEntryOption is directLanding" name="addLandingsEntryOption should upsert transportation data if landingsEntryOption is directLanding" time="0">
    </testcase>
    <testcase classname="addLandingsEntryOption should invalidate the landingsType cache after updating the landing entry option" name="addLandingsEntryOption should invalidate the landingsType cache after updating the landing entry option" time="0">
    </testcase>
    <testcase classname="addLandingsEntryOption should invalidate the landingsType cache when switching to directLanding" name="addLandingsEntryOption should invalidate the landingsType cache when switching to directLanding" time="0">
    </testcase>
    <testcase classname="confirmLandingsType should call all methods needed to remove all landings and transport" name="confirmLandingsType should call all methods needed to remove all landings and transport" time="0.001">
    </testcase>
    <testcase classname="confirmLandingsType should not remove landings OR transport" name="confirmLandingsType should not remove landings OR transport" time="0">
    </testcase>
    <testcase classname="confirmLandingsType should not remove landings OR transport if no exportLocation" name="confirmLandingsType should not remove landings OR transport if no exportLocation" time="0">
    </testcase>
    <testcase classname="confirmLandingsType should not remove landings OR transport if items is not an array" name="confirmLandingsType should not remove landings OR transport if items is not an array" time="0">
    </testcase>
    <testcase classname="confirmLandingsType should not remove landings OR transport if items array is empty" name="confirmLandingsType should not remove landings OR transport if items array is empty" time="0">
    </testcase>
    <testcase classname="confirmLandingsType should not add export location if is empty" name="confirmLandingsType should not add export location if is empty" time="0">
    </testcase>
    <testcase classname="confirmLandingsType should not add export location if is undefined" name="confirmLandingsType should not add export location if is undefined" time="0">
    </testcase>
    <testcase classname="additional ExportPayloadController helper branches getDirectLandingExportPayloadInvalidRequest persists landing errors to session and handles html redirect" name="additional ExportPayloadController helper branches getDirectLandingExportPayloadInvalidRequest persists landing errors to session and handles html redirect" time="0">
    </testcase>
    <testcase classname="additional ExportPayloadController helper branches getLandingsType returns cached value from session store and logs cache hit; also handles cache write failures gracefully" name="additional ExportPayloadController helper branches getLandingsType returns cached value from session store and logs cache hit; also handles cache write failures gracefully" time="0.001">
    </testcase>
    <testcase classname="additional ExportPayloadController helper branches handleValidateResponse returns result for non-html and no errors" name="additional ExportPayloadController helper branches handleValidateResponse returns result for non-html and no errors" time="0">
    </testcase>
    <testcase classname="additional ExportPayloadController helper branches handleValidateResponse returns 400 response when non-html and errors present" name="additional ExportPayloadController helper branches handleValidateResponse returns 400 response when non-html and errors present" time="0">
    </testcase>
    <testcase classname="additional ExportPayloadController helper branches handleValidateResponse redirects to nextUri when html and no errors" name="additional ExportPayloadController helper branches handleValidateResponse redirects to nextUri when html and no errors" time="0">
    </testcase>
    <testcase classname="additional ExportPayloadController helper branches handleValidateResponse redirects to dashboard when savingAsDraft and html" name="additional ExportPayloadController helper branches handleValidateResponse redirects to dashboard when savingAsDraft and html" time="0">
    </testcase>
    <testcase classname="additional ExportPayloadController helper branches handleValidateResponse redirects to currentUri when html and errors exist" name="additional ExportPayloadController helper branches handleValidateResponse redirects to currentUri when html and errors exist" time="0">
    </testcase>
    <testcase classname="additional ExportPayloadController helper branches augmentVesselDetails returns vessel when found and builds label" name="additional ExportPayloadController helper branches augmentVesselDetails returns vessel when found and builds label" time="0">
    </testcase>
    <testcase classname="additional ExportPayloadController helper branches augmentVesselDetails falls back to label when vessel not found" name="additional ExportPayloadController helper branches augmentVesselDetails falls back to label when vessel not found" time="0">
    </testcase>
    <testcase classname="additional ExportPayloadController helper branches addPayloadProduct adds new product when not present" name="additional ExportPayloadController helper branches addPayloadProduct adds new product when not present" time="0.001">
    </testcase>
    <testcase classname="additional ExportPayloadController helper branches removePayloadProduct removes product by id" name="additional ExportPayloadController helper branches removePayloadProduct removes product by id" time="0">
    </testcase>
    <testcase classname="additional ExportPayloadController helper branches numberOfUniqueLandings counts unique pln/date combinations" name="additional ExportPayloadController helper branches numberOfUniqueLandings counts unique pln/date combinations" time="0">
    </testcase>
  </testsuite>
  <testsuite name="UploadsController" errors="0" failures="0" skipped="0" timestamp="2026-08-13T14:24:03" time="0.982" tests="64">
    <testcase classname="UploadsController parseLandingsFile should throw with no data" name="UploadsController parseLandingsFile should throw with no data" time="0.024">
    </testcase>
    <testcase classname="UploadsController parseLandingsFile should throw" name="UploadsController parseLandingsFile should throw" time="0">
    </testcase>
    <testcase classname="UploadsController parseLandingsFile will parse a single landing with madatory fields only" name="UploadsController parseLandingsFile will parse a single landing with madatory fields only" time="0.003">
    </testcase>
    <testcase classname="UploadsController parseLandingsFile will parse a single landing" name="UploadsController parseLandingsFile will parse a single landing" time="0">
    </testcase>
    <testcase classname="UploadsController parseLandingsFile will parse a single landing with a start date" name="UploadsController parseLandingsFile will parse a single landing with a start date" time="0.001">
    </testcase>
    <testcase classname="UploadsController parseLandingsFile will parse a single landing with all optional fields" name="UploadsController parseLandingsFile will parse a single landing with all optional fields" time="0">
    </testcase>
    <testcase classname="UploadsController parseLandingsFile will parse a single landing with gear code and no start date" name="UploadsController parseLandingsFile will parse a single landing with gear code and no start date" time="0">
    </testcase>
    <testcase classname="UploadsController parseLandingsFile will remove empty lines" name="UploadsController parseLandingsFile will remove empty lines" time="0.001">
    </testcase>
    <testcase classname="UploadsController parseLandingsFile will remove lines containing just commas and/or spaces" name="UploadsController parseLandingsFile will remove lines containing just commas and/or spaces" time="0">
    </testcase>
    <testcase classname="UploadsController parseLandingsFile will parse multiple landings" name="UploadsController parseLandingsFile will parse multiple landings" time="0.001">
    </testcase>
    <testcase classname="UploadsController parseLandingsFile will capitalize every row before parsing them" name="UploadsController parseLandingsFile will capitalize every row before parsing them" time="0">
    </testcase>
    <testcase classname="UploadsController parseLandingsFile will strip empty rows before parsing them" name="UploadsController parseLandingsFile will strip empty rows before parsing them" time="0">
    </testcase>
    <testcase classname="UploadsController parseLandingsFile will throw an error if there are too many landings" name="UploadsController parseLandingsFile will throw an error if there are too many landings" time="0.001">
    </testcase>
    <testcase classname="UploadsController parseLandingsFile will call validateLandings with all the parsed landings" name="UploadsController parseLandingsFile will call validateLandings with all the parsed landings" time="0">
    </testcase>
    <testcase classname="UploadsController parseLandingsFile will return the response back from validateLandings" name="UploadsController parseLandingsFile will return the response back from validateLandings" time="0">
    </testcase>
    <testcase classname="UploadsController parseLandingsFile will bubble up any errors from validateLandings" name="UploadsController parseLandingsFile will bubble up any errors from validateLandings" time="0">
    </testcase>
    <testcase classname="UploadsController parseLandingsFile will cache the validated rows" name="UploadsController parseLandingsFile will cache the validated rows" time="0.001">
    </testcase>
    <testcase classname="UploadsController saveLandingRows should redirect if JS is not enabled" name="UploadsController saveLandingRows should redirect if JS is not enabled" time="0">
    </testcase>
    <testcase classname="UploadsController saveLandingRows should return 400 Bad Request if there are no valid rows" name="UploadsController saveLandingRows should return 400 Bad Request if there are no valid rows" time="0.001">
    </testcase>
    <testcase classname="UploadsController saveLandingRows should return 200 OK if errors is not defined" name="UploadsController saveLandingRows should return 200 OK if errors is not defined" time="0">
    </testcase>
    <testcase classname="UploadsController saveLandingRows addLanding creates new item when none exists" name="UploadsController saveLandingRows addLanding creates new item when none exists" time="0">
    </testcase>
    <testcase classname="UploadsController saveLandingRows should return 200 OK with start date" name="UploadsController saveLandingRows should return 200 OK with start date" time="0.001">
    </testcase>
    <testcase classname="UploadsController saveLandingRows should return 200 OK with gear details" name="UploadsController saveLandingRows should return 200 OK with gear details" time="0">
    </testcase>
    <testcase classname="UploadsController saveLandingRows should return 200 OK with rfmo details" name="UploadsController saveLandingRows should return 200 OK with rfmo details" time="0">
    </testcase>
    <testcase classname="UploadsController saveLandingRows should return 200 OK with High seas area details" name="UploadsController saveLandingRows should return 200 OK with High seas area details" time="0.001">
    </testcase>
    <testcase classname="UploadsController saveLandingRows should return 200 OK with provided rows" name="UploadsController saveLandingRows should return 200 OK with provided rows" time="0">
    </testcase>
    <testcase classname="UploadsController saveLandingRows should return 200 OK if we have one row where errors is not defined" name="UploadsController saveLandingRows should return 200 OK if we have one row where errors is not defined" time="0">
    </testcase>
    <testcase classname="UploadsController saveLandingRows should return 200 OK if we have one row where errors is null" name="UploadsController saveLandingRows should return 200 OK if we have one row where errors is null" time="0.001">
    </testcase>
    <testcase classname="UploadsController saveLandingRows should return 200 OK if there is at least one valid row" name="UploadsController saveLandingRows should return 200 OK if there is at least one valid row" time="0">
    </testcase>
    <testcase classname="UploadsController saveLandingRows should return 200 OK if there is at least one valid row with a start date" name="UploadsController saveLandingRows should return 200 OK if there is at least one valid row with a start date" time="0">
    </testcase>
    <testcase classname="UploadsController saveLandingRows should attempt to save products for only valid landings" name="UploadsController saveLandingRows should attempt to save products for only valid landings" time="0">
    </testcase>
    <testcase classname="UploadsController saveLandingRows should attempt to save multiple products for only valid landings" name="UploadsController saveLandingRows should attempt to save multiple products for only valid landings" time="0">
    </testcase>
    <testcase classname="UploadsController saveLandingRows should attempt to save multiple products for only valid landings with a start date" name="UploadsController saveLandingRows should attempt to save multiple products for only valid landings with a start date" time="0">
    </testcase>
    <testcase classname="UploadsController saveLandingRows when exportPayload is undefined should attempt to save products for only valid landings" name="UploadsController saveLandingRows when exportPayload is undefined should attempt to save products for only valid landings" time="0.001">
    </testcase>
    <testcase classname="UploadsController saveLandingRows when exportPayload is undefined should attempt to save duplicate products" name="UploadsController saveLandingRows when exportPayload is undefined should attempt to save duplicate products" time="0">
    </testcase>
    <testcase classname="UploadsController saveLandingRows when exportPayload contains a pre-existing product should return 400 Bad Request if the total number of landings exceed the max limit landings" name="UploadsController saveLandingRows when exportPayload contains a pre-existing product should return 400 Bad Request if the total number of landings exceed the max limit landings" time="0">
    </testcase>
    <testcase classname="UploadsController saveLandingRows when exportPayload contains a pre-existing product should redirect if JS is not enabled and the total number of landings exceed the max limit landings" name="UploadsController saveLandingRows when exportPayload contains a pre-existing product should redirect if JS is not enabled and the total number of landings exceed the max limit landings" time="0.001">
    </testcase>
    <testcase classname="UploadsController saveLandingRows when exportPayload contains a pre-existing product should attempt to save products for only valid landings" name="UploadsController saveLandingRows when exportPayload contains a pre-existing product should attempt to save products for only valid landings" time="0">
    </testcase>
    <testcase classname="UploadsController saveLandingRows when exportPayload does not contains a pre-existing product should attempt to save products for only valid landings" name="UploadsController saveLandingRows when exportPayload does not contains a pre-existing product should attempt to save products for only valid landings" time="0.001">
    </testcase>
    <testcase classname="UploadsController saveLandingRows when exportPayload contains a pre-existing product with no landings should attempt to save products for only valid landings" name="UploadsController saveLandingRows when exportPayload contains a pre-existing product with no landings should attempt to save products for only valid landings" time="0">
    </testcase>
    <testcase classname="UploadsController saveLandingRows when validation fails on saving the landings rows should return 400 Bad Request if there are no valid rows" name="UploadsController saveLandingRows when validation fails on saving the landings rows should return 400 Bad Request if there are no valid rows" time="0">
    </testcase>
    <testcase classname="UploadsController saveLandingRows when validation fails on saving the landings rows should return 200 OK if there is at least one valid row" name="UploadsController saveLandingRows when validation fails on saving the landings rows should return 200 OK if there is at least one valid row" time="0.001">
    </testcase>
    <testcase classname="UploadsController parseRows will parse a single landing" name="UploadsController parseRows will parse a single landing" time="0">
    </testcase>
    <testcase classname="UploadsController parseRows will parse multiple landings" name="UploadsController parseRows will parse multiple landings" time="0">
    </testcase>
    <testcase classname="UploadsController parseRows will throw an error if a row is missing data" name="UploadsController parseRows will throw an error if a row is missing data" time="0.001">
    </testcase>
    <testcase classname="UploadsController parseRows will throw an error if a row has excess data" name="UploadsController parseRows will throw an error if a row has excess data" time="0">
    </testcase>
    <testcase classname="UploadsController parseRows will not validate any field data" name="UploadsController parseRows will not validate any field data" time="0.001">
    </testcase>
    <testcase classname="UploadsController validateLandings should remove from the db any products flagged with the error.product.any.invalid error" name="UploadsController validateLandings should remove from the db any products flagged with the error.product.any.invalid error" time="0">
    </testcase>
    <testcase classname="UploadsController getCacheUploadedRows should return the cache rows from redis" name="UploadsController getCacheUploadedRows should return the cache rows from redis" time="0">
    </testcase>
    <testcase classname="UploadsController getCacheUploadedRows should return the cache rows from redis even if rows are undefined" name="UploadsController getCacheUploadedRows should return the cache rows from redis even if rows are undefined" time="0">
    </testcase>
    <testcase classname="UploadsController getCacheUploadedRows should bubble up errors thrown" name="UploadsController getCacheUploadedRows should bubble up errors thrown" time="0">
    </testcase>
    <testcase classname="UploadsController invalidateCacheUploadedRows should invalidate the cache rows from redis" name="UploadsController invalidateCacheUploadedRows should invalidate the cache rows from redis" time="0.001">
    </testcase>
    <testcase classname="UploadsController invalidateCacheUploadedRows should invalidate the cache rows from redis even if rows are undefined" name="UploadsController invalidateCacheUploadedRows should invalidate the cache rows from redis even if rows are undefined" time="0">
    </testcase>
    <testcase classname="UploadsController invalidateCacheUploadedRows should bubble up errors thrown" name="UploadsController invalidateCacheUploadedRows should bubble up errors thrown" time="0">
    </testcase>
    <testcase classname="UploadsController helper methods getStartDate formats date when present" name="UploadsController helper methods getStartDate formats date when present" time="0">
    </testcase>
    <testcase classname="UploadsController helper methods getStartDate returns undefined when absent" name="UploadsController helper methods getStartDate returns undefined when absent" time="0">
    </testcase>
    <testcase classname="UploadsController helper methods geGearCategory returns category when present" name="UploadsController helper methods geGearCategory returns category when present" time="0">
    </testcase>
    <testcase classname="UploadsController helper methods geGearCategory returns undefined when absent" name="UploadsController helper methods geGearCategory returns undefined when absent" time="0">
    </testcase>
    <testcase classname="UploadsController helper methods getGearType returns formatted string when gearCode present" name="UploadsController helper methods getGearType returns formatted string when gearCode present" time="0.001">
    </testcase>
    <testcase classname="UploadsController helper methods getGearType returns undefined when no gearCode" name="UploadsController helper methods getGearType returns undefined when no gearCode" time="0">
    </testcase>
    <testcase classname="UploadsController helper methods getHighSeaArea returns Yes/No/undefined correctly" name="UploadsController helper methods getHighSeaArea returns Yes/No/undefined correctly" time="0">
    </testcase>
    <testcase classname="UploadsController helper methods getExclusiveEconomicZone returns eezData when eezCode present otherwise empty array" name="UploadsController helper methods getExclusiveEconomicZone returns eezData when eezCode present otherwise empty array" time="0">
    </testcase>
    <testcase classname="UploadsController helper methods getRfmo returns rfmoName when rfmoCode present otherwise undefined" name="UploadsController helper methods getRfmo returns rfmoName when rfmoCode present otherwise undefined" time="0">
    </testcase>
    <testcase classname="UploadsController helper methods getCacheUploadedRows and invalidateCacheUploadedRows delegate to UploadsService" name="UploadsController helper methods getCacheUploadedRows and invalidateCacheUploadedRows delegate to UploadsService" time="0">
    </testcase>
  </testsuite>
  <testsuite name="get" errors="0" failures="0" skipped="0" timestamp="2026-08-13T14:24:04" time="1.397" tests="105">
    <testcase classname="get for processing statement should return data from mongo in correct front end format" name="get for processing statement should return data from mongo in correct front end format" time="0.002">
    </testcase>
    <testcase classname="get for processing statement should create an initial state if no data already exists" name="get for processing statement should create an initial state if no data already exists" time="0.001">
    </testcase>
    <testcase classname="get for storage document should return data from mongo in correct front end format" name="get for storage document should return data from mongo in correct front end format" time="0">
    </testcase>
    <testcase classname="get for storage document should create an initial state if no data already exists" name="get for storage document should create an initial state if no data already exists" time="0.001">
    </testcase>
    <testcase classname="get for any other journey should return data as {}" name="get for any other journey should return data as {}" time="0">
    </testcase>
    <testcase classname="saveAndValidate Processing statement should call getDraft from Processing Statement Service once with the right params" name="saveAndValidate Processing statement should call getDraft from Processing Statement Service once with the right params" time="0.002">
    </testcase>
    <testcase classname="saveAndValidate Processing statement should call upsertDraftData for Processing Statement once with the right params" name="saveAndValidate Processing statement should call upsertDraftData for Processing Statement once with the right params" time="0.001">
    </testcase>
    <testcase classname="saveAndValidate Storage Notes should call getDraftData from Storage Note Service once with the right params" name="saveAndValidate Storage Notes should call getDraftData from Storage Note Service once with the right params" time="0.001">
    </testcase>
    <testcase classname="saveAndValidate Storage Notes should call upsertDraftData for Storage Note once with the right params" name="saveAndValidate Storage Notes should call upsertDraftData for Storage Note once with the right params" time="0.001">
    </testcase>
    <testcase classname="saveAndValidate Anything else should return the data using the rest" name="saveAndValidate Anything else should return the data using the rest" time="0">
    </testcase>
    <testcase classname="saveAndValidate Anything else should return call readAllFor Once with re right params" name="saveAndValidate Anything else should return call readAllFor Once with re right params" time="0">
    </testcase>
    <testcase classname="saveAndValidate Anything else should return call readAllFor Once with re right params with consignmentDescription" name="saveAndValidate Anything else should return call readAllFor Once with re right params with consignmentDescription" time="0.034">
    </testcase>
    <testcase classname="generatePdf for processing statement should save a submit record to the defra validation data hub 1" name="generatePdf for processing statement should save a submit record to the defra validation data hub 1" time="0.005">
    </testcase>
    <testcase classname="generatePdf for processing statement should set catch submission in progress and submit to catch when EU catch feature is enabled" name="generatePdf for processing statement should set catch submission in progress and submit to catch when EU catch feature is enabled" time="0.001">
    </testcase>
    <testcase classname="generatePdf for processing statement should log and continue when setting catch submission in progress fails" name="generatePdf for processing statement should log and continue when setting catch submission in progress fails" time="0">
    </testcase>
    <testcase classname="generatePdf for processing statement should not submit to catch when EU catch feature is disabled" name="generatePdf for processing statement should not submit to catch when EU catch feature is disabled" time="0">
    </testcase>
    <testcase classname="generatePdf for processing statement should log error when submitToCatchSystem fails for PS" name="generatePdf for processing statement should log error when submitToCatchSystem fails for PS" time="0.001">
    </testcase>
    <testcase classname="generatePdf for processing statement should gracefully handle a SUBMIT event failure" name="generatePdf for processing statement should gracefully handle a SUBMIT event failure" time="0.001">
    </testcase>
    <testcase classname="generatePdf for processing statement should return 400 if there are validation errors" name="generatePdf for processing statement should return 400 if there are validation errors" time="0">
    </testcase>
    <testcase classname="generatePdf for processing statement should return 400 if there are species validation errors" name="generatePdf for processing statement should return 400 if there are species validation errors" time="0">
    </testcase>
    <testcase classname="generatePdf for processing statement should return 400 for report errors" name="generatePdf for processing statement should return 400 for report errors" time="0.001">
    </testcase>
    <testcase classname="generatePdf for processing statement should log error if data submit fails" name="generatePdf for processing statement should log error if data submit fails" time="0">
    </testcase>
    <testcase classname="generatePdf for storage note should save a submit record to the defra validation data hub" name="generatePdf for storage note should save a submit record to the defra validation data hub" time="0.001">
    </testcase>
    <testcase classname="generatePdf for storage note should gracefully handle a SUBMIT event failure" name="generatePdf for storage note should gracefully handle a SUBMIT event failure" time="0.002">
    </testcase>
    <testcase classname="generatePdf for storage note should set catch submission in progress and submit to catch when EU catch feature is enabled for SD" name="generatePdf for storage note should set catch submission in progress and submit to catch when EU catch feature is enabled for SD" time="0">
    </testcase>
    <testcase classname="generatePdf for storage note should log error when submitToCatchSystem fails for SD" name="generatePdf for storage note should log error when submitToCatchSystem fails for SD" time="0.001">
    </testcase>
    <testcase classname="generatePdf for storage note should return 400 if there are validation errors" name="generatePdf for storage note should return 400 if there are validation errors" time="0">
    </testcase>
    <testcase classname="generatePdf for storage note should return 400 if there are species validation errors" name="generatePdf for storage note should return 400 if there are species validation errors" time="0">
    </testcase>
    <testcase classname="generatePdf for storage note should return 400 for report errors" name="generatePdf for storage note should return 400 for report errors" time="0.001">
    </testcase>
    <testcase classname="OrchestrationService back() returns valid data" name="OrchestrationService back() returns valid data" time="0">
    </testcase>
    <testcase classname="OrchestrationService removeKey() returns valid response" name="OrchestrationService removeKey() returns valid response" time="0">
    </testcase>
    <testcase classname="OrchestrationService orchestration.service isPositiveNumberWithTwoDecimals() validates correctly" name="OrchestrationService orchestration.service isPositiveNumberWithTwoDecimals() validates correctly" time="0.001">
    </testcase>
    <testcase classname="OrchestrationService orchestration.service isInvalidLength() validates correctly" name="OrchestrationService orchestration.service isInvalidLength() validates correctly" time="0">
    </testcase>
    <testcase classname="OrchestrationService orchestration.service isNumbersOnly() validates correctly" name="OrchestrationService orchestration.service isNumbersOnly() validates correctly" time="0">
    </testcase>
    <testcase classname="OrchestrationService orchestration.service isPsPlantNameValid() validates correctly" name="OrchestrationService orchestration.service isPsPlantNameValid() validates correctly" time="0">
    </testcase>
    <testcase classname="getFromMongo should return unmodified data as it is in new format" name="getFromMongo should return unmodified data as it is in new format" time="0">
    </testcase>
    <testcase classname="getFromMongo should return old format address cleared" name="getFromMongo should return old format address cleared" time="0">
    </testcase>
    <testcase classname="getFromMongo should return the front end catch with total weight landed" name="getFromMongo should return the front end catch with total weight landed" time="0">
    </testcase>
    <testcase classname="get verifiy remaining methods should call isPositiveWholeNumber" name="get verifiy remaining methods should call isPositiveWholeNumber" time="0">
    </testcase>
    <testcase classname="get verifiy remaining methods should call validateNumber" name="get verifiy remaining methods should call validateNumber" time="0">
    </testcase>
    <testcase classname="get verifiy remaining methods should call validatePositiveNumber" name="get verifiy remaining methods should call validatePositiveNumber" time="0">
    </testcase>
    <testcase classname="get verifiy remaining methods should call checkValidationErrors" name="get verifiy remaining methods should call checkValidationErrors" time="0">
    </testcase>
    <testcase classname="get verifiy remaining methods should call getRedirectionData" name="get verifiy remaining methods should call getRedirectionData" time="0">
    </testcase>
    <testcase classname="get verifiy remaining methods should call numberAsString" name="get verifiy remaining methods should call numberAsString" time="0">
    </testcase>
    <testcase classname="get verifiy remaining methods should call validateCCNumberFormat" name="get verifiy remaining methods should call validateCCNumberFormat" time="0">
    </testcase>
    <testcase classname="get verifiy remaining methods should call validateUKCCNumberFormat" name="get verifiy remaining methods should call validateUKCCNumberFormat" time="0">
    </testcase>
    <testcase classname="get verifiy remaining methods should call validateUKDocumentNumberFormat" name="get verifiy remaining methods should call validateUKDocumentNumberFormat" time="0">
    </testcase>
    <testcase classname="get verifiy remaining methods should call validateNonUKCCNumberCharLimit" name="get verifiy remaining methods should call validateNonUKCCNumberCharLimit" time="0">
    </testcase>
    <testcase classname="get verifiy remaining methods should call validatePersonResponsibleForConsignmentFormat" name="get verifiy remaining methods should call validatePersonResponsibleForConsignmentFormat" time="0">
    </testcase>
    <testcase classname="get verifiy remaining methods should call isPlantApprovalNumberFormatValid" name="get verifiy remaining methods should call isPlantApprovalNumberFormatValid" time="0.001">
    </testcase>
    <testcase classname="get verifiy remaining methods should call isPlaceProductEntersUkValid" name="get verifiy remaining methods should call isPlaceProductEntersUkValid" time="0">
    </testcase>
    <testcase classname="get verifiy remaining methods should call validateProductDescriptions without consignmentDescription" name="get verifiy remaining methods should call validateProductDescriptions without consignmentDescription" time="0">
    </testcase>
    <testcase classname="get verifiy remaining methods should call validateProductDescriptions with consignmentDescription" name="get verifiy remaining methods should call validateProductDescriptions with consignmentDescription" time="0">
    </testcase>
    <testcase classname="get verifiy remaining methods should call validateExportHealthCertificateFormat" name="get verifiy remaining methods should call validateExportHealthCertificateFormat" time="0">
    </testcase>
    <testcase classname="get verifiy remaining methods should call validateMaximumFutureDate" name="get verifiy remaining methods should call validateMaximumFutureDate" time="0">
    </testcase>
    <testcase classname="get verifiy remaining methods should call validateDate" name="get verifiy remaining methods should call validateDate" time="0">
    </testcase>
    <testcase classname="get verifiy remaining methods should call cleanDate" name="get verifiy remaining methods should call cleanDate" time="0">
    </testcase>
    <testcase classname="get verifiy remaining methods should call today" name="get verifiy remaining methods should call today" time="0">
    </testcase>
    <testcase classname="get verifiy remaining methods should call validateDateIsSameOrBefore" name="get verifiy remaining methods should call validateDateIsSameOrBefore" time="0.001">
    </testcase>
    <testcase classname="checkCertificate should return the online validation report on success" name="checkCertificate should return the online validation report on success" time="0">
    </testcase>
    <testcase classname="checkCertificate should throw an error when the axios call fails" name="checkCertificate should throw an error when the axios call fails" time="0.022">
    </testcase>
    <testcase classname="checkValidationProcessingStatement should push a validation error when a uk catch certificate is invalid" name="checkValidationProcessingStatement should push a validation error when a uk catch certificate is invalid" time="0">
    </testcase>
    <testcase classname="checkValidationProcessingStatement should push a validation error when species validation fails for a uk certificate" name="checkValidationProcessingStatement should push a validation error when species validation fails for a uk certificate" time="0">
    </testcase>
    <testcase classname="checkValidationProcessingStatement should not push any errors when a uk certificate and species are both valid" name="checkValidationProcessingStatement should not push any errors when a uk certificate and species are both valid" time="0">
    </testcase>
    <testcase classname="checkValidationProcessingStatement should not validate non-uk catch certificates" name="checkValidationProcessingStatement should not validate non-uk catch certificates" time="0">
    </testcase>
    <testcase classname="checkValidationStorageNotes should push sdAddCatchDetailsErrorUKDocumentInvalid when a uk document is invalid" name="checkValidationStorageNotes should push sdAddCatchDetailsErrorUKDocumentInvalid when a uk document is invalid" time="0">
    </testcase>
    <testcase classname="checkValidationStorageNotes should push sdAddUKEntryDocumentSpeciesDoesNotExistError when uk document is valid but species does not match" name="checkValidationStorageNotes should push sdAddUKEntryDocumentSpeciesDoesNotExistError when uk document is valid but species does not match" time="0.001">
    </testcase>
    <testcase classname="checkValidationStorageNotes should not push any errors for a valid uk document with matching species" name="checkValidationStorageNotes should not push any errors for a valid uk document with matching species" time="0">
    </testcase>
    <testcase classname="checkValidationStorageNotes should not validate non-uk certificate types" name="checkValidationStorageNotes should not validate non-uk certificate types" time="0">
    </testcase>
    <testcase classname="checkValidationStorageNotes should push weight validation errors when departure weights exceed arrival weights" name="checkValidationStorageNotes should push weight validation errors when departure weights exceed arrival weights" time="0">
    </testcase>
    <testcase classname="checkValidationStorageNotes should not push weight validation errors when departure weights are less than or equal to arrival weights" name="checkValidationStorageNotes should not push weight validation errors when departure weights are less than or equal to arrival weights" time="0">
    </testcase>
    <testcase classname="clearDataFromJourney should clear session and complete the draft for processingStatement" name="clearDataFromJourney should clear session and complete the draft for processingStatement" time="0">
    </testcase>
    <testcase classname="clearDataFromJourney should clear session and complete the draft for storageNote" name="clearDataFromJourney should clear session and complete the draft for storageNote" time="0">
    </testcase>
    <testcase classname="back and removeKey HTML redirect paths back() should redirect when request accepts HTML" name="back and removeKey HTML redirect paths back() should redirect when request accepts HTML" time="0">
    </testcase>
    <testcase classname="back and removeKey HTML redirect paths back() should return data when request does not accept HTML" name="back and removeKey HTML redirect paths back() should return data when request does not accept HTML" time="0.001">
    </testcase>
    <testcase classname="back and removeKey HTML redirect paths removeKey() should redirect when request accepts HTML" name="back and removeKey HTML redirect paths removeKey() should redirect when request accepts HTML" time="0">
    </testcase>
    <testcase classname="back and removeKey HTML redirect paths removeKey() should filter empty array elements from session data" name="back and removeKey HTML redirect paths removeKey() should filter empty array elements from session data" time="0">
    </testcase>
    <testcase classname="back and removeKey HTML redirect paths removeKey() should use n query param as redirect when c is absent" name="back and removeKey HTML redirect paths removeKey() should use n query param as redirect when c is absent" time="0">
    </testcase>
    <testcase classname="uncovered utility functions should call validateMaximumOneDayFutureDate with a past date" name="uncovered utility functions should call validateMaximumOneDayFutureDate with a past date" time="0">
    </testcase>
    <testcase classname="uncovered utility functions should call validateMaximumOneDayFutureDate with a far future date" name="uncovered utility functions should call validateMaximumOneDayFutureDate with a far future date" time="0">
    </testcase>
    <testcase classname="uncovered utility functions should call isNotExceed12Digit with a valid number" name="uncovered utility functions should call isNotExceed12Digit with a valid number" time="0">
    </testcase>
    <testcase classname="uncovered utility functions should call isNotExceed12Digit with a number exceeding 12 digits" name="uncovered utility functions should call isNotExceed12Digit with a number exceeding 12 digits" time="0">
    </testcase>
    <testcase classname="uncovered utility functions should call isNotExceed12Digit with NaN" name="uncovered utility functions should call isNotExceed12Digit with NaN" time="0">
    </testcase>
    <testcase classname="uncovered utility functions should call isApprovalNumberValid with a valid string" name="uncovered utility functions should call isApprovalNumberValid with a valid string" time="0.001">
    </testcase>
    <testcase classname="uncovered utility functions should call isApprovalNumberValid with an invalid string" name="uncovered utility functions should call isApprovalNumberValid with an invalid string" time="0">
    </testcase>
    <testcase classname="uncovered utility functions should call validateTodayOrInThePast with a past date" name="uncovered utility functions should call validateTodayOrInThePast with a past date" time="0">
    </testcase>
    <testcase classname="uncovered utility functions should call validateDateBefore correctly" name="uncovered utility functions should call validateDateBefore correctly" time="0">
    </testcase>
    <testcase classname="handleErrors should set errors on data and originalSessionData when errors are present" name="handleErrors should set errors on data and originalSessionData when errors are present" time="0">
    </testcase>
    <testcase classname="handleErrors should use provided next url when errors are present and next is given" name="handleErrors should use provided next url when errors are present and next is given" time="0">
    </testcase>
    <testcase classname="handleErrors should set nextUrl and setOnValidationSuccess when no errors" name="handleErrors should set nextUrl and setOnValidationSuccess when no errors" time="0">
    </testcase>
    <testcase classname="handleErrors should use provided next when no errors and next is present" name="handleErrors should use provided next when no errors and next is present" time="0">
    </testcase>
    <testcase classname="getDataToSave should return originalSessionData.exportData when data has errors and saveToRedisIfErrors is false and not HTML" name="getDataToSave should return originalSessionData.exportData when data has errors and saveToRedisIfErrors is false and not HTML" time="0">
    </testcase>
    <testcase classname="getDataToSave should return data when saveToRedisIfErrors is true and data has errors" name="getDataToSave should return data when saveToRedisIfErrors is true and data has errors" time="0">
    </testcase>
    <testcase classname="loadRequiredData should load and return processing statement data" name="loadRequiredData should load and return processing statement data" time="0.001">
    </testcase>
    <testcase classname="loadRequiredData should load and return storage note data" name="loadRequiredData should load and return storage note data" time="0">
    </testcase>
    <testcase classname="generatePdf additional paths should redirect when validation errors exist and request accepts HTML" name="generatePdf additional paths should redirect when validation errors exist and request accepts HTML" time="0">
    </testcase>
    <testcase classname="generatePdf additional paths should log error when getBlockingStatus throws" name="generatePdf additional paths should log error when getBlockingStatus throws" time="0.001">
    </testcase>
    <testcase classname="generatePdf additional paths should redirect when validation is invalid, blocking is true, and request accepts HTML" name="generatePdf additional paths should redirect when validation is invalid, blocking is true, and request accepts HTML" time="0">
    </testcase>
    <testcase classname="generatePdf additional paths should return unsupported error for unknown redisKey" name="generatePdf additional paths should return unsupported error for unknown redisKey" time="0">
    </testcase>
    <testcase classname="saveAndValidate additional paths should redirect to saveAsDraftUrl when acceptsHtml is true and no errors" name="saveAndValidate additional paths should redirect to saveAsDraftUrl when acceptsHtml is true and no errors" time="0">
    </testcase>
    <testcase classname="saveAndValidate additional paths should redirect to next when acceptsHtml is true and errors exist" name="saveAndValidate additional paths should redirect to next when acceptsHtml is true and errors exist" time="0">
    </testcase>
    <testcase classname="saveAndValidate additional paths should return originalSessionData when data has errors and saveToRedisIfErrors is false" name="saveAndValidate additional paths should return originalSessionData when data has errors and saveToRedisIfErrors is false" time="0.001">
    </testcase>
    <testcase classname="saveAndValidate additional paths should call addTotalWeightLandedProcessingStatement when redisKey is processingStatement and data has catches" name="saveAndValidate additional paths should call addTotalWeightLandedProcessingStatement when redisKey is processingStatement and data has catches" time="0">
    </testcase>
    <testcase classname="saveAndValidate additional paths should preserve the exportData _id as a valid ObjectId on originalSessionData when validation errors occur" name="saveAndValidate additional paths should preserve the exportData _id as a valid ObjectId on originalSessionData when validation errors occur" time="0">
    </testcase>
    <testcase classname="sendBusinessContinuityEvent should log info on successful BC event" name="sendBusinessContinuityEvent should log info on successful BC event" time="0">
    </testcase>
  </testsuite>
  <testsuite name="/create-non-manipulation-document/:documentNumber/add-product-to-this-consignment" errors="0" failures="0" skipped="0" timestamp="2026-08-13T14:24:06" time="0.259" tests="97">
    <testcase classname="/create-non-manipulation-document/:documentNumber/add-product-to-this-consignment with all mandatory fields validates as OK" name="/create-non-manipulation-document/:documentNumber/add-product-to-this-consignment with all mandatory fields validates as OK" time="0.001">
    </testcase>
    <testcase classname="/create-non-manipulation-document/:documentNumber/add-product-to-this-consignment clears stale departure-derived fields on the catch when arrival weights validate (FI0-11257)" name="/create-non-manipulation-document/:documentNumber/add-product-to-this-consignment clears stale departure-derived fields on the catch when arrival weights validate (FI0-11257)" time="0.001">
    </testcase>
    <testcase classname="/create-non-manipulation-document/:documentNumber/add-product-to-this-consignment does NOT clear departure-derived fields when arrival weight validation fails (FI0-11257)" name="/create-non-manipulation-document/:documentNumber/add-product-to-this-consignment does NOT clear departure-derived fields when arrival weight validation fails (FI0-11257)" time="0">
    </testcase>
    <testcase classname="/create-non-manipulation-document/:documentNumber/add-product-to-this-consignment does NOT clear departure fields when departure weights do not exceed arrival (FI0-11257)" name="/create-non-manipulation-document/:documentNumber/add-product-to-this-consignment does NOT clear departure fields when departure weights do not exceed arrival (FI0-11257)" time="0">
    </testcase>
    <testcase classname="/create-non-manipulation-document/:documentNumber/add-product-to-this-consignment clears departure fields when only fishery product departure exceeds fishery arrival (FI0-11257)" name="/create-non-manipulation-document/:documentNumber/add-product-to-this-consignment clears departure fields when only fishery product departure exceeds fishery arrival (FI0-11257)" time="0.001">
    </testcase>
    <testcase classname="/create-non-manipulation-document/:documentNumber/add-product-to-this-consignment with invalid commodity code" name="/create-non-manipulation-document/:documentNumber/add-product-to-this-consignment with invalid commodity code" time="0">
    </testcase>
    <testcase classname="/create-non-manipulation-document/:documentNumber/add-product-to-this-consignment should handle issuingCountry as string and return invalid country error" name="/create-non-manipulation-document/:documentNumber/add-product-to-this-consignment should handle issuingCountry as string and return invalid country error" time="0">
    </testcase>
    <testcase classname="/create-non-manipulation-document/:documentNumber/add-product-to-this-consignment should return sdAddCatchDetailsErrorEnterIssuingCountry error for non_uk certificate with empty issuingCountry" name="/create-non-manipulation-document/:documentNumber/add-product-to-this-consignment should return sdAddCatchDetailsErrorEnterIssuingCountry error for non_uk certificate with empty issuingCountry" time="0">
    </testcase>
    <testcase classname="/create-non-manipulation-document/:documentNumber/add-product-to-this-consignment should return sdAddCatchDetailsErrorEnterIssuingCountry error for non_uk certificate with undefined issuingCountry" name="/create-non-manipulation-document/:documentNumber/add-product-to-this-consignment should return sdAddCatchDetailsErrorEnterIssuingCountry error for non_uk certificate with undefined issuingCountry" time="0.001">
    </testcase>
    <testcase classname="/create-non-manipulation-document/:documentNumber/add-product-to-this-consignment with no certificate type" name="/create-non-manipulation-document/:documentNumber/add-product-to-this-consignment with no certificate type" time="0">
    </testcase>
    <testcase classname="/create-non-manipulation-document/:documentNumber/add-product-to-this-consignment with an invalid certificate type" name="/create-non-manipulation-document/:documentNumber/add-product-to-this-consignment with an invalid certificate type" time="0">
    </testcase>
    <testcase classname="/create-non-manipulation-document/:documentNumber/add-product-to-this-consignment with bad date for date of unloading" name="/create-non-manipulation-document/:documentNumber/add-product-to-this-consignment with bad date for date of unloading" time="0.001">
    </testcase>
    <testcase classname="/create-non-manipulation-document/:documentNumber/add-product-to-this-consignment with future date for date of unloading" name="/create-non-manipulation-document/:documentNumber/add-product-to-this-consignment with future date for date of unloading" time="0.006">
    </testcase>
    <testcase classname="/create-non-manipulation-document/:documentNumber/add-product-to-this-consignment with no weight on CC" name="/create-non-manipulation-document/:documentNumber/add-product-to-this-consignment with no weight on CC" time="0">
    </testcase>
    <testcase classname="/create-non-manipulation-document/:documentNumber/add-product-to-this-consignment with no weight for net weight on arrival" name="/create-non-manipulation-document/:documentNumber/add-product-to-this-consignment with no weight for net weight on arrival" time="0">
    </testcase>
    <testcase classname="/create-non-manipulation-document/:documentNumber/add-product-to-this-consignment with no weight for net weight of fishery products on arrival" name="/create-non-manipulation-document/:documentNumber/add-product-to-this-consignment with no weight for net weight of fishery products on arrival" time="0">
    </testcase>
    <testcase classname="/create-non-manipulation-document/:documentNumber/add-product-to-this-consignment with invalid value for net weight of product on arrival (more than 2 decimals)" name="/create-non-manipulation-document/:documentNumber/add-product-to-this-consignment with invalid value for net weight of product on arrival (more than 2 decimals)" time="0">
    </testcase>
    <testcase classname="/create-non-manipulation-document/:documentNumber/add-product-to-this-consignment with invalid value for net weight of fishery products on arrival (more than 2 decimals)" name="/create-non-manipulation-document/:documentNumber/add-product-to-this-consignment with invalid value for net weight of fishery products on arrival (more than 2 decimals)" time="0.001">
    </testcase>
    <testcase classname="/create-non-manipulation-document/:documentNumber/add-product-to-this-consignment with missing product validates as error" name="/create-non-manipulation-document/:documentNumber/add-product-to-this-consignment with missing product validates as error" time="0">
    </testcase>
    <testcase classname="/create-non-manipulation-document/:documentNumber/add-product-to-this-consignment checks species name and scientificName and validates as error" name="/create-non-manipulation-document/:documentNumber/add-product-to-this-consignment checks species name and scientificName and validates as error" time="0">
    </testcase>
    <testcase classname="/create-non-manipulation-document/:documentNumber/add-product-to-this-consignment with missing commodity code validates as error" name="/create-non-manipulation-document/:documentNumber/add-product-to-this-consignment with missing commodity code validates as error" time="0">
    </testcase>
    <testcase classname="/create-non-manipulation-document/:documentNumber/add-product-to-this-consignment with missing catch certificate number validates as error" name="/create-non-manipulation-document/:documentNumber/add-product-to-this-consignment with missing catch certificate number validates as error" time="0">
    </testcase>
    <testcase classname="/create-non-manipulation-document/:documentNumber/add-product-to-this-consignment should return an error when the number of characters in the document number exceeds the threshold" name="/create-non-manipulation-document/:documentNumber/add-product-to-this-consignment should return an error when the number of characters in the document number exceeds the threshold" time="0">
    </testcase>
    <testcase classname="/create-non-manipulation-document/:documentNumber/add-product-to-this-consignment should return an error when the document number has invalid characters" name="/create-non-manipulation-document/:documentNumber/add-product-to-this-consignment should return an error when the document number has invalid characters" time="0">
    </testcase>
    <testcase classname="/create-non-manipulation-document/:documentNumber/add-product-to-this-consignment with missing date product entered the UK validates as error" name="/create-non-manipulation-document/:documentNumber/add-product-to-this-consignment with missing date product entered the UK validates as error" time="0.001">
    </testcase>
    <testcase classname="/create-non-manipulation-document/:documentNumber/add-product-to-this-consignment with missing place product entered the UK validates as error" name="/create-non-manipulation-document/:documentNumber/add-product-to-this-consignment with missing place product entered the UK validates as error" time="0">
    </testcase>
    <testcase classname="/create-non-manipulation-document/:documentNumber/add-product-to-this-consignment with incorrect place product entered the UK validates as error" name="/create-non-manipulation-document/:documentNumber/add-product-to-this-consignment with incorrect place product entered the UK validates as error" time="0">
    </testcase>
    <testcase classname="/create-non-manipulation-document/:documentNumber/add-product-to-this-consignment with missing transport details validates as error" name="/create-non-manipulation-document/:documentNumber/add-product-to-this-consignment with missing transport details validates as error" time="0">
    </testcase>
    <testcase classname="/create-non-manipulation-document/:documentNumber/add-product-to-this-consignment with whitespace product, commodityCode, certificateNumber, placeOfUnloading and transportUnloadedFrom validates as error" name="/create-non-manipulation-document/:documentNumber/add-product-to-this-consignment with whitespace product, commodityCode, certificateNumber, placeOfUnloading and transportUnloadedFrom validates as error" time="0">
    </testcase>
    <testcase classname="/create-non-manipulation-document/:documentNumber/add-product-to-this-consignment invalid (negative) numbers in weightOnCC validates as error" name="/create-non-manipulation-document/:documentNumber/add-product-to-this-consignment invalid (negative) numbers in weightOnCC validates as error" time="0">
    </testcase>
    <testcase classname="/create-non-manipulation-document/:documentNumber/add-product-to-this-consignment invalid (floating point) numbers in weightOnCC validates as error" name="/create-non-manipulation-document/:documentNumber/add-product-to-this-consignment invalid (floating point) numbers in weightOnCC validates as error" time="0">
    </testcase>
    <testcase classname="/create-non-manipulation-document/:documentNumber/add-product-to-this-consignment should return catches-species-incorrect error if there in nonjs and an incorrect search" name="/create-non-manipulation-document/:documentNumber/add-product-to-this-consignment should return catches-species-incorrect error if there in nonjs and an incorrect search" time="0.001">
    </testcase>
    <testcase classname="/create-non-manipulation-document/:documentNumber/add-product-to-this-consignment should return catches-species-suggest error if there in nonjs and an incorrect search with possible results" name="/create-non-manipulation-document/:documentNumber/add-product-to-this-consignment should return catches-species-suggest error if there in nonjs and an incorrect search with possible results" time="0">
    </testcase>
    <testcase classname="/create-non-manipulation-document/:documentNumber/add-product-to-this-consignment with invalid supporting documents" name="/create-non-manipulation-document/:documentNumber/add-product-to-this-consignment with invalid supporting documents" time="0">
    </testcase>
    <testcase classname="/create-non-manipulation-document/:documentNumber/add-product-to-this-consignment with invalid supporting documents with long length" name="/create-non-manipulation-document/:documentNumber/add-product-to-this-consignment with invalid supporting documents with long length" time="0">
    </testcase>
    <testcase classname="/create-non-manipulation-document/:documentNumber/add-product-to-this-consignment with invalid product description" name="/create-non-manipulation-document/:documentNumber/add-product-to-this-consignment with invalid product description" time="0">
    </testcase>
    <testcase classname="/create-non-manipulation-document/:documentNumber/add-product-to-this-consignment with invalid product description with long length" name="/create-non-manipulation-document/:documentNumber/add-product-to-this-consignment with invalid product description with long length" time="0.001">
    </testcase>
    <testcase classname="/create-non-manipulation-document/:documentNumber/add-product-to-this-consignment with missing product description validates as error" name="/create-non-manipulation-document/:documentNumber/add-product-to-this-consignment with missing product description validates as error" time="0">
    </testcase>
    <testcase classname="/create-non-manipulation-document/:documentNumber/add-product-to-this-consignment checks netWeightProductArrival, netWeightFisheryProductArrival and validates as zero" name="/create-non-manipulation-document/:documentNumber/add-product-to-this-consignment checks netWeightProductArrival, netWeightFisheryProductArrival and validates as zero" time="0">
    </testcase>
    <testcase classname="/create-non-manipulation-document/:documentNumber/add-product-to-this-consignment checks netWeightProductArrival, netWeightProductArrival and validates as -1" name="/create-non-manipulation-document/:documentNumber/add-product-to-this-consignment checks netWeightProductArrival, netWeightProductArrival and validates as -1" time="0">
    </testcase>
    <testcase classname="/create-non-manipulation-document/:documentNumber/add-product-to-this-consignment checks netWeightProductArrival, netWeightProductArrival and validates as Positive Max 2 Decimal" name="/create-non-manipulation-document/:documentNumber/add-product-to-this-consignment checks netWeightProductArrival, netWeightProductArrival and validates as Positive Max 2 Decimal" time="0">
    </testcase>
    <testcase classname="/create-non-manipulation-document/:documentNumber/add-product-to-this-consignment checks netWeightProductArrival, netWeightProductArrival and validates as exceed 100000000000" name="/create-non-manipulation-document/:documentNumber/add-product-to-this-consignment checks netWeightProductArrival, netWeightProductArrival and validates as exceed 100000000000" time="0">
    </testcase>
    <testcase classname="/create-non-manipulation-document/:documentNumber/add-product-to-this-consignment with UK certificate type and invalid UK document format" name="/create-non-manipulation-document/:documentNumber/add-product-to-this-consignment with UK certificate type and invalid UK document format" time="0.001">
    </testcase>
    <testcase classname="/create-non-manipulation-document/:documentNumber/add-product-to-this-consignment with UK certificate type and document does not exist" name="/create-non-manipulation-document/:documentNumber/add-product-to-this-consignment with UK certificate type and document does not exist" time="0">
    </testcase>
    <testcase classname="/create-non-manipulation-document/:documentNumber/add-product-to-this-consignment with UK certificate type and species does not exist in document" name="/create-non-manipulation-document/:documentNumber/add-product-to-this-consignment with UK certificate type and species does not exist in document" time="0">
    </testcase>
    <testcase classname="/create-non-manipulation-document/:documentNumber/add-product-to-this-consignment/:index with all mandatory fields validates as OK" name="/create-non-manipulation-document/:documentNumber/add-product-to-this-consignment/:index with all mandatory fields validates as OK" time="0">
    </testcase>
    <testcase classname="/create-non-manipulation-document/:documentNumber/add-product-to-this-consignment/:index should return catches-species-incorrect error if there in nonjs and an incorrect search" name="/create-non-manipulation-document/:documentNumber/add-product-to-this-consignment/:index should return catches-species-incorrect error if there in nonjs and an incorrect search" time="0.001">
    </testcase>
    <testcase classname="/create-non-manipulation-document/:documentNumber/add-product-to-this-consignment/:index should return catches-species-suggest error if there in nonjs and an incorrect search with possible results" name="/create-non-manipulation-document/:documentNumber/add-product-to-this-consignment/:index should return catches-species-suggest error if there in nonjs and an incorrect search with possible results" time="0">
    </testcase>
    <testcase classname="/create-non-manipulation-document/:documentNumber/you-have-added-a-product with missing addAnotherProduct validates as error" name="/create-non-manipulation-document/:documentNumber/you-have-added-a-product with missing addAnotherProduct validates as error" time="0">
    </testcase>
    <testcase classname="/create-non-manipulation-document/:documentNumber/you-have-added-a-product with all mandatory fields validates as OK" name="/create-non-manipulation-document/:documentNumber/you-have-added-a-product with all mandatory fields validates as OK" time="0">
    </testcase>
    <testcase classname="/create-non-manipulation-document/:documentNumber/you-have-added-a-product should set next to &apos;add-storage-facility-details&apos; when data.addAnotherProduct set to &apos;no&apos;" name="/create-non-manipulation-document/:documentNumber/you-have-added-a-product should set next to &apos;add-storage-facility-details&apos; when data.addAnotherProduct set to &apos;no&apos;" time="0">
    </testcase>
    <testcase classname="/create-non-manipulation-document/:documentNumber/departure-product-summary Net weight on departure equal to or less than weight on document" name="/create-non-manipulation-document/:documentNumber/departure-product-summary Net weight on departure equal to or less than weight on document" time="0">
    </testcase>
    <testcase classname="/create-non-manipulation-document/:documentNumber/departure-product-summary checks netWeightProductDeparture, netWeightProductDeparture and validates as zero" name="/create-non-manipulation-document/:documentNumber/departure-product-summary checks netWeightProductDeparture, netWeightProductDeparture and validates as zero" time="0">
    </testcase>
    <testcase classname="/create-non-manipulation-document/:documentNumber/departure-product-summary checks netWeightProductDeparture, netWeightProductDeparture and validates as -1" name="/create-non-manipulation-document/:documentNumber/departure-product-summary checks netWeightProductDeparture, netWeightProductDeparture and validates as -1" time="0">
    </testcase>
    <testcase classname="/create-non-manipulation-document/:documentNumber/departure-product-summary checks netWeightProductDeparture, netWeightProductDeparture and validates as Positive Max 2 Decimal" name="/create-non-manipulation-document/:documentNumber/departure-product-summary checks netWeightProductDeparture, netWeightProductDeparture and validates as Positive Max 2 Decimal" time="0">
    </testcase>
    <testcase classname="/create-non-manipulation-document/:documentNumber/departure-product-summary checks netWeightProductDeparture, netWeightProductDeparture and validates as exceed 100000000000" name="/create-non-manipulation-document/:documentNumber/departure-product-summary checks netWeightProductDeparture, netWeightProductDeparture and validates as exceed 100000000000" time="0">
    </testcase>
    <testcase classname="/create-non-manipulation-document/:documentNumber/departure-product-summary Scenario 1: returns error when netWeightProductDeparture exceeds netWeightProductArrival" name="/create-non-manipulation-document/:documentNumber/departure-product-summary Scenario 1: returns error when netWeightProductDeparture exceeds netWeightProductArrival" time="0">
    </testcase>
    <testcase classname="/create-non-manipulation-document/:documentNumber/departure-product-summary Scenario 2: no error when netWeightProductDeparture is less than or equal to netWeightProductArrival" name="/create-non-manipulation-document/:documentNumber/departure-product-summary Scenario 2: no error when netWeightProductDeparture is less than or equal to netWeightProductArrival" time="0">
    </testcase>
    <testcase classname="/create-non-manipulation-document/:documentNumber/departure-product-summary Scenario 3: returns error when netWeightFisheryProductDeparture exceeds netWeightProductDeparture" name="/create-non-manipulation-document/:documentNumber/departure-product-summary Scenario 3: returns error when netWeightFisheryProductDeparture exceeds netWeightProductDeparture" time="0">
    </testcase>
    <testcase classname="/create-non-manipulation-document/:documentNumber/departure-product-summary Scenario 3: no error when netWeightFisheryProductDeparture is equal to netWeightProductDeparture" name="/create-non-manipulation-document/:documentNumber/departure-product-summary Scenario 3: no error when netWeightFisheryProductDeparture is equal to netWeightProductDeparture" time="0">
    </testcase>
    <testcase classname="/create-non-manipulation-document/:documentNumber/departure-product-summary Scenario 5: returns error when netWeightFisheryProductDeparture exceeds netWeightFisheryProductArrival" name="/create-non-manipulation-document/:documentNumber/departure-product-summary Scenario 5: returns error when netWeightFisheryProductDeparture exceeds netWeightFisheryProductArrival" time="0">
    </testcase>
    <testcase classname="/create-non-manipulation-document/:documentNumber/departure-product-summary Scenario 5: no error when netWeightFisheryProductDeparture is less than or equal to netWeightFisheryProductArrival" name="/create-non-manipulation-document/:documentNumber/departure-product-summary Scenario 5: no error when netWeightFisheryProductDeparture is less than or equal to netWeightFisheryProductArrival" time="0">
    </testcase>
    <testcase classname="/create-non-manipulation-document/:documentNumber/add-storage-facility-details with missing storageFacilities validates as error" name="/create-non-manipulation-document/:documentNumber/add-storage-facility-details with missing storageFacilities validates as error" time="0.001">
    </testcase>
    <testcase classname="/create-non-manipulation-document/:documentNumber/add-storage-facility-details with storage approval number invalid date validates as error" name="/create-non-manipulation-document/:documentNumber/add-storage-facility-details with storage approval number invalid date validates as error" time="0">
    </testcase>
    <testcase classname="/create-non-manipulation-document/:documentNumber/add-storage-facility-details with storage arrival date before departure date validates as error" name="/create-non-manipulation-document/:documentNumber/add-storage-facility-details with storage arrival date before departure date validates as error" time="0">
    </testcase>
    <testcase classname="/create-non-manipulation-document/:documentNumber/add-storage-facility-details with storage arrival date equal to departure date validates successfully" name="/create-non-manipulation-document/:documentNumber/add-storage-facility-details with storage arrival date equal to departure date validates successfully" time="0.001">
    </testcase>
    <testcase classname="/create-non-manipulation-document/:documentNumber/add-storage-facility-details with storage arrival date after departure date more than 1 day validates as error" name="/create-non-manipulation-document/:documentNumber/add-storage-facility-details with storage arrival date after departure date more than 1 day validates as error" time="0">
    </testcase>
    <testcase classname="/create-non-manipulation-document/:documentNumber/add-storage-facility-details with storage arrival date after to departure date validates successfully" name="/create-non-manipulation-document/:documentNumber/add-storage-facility-details with storage arrival date after to departure date validates successfully" time="0">
    </testcase>
    <testcase classname="/create-non-manipulation-document/:documentNumber/add-storage-facility-approval with storage approval number validates as error" name="/create-non-manipulation-document/:documentNumber/add-storage-facility-approval with storage approval number validates as error" time="0">
    </testcase>
    <testcase classname="/create-non-manipulation-document/:documentNumber/add-storage-facility-approval with storage approval number invalid characters validates as error" name="/create-non-manipulation-document/:documentNumber/add-storage-facility-approval with storage approval number invalid characters validates as error" time="0">
    </testcase>
    <testcase classname="/create-non-manipulation-document/:documentNumber/add-storage-facility-approval should return error if product stored radio button is not selected" name="/create-non-manipulation-document/:documentNumber/add-storage-facility-approval should return error if product stored radio button is not selected" time="0">
    </testcase>
    <testcase classname="/create-non-manipulation-document/:documentNumber/add-storage-facility-approval Facility Arrival Date vs Transport Export Date should NOT set error if arrival date is before export date" name="/create-non-manipulation-document/:documentNumber/add-storage-facility-approval Facility Arrival Date vs Transport Export Date should NOT set error if arrival date is before export date" time="0">
    </testcase>
    <testcase classname="/create-non-manipulation-document/:documentNumber/add-storage-facility-approval Facility Arrival Date vs Transport Export Date should NOT set error if arrival date is same as export date" name="/create-non-manipulation-document/:documentNumber/add-storage-facility-approval Facility Arrival Date vs Transport Export Date should NOT set error if arrival date is same as export date" time="0">
    </testcase>
    <testcase classname="/create-non-manipulation-document/:documentNumber/add-storage-facility-approval Facility Arrival Date vs Transport Export Date should set error if arrival date is after export date" name="/create-non-manipulation-document/:documentNumber/add-storage-facility-approval Facility Arrival Date vs Transport Export Date should set error if arrival date is after export date" time="0.001">
    </testcase>
    <testcase classname="/create-non-manipulation-document/:documentNumber/add-storage-facility-approval Facility Arrival Date vs Transport Export Date should NOT set error if transport.exportDate is missing" name="/create-non-manipulation-document/:documentNumber/add-storage-facility-approval Facility Arrival Date vs Transport Export Date should NOT set error if transport.exportDate is missing" time="0">
    </testcase>
    <testcase classname="/create-non-manipulation-document/:documentNumber/add-storage-facility-approval Facility Arrival Date: transport and exportDate edge cases should NOT set error if transport is missing" name="/create-non-manipulation-document/:documentNumber/add-storage-facility-approval Facility Arrival Date: transport and exportDate edge cases should NOT set error if transport is missing" time="0">
    </testcase>
    <testcase classname="/create-non-manipulation-document/:documentNumber/add-storage-facility-approval Facility Arrival Date: transport and exportDate edge cases should NOT set error if transport exists but exportDate is missing" name="/create-non-manipulation-document/:documentNumber/add-storage-facility-approval Facility Arrival Date: transport and exportDate edge cases should NOT set error if transport exists but exportDate is missing" time="0">
    </testcase>
    <testcase classname="/create-non-manipulation-document/:documentNumber/add-storage-facility-approval Facility Arrival Date: transport and exportDate edge cases should set error if transport exportDate exists and is same or one day before arrival date" name="/create-non-manipulation-document/:documentNumber/add-storage-facility-approval Facility Arrival Date: transport and exportDate edge cases should set error if transport exportDate exists and is same or one day before arrival date" time="0.001">
    </testcase>
    <testcase classname="/create-non-manipulation-document/:documentNumber/add-storage-facility-approval Facility Arrival Date: Maximum 1 day in future validation should NOT set error for today&apos;s date" name="/create-non-manipulation-document/:documentNumber/add-storage-facility-approval Facility Arrival Date: Maximum 1 day in future validation should NOT set error for today&apos;s date" time="0">
    </testcase>
    <testcase classname="/create-non-manipulation-document/:documentNumber/add-storage-facility-approval Facility Arrival Date: Maximum 1 day in future validation should NOT set error for tomorrow&apos;s date (1 day in future)" name="/create-non-manipulation-document/:documentNumber/add-storage-facility-approval Facility Arrival Date: Maximum 1 day in future validation should NOT set error for tomorrow&apos;s date (1 day in future)" time="0">
    </testcase>
    <testcase classname="/create-non-manipulation-document/:documentNumber/add-storage-facility-approval Facility Arrival Date: Maximum 1 day in future validation should set error for date more than 1 day in future (2 days)" name="/create-non-manipulation-document/:documentNumber/add-storage-facility-approval Facility Arrival Date: Maximum 1 day in future validation should set error for date more than 1 day in future (2 days)" time="0">
    </testcase>
    <testcase classname="/create-non-manipulation-document/:documentNumber/add-storage-facility-approval Facility Arrival Date: Maximum 1 day in future validation should set error for date 7 days in future" name="/create-non-manipulation-document/:documentNumber/add-storage-facility-approval Facility Arrival Date: Maximum 1 day in future validation should set error for date 7 days in future" time="0.001">
    </testcase>
    <testcase classname="checkEitherNetWeightProductDepartureAndNetWeightFisheryProductDepartureIsPresent - both fields required should error on fishery product weight when netWeightProductDeparture is present but netWeightFisheryProductDeparture is missing" name="checkEitherNetWeightProductDepartureAndNetWeightFisheryProductDepartureIsPresent - both fields required should error on fishery product weight when netWeightProductDeparture is present but netWeightFisheryProductDeparture is missing" time="0">
    </testcase>
    <testcase classname="checkEitherNetWeightProductDepartureAndNetWeightFisheryProductDepartureIsPresent - both fields required should error on net product weight when netWeightFisheryProductDeparture is present but netWeightProductDeparture is missing" name="checkEitherNetWeightProductDepartureAndNetWeightFisheryProductDepartureIsPresent - both fields required should error on net product weight when netWeightFisheryProductDeparture is present but netWeightProductDeparture is missing" time="0">
    </testcase>
    <testcase classname="checkEitherNetWeightProductDepartureAndNetWeightFisheryProductDepartureIsPresent - both fields required should error on both fields when NEITHER departure weight is present" name="checkEitherNetWeightProductDepartureAndNetWeightFisheryProductDepartureIsPresent - both fields required should error on both fields when NEITHER departure weight is present" time="0">
    </testcase>
    <testcase classname="validateStorageFacility - maximum future date validation (8+ days) should set sdArrivalDateValidationError for a date that is 8+ days in the future" name="validateStorageFacility - maximum future date validation (8+ days) should set sdArrivalDateValidationError for a date that is 8+ days in the future" time="0">
    </testcase>
    <testcase classname="validateStorageFacility - partial address field validation should set facilityAddressOne building error when facilityAddressOne is empty but other address fields are present" name="validateStorageFacility - partial address field validation should set facilityAddressOne building error when facilityAddressOne is empty but other address fields are present" time="0">
    </testcase>
    <testcase classname="validateStorageFacility - partial address field validation should set facilityTownCity and facilityPostcode errors when facilityAddressOne is present but town/postcode are empty" name="validateStorageFacility - partial address field validation should set facilityTownCity and facilityPostcode errors when facilityAddressOne is present but town/postcode are empty" time="0.001">
    </testcase>
    <testcase classname="validateStorageFacility - partial address field validation should return sdAddStorageFacilityDetailsErrorEditTheStorageFacility when isStorageFacilitiesPage is true and all address fields missing" name="validateStorageFacility - partial address field validation should return sdAddStorageFacilityDetailsErrorEditTheStorageFacility when isStorageFacilitiesPage is true and all address fields missing" time="0">
    </testcase>
    <testcase classname="validateDocumentType should set error when certificateType is undefined" name="validateDocumentType should set error when certificateType is undefined" time="0">
    </testcase>
    <testcase classname="validateDocumentType should set error when certificateType has an invalid value" name="validateDocumentType should set error when certificateType has an invalid value" time="0">
    </testcase>
    <testcase classname="validateDocumentType should not set error for valid certificateType &apos;uk&apos;" name="validateDocumentType should not set error for valid certificateType &apos;uk&apos;" time="0">
    </testcase>
    <testcase classname="validateDocumentType should not set error for valid certificateType &apos;non_uk&apos;" name="validateDocumentType should not set error for valid certificateType &apos;non_uk&apos;" time="0">
    </testcase>
    <testcase classname="checkNetWeightArrivalNotExceedFisheryWeight - fishery weight exceeds product weight should error when netWeightFisheryProductArrival exceeds netWeightProductArrival" name="checkNetWeightArrivalNotExceedFisheryWeight - fishery weight exceeds product weight should error when netWeightFisheryProductArrival exceeds netWeightProductArrival" time="0">
    </testcase>
    <testcase classname="validateStorageFacility - emoji validation should return emojiCharactersNotPermitted for facilityName containing emoji" name="validateStorageFacility - emoji validation should return emojiCharactersNotPermitted for facilityName containing emoji" time="0">
    </testcase>
    <testcase classname="validateStorageFacility - emoji validation should return emojiCharactersNotPermitted for facilityAddressOne containing emoji" name="validateStorageFacility - emoji validation should return emojiCharactersNotPermitted for facilityAddressOne containing emoji" time="0.001">
    </testcase>
    <testcase classname="validateStorageFacility - emoji validation should return emojiCharactersNotPermitted for facilityTownCity containing emoji" name="validateStorageFacility - emoji validation should return emojiCharactersNotPermitted for facilityTownCity containing emoji" time="0">
    </testcase>
  </testsuite>
  <testsuite name="catchCert - saveDraftCache" errors="0" failures="0" skipped="0" timestamp="2026-08-13T14:24:06" time="1.888" tests="148">
    <testcase classname="catchCert - saveDraftCache save draft to session store" name="catchCert - saveDraftCache save draft to session store" time="0.001">
    </testcase>
    <testcase classname="catchCert - invalidateDraftCache invalidate draft from store" name="catchCert - invalidateDraftCache invalidate draft from store" time="0">
    </testcase>
    <testcase classname="catchCert - db related Document will return a document if a match exists" name="catchCert - db related Document will return a document if a match exists" time="0.011">
    </testcase>
    <testcase classname="catchCert - db related Document will return null if no document can be found cc" name="catchCert - db related Document will return null if no document can be found cc" time="0.001">
    </testcase>
    <testcase classname="catchCert - db related Document will return null if owner validation fails" name="catchCert - db related Document will return null if owner validation fails" time="0.002">
    </testcase>
    <testcase classname="catchCert - db related createDraft will create a new draft in the system with a randomly generated document number" name="catchCert - db related createDraft will create a new draft in the system with a randomly generated document number" time="0.003">
    </testcase>
    <testcase classname="catchCert - db related createDraft will return the document number of the created draft" name="catchCert - db related createDraft will return the document number of the created draft" time="0.002">
    </testcase>
    <testcase classname="catchCert - db related getCompletedDocuments should return completed documents with catchSubmission" name="catchCert - db related getCompletedDocuments should return completed documents with catchSubmission" time="0.003">
    </testcase>
    <testcase classname="catchCert - db related getCompletedDocuments should return completed documents without catchSubmission" name="catchCert - db related getCompletedDocuments should return completed documents without catchSubmission" time="0.002">
    </testcase>
    <testcase classname="catchCert - db related getCompletedDocuments should handle pagination correctly" name="catchCert - db related getCompletedDocuments should handle pagination correctly" time="0.009">
    </testcase>
    <testcase classname="catchCert - db related getCompletedDocuments should return documents in descending order by createdAt" name="catchCert - db related getCompletedDocuments should return documents in descending order by createdAt" time="0.003">
    </testcase>
    <testcase classname="catchCert - db related getCompletedDocuments should only return completed documents, not drafts or pending" name="catchCert - db related getCompletedDocuments should only return completed documents, not drafts or pending" time="0.002">
    </testcase>
    <testcase classname="catchCert - db related setCatchSubmissionInProgress should set catchSubmission to IN_PROGRESS for a completed document without catchSubmission" name="catchCert - db related setCatchSubmissionInProgress should set catchSubmission to IN_PROGRESS for a completed document without catchSubmission" time="0.003">
    </testcase>
    <testcase classname="catchCert - db related setCatchSubmissionInProgress should not overwrite existing catchSubmission" name="catchCert - db related setCatchSubmissionInProgress should not overwrite existing catchSubmission" time="0.001">
    </testcase>
    <testcase classname="catchCert - db related setCatchSubmissionInProgress should not update a draft document" name="catchCert - db related setCatchSubmissionInProgress should not update a draft document" time="0.002">
    </testcase>
    <testcase classname="catchCert - db related getAllCatchCertsForUserByYearAndMonth should not return draft or void certificates" name="catchCert - db related getAllCatchCertsForUserByYearAndMonth should not return draft or void certificates" time="0.002">
    </testcase>
    <testcase classname="catchCert - db related getAllCatchCertsForUserByYearAndMonth should not return pending certificates" name="catchCert - db related getAllCatchCertsForUserByYearAndMonth should not return pending certificates" time="0.002">
    </testcase>
    <testcase classname="catchCert - db related getAllCatchCertsForUserByYearAndMonth should not return locked certificates" name="catchCert - db related getAllCatchCertsForUserByYearAndMonth should not return locked certificates" time="0.002">
    </testcase>
    <testcase classname="catchCert - db related getAllCatchCertsForUserByYearAndMonth should return certificates in createdAt descending order" name="catchCert - db related getAllCatchCertsForUserByYearAndMonth should return certificates in createdAt descending order" time="0.002">
    </testcase>
    <testcase classname="catchCert - db related getAllCatchCertsForUserByYearAndMonth should return certificates for the current year and month" name="catchCert - db related getAllCatchCertsForUserByYearAndMonth should return certificates for the current year and month" time="0.001">
    </testcase>
    <testcase classname="catchCert - db related getAllCatchCertsForUserByYearAndMonth should return catchSubmission when it exists" name="catchCert - db related getAllCatchCertsForUserByYearAndMonth should return catchSubmission when it exists" time="0.001">
    </testcase>
    <testcase classname="catchCert - db related getAllCatchCertsForUserByYearAndMonth should handle multiple certificates with different catchSubmission statuses" name="catchCert - db related getAllCatchCertsForUserByYearAndMonth should handle multiple certificates with different catchSubmission statuses" time="0.003">
    </testcase>
    <testcase classname="catchCert - db related delete species will delete a species based on a species id" name="catchCert - db related delete species will delete a species based on a species id" time="0.004">
    </testcase>
    <testcase classname="catchCert - db related delete species will also work when passing a document number" name="catchCert - db related delete species will also work when passing a document number" time="0.003">
    </testcase>
    <testcase classname="catchCert - db related delete species will delete the relevant species" name="catchCert - db related delete species will delete the relevant species" time="0.003">
    </testcase>
    <testcase classname="catchCert - db related delete draft certificate should delete drafts" name="catchCert - db related delete draft certificate should delete drafts" time="0.001">
    </testcase>
    <testcase classname="catchCert - db related delete draft certificate should delete drafts when a doc number is provided" name="catchCert - db related delete draft certificate should delete drafts when a doc number is provided" time="0.002">
    </testcase>
    <testcase classname="catchCert - db related delete draft certificate should not delete anything other than catchCertificate drafts" name="catchCert - db related delete draft certificate should not delete anything other than catchCertificate drafts" time="0.003">
    </testcase>
    <testcase classname="catchCert - db related delete draft certificate should not delete anything other than drafts" name="catchCert - db related delete draft certificate should not delete anything other than drafts" time="0.001">
    </testcase>
    <testcase classname="catchCert - db related getDraftCatchCertHeadersForUser should return a draft if one is present" name="catchCert - db related getDraftCatchCertHeadersForUser should return a draft if one is present" time="0.003">
    </testcase>
    <testcase classname="catchCert - db related getDraftCatchCertHeadersForUser should return all DRAFTS for a user" name="catchCert - db related getDraftCatchCertHeadersForUser should return all DRAFTS for a user" time="0.005">
    </testcase>
    <testcase classname="catchCert - db related getDraftCatchCertHeadersForUser should return no drafts if no drafts are present" name="catchCert - db related getDraftCatchCertHeadersForUser should return no drafts if no drafts are present" time="0.002">
    </testcase>
    <testcase classname="catchCert - db related getDraftCatchCertHeadersForUser should return drafts for the specified user cc" name="catchCert - db related getDraftCatchCertHeadersForUser should return drafts for the specified user cc" time="0.005">
    </testcase>
    <testcase classname="catchCert - db related getDraftCatchCertHeadersForUser should return all DRAFTS for a user with the correct user reference" name="catchCert - db related getDraftCatchCertHeadersForUser should return all DRAFTS for a user with the correct user reference" time="0.003">
    </testcase>
    <testcase classname="catchCert - db related getDraftCatchCertHeadersForUser should return drafts in createdAt descending order" name="catchCert - db related getDraftCatchCertHeadersForUser should return drafts in createdAt descending order" time="0.002">
    </testcase>
    <testcase classname="catchCert - db related getDraftCatchCertHeadersForUser should return a pending draft if one is present" name="catchCert - db related getDraftCatchCertHeadersForUser should return a pending draft if one is present" time="0.001">
    </testcase>
    <testcase classname="catchCert - db related getDraftCatchCertHeadersForUser should return a locked draft if the certificate has been locked by admin" name="catchCert - db related getDraftCatchCertHeadersForUser should return a locked draft if the certificate has been locked by admin" time="0.002">
    </testcase>
    <testcase classname="catchCert - db related getDraftCatchCertHeadersForUser should return a failed draft if the cert has a failed online certificate" name="catchCert - db related getDraftCatchCertHeadersForUser should return a failed draft if the cert has a failed online certificate" time="0.007">
    </testcase>
    <testcase classname="catchCert - db related getDraftCatchCertHeadersForUser should return a failed draft if the cert has a failed online certificate and system errors" name="catchCert - db related getDraftCatchCertHeadersForUser should return a failed draft if the cert has a failed online certificate and system errors" time="0.002">
    </testcase>
    <testcase classname="catchCert - db related getDraftCatchCertHeadersForUser should get all system errors for this user" name="catchCert - db related getDraftCatchCertHeadersForUser should get all system errors for this user" time="0.002">
    </testcase>
    <testcase classname="catchCert - db related getDraftCatchCertHeadersForUser should return a failed draft if the cert contains system errors" name="catchCert - db related getDraftCatchCertHeadersForUser should return a failed draft if the cert contains system errors" time="0.001">
    </testcase>
    <testcase classname="catchCert - db related getDraftCatchCertHeadersForUser should not return a failed pending draft if the cert has a failed online certificate" name="catchCert - db related getDraftCatchCertHeadersForUser should not return a failed pending draft if the cert has a failed online certificate" time="0.002">
    </testcase>
    <testcase classname="catchCert - db related getDraftCatchCertHeadersForUser should return all DRAFTS for a user from cache" name="catchCert - db related getDraftCatchCertHeadersForUser should return all DRAFTS for a user from cache" time="0">
    </testcase>
    <testcase classname="catchCert - db related getDraftCertificateNumber should return a catch cert number for a draft" name="catchCert - db related getDraftCertificateNumber should return a catch cert number for a draft" time="0.002">
    </testcase>
    <testcase classname="catchCert - db related getDraftCertificateNumber should return undefined if certificate does not exist" name="catchCert - db related getDraftCertificateNumber should return undefined if certificate does not exist" time="0.001">
    </testcase>
    <testcase classname="catchCert - db related getDraftCertificateNumber should return the first draft if multiple drafts exist" name="catchCert - db related getDraftCertificateNumber should return the first draft if multiple drafts exist" time="0.002">
    </testcase>
    <testcase classname="catchCert - db related upsertDraftData should update an existing certificate if one exists" name="catchCert - db related upsertDraftData should update an existing certificate if one exists" time="0.004">
    </testcase>
    <testcase classname="catchCert - db related upsertDraftData should omit any undefined values" name="catchCert - db related upsertDraftData should omit any undefined values" time="0.003">
    </testcase>
    <testcase classname="catchCert - db related upsertDraftData should work with doc number when certificate already exists" name="catchCert - db related upsertDraftData should work with doc number when certificate already exists" time="0.003">
    </testcase>
    <testcase classname="catchCert - db related upsertDraftData should work when it is new certificate" name="catchCert - db related upsertDraftData should work when it is new certificate" time="0.003">
    </testcase>
    <testcase classname="catchCert - db related upsertDraftData should be able to upsert a pending certificate" name="catchCert - db related upsertDraftData should be able to upsert a pending certificate" time="0.002">
    </testcase>
    <testcase classname="catchCert - db related upsertDraftData should not be able to upsert a complete certificate" name="catchCert - db related upsertDraftData should not be able to upsert a complete certificate" time="0.002">
    </testcase>
    <testcase classname="catchCert - db related upsertDraftData should not create a new certificate" name="catchCert - db related upsertDraftData should not create a new certificate" time="0.002">
    </testcase>
    <testcase classname="catchCert - db related upsertDraftData upsert data if draft exists" name="catchCert - db related upsertDraftData upsert data if draft exists" time="0.003">
    </testcase>
    <testcase classname="catchCert - db related upsertDraftData upsert data if draft does not exist" name="catchCert - db related upsertDraftData upsert data if draft does not exist" time="0.001">
    </testcase>
    <testcase classname="catchCert - db related getDraftDataForCatchCertificate should return an empty object when no draft catch certificates exist" name="catchCert - db related getDraftDataForCatchCertificate should return an empty object when no draft catch certificates exist" time="0.001">
    </testcase>
    <testcase classname="catchCert - db related getDraftDataForCatchCertificate should return an empty object when the path doesnt exist in the draft data" name="catchCert - db related getDraftDataForCatchCertificate should return an empty object when the path doesnt exist in the draft data" time="0.001">
    </testcase>
    <testcase classname="catchCert - db related getDraftDataForCatchCertificate should return a result if the draft data exists" name="catchCert - db related getDraftDataForCatchCertificate should return a result if the draft data exists" time="0.002">
    </testcase>
    <testcase classname="catchCert - db related getDraftDataForCatchCertificate should return a default value if one is specified and no results are found" name="catchCert - db related getDraftDataForCatchCertificate should return a default value if one is specified and no results are found" time="0.002">
    </testcase>
    <testcase classname="catchCert - db related upsertConservation will convert to a back end conservation model" name="catchCert - db related upsertConservation will convert to a back end conservation model" time="0.003">
    </testcase>
    <testcase classname="catchCert - db related upsertConservation will convert to a back end conservation model with document number" name="catchCert - db related upsertConservation will convert to a back end conservation model with document number" time="0.003">
    </testcase>
    <testcase classname="catchCert - db related upsertLandingsEntryOption will upsert a landingsEntryOption to the correct document" name="catchCert - db related upsertLandingsEntryOption will upsert a landingsEntryOption to the correct document" time="0.003">
    </testcase>
    <testcase classname="catchCert - db related upsertTransportDetails will convert to a back end transport model" name="catchCert - db related upsertTransportDetails will convert to a back end transport model" time="0.003">
    </testcase>
    <testcase classname="catchCert - db related removeTranportationDetails will remove the transportation details" name="catchCert - db related removeTranportationDetails will remove the transportation details" time="0.004">
    </testcase>
    <testcase classname="catchCert - db related getExportPayload should return null if there is no draft" name="catchCert - db related getExportPayload should return null if there is no draft" time="0">
    </testcase>
    <testcase classname="catchCert - db related getExportPayload should return null if the draft has no products" name="catchCert - db related getExportPayload should return null if the draft has no products" time="0.001">
    </testcase>
    <testcase classname="catchCert - db related getExportPayload should map and return products if they exist" name="catchCert - db related getExportPayload should map and return products if they exist" time="0.001">
    </testcase>
    <testcase classname="catchCert - db related getExportPayload should be able to work with a document number" name="catchCert - db related getExportPayload should be able to work with a document number" time="0">
    </testcase>
    <testcase classname="catchCert - db related getExportPayload should use pre-fetched draft and not call getDraft" name="catchCert - db related getExportPayload should use pre-fetched draft and not call getDraft" time="0.001">
    </testcase>
    <testcase classname="catchCert - db related getDirectExportPayload should return null if there is no draft" name="catchCert - db related getDirectExportPayload should return null if there is no draft" time="0">
    </testcase>
    <testcase classname="catchCert - db related getDirectExportPayload should return null if the draft has no products" name="catchCert - db related getDirectExportPayload should return null if the draft has no products" time="0">
    </testcase>
    <testcase classname="catchCert - db related getDirectExportPayload should map and return products if they exist" name="catchCert - db related getDirectExportPayload should map and return products if they exist" time="0.001">
    </testcase>
    <testcase classname="catchCert - db related getDirectExportPayload should be able to work with a document number" name="catchCert - db related getDirectExportPayload should be able to work with a document number" time="0">
    </testcase>
    <testcase classname="catchCert - db related getExportLocation should return null if there is no draft" name="catchCert - db related getExportLocation should return null if there is no draft" time="0.002">
    </testcase>
    <testcase classname="catchCert - db related getExportLocation should return null if the draft has no transportation" name="catchCert - db related getExportLocation should return null if the draft has no transportation" time="0">
    </testcase>
    <testcase classname="catchCert - db related getExportLocation should map and return export location if transportation exists" name="catchCert - db related getExportLocation should map and return export location if transportation exists" time="0.001">
    </testcase>
    <testcase classname="catchCert - db related getExportLocation should map and return export location when provived with a document number" name="catchCert - db related getExportLocation should map and return export location when provived with a document number" time="0">
    </testcase>
    <testcase classname="catchCert - db related getExportLocation should use pre-fetched draft and not call getDraft" name="catchCert - db related getExportLocation should use pre-fetched draft and not call getDraft" time="0.001">
    </testcase>
    <testcase classname="catchCert - db related getTransportDetails should return null if there is no draft" name="catchCert - db related getTransportDetails should return null if there is no draft" time="0">
    </testcase>
    <testcase classname="catchCert - db related getTransportDetails should return null if the draft has no transportation" name="catchCert - db related getTransportDetails should return null if the draft has no transportation" time="0.001">
    </testcase>
    <testcase classname="catchCert - db related getTransportDetails should map and return transport if transportation exists" name="catchCert - db related getTransportDetails should map and return transport if transportation exists" time="0.001">
    </testcase>
    <testcase classname="catchCert - db related upsertExportPayload should map and save the data" name="catchCert - db related upsertExportPayload should map and save the data" time="0.004">
    </testcase>
    <testcase classname="catchCert - db related upsertExportPayload should map and save the data when a document number is provided" name="catchCert - db related upsertExportPayload should map and save the data when a document number is provided" time="0.003">
    </testcase>
    <testcase classname="catchCert - db related upsertExportLocation should update exportData.transportation" name="catchCert - db related upsertExportLocation should update exportData.transportation" time="0.004">
    </testcase>
    <testcase classname="catchCert - db related upsertExportLocation should update exportData.transportation with a document number" name="catchCert - db related upsertExportLocation should update exportData.transportation with a document number" time="0.002">
    </testcase>
    <testcase classname="catchCert - db related getDraft should call the findOne mongoose method with the correct parameters" name="catchCert - db related getDraft should call the findOne mongoose method with the correct parameters" time="0.001">
    </testcase>
    <testcase classname="catchCert - db related getDraft should be able to fetch by documentNumber" name="catchCert - db related getDraft should be able to fetch by documentNumber" time="0">
    </testcase>
    <testcase classname="catchCert - db related getDraft cache returns empty" name="catchCert - db related getDraft cache returns empty" time="0.001">
    </testcase>
    <testcase classname="catchCert - db related getDraft cache returns object" name="catchCert - db related getDraft cache returns object" time="0.001">
    </testcase>
    <testcase classname="catchCert - db related getDraft should return null when owner validation fails" name="catchCert - db related getDraft should return null when owner validation fails" time="0">
    </testcase>
    <testcase classname="catchCert - db related updateCertificateStatus should mark a draft cert as pending" name="catchCert - db related updateCertificateStatus should mark a draft cert as pending" time="0.002">
    </testcase>
    <testcase classname="catchCert - db related updateCertificateStatus should mark a pending cert as complete" name="catchCert - db related updateCertificateStatus should mark a pending cert as complete" time="0.002">
    </testcase>
    <testcase classname="catchCert - db related updateCertificateStatus should mark a pending cert as draft" name="catchCert - db related updateCertificateStatus should mark a pending cert as draft" time="0.002">
    </testcase>
    <testcase classname="catchCert - db related updateCertificateStatus should not modify a complete certificate" name="catchCert - db related updateCertificateStatus should not modify a complete certificate" time="0.002">
    </testcase>
    <testcase classname="catchCert - db related updateCertificateStatus should not upsert if no document is found" name="catchCert - db related updateCertificateStatus should not upsert if no document is found" time="0.002">
    </testcase>
    <testcase classname="catchCert - db related updateCertificateStatus should invalidate the cache for draft documents" name="catchCert - db related updateCertificateStatus should invalidate the cache for draft documents" time="0.001">
    </testcase>
    <testcase classname="catchCert - db related getCertificateStatus should return the status of a document" name="catchCert - db related getCertificateStatus should return the status of a document" time="0">
    </testcase>
    <testcase classname="catchCert - db related getCertificateStatus should not return a status if no document is found" name="catchCert - db related getCertificateStatus should not return a status if no document is found" time="0.001">
    </testcase>
    <testcase classname="catchCert - db related completeDraft should complete a draft certificate" name="catchCert - db related completeDraft should complete a draft certificate" time="0.001">
    </testcase>
    <testcase classname="catchCert - db related completeDraft should complete a pending certificate" name="catchCert - db related completeDraft should complete a pending certificate" time="0.001">
    </testcase>
    <testcase classname="catchCert - db related completeDraft should do nothing to a complete certificate" name="catchCert - db related completeDraft should do nothing to a complete certificate" time="0.002">
    </testcase>
    <testcase classname="catchCert - db related completeDraft should not upsert if no document is found" name="catchCert - db related completeDraft should not upsert if no document is found" time="0.001">
    </testcase>
    <testcase classname="catchCert - db related completeDraft should invalidate the cache for draft documents" name="catchCert - db related completeDraft should invalidate the cache for draft documents" time="0.001">
    </testcase>
    <testcase classname="catchCert - db related getSpecies should return null if there is no draft" name="catchCert - db related getSpecies should return null if there is no draft" time="0">
    </testcase>
    <testcase classname="catchCert - db related getSpecies should map and return products if they exist" name="catchCert - db related getSpecies should map and return products if they exist" time="0.001">
    </testcase>
    <testcase classname="catchCert - db related getSpecies return products if we provide a documentNumber" name="catchCert - db related getSpecies return products if we provide a documentNumber" time="0">
    </testcase>
    <testcase classname="catchCert - db related upsertSpecies should map and save the data" name="catchCert - db related upsertSpecies should map and save the data" time="0.003">
    </testcase>
    <testcase classname="catchCert - db related upsertSpecies should be able to take in a document number" name="catchCert - db related upsertSpecies should be able to take in a document number" time="0.002">
    </testcase>
    <testcase classname="catchCert - db related upsertSpecies getConservation should return null if there is no draft" name="catchCert - db related upsertSpecies getConservation should return null if there is no draft" time="0.001">
    </testcase>
    <testcase classname="catchCert - db related upsertSpecies getConservation should return null if the draft has no conservation" name="catchCert - db related upsertSpecies getConservation should return null if the draft has no conservation" time="0.001">
    </testcase>
    <testcase classname="catchCert - db related upsertSpecies getConservation should map and return a conservation if the draft has one" name="catchCert - db related upsertSpecies getConservation should map and return a conservation if the draft has one" time="0">
    </testcase>
    <testcase classname="catchCert - db related upsertSpecies getConservation should map and return a conservation when given a document number" name="catchCert - db related upsertSpecies getConservation should map and return a conservation when given a document number" time="0.001">
    </testcase>
    <testcase classname="catchCert - db related upsertSpecies getConservation should use pre-fetched draft and not call getDraft" name="catchCert - db related upsertSpecies getConservation should use pre-fetched draft and not call getDraft" time="0">
    </testcase>
    <testcase classname="catchCert - db related upsertSpecies upsertExporterDetails will convert to a back end conservation model" name="catchCert - db related upsertSpecies upsertExporterDetails will convert to a back end conservation model" time="0.003">
    </testcase>
    <testcase classname="catchCert - db related upsertSpecies upsertExporterDetails will work with a document number" name="catchCert - db related upsertSpecies upsertExporterDetails will work with a document number" time="0.003">
    </testcase>
    <testcase classname="catchCert - db related upsertSpecies getExporterDetails will return null if no draft is found" name="catchCert - db related upsertSpecies getExporterDetails will return null if no draft is found" time="0.001">
    </testcase>
    <testcase classname="catchCert - db related upsertSpecies getExporterDetails will return null if the draft has no exporter" name="catchCert - db related upsertSpecies getExporterDetails will return null if the draft has no exporter" time="0.001">
    </testcase>
    <testcase classname="catchCert - db related upsertSpecies getExporterDetails will return a mapped exporter if the draft has an exporter" name="catchCert - db related upsertSpecies getExporterDetails will return a mapped exporter if the draft has an exporter" time="0.001">
    </testcase>
    <testcase classname="catchCert - db related upsertSpecies getExporterDetails will fetch exporter details by documentNumber" name="catchCert - db related upsertSpecies getExporterDetails will fetch exporter details by documentNumber" time="0.001">
    </testcase>
    <testcase classname="catchCert - db related upsertSpecies getExporterDetails should use pre-fetched draft and not call getDraft" name="catchCert - db related upsertSpecies getExporterDetails should use pre-fetched draft and not call getDraft" time="0.001">
    </testcase>
    <testcase classname="catchCert - db related upsertSpecies upsertUserReference will upsert a user reference and invalidate cache" name="catchCert - db related upsertSpecies upsertUserReference will upsert a user reference and invalidate cache" time="0.004">
    </testcase>
    <testcase classname="catchCert - db related upsertSpecies upsertUserReference will upsert a user reference and invalidate DRAFT headers for user cache" name="catchCert - db related upsertSpecies upsertUserReference will upsert a user reference and invalidate DRAFT headers for user cache" time="0.002">
    </testcase>
    <testcase classname="catchCert - db related cloneCatchCertificate will throw an error if the cc can not be found" name="catchCert - db related cloneCatchCertificate will throw an error if the cc can not be found" time="0.016">
    </testcase>
    <testcase classname="catchCert - db related cloneCatchCertificate will return the document number of the newly created copy" name="catchCert - db related cloneCatchCertificate will return the document number of the newly created copy" time="0.003">
    </testcase>
    <testcase classname="catchCert - db related cloneCatchCertificate will clone an existing cc" name="catchCert - db related cloneCatchCertificate will clone an existing cc" time="0.003">
    </testcase>
    <testcase classname="catchCert - db related cloneCatchCertificate will return the document number of newly created copy when Products array is empty" name="catchCert - db related cloneCatchCertificate will return the document number of newly created copy when Products array is empty" time="0.003">
    </testcase>
    <testcase classname="catchCert - db related cloneCatchCertificate Will Throw an error when something goes wrong while newly creating a copy" name="catchCert - db related cloneCatchCertificate Will Throw an error when something goes wrong while newly creating a copy" time="0.015">
    </testcase>
    <testcase classname="catchCert - db related cloneCatchCertificate will return the document number of newly created copy even when scientifcName is already there in the product" name="catchCert - db related cloneCatchCertificate will return the document number of newly created copy even when scientifcName is already there in the product" time="0.003">
    </testcase>
    <testcase classname="catchCert - db related cloneCatchCertificate updateProductScientificName will be called when product is present" name="catchCert - db related cloneCatchCertificate updateProductScientificName will be called when product is present" time="0.004">
    </testcase>
    <testcase classname="catchCert - db related cloneCatchCertificate will return the document number of newly created copy when scientificName is not present in the product" name="catchCert - db related cloneCatchCertificate will return the document number of newly created copy when scientificName is not present in the product" time="0.001">
    </testcase>
    <testcase classname="catchCert - db related cloneCatchCertificate will not link the clone with the original - changes to one do not effect the other" name="catchCert - db related cloneCatchCertificate will not link the clone with the original - changes to one do not effect the other" time="0.005">
    </testcase>
    <testcase classname="catchCert - db related voidCatchCertificate will void the Catch Certificate matching the given document number" name="catchCert - db related voidCatchCertificate will void the Catch Certificate matching the given document number" time="0.001">
    </testcase>
    <testcase classname="catchCert - db related voidCatchCertificate will throw an error if the Catch Certificate can not be void" name="catchCert - db related voidCatchCertificate will throw an error if the Catch Certificate can not be void" time="0.001">
    </testcase>
    <testcase classname="catchCert - db related checkDocument will return a document if a match exists" name="catchCert - db related checkDocument will return a document if a match exists" time="0.001">
    </testcase>
    <testcase classname="catchCert - db related checkDocument will return false when user has more that allowable amount of DRAFT documents" name="catchCert - db related checkDocument will return false when user has more that allowable amount of DRAFT documents" time="0.001">
    </testcase>
    <testcase classname="catchCert - db related checkDocument will return false if no document can be found" name="catchCert - db related checkDocument will return false if no document can be found" time="0.001">
    </testcase>
    <testcase classname="catchCert - db related checkDocument will return null if owner validation fails" name="catchCert - db related checkDocument will return null if owner validation fails" time="0.002">
    </testcase>
    <testcase classname="catchCert - db related getDraftCache return cached object" name="catchCert - db related getDraftCache return cached object" time="0">
    </testcase>
    <testcase classname="catchCert - db related getDraftCache return undefined on empty cache" name="catchCert - db related getDraftCache return undefined on empty cache" time="0.001">
    </testcase>
    <testcase classname="getLandingsEntryOption will return undefined if there is no draft" name="getLandingsEntryOption will return undefined if there is no draft" time="0">
    </testcase>
    <testcase classname="getLandingsEntryOption will return undefined if there is no exportData" name="getLandingsEntryOption will return undefined if there is no exportData" time="0">
    </testcase>
    <testcase classname="getLandingsEntryOption will return undefined if there is no exportData.landingsEntryOption" name="getLandingsEntryOption will return undefined if there is no exportData.landingsEntryOption" time="0">
    </testcase>
    <testcase classname="getLandingsEntryOption will return the correct value if there is a exportData.landingsEntryOption" name="getLandingsEntryOption will return the correct value if there is a exportData.landingsEntryOption" time="0.001">
    </testcase>
    <testcase classname="getLandingsEntryOption should use pre-fetched draft and not call getDraft" name="getLandingsEntryOption should use pre-fetched draft and not call getDraft" time="0">
    </testcase>
    <testcase classname="constructOwnerQuery will return createdBy &amp; contactId if userPrincipal &amp; contactId are provided" name="constructOwnerQuery will return createdBy &amp; contactId if userPrincipal &amp; contactId are provided" time="0">
    </testcase>
    <testcase classname="constructOwnerQuery will return contactId if contactId is provided" name="constructOwnerQuery will return contactId if contactId is provided" time="0">
    </testcase>
    <testcase classname="constructOwnerQuery will return createdBy if contactId is not provided" name="constructOwnerQuery will return createdBy if contactId is not provided" time="0">
    </testcase>
    <testcase classname="constructOwnerQuery will throw exception if contactID is not provided" name="constructOwnerQuery will throw exception if contactID is not provided" time="0">
    </testcase>
  </testsuite>
  <testsuite name="calling handler for /create-processing-statement/:documentNumber/add-consignment-details" errors="0" failures="0" skipped="0" timestamp="2026-08-13T14:24:08" time="0.259" tests="118">
    <testcase classname="calling handler for /create-processing-statement/:documentNumber/add-consignment-details with all mandatory fields validates as OK" name="calling handler for /create-processing-statement/:documentNumber/add-consignment-details with all mandatory fields validates as OK" time="0.001">
    </testcase>
    <testcase classname="calling handler for /create-processing-statement/:documentNumber/add-consignment-details with missing consignmentDescription validates as error" name="calling handler for /create-processing-statement/:documentNumber/add-consignment-details with missing consignmentDescription validates as error" time="0">
    </testcase>
    <testcase classname="calling handler for /create-processing-statement/:documentNumber/add-consignment-details with whitespace consignmentDescription validates as error" name="calling handler for /create-processing-statement/:documentNumber/add-consignment-details with whitespace consignmentDescription validates as error" time="0">
    </testcase>
    <testcase classname="calling handler for /create-processing-statement/:documentNumber/add-consignment-details with empty products array of products and descriptions" name="calling handler for /create-processing-statement/:documentNumber/add-consignment-details with empty products array of products and descriptions" time="0">
    </testcase>
    <testcase classname="calling handler for /create-processing-statement/:documentNumber/add-consignment-details with whitespace product details of products and descriptions" name="calling handler for /create-processing-statement/:documentNumber/add-consignment-details with whitespace product details of products and descriptions" time="0.001">
    </testcase>
    <testcase classname="calling handler for /create-processing-statement/:documentNumber/add-consignment-details with valid product details of products and descriptions" name="calling handler for /create-processing-statement/:documentNumber/add-consignment-details with valid product details of products and descriptions" time="0">
    </testcase>
    <testcase classname="calling handler for /create-processing-statement/:documentNumber/add-consignment-details with valid product details of products and descriptions, without consignment descriptions" name="calling handler for /create-processing-statement/:documentNumber/add-consignment-details with valid product details of products and descriptions, without consignment descriptions" time="0">
    </testcase>
    <testcase classname="calling handler for /create-processing-statement/:documentNumber/add-consignment-details/:productIndex with all mandatory fields validates as OK" name="calling handler for /create-processing-statement/:documentNumber/add-consignment-details/:productIndex with all mandatory fields validates as OK" time="0">
    </testcase>
    <testcase classname="calling handler for /create-processing-statement/:documentNumber/add-consignment-details/:productIndex with missing description validates as error" name="calling handler for /create-processing-statement/:documentNumber/add-consignment-details/:productIndex with missing description validates as error" time="0">
    </testcase>
    <testcase classname="calling handler for /create-processing-statement/:documentNumber/add-consignment-details/:productIndex with missing commodity code validates as error" name="calling handler for /create-processing-statement/:documentNumber/add-consignment-details/:productIndex with missing commodity code validates as error" time="0.001">
    </testcase>
    <testcase classname="calling handler for /create-processing-statement/:documentNumber/add-consignment-details/:productIndex with whitespace commodityCode validates as error" name="calling handler for /create-processing-statement/:documentNumber/add-consignment-details/:productIndex with whitespace commodityCode validates as error" time="0">
    </testcase>
    <testcase classname="calling handler for /create-processing-statement/:documentNumber/add-consignment-details/:productIndex with invalid commodity code validates as error" name="calling handler for /create-processing-statement/:documentNumber/add-consignment-details/:productIndex with invalid commodity code validates as error" time="0">
    </testcase>
    <testcase classname="calling handler for /create-processing-statement/:documentNumber/add-consignment-details/:productIndex with commodity code as special chars validates as error" name="calling handler for /create-processing-statement/:documentNumber/add-consignment-details/:productIndex with commodity code as special chars validates as error" time="0">
    </testcase>
    <testcase classname="calling handler for /create-processing-statement/:documentNumber/add-consignment-details/:productIndex with whitespace description validates as error" name="calling handler for /create-processing-statement/:documentNumber/add-consignment-details/:productIndex with whitespace description validates as error" time="0.001">
    </testcase>
    <testcase classname="calling handler for /create-processing-statement/:documentNumber/add-consignment-details/:productIndex with description validates as over 50 character error" name="calling handler for /create-processing-statement/:documentNumber/add-consignment-details/:productIndex with description validates as over 50 character error" time="0">
    </testcase>
    <testcase classname=" calling handler for /create-processing-statement/:documentNumber/catch-added with missing addAnotherCatch validates as error" name=" calling handler for /create-processing-statement/:documentNumber/catch-added with missing addAnotherCatch validates as error" time="0">
    </testcase>
    <testcase classname=" calling handler for /create-processing-statement/:documentNumber/catch-added with addAnotherCatch &quot;yes&quot; redirects to add-catch-details" name=" calling handler for /create-processing-statement/:documentNumber/catch-added with addAnotherCatch &quot;yes&quot; redirects to add-catch-details" time="0">
    </testcase>
    <testcase classname=" calling handler for /create-processing-statement/:documentNumber/catch-added with addAnotherCatch &quot;no&quot; redirects to add-processing-plant-details" name=" calling handler for /create-processing-statement/:documentNumber/catch-added with addAnotherCatch &quot;no&quot; redirects to add-processing-plant-details" time="0">
    </testcase>
    <testcase classname="handler for /create-processing-statement/:documentNumber/add-catch-details should return errors when required props are missing" name="handler for /create-processing-statement/:documentNumber/add-catch-details should return errors when required props are missing" time="0">
    </testcase>
    <testcase classname="handler for /create-processing-statement/:documentNumber/add-catch-details should return errors when certificate number has invalid characters" name="handler for /create-processing-statement/:documentNumber/add-catch-details should return errors when certificate number has invalid characters" time="0.001">
    </testcase>
    <testcase classname="handler for /create-processing-statement/:documentNumber/add-catch-details should return errors when a uk certificate number is invalid" name="handler for /create-processing-statement/:documentNumber/add-catch-details should return errors when a uk certificate number is invalid" time="0">
    </testcase>
    <testcase classname="handler for /create-processing-statement/:documentNumber/add-catch-details should not return a psAddCatchDetailsErrorUKCCNumberFormatInvalid error for a non uk certificate number" name="handler for /create-processing-statement/:documentNumber/add-catch-details should not return a psAddCatchDetailsErrorUKCCNumberFormatInvalid error for a non uk certificate number" time="0">
    </testcase>
    <testcase classname="handler for /create-processing-statement/:documentNumber/add-catch-details should return a psAddCatchDetailsErrorNonUKCCNumberCharLimit error if a non UK catch certificate number exceeds 52 characters" name="handler for /create-processing-statement/:documentNumber/add-catch-details should return a psAddCatchDetailsErrorNonUKCCNumberCharLimit error if a non UK catch certificate number exceeds 52 characters" time="0">
    </testcase>
    <testcase classname="handler for /create-processing-statement/:documentNumber/add-catch-details should handle issuingCountry as string and return invalid country error" name="handler for /create-processing-statement/:documentNumber/add-catch-details should handle issuingCountry as string and return invalid country error" time="0">
    </testcase>
    <testcase classname="handler for /create-processing-statement/:documentNumber/add-catch-details should return psAddCatchDetailsErrorEnterIssuingCountry error for non_uk certificate with empty issuingCountry" name="handler for /create-processing-statement/:documentNumber/add-catch-details should return psAddCatchDetailsErrorEnterIssuingCountry error for non_uk certificate with empty issuingCountry" time="0">
    </testcase>
    <testcase classname="handler for /create-processing-statement/:documentNumber/add-catch-details should return psAddCatchDetailsErrorEnterIssuingCountry error for non_uk certificate with undefined issuingCountry" name="handler for /create-processing-statement/:documentNumber/add-catch-details should return psAddCatchDetailsErrorEnterIssuingCountry error for non_uk certificate with undefined issuingCountry" time="0.001">
    </testcase>
    <testcase classname="handler for /create-processing-statement/:documentNumber/add-catch-details should not return a psAddCatchDetailsErrorUKCCNumberFormatInvalid error for an unspecified certificate number" name="handler for /create-processing-statement/:documentNumber/add-catch-details should not return a psAddCatchDetailsErrorUKCCNumberFormatInvalid error for an unspecified certificate number" time="0">
    </testcase>
    <testcase classname="handler for /create-processing-statement/:documentNumber/add-catch-details should return a psAddCatchDetailsErrorUKCCNumberFormatInvalid error for a valid uk PS certificate number" name="handler for /create-processing-statement/:documentNumber/add-catch-details should return a psAddCatchDetailsErrorUKCCNumberFormatInvalid error for a valid uk PS certificate number" time="0">
    </testcase>
    <testcase classname="handler for /create-processing-statement/:documentNumber/add-catch-details should return a psAddCatchDetailsErrorUKCCNumberFormatInvalid error for a valid uk SD certificate number" name="handler for /create-processing-statement/:documentNumber/add-catch-details should return a psAddCatchDetailsErrorUKCCNumberFormatInvalid error for a valid uk SD certificate number" time="0">
    </testcase>
    <testcase classname="handler for /create-processing-statement/:documentNumber/add-catch-details when validating a correctly formatted catch certificate should return a psAddCatchDetailsErrorUKCCNumberNotExist error for a certificate number of a missing COMPLETE document" name="handler for /create-processing-statement/:documentNumber/add-catch-details when validating a correctly formatted catch certificate should return a psAddCatchDetailsErrorUKCCNumberNotExist error for a certificate number of a missing COMPLETE document" time="0">
    </testcase>
    <testcase classname="handler for /create-processing-statement/:documentNumber/add-catch-details when validating a correctly formatted catch certificate should return a psAddCatchDetailsErrorUKCCSpeciesMissing error for a valid uk certificate number when the given species is not present on the reference catch certificate" name="handler for /create-processing-statement/:documentNumber/add-catch-details when validating a correctly formatted catch certificate should return a psAddCatchDetailsErrorUKCCSpeciesMissing error for a valid uk certificate number when the given species is not present on the reference catch certificate" time="0.001">
    </testcase>
    <testcase classname="handler for /create-processing-statement/:documentNumber/add-catch-details when validating a correctly formatted catch certificate should not return any errors for a valid uk certificate number" name="handler for /create-processing-statement/:documentNumber/add-catch-details when validating a correctly formatted catch certificate should not return any errors for a valid uk certificate number" time="0">
    </testcase>
    <testcase classname="handler for /create-processing-statement/:documentNumber/add-catch-details when validating a correctly formatted catch certificate should return a psAddCatchDetailsErrorUKCCCommodityCodeMissing error when the commodity code is not found on the reference catch certificate" name="handler for /create-processing-statement/:documentNumber/add-catch-details when validating a correctly formatted catch certificate should return a psAddCatchDetailsErrorUKCCCommodityCodeMissing error when the commodity code is not found on the reference catch certificate" time="0">
    </testcase>
    <testcase classname="handler for /create-processing-statement/:documentNumber/add-catch-details when validating a correctly formatted catch certificate should not check commodity code when species is missing from the catch certificate" name="handler for /create-processing-statement/:documentNumber/add-catch-details when validating a correctly formatted catch certificate should not check commodity code when species is missing from the catch certificate" time="0">
    </testcase>
    <testcase classname="/create-processing-statement/:documentNumber/add-catch-details/:productId adds error when catches missing" name="/create-processing-statement/:documentNumber/add-catch-details/:productId adds error when catches missing" time="0">
    </testcase>
    <testcase classname="/create-processing-statement/:documentNumber/add-catch-details/:productId adds error when no catch matches productId" name="/create-processing-statement/:documentNumber/add-catch-details/:productId adds error when no catch matches productId" time="0">
    </testcase>
    <testcase classname="/create-processing-statement/:documentNumber/add-catch-details/:productId does not add error when first catch exists and productId matches" name="/create-processing-statement/:documentNumber/add-catch-details/:productId does not add error when first catch exists and productId matches" time="0">
    </testcase>
    <testcase classname="handler for /create-processing-statement/:documentNumber/add-catch-details/:productId/:catchIndex should return errors when required props are missing" name="handler for /create-processing-statement/:documentNumber/add-catch-details/:productId/:catchIndex should return errors when required props are missing" time="0">
    </testcase>
    <testcase classname="handler for /create-processing-statement/:documentNumber/add-catch-details/:productId/:catchIndex should return errors when required props are missing also checking catchCertificateNumber regex" name="handler for /create-processing-statement/:documentNumber/add-catch-details/:productId/:catchIndex should return errors when required props are missing also checking catchCertificateNumber regex" time="0">
    </testcase>
    <testcase classname="handler for /create-processing-statement/:documentNumber/add-catch-type should return errors when required props are missing" name="handler for /create-processing-statement/:documentNumber/add-catch-type should return errors when required props are missing" time="0.001">
    </testcase>
    <testcase classname="handler for /create-processing-statement/:documentNumber/add-catch-type should return errors when certificate type is invalid" name="handler for /create-processing-statement/:documentNumber/add-catch-type should return errors when certificate type is invalid" time="0">
    </testcase>
    <testcase classname="handler for /create-processing-statement/:documentNumber/add-catch-type should not return catchtype errors when one of the other catches are missing a catch certificate type" name="handler for /create-processing-statement/:documentNumber/add-catch-type should not return catchtype errors when one of the other catches are missing a catch certificate type" time="0.018">
    </testcase>
    <testcase classname="handler for /create-processing-statement/:documentNumber/add-catch-type should return catches-species-incorrect error if there in nonjs and an incorrect search" name="handler for /create-processing-statement/:documentNumber/add-catch-type should return catches-species-incorrect error if there in nonjs and an incorrect search" time="0">
    </testcase>
    <testcase classname="handler for /create-processing-statement/:documentNumber/add-catch-type should return catches-species-suggest error if there in nonjs and an incorrect search with possible results" name="handler for /create-processing-statement/:documentNumber/add-catch-type should return catches-species-suggest error if there in nonjs and an incorrect search with possible results" time="0">
    </testcase>
    <testcase classname="handler for /create-processing-statement/:documentNumber/add-catch-type should return the default error message if the user did not enter any text even in nonjs use cases" name="handler for /create-processing-statement/:documentNumber/add-catch-type should return the default error message if the user did not enter any text even in nonjs use cases" time="0">
    </testcase>
    <testcase classname="handler for /create-processing-statement/:documentNumber/add-catch-type/:catchIndex should return errors when required props are missing" name="handler for /create-processing-statement/:documentNumber/add-catch-type/:catchIndex should return errors when required props are missing" time="0">
    </testcase>
    <testcase classname="handler for /create-processing-statement/:documentNumber/add-catch-type/:catchIndex should return errors when catch certificate type is invalid" name="handler for /create-processing-statement/:documentNumber/add-catch-type/:catchIndex should return errors when catch certificate type is invalid" time="0">
    </testcase>
    <testcase classname="handler for /create-processing-statement/:documentNumber/add-catch-type/:catchIndex should return errors for the catch that is missing a catch certificate type" name="handler for /create-processing-statement/:documentNumber/add-catch-type/:catchIndex should return errors for the catch that is missing a catch certificate type" time="0.001">
    </testcase>
    <testcase classname="handler for /create-processing-statement/:documentNumber/add-catch-type/:catchIndex should return catches-species-incorrect error if there in nonjs and an incorrect search" name="handler for /create-processing-statement/:documentNumber/add-catch-type/:catchIndex should return catches-species-incorrect error if there in nonjs and an incorrect search" time="0">
    </testcase>
    <testcase classname="handler for /create-processing-statement/:documentNumber/add-catch-type/:catchIndex should return the default error message if the user did not enter any text even in nonjs use cases" name="handler for /create-processing-statement/:documentNumber/add-catch-type/:catchIndex should return the default error message if the user did not enter any text even in nonjs use cases" time="0.001">
    </testcase>
    <testcase classname="handler for /create-processing-statement/:documentNumber/add-catch-type/:catchIndex should return catches-species-suggest error if there in nonjs and an incorrect search with possible results" name="handler for /create-processing-statement/:documentNumber/add-catch-type/:catchIndex should return catches-species-suggest error if there in nonjs and an incorrect search with possible results" time="0">
    </testcase>
    <testcase classname="handler for /create-processing-statement/:documentNumber/add-catch-weights should return errors when required props are missing" name="handler for /create-processing-statement/:documentNumber/add-catch-weights should return errors when required props are missing" time="0">
    </testcase>
    <testcase classname="handler for /create-processing-statement/:documentNumber/add-catch-weights should return the relevant errors if numbers are not correct (up to 2 decimal places)" name="handler for /create-processing-statement/:documentNumber/add-catch-weights should return the relevant errors if numbers are not correct (up to 2 decimal places)" time="0">
    </testcase>
    <testcase classname="handler for /create-processing-statement/:documentNumber/add-catch-weights should return the relevant errors if numbers are equal to or less than 0" name="handler for /create-processing-statement/:documentNumber/add-catch-weights should return the relevant errors if numbers are equal to or less than 0" time="0">
    </testcase>
    <testcase classname="handler for /create-processing-statement/:documentNumber/add-catch-weights should return the relevant errors if weight in kg (before processing) is greater that total weight" name="handler for /create-processing-statement/:documentNumber/add-catch-weights should return the relevant errors if weight in kg (before processing) is greater that total weight" time="0">
    </testcase>
    <testcase classname="handler for /create-processing-statement/:documentNumber/add-catch-weights should return the relevant errors if weight in kg (before processing) is greater that total weight with numbers" name="handler for /create-processing-statement/:documentNumber/add-catch-weights should return the relevant errors if weight in kg (before processing) is greater that total weight with numbers" time="0">
    </testcase>
    <testcase classname="handler for /create-processing-statement/:documentNumber/add-catch-weights should return the relevant errors if weight in kg (before processing) is greater that total weight with floats" name="handler for /create-processing-statement/:documentNumber/add-catch-weights should return the relevant errors if weight in kg (before processing) is greater that total weight with floats" time="0">
    </testcase>
    <testcase classname="handler for /create-processing-statement/:documentNumber/add-catch-weights should return the relevant errors if weight in kg (before processing) is greater that total weight with 2 floats" name="handler for /create-processing-statement/:documentNumber/add-catch-weights should return the relevant errors if weight in kg (before processing) is greater that total weight with 2 floats" time="0">
    </testcase>
    <testcase classname="handler for /create-processing-statement/:documentNumber/add-catch-weights should return error when after-processing weight exceeds before-processing weight" name="handler for /create-processing-statement/:documentNumber/add-catch-weights should return error when after-processing weight exceeds before-processing weight" time="0">
    </testcase>
    <testcase classname="handler for /create-processing-statement/:documentNumber/add-catch-weights should return no errors" name="handler for /create-processing-statement/:documentNumber/add-catch-weights should return no errors" time="0">
    </testcase>
    <testcase classname="handler for /create-processing-statement/:documentNumber/add-catch-weights should return error when totalWeightLanded is &lt;= 0 for non_uk catch certificate" name="handler for /create-processing-statement/:documentNumber/add-catch-weights should return error when totalWeightLanded is &lt;= 0 for non_uk catch certificate" time="0.001">
    </testcase>
    <testcase classname="handler for /create-processing-statement/:documentNumber/add-catch-weights should return error when totalWeightLanded is missing for non_uk catch certificate" name="handler for /create-processing-statement/:documentNumber/add-catch-weights should return error when totalWeightLanded is missing for non_uk catch certificate" time="0">
    </testcase>
    <testcase classname="handler for /create-processing-statement/:documentNumber/add-catch-weights should return error when totalWeightLanded has more than 2 decimal places for non_uk catch certificate" name="handler for /create-processing-statement/:documentNumber/add-catch-weights should return error when totalWeightLanded has more than 2 decimal places for non_uk catch certificate" time="0">
    </testcase>
    <testcase classname="handler for /create-processing-statement/:documentNumber/add-catch-weights should convert valid totalWeightLanded to string for non_uk catch certificate" name="handler for /create-processing-statement/:documentNumber/add-catch-weights should convert valid totalWeightLanded to string for non_uk catch certificate" time="0">
    </testcase>
    <testcase classname="handler for /create-processing-statement/:documentNumber/add-catch-weights/:catchIndex should return errors when required props are missing" name="handler for /create-processing-statement/:documentNumber/add-catch-weights/:catchIndex should return errors when required props are missing" time="0">
    </testcase>
    <testcase classname="handler for /create-processing-statement/:documentNumber/add-catch-weights/:catchIndex should return the relevant errors if weight in kg (before processing) is greater that total weight for the corresponding catch" name="handler for /create-processing-statement/:documentNumber/add-catch-weights/:catchIndex should return the relevant errors if weight in kg (before processing) is greater that total weight for the corresponding catch" time="0">
    </testcase>
    <testcase classname="handler for /create-processing-statement/:documentNumber/add-catch-weights/:catchIndex should return the relevant errors if weight in kg (before processing) is greater that total weight for the corresponding catch with floats" name="handler for /create-processing-statement/:documentNumber/add-catch-weights/:catchIndex should return the relevant errors if weight in kg (before processing) is greater that total weight for the corresponding catch with floats" time="0">
    </testcase>
    <testcase classname="handler for /create-processing-statement/:documentNumber/add-catch-weights/:catchIndex should return error when after-processing weight exceeds before-processing weight for the corresponding catch" name="handler for /create-processing-statement/:documentNumber/add-catch-weights/:catchIndex should return error when after-processing weight exceeds before-processing weight for the corresponding catch" time="0">
    </testcase>
    <testcase classname="handler for /create-processing-statement/:documentNumber/add-processing-plant-details should return errors when required props are missing" name="handler for /create-processing-statement/:documentNumber/add-processing-plant-details should return errors when required props are missing" time="0">
    </testcase>
    <testcase classname="handler for /create-processing-statement/:documentNumber/add-processing-plant-details should return errors personResponsibleForConsignment field exceeds the limit of characters" name="handler for /create-processing-statement/:documentNumber/add-processing-plant-details should return errors personResponsibleForConsignment field exceeds the limit of characters" time="0">
    </testcase>
    <testcase classname="handler for /create-processing-statement/:documentNumber/add-processing-plant-details should return errors to personResponsibleForConsignment when there are invalid characters" name="handler for /create-processing-statement/:documentNumber/add-processing-plant-details should return errors to personResponsibleForConsignment when there are invalid characters" time="0">
    </testcase>
    <testcase classname="handler for /create-processing-statement/:documentNumber/add-processing-plant-details with missing plantName validates as error" name="handler for /create-processing-statement/:documentNumber/add-processing-plant-details with missing plantName validates as error" time="0.001">
    </testcase>
    <testcase classname="handler for /create-processing-statement/:documentNumber/add-processing-plant-details with incorrect plantName validates as error" name="handler for /create-processing-statement/:documentNumber/add-processing-plant-details with incorrect plantName validates as error" time="0">
    </testcase>
    <testcase classname="handler for /create-processing-statement/:documentNumber/add-processing-plant-details with plantName validates on exceed length limit as error" name="handler for /create-processing-statement/:documentNumber/add-processing-plant-details with plantName validates on exceed length limit as error" time="0">
    </testcase>
    <testcase classname="handler for /create-processing-statement/:documentNumber/add-health-certificate should return errors when required props are missing" name="handler for /create-processing-statement/:documentNumber/add-health-certificate should return errors when required props are missing" time="0">
    </testcase>
    <testcase classname="handler for /create-processing-statement/:documentNumber/add-health-certificate should return error when healthCertificateDate is not a valid date" name="handler for /create-processing-statement/:documentNumber/add-health-certificate should return error when healthCertificateDate is not a valid date" time="0">
    </testcase>
    <testcase classname="handler for /create-processing-statement/:documentNumber/add-health-certificate should return error when healthCertificateDate has year 0000" name="handler for /create-processing-statement/:documentNumber/add-health-certificate should return error when healthCertificateDate has year 0000" time="0">
    </testcase>
    <testcase classname="handler for /create-processing-statement/:documentNumber/add-health-certificate should return error when healthCertificateDate exceeds maximum future date" name="handler for /create-processing-statement/:documentNumber/add-health-certificate should return error when healthCertificateDate exceeds maximum future date" time="0.001">
    </testcase>
    <testcase classname="handler for /create-processing-statement/:documentNumber/add-health-certificate should clean healthCertificateDate when it is a valid past date" name="handler for /create-processing-statement/:documentNumber/add-health-certificate should clean healthCertificateDate when it is a valid past date" time="0">
    </testcase>
    <testcase classname="calling handler for /create-processing-statement/:documentNumber/add-processing-plant-details with all mandatory fields validates as OK" name="calling handler for /create-processing-statement/:documentNumber/add-processing-plant-details with all mandatory fields validates as OK" time="0">
    </testcase>
    <testcase classname="calling handler for /create-processing-statement/:documentNumber/add-processing-plant-details with missing personResponsibleForConsignment validates as error" name="calling handler for /create-processing-statement/:documentNumber/add-processing-plant-details with missing personResponsibleForConsignment validates as error" time="0">
    </testcase>
    <testcase classname="calling handler for /create-processing-statement/:documentNumber/add-processing-plant-details with missing plantApprovalNumber validates as error" name="calling handler for /create-processing-statement/:documentNumber/add-processing-plant-details with missing plantApprovalNumber validates as error" time="0">
    </testcase>
    <testcase classname="calling handler for /create-processing-statement/:documentNumber/add-processing-plant-details with missing plantAddressOne validates as error" name="calling handler for /create-processing-statement/:documentNumber/add-processing-plant-details with missing plantAddressOne validates as error" time="0">
    </testcase>
    <testcase classname="calling handler for /create-processing-statement/:documentNumber/add-processing-plant-details with missing plantAddressOne reports an error" name="calling handler for /create-processing-statement/:documentNumber/add-processing-plant-details with missing plantAddressOne reports an error" time="0.001">
    </testcase>
    <testcase classname="calling handler for /create-processing-statement/:documentNumber/add-processing-plant-details with missing plantTownCity validates as error" name="calling handler for /create-processing-statement/:documentNumber/add-processing-plant-details with missing plantTownCity validates as error" time="0">
    </testcase>
    <testcase classname="calling handler for /create-processing-statement/:documentNumber/add-processing-plant-details with missing plantPostcode validates as error" name="calling handler for /create-processing-statement/:documentNumber/add-processing-plant-details with missing plantPostcode validates as error" time="0">
    </testcase>
    <testcase classname="calling handler for /create-processing-statement/:documentNumber/add-processing-plant-details with whitespace personResponsibleForConsignment, plantApprovalNumber validates as error" name="calling handler for /create-processing-statement/:documentNumber/add-processing-plant-details with whitespace personResponsibleForConsignment, plantApprovalNumber validates as error" time="0">
    </testcase>
    <testcase classname="calling handler for /create-processing-statement/:documentNumber/add-processing-plant-details with special characters personResponsibleForConsignment, plantApprovalNumber validates as error" name="calling handler for /create-processing-statement/:documentNumber/add-processing-plant-details with special characters personResponsibleForConsignment, plantApprovalNumber validates as error" time="0">
    </testcase>
    <testcase classname="validateCatchDetails Should validate species &amp; catchCertificateNumber" name="validateCatchDetails Should validate species &amp; catchCertificateNumber" time="0">
    </testcase>
    <testcase classname="validateCatchDetails Should validate with getReferenceServiceUrl only when adding species" name="validateCatchDetails Should validate with getReferenceServiceUrl only when adding species" time="0">
    </testcase>
    <testcase classname="validateCatchDetails Should validate when not adding species" name="validateCatchDetails Should validate when not adding species" time="0.001">
    </testcase>
    <testcase classname="validateCatchDetails Should validate when not adding species for else part" name="validateCatchDetails Should validate when not adding species for else part" time="0">
    </testcase>
    <testcase classname="validateCatchDetails should return species error when species is present but speciesCode is missing" name="validateCatchDetails should return species error when species is present but speciesCode is missing" time="0">
    </testcase>
    <testcase classname="validateCatchDetails should return species error when speciesCode is whitespace" name="validateCatchDetails should return species error when speciesCode is whitespace" time="0">
    </testcase>
    <testcase classname="validateCatchDetails should set species error from validateSpeciesAgainstReferenceData when reference data returns isError" name="validateCatchDetails should set species error from validateSpeciesAgainstReferenceData when reference data returns isError" time="0">
    </testcase>
    <testcase classname="validateCatchDetails should return speciesCommodityCode error when speciesCommodityCode is missing" name="validateCatchDetails should return speciesCommodityCode error when speciesCommodityCode is missing" time="0">
    </testcase>
    <testcase classname="validateCatchDetails should return speciesCommodityCode error when speciesCommodityCode is whitespace" name="validateCatchDetails should return speciesCommodityCode error when speciesCommodityCode is whitespace" time="0">
    </testcase>
    <testcase classname="validateCatchDetails should not return speciesCommodityCode error when speciesCommodityCode is present" name="validateCatchDetails should not return speciesCommodityCode error when speciesCommodityCode is present" time="0">
    </testcase>
    <testcase classname="validateCatchDetails should return speciesCommodityCode min length error when fewer than 6 digits are entered" name="validateCatchDetails should return speciesCommodityCode min length error when fewer than 6 digits are entered" time="0">
    </testcase>
    <testcase classname="validateCatchDetails should return speciesCommodityCode min length error when exactly 5 digits are entered" name="validateCatchDetails should return speciesCommodityCode min length error when exactly 5 digits are entered" time="0">
    </testcase>
    <testcase classname="validateCatchDetails should not return speciesCommodityCode min length error when exactly 6 digits are entered" name="validateCatchDetails should not return speciesCommodityCode min length error when exactly 6 digits are entered" time="0">
    </testcase>
    <testcase classname="validateCatchDetails should return speciesCommodityCode max length error when more than 10 digits are entered" name="validateCatchDetails should return speciesCommodityCode max length error when more than 10 digits are entered" time="0.001">
    </testcase>
    <testcase classname="validateCatchDetails should return speciesCommodityCode max length error when exactly 11 digits are entered" name="validateCatchDetails should return speciesCommodityCode max length error when exactly 11 digits are entered" time="0">
    </testcase>
    <testcase classname="validateCatchDetails should not return speciesCommodityCode max length error when exactly 10 digits are entered" name="validateCatchDetails should not return speciesCommodityCode max length error when exactly 10 digits are entered" time="0">
    </testcase>
    <testcase classname="validateCatchDetails should return speciesCommodityCode invalid characters error when special characters are entered" name="validateCatchDetails should return speciesCommodityCode invalid characters error when special characters are entered" time="0">
    </testcase>
    <testcase classname="validateCatchDetails should return speciesCommodityCode invalid characters error when letters are entered" name="validateCatchDetails should return speciesCommodityCode invalid characters error when letters are entered" time="0">
    </testcase>
    <testcase classname="validateCatchDetails should return speciesCommodityCode invalid characters error when alphanumeric value is entered" name="validateCatchDetails should return speciesCommodityCode invalid characters error when alphanumeric value is entered" time="0">
    </testcase>
    <testcase classname="calling handler for /create-processing-statement/:documentNumber/progress (FI0-10647) should return no errors when all products have catches array" name="calling handler for /create-processing-statement/:documentNumber/progress (FI0-10647) should return no errors when all products have catches array" time="0">
    </testcase>
    <testcase classname="calling handler for /create-processing-statement/:documentNumber/progress (FI0-10647) should return error when product has description but no catches or caughtBy" name="calling handler for /create-processing-statement/:documentNumber/progress (FI0-10647) should return error when product has description but no catches or caughtBy" time="0">
    </testcase>
    <testcase classname="calling handler for /create-processing-statement/:documentNumber/progress (FI0-10647) should return error when all products have description but no catches" name="calling handler for /create-processing-statement/:documentNumber/progress (FI0-10647) should return error when all products have description but no catches" time="0">
    </testcase>
    <testcase classname="calling handler for /create-processing-statement/:documentNumber/progress (FI0-10647) should return no errors when products array is empty" name="calling handler for /create-processing-statement/:documentNumber/progress (FI0-10647) should return no errors when products array is empty" time="0">
    </testcase>
    <testcase classname="calling handler for /create-processing-statement/:documentNumber/progress (FI0-10647) should return no errors when products is undefined" name="calling handler for /create-processing-statement/:documentNumber/progress (FI0-10647) should return no errors when products is undefined" time="0">
    </testcase>
    <testcase classname="calling handler for /create-processing-statement/:documentNumber/progress (FI0-10647) should return error when product has productDescription but no catches" name="calling handler for /create-processing-statement/:documentNumber/progress (FI0-10647) should return error when product has productDescription but no catches" time="0">
    </testcase>
    <testcase classname="calling handler for /create-processing-statement/:documentNumber/progress (FI0-10647) should skip null or non-object entries in products array without error" name="calling handler for /create-processing-statement/:documentNumber/progress (FI0-10647) should skip null or non-object entries in products array without error" time="0.001">
    </testcase>
    <testcase classname="emoji validation across processing statement fields should return emojiCharactersNotPermitted for plantName containing emoji" name="emoji validation across processing statement fields should return emojiCharactersNotPermitted for plantName containing emoji" time="0">
    </testcase>
    <testcase classname="emoji validation across processing statement fields should return emojiCharactersNotPermitted for personResponsibleForConsignment containing emoji" name="emoji validation across processing statement fields should return emojiCharactersNotPermitted for personResponsibleForConsignment containing emoji" time="0">
    </testcase>
    <testcase classname="emoji validation across processing statement fields should return emojiCharactersNotPermitted for plantAddressOne containing emoji" name="emoji validation across processing statement fields should return emojiCharactersNotPermitted for plantAddressOne containing emoji" time="0">
    </testcase>
    <testcase classname="emoji validation across processing statement fields should return emojiCharactersNotPermitted for plantTownCity containing emoji" name="emoji validation across processing statement fields should return emojiCharactersNotPermitted for plantTownCity containing emoji" time="0">
    </testcase>
  </testsuite>
  <testsuite name="document validator" errors="0" failures="0" skipped="0" timestamp="2026-08-13T14:24:08" time="1.503" tests="64">
    <testcase classname="document validator validate completed document will return true for a COMPLETE document" name="document validator validate completed document will return true for a COMPLETE document" time="0.007">
    </testcase>
    <testcase classname="document validator validate completed document will return false for a DRAFT document" name="document validator validate completed document will return false for a DRAFT document" time="0.002">
    </testcase>
    <testcase classname="document validator validate completed document will return false for a Processing Statement document matching a COMPLETE PS document" name="document validator validate completed document will return false for a Processing Statement document matching a COMPLETE PS document" time="0.002">
    </testcase>
    <testcase classname="document validator validate completed document will return false for a Processing Statement document matching a COMPLETE SD document" name="document validator validate completed document will return false for a Processing Statement document matching a COMPLETE SD document" time="0.003">
    </testcase>
    <testcase classname="document validator validate completed document will return true for a Storage Document matching a COMPLETE a PS document" name="document validator validate completed document will return true for a Storage Document matching a COMPLETE a PS document" time="0.002">
    </testcase>
    <testcase classname="document validator validate completed document will return false for a Storage Document matching a DRAFT PS document" name="document validator validate completed document will return false for a Storage Document matching a DRAFT PS document" time="0.001">
    </testcase>
    <testcase classname="document validator validate completed document will return false for a Storage Document matching a VOID PS document" name="document validator validate completed document will return false for a Storage Document matching a VOID PS document" time="0.002">
    </testcase>
    <testcase classname="document validator validate completed document will return false for a Storage Document matching a LOCKED CC document" name="document validator validate completed document will return false for a Storage Document matching a LOCKED CC document" time="0.003">
    </testcase>
    <testcase classname="document validator validate completed document will return false for a LOCKED document" name="document validator validate completed document will return false for a LOCKED document" time="0.003">
    </testcase>
    <testcase classname="document validator validate completed document will return false for a VOID document" name="document validator validate completed document will return false for a VOID document" time="0.001">
    </testcase>
    <testcase classname="document validator validate completed document will return false for a missing document" name="document validator validate completed document will return false for a missing document" time="0.002">
    </testcase>
    <testcase classname="document validator validate completed document will check REDIS for a Processing Statement Draft cache" name="document validator validate completed document will check REDIS for a Processing Statement Draft cache" time="0">
    </testcase>
    <testcase classname="document validator validate completed document will return true for a COMPLETE document found in REDIS" name="document validator validate completed document will return true for a COMPLETE document found in REDIS" time="0">
    </testcase>
    <testcase classname="document validator validate completed document will return false for a COMPLETE document not found in REDIS" name="document validator validate completed document will return false for a COMPLETE document not found in REDIS" time="0.001">
    </testcase>
    <testcase classname="document validator validate completed document will return true for a COMPLETE document not found in REDIS but found in Db and write to REDIS" name="document validator validate completed document will return true for a COMPLETE document not found in REDIS but found in Db and write to REDIS" time="0.006">
    </testcase>
    <testcase classname="document validator validate completed document will return true for a COMPLETE CC document not found in REDIS but found in Db and write to REDIS with different states and presentations" name="document validator validate completed document will return true for a COMPLETE CC document not found in REDIS but found in Db and write to REDIS with different states and presentations" time="0.004">
    </testcase>
    <testcase classname="document validator validate completed document will return true for a COMPLETE CC document not found in REDIS but found in Db and write to REDIS for a Storage Document" name="document validator validate completed document will return true for a COMPLETE CC document not found in REDIS but found in Db and write to REDIS for a Storage Document" time="0.005">
    </testcase>
    <testcase classname="document validator validate completed document will return true for a COMPLETE Processing Statement with a single catch not found in REDIS but found in Db and write to REDIS for a Storage Document" name="document validator validate completed document will return true for a COMPLETE Processing Statement with a single catch not found in REDIS but found in Db and write to REDIS for a Storage Document" time="0.002">
    </testcase>
    <testcase classname="document validator validate completed document will return true for a COMPLETE Processing Statement with multiple catches not found in REDIS but found in Db and write to REDIS for a Storage Document" name="document validator validate completed document will return true for a COMPLETE Processing Statement with multiple catches not found in REDIS but found in Db and write to REDIS for a Storage Document" time="0.002">
    </testcase>
    <testcase classname="document validator validate completed document will return true for a COMPLETE Processing Statement with no catches not found in REDIS but found in Db and write to REDIS for a Storage Document" name="document validator validate completed document will return true for a COMPLETE Processing Statement with no catches not found in REDIS but found in Db and write to REDIS for a Storage Document" time="0.001">
    </testcase>
    <testcase classname="document validator validate completed document will return true for a COMPLETE Processing Statement with null catches not found in REDIS but found in Db and write to REDIS for a Storage Document" name="document validator validate completed document will return true for a COMPLETE Processing Statement with null catches not found in REDIS but found in Db and write to REDIS for a Storage Document" time="0.001">
    </testcase>
    <testcase classname="document validator validate completed document will return true for a COMPLETE Processing Statement with an empty list of catches not found in REDIS but found in Db and write to REDIS for a Storage Document" name="document validator validate completed document will return true for a COMPLETE Processing Statement with an empty list of catches not found in REDIS but found in Db and write to REDIS for a Storage Document" time="0.001">
    </testcase>
    <testcase classname="document validator validate completed document will return true for a COMPLETE Storage Document with a single catch not found in REDIS but found in Db and write to REDIS for a Storage Document" name="document validator validate completed document will return true for a COMPLETE Storage Document with a single catch not found in REDIS but found in Db and write to REDIS for a Storage Document" time="0.002">
    </testcase>
    <testcase classname="document validator validate completed document will return true for a COMPLETE Storage Document with multiple catches not found in REDIS but found in Db and write to REDIS for a Storage Document" name="document validator validate completed document will return true for a COMPLETE Storage Document with multiple catches not found in REDIS but found in Db and write to REDIS for a Storage Document" time="0.003">
    </testcase>
    <testcase classname="document validator validate completed document will return true for a COMPLETE Storage Document with no catches not found in REDIS but found in Db and write to REDIS for a Storage Document" name="document validator validate completed document will return true for a COMPLETE Storage Document with no catches not found in REDIS but found in Db and write to REDIS for a Storage Document" time="0.001">
    </testcase>
    <testcase classname="document validator validate completed document will return true for a COMPLETE Storage Document with null catches not found in REDIS but found in Db and write to REDIS for a Storage Document" name="document validator validate completed document will return true for a COMPLETE Storage Document with null catches not found in REDIS but found in Db and write to REDIS for a Storage Document" time="0.002">
    </testcase>
    <testcase classname="document validator validate completed document will return true for a COMPLETE Storage Document with an empty list of catches not found in REDIS but found in Db and write to REDIS for a Storage Document" name="document validator validate completed document will return true for a COMPLETE Storage Document with an empty list of catches not found in REDIS but found in Db and write to REDIS for a Storage Document" time="0.001">
    </testcase>
    <testcase classname="document validator validate species will check REDIS to confirm the presence of species on completed catch certificate" name="document validator validate species will check REDIS to confirm the presence of species on completed catch certificate" time="0">
    </testcase>
    <testcase classname="document validator validate species will return false if the processing statement has no completed certificate in REDIS" name="document validator validate species will return false if the processing statement has no completed certificate in REDIS" time="0.001">
    </testcase>
    <testcase classname="document validator validate species will return false if a completed catch certificate can not be found" name="document validator validate species will return false if a completed catch certificate can not be found" time="0">
    </testcase>
    <testcase classname="document validator validate species will return false if the species can not be found within the completed catch certificate" name="document validator validate species will return false if the species can not be found within the completed catch certificate" time="0">
    </testcase>
    <testcase classname="document validator validate species will return true if the species is found by species code within the completed catch certificate" name="document validator validate species will return true if the species is found by species code within the completed catch certificate" time="0.001">
    </testcase>
    <testcase classname="document validator validate species will return false if the species is not found by species code within the completed catch certificate" name="document validator validate species will return false if the species is not found by species code within the completed catch certificate" time="0">
    </testcase>
    <testcase classname="document validator validate species will return false if the species is not found by an undefined species code within the completed catch certificate" name="document validator validate species will return false if the species is not found by an undefined species code within the completed catch certificate" time="0">
    </testcase>
    <testcase classname="document validator validate species will return false if the species does not have a species code" name="document validator validate species will return false if the species does not have a species code" time="0.001">
    </testcase>
    <testcase classname="document validator validate species will return true if the species can be found within the completed catch certificate" name="document validator validate species will return true if the species can be found within the completed catch certificate" time="0">
    </testcase>
    <testcase classname="document validator validate species will return true if the species can be found within the a completed catch certificate with multiple species" name="document validator validate species will return true if the species can be found within the a completed catch certificate with multiple species" time="0">
    </testcase>
    <testcase classname="document validator validate species will return false if the completed certificate has no products" name="document validator validate species will return false if the completed certificate has no products" time="0">
    </testcase>
    <testcase classname="document validator validate species should call getProductsCatchCertificate without products" name="document validator validate species should call getProductsCatchCertificate without products" time="0.001">
    </testcase>
    <testcase classname="document validator validate species should return empty array for getProductsCatchCertificate with empty array input" name="document validator validate species should return empty array for getProductsCatchCertificate with empty array input" time="0">
    </testcase>
    <testcase classname="document validator validate species should return totalWeight of 0 when caughtBy is an empty array" name="document validator validate species should return totalWeight of 0 when caughtBy is an empty array" time="0">
    </testcase>
    <testcase classname="document validator validate species should skip NaN weight landings and sum only valid weights" name="document validator validate species should skip NaN weight landings and sum only valid weights" time="0.001">
    </testcase>
    <testcase classname="document validator validate species should deduplicate products matching by speciesCode when species names differ" name="document validator validate species should deduplicate products matching by speciesCode when species names differ" time="0">
    </testcase>
    <testcase classname="document validator validate species should call getProductsCatchCertificate with more products" name="document validator validate species should call getProductsCatchCertificate with more products" time="0">
    </testcase>
    <testcase classname="document validator validate species - additional edge cases will return false when speciesCode is an empty string and species name does not match" name="document validator validate species - additional edge cases will return false when speciesCode is an empty string and species name does not match" time="0.001">
    </testcase>
    <testcase classname="document validator validate species - additional edge cases will return true when speciesCode is an empty string but species name matches" name="document validator validate species - additional edge cases will return true when speciesCode is an empty string but species name matches" time="0">
    </testcase>
    <testcase classname="document validator validate species - additional edge cases will return false when draftCache has the document key but products array is empty" name="document validator validate species - additional edge cases will return false when draftCache has the document key but products array is empty" time="0">
    </testcase>
    <testcase classname="document validator validate commodity code will check REDIS to confirm the presence of commodity code on completed catch certificate" name="document validator validate commodity code will check REDIS to confirm the presence of commodity code on completed catch certificate" time="0.001">
    </testcase>
    <testcase classname="document validator validate commodity code will return false if the processing statement has no completed certificate in REDIS" name="document validator validate commodity code will return false if the processing statement has no completed certificate in REDIS" time="0">
    </testcase>
    <testcase classname="document validator validate commodity code will return false if a completed catch certificate cannot be found" name="document validator validate commodity code will return false if a completed catch certificate cannot be found" time="0">
    </testcase>
    <testcase classname="document validator validate commodity code will return false if the commodity code cannot be found within the completed catch certificate" name="document validator validate commodity code will return false if the commodity code cannot be found within the completed catch certificate" time="0">
    </testcase>
    <testcase classname="document validator validate commodity code will return true if the commodity code is found within the completed catch certificate" name="document validator validate commodity code will return true if the commodity code is found within the completed catch certificate" time="0.001">
    </testcase>
    <testcase classname="document validator validate commodity code will return true if the commodity code is found in one of multiple products" name="document validator validate commodity code will return true if the commodity code is found in one of multiple products" time="0">
    </testcase>
    <testcase classname="document validator validate commodity code will return false if the commodity code is an empty string" name="document validator validate commodity code will return false if the commodity code is an empty string" time="0">
    </testcase>
    <testcase classname="document validator validate commodity code will return false if the product has no commodity code" name="document validator validate commodity code will return false if the product has no commodity code" time="0">
    </testcase>
    <testcase classname="document validator validate commodity code will return false if the products array is empty" name="document validator validate commodity code will return false if the products array is empty" time="0.001">
    </testcase>
    <testcase classname="document validator validate completed document - cache edge cases will fall through to DB lookup when draftCache has document key set to an empty object" name="document validator validate completed document - cache edge cases will fall through to DB lookup when draftCache has document key set to an empty object" time="0">
    </testcase>
    <testcase classname="document validator validate completed document - cache edge cases will build and save the cache correctly for a CC document looked up via an SD foreign document" name="document validator validate completed document - cache edge cases will build and save the cache correctly for a CC document looked up via an SD foreign document" time="0.003">
    </testcase>
    <testcase classname="document validator resolveDraftCache (request-scoped cache ref) reads from Redis on every call when no cacheRef is supplied" name="document validator resolveDraftCache (request-scoped cache ref) reads from Redis on every call when no cacheRef is supplied" time="0">
    </testcase>
    <testcase classname="document validator resolveDraftCache (request-scoped cache ref) populates the cacheRef on first use (sets loaded flag and data)" name="document validator resolveDraftCache (request-scoped cache ref) populates the cacheRef on first use (sets loaded flag and data)" time="0">
    </testcase>
    <testcase classname="document validator resolveDraftCache (request-scoped cache ref) reads Redis only once when a cacheRef is shared across multiple calls" name="document validator resolveDraftCache (request-scoped cache ref) reads Redis only once when a cacheRef is shared across multiple calls" time="0.001">
    </testcase>
    <testcase classname="document validator resolveDraftCache (request-scoped cache ref) returns the memoised data without re-reading Redis once loaded" name="document validator resolveDraftCache (request-scoped cache ref) returns the memoised data without re-reading Redis once loaded" time="0">
    </testcase>
    <testcase classname="document validator resolveDraftCache (request-scoped cache ref) treats a cacheRef with loaded:true and undefined data as an empty cache (no Redis read)" name="document validator resolveDraftCache (request-scoped cache ref) treats a cacheRef with loaded:true and undefined data as an empty cache (no Redis read)" time="0">
    </testcase>
    <testcase classname="document validator resolveDraftCache (request-scoped cache ref) refreshes the shared cacheRef after a DB lookup so later calls reuse the freshly cached data without another Redis read" name="document validator resolveDraftCache (request-scoped cache ref) refreshes the shared cacheRef after a DB lookup so later calls reuse the freshly cached data without another Redis read" time="0.003">
    </testcase>
  </testsuite>
  <testsuite name="exporter-payload routes" errors="0" failures="0" skipped="0" timestamp="2026-08-13T14:24:10" time="0.568" tests="100">
    <testcase classname="exporter-payload routes GET /v1/export-certificates/landings-type should return 400 if not catch cert" name="exporter-payload routes GET /v1/export-certificates/landings-type should return 400 if not catch cert" time="0.003">
    </testcase>
    <testcase classname="exporter-payload routes GET /v1/export-certificates/landings-type should return 403 user is not valid" name="exporter-payload routes GET /v1/export-certificates/landings-type should return 403 user is not valid" time="0">
    </testcase>
    <testcase classname="exporter-payload routes GET /v1/export-certificates/landings-type should return 500 of there is an error" name="exporter-payload routes GET /v1/export-certificates/landings-type should return 500 of there is an error" time="0.01">
    </testcase>
    <testcase classname="exporter-payload routes GET /v1/export-certificates/landings-type should return 200 and isDirect if direct landing" name="exporter-payload routes GET /v1/export-certificates/landings-type should return 200 and isDirect if direct landing" time="0">
    </testcase>
    <testcase classname="exporter-payload routes GET /v1/export-certificates/landings-type should return 200 and notDirect if is not direct landing" name="exporter-payload routes GET /v1/export-certificates/landings-type should return 200 and notDirect if is not direct landing" time="0.001">
    </testcase>
    <testcase classname="exporter-payload routes GET /v1/export-certificates/landings-type should return 200 and emptyData if no landings found" name="exporter-payload routes GET /v1/export-certificates/landings-type should return 200 and emptyData if no landings found" time="0">
    </testcase>
    <testcase classname="exporter-payload routes GET /v1/export-certificates/landings-type should return 403 no valid user" name="exporter-payload routes GET /v1/export-certificates/landings-type should return 403 no valid user" time="0.001">
    </testcase>
    <testcase classname="exporter-payload routes POST /v1/export-certificates/landings-type should return 200 with landings options entry" name="exporter-payload routes POST /v1/export-certificates/landings-type should return 200 with landings options entry" time="0.002">
    </testcase>
    <testcase classname="exporter-payload routes POST /v1/export-certificates/landings-type when landings entry option is direct landing should return 200 with landings options entry" name="exporter-payload routes POST /v1/export-certificates/landings-type when landings entry option is direct landing should return 200 with landings options entry" time="0.001">
    </testcase>
    <testcase classname="exporter-payload routes POST /v1/export-certificates/landings-type when landings entry option is upload entry should return 200 with landings options entry" name="exporter-payload routes POST /v1/export-certificates/landings-type when landings entry option is upload entry should return 200 with landings options entry" time="0.001">
    </testcase>
    <testcase classname="exporter-payload routes POST /v1/export-certificates/landings-type when landings entry option is invalid should return 400" name="exporter-payload routes POST /v1/export-certificates/landings-type when landings entry option is invalid should return 400" time="0">
    </testcase>
    <testcase classname="exporter-payload routes POST /v1/export-certificates/landings-type should return 400 if user is valid and payload is missing" name="exporter-payload routes POST /v1/export-certificates/landings-type should return 400 if user is valid and payload is missing" time="0.001">
    </testcase>
    <testcase classname="exporter-payload routes POST /v1/export-certificates/landings-type should return 403 if user is not valid" name="exporter-payload routes POST /v1/export-certificates/landings-type should return 403 if user is not valid" time="0">
    </testcase>
    <testcase classname="exporter-payload routes POST /v1/export-certificates/landings-type should return 500 if there is an error" name="exporter-payload routes POST /v1/export-certificates/landings-type should return 500 if there is an error" time="0.001">
    </testcase>
    <testcase classname="exporter-payload routes POST /v1/export-certificates/landing/validate should return 400 for a request payload containing an invalid FAO area" name="exporter-payload routes POST /v1/export-certificates/landing/validate should return 400 for a request payload containing an invalid FAO area" time="0.002">
    </testcase>
    <testcase classname="exporter-payload routes POST /v1/export-certificates/landing/validate should return 400 for a request payload containing a FAO area not on the list of areas" name="exporter-payload routes POST /v1/export-certificates/landing/validate should return 400 for a request payload containing a FAO area not on the list of areas" time="0.001">
    </testcase>
    <testcase classname="exporter-payload routes POST /v1/export-certificates/landing/validate should return 400 for a request payload containing a start date after the dateLanded" name="exporter-payload routes POST /v1/export-certificates/landing/validate should return 400 for a request payload containing a start date after the dateLanded" time="0.001">
    </testcase>
    <testcase classname="exporter-payload routes POST /v1/export-certificates/landing/validate should return 400 for a request payload containing an invalid start date" name="exporter-payload routes POST /v1/export-certificates/landing/validate should return 400 for a request payload containing an invalid start date" time="0.001">
    </testcase>
    <testcase classname="exporter-payload routes POST /v1/export-certificates/landing/validate should return 400 for a request payload containing a non-existent start date" name="exporter-payload routes POST /v1/export-certificates/landing/validate should return 400 for a request payload containing a non-existent start date" time="0.001">
    </testcase>
    <testcase classname="exporter-payload routes POST /v1/export-certificates/landing/validate should return 400 for a request payload containing an incomplete start date" name="exporter-payload routes POST /v1/export-certificates/landing/validate should return 400 for a request payload containing an incomplete start date" time="0.001">
    </testcase>
    <testcase classname="exporter-payload routes POST /v1/export-certificates/landing/validate should return 403 user is not valid" name="exporter-payload routes POST /v1/export-certificates/landing/validate should return 403 user is not valid" time="0">
    </testcase>
    <testcase classname="exporter-payload routes POST /v1/export-certificates/landing/validate should return 500 of there is an error" name="exporter-payload routes POST /v1/export-certificates/landing/validate should return 500 of there is an error" time="0.001">
    </testcase>
    <testcase classname="exporter-payload routes POST /v1/export-certificates/landing/validate should return 500 user is no valid and no valid payload" name="exporter-payload routes POST /v1/export-certificates/landing/validate should return 500 user is no valid and no valid payload" time="0.001">
    </testcase>
    <testcase classname="exporter-payload routes POST /v1/export-certificates/landing/validate should return 200 user is valid and valid payload" name="exporter-payload routes POST /v1/export-certificates/landing/validate should return 200 user is valid and valid payload" time="0">
    </testcase>
    <testcase classname="exporter-payload routes POST /v1/export-certificates/landing/validate should return 200 for a request payload containing a start date equal to the dateLanded" name="exporter-payload routes POST /v1/export-certificates/landing/validate should return 200 for a request payload containing a start date equal to the dateLanded" time="0.001">
    </testcase>
    <testcase classname="exporter-payload routes POST /v1/export-certificates/landing/validate should return 200 for a request payload containing a start date before the dateLanded" name="exporter-payload routes POST /v1/export-certificates/landing/validate should return 200 for a request payload containing a start date before the dateLanded" time="0">
    </testcase>
    <testcase classname="exporter-payload routes POST /v1/export-certificates/landing/validate should return 400 not containing a Gear Category and containing a Gear Type after the dateLanded" name="exporter-payload routes POST /v1/export-certificates/landing/validate should return 400 not containing a Gear Category and containing a Gear Type after the dateLanded" time="0.001">
    </testcase>
    <testcase classname="exporter-payload routes POST /v1/export-certificates/landing/validate should return 400 when startDate is missing (required field)" name="exporter-payload routes POST /v1/export-certificates/landing/validate should return 400 when startDate is missing (required field)" time="0.001">
    </testcase>
    <testcase classname="exporter-payload routes POST /v1/export-certificates/landing/validate should return 400 when gearCategory is missing (required field)" name="exporter-payload routes POST /v1/export-certificates/landing/validate should return 400 when gearCategory is missing (required field)" time="0">
    </testcase>
    <testcase classname="exporter-payload routes POST /v1/export-certificates/landing/validate should return 400 when gearCategory is empty string (required field)" name="exporter-payload routes POST /v1/export-certificates/landing/validate should return 400 when gearCategory is empty string (required field)" time="0.001">
    </testcase>
    <testcase classname="exporter-payload routes POST /v1/export-certificates/landing/validate should return 400 when gearType is missing (required field)" name="exporter-payload routes POST /v1/export-certificates/landing/validate should return 400 when gearType is missing (required field)" time="0">
    </testcase>
    <testcase classname="exporter-payload routes POST /v1/export-certificates/landing/validate should return 400 when gearType is empty string (required field)" name="exporter-payload routes POST /v1/export-certificates/landing/validate should return 400 when gearType is empty string (required field)" time="0.001">
    </testcase>
    <testcase classname="exporter-payload routes POST /v1/export-certificates/landing/validate should return 400 when highSeasArea is missing (required field)" name="exporter-payload routes POST /v1/export-certificates/landing/validate should return 400 when highSeasArea is missing (required field)" time="0">
    </testcase>
    <testcase classname="exporter-payload routes POST /v1/export-certificates/landing/validate should return 400 when highSeasArea has invalid value (must be Yes or No)" name="exporter-payload routes POST /v1/export-certificates/landing/validate should return 400 when highSeasArea has invalid value (must be Yes or No)" time="0.001">
    </testcase>
    <testcase classname="exporter-payload routes POST /v1/export-certificates/landing/validate should return 400 when highSeasArea is No but exclusiveEconomicZones is missing" name="exporter-payload routes POST /v1/export-certificates/landing/validate should return 400 when highSeasArea is No but exclusiveEconomicZones is missing" time="0.005">
    </testcase>
    <testcase classname="exporter-payload routes POST /v1/export-certificates/landing/validate should return 400 when highSeasArea is No but exclusiveEconomicZones is empty array" name="exporter-payload routes POST /v1/export-certificates/landing/validate should return 400 when highSeasArea is No but exclusiveEconomicZones is empty array" time="0.001">
    </testcase>
    <testcase classname="exporter-payload routes POST /v1/export-certificates/landing/validate should return 200 when highSeasArea is Yes and exclusiveEconomicZones is not provided" name="exporter-payload routes POST /v1/export-certificates/landing/validate should return 200 when highSeasArea is Yes and exclusiveEconomicZones is not provided" time="0">
    </testcase>
    <testcase classname="exporter-payload routes POST /v1/export-certificates/landing/validate should return 200 when all required fields are provided correctly" name="exporter-payload routes POST /v1/export-certificates/landing/validate should return 200 when all required fields are provided correctly" time="0.001">
    </testcase>
    <testcase classname="exporter-payload routes POST /v1/export-certificates/direct-landing/validate should return 400 for a request payload containing an invalid FAO area" name="exporter-payload routes POST /v1/export-certificates/direct-landing/validate should return 400 for a request payload containing an invalid FAO area" time="0.001">
    </testcase>
    <testcase classname="exporter-payload routes POST /v1/export-certificates/direct-landing/validate should return 400 for a request payload missing a start date" name="exporter-payload routes POST /v1/export-certificates/direct-landing/validate should return 400 for a request payload missing a start date" time="0">
    </testcase>
    <testcase classname="exporter-payload routes POST /v1/export-certificates/direct-landing/validate should return 400 for a request payload missing high seas" name="exporter-payload routes POST /v1/export-certificates/direct-landing/validate should return 400 for a request payload missing high seas" time="0.001">
    </testcase>
    <testcase classname="exporter-payload routes POST /v1/export-certificates/direct-landing/validate should return 400 for a request payload when high seas &apos;no&apos; and exclusive economic zones are empty" name="exporter-payload routes POST /v1/export-certificates/direct-landing/validate should return 400 for a request payload when high seas &apos;no&apos; and exclusive economic zones are empty" time="0">
    </testcase>
    <testcase classname="exporter-payload routes POST /v1/export-certificates/direct-landing/validate should return 200 for a request payload when high seas &apos;yes&apos; and exclusive economic zones are empty" name="exporter-payload routes POST /v1/export-certificates/direct-landing/validate should return 200 for a request payload when high seas &apos;yes&apos; and exclusive economic zones are empty" time="0.001">
    </testcase>
    <testcase classname="exporter-payload routes POST /v1/export-certificates/direct-landing/validate should return 200 for a request payload when high seas &apos;no&apos; and exclusive economic zones has an empty official country name" name="exporter-payload routes POST /v1/export-certificates/direct-landing/validate should return 200 for a request payload when high seas &apos;no&apos; and exclusive economic zones has an empty official country name" time="0">
    </testcase>
    <testcase classname="exporter-payload routes POST /v1/export-certificates/direct-landing/validate should return 400 for a request payload when high seas &apos;no&apos; and exclusive economic zones has an empty official country name" name="exporter-payload routes POST /v1/export-certificates/direct-landing/validate should return 400 for a request payload when high seas &apos;no&apos; and exclusive economic zones has an empty official country name" time="0.001">
    </testcase>
    <testcase classname="exporter-payload routes POST /v1/export-certificates/direct-landing/validate should return 400 for a request payload when high seas &apos;no&apos; and exclusive economic zones is invalid" name="exporter-payload routes POST /v1/export-certificates/direct-landing/validate should return 400 for a request payload when high seas &apos;no&apos; and exclusive economic zones is invalid" time="0">
    </testcase>
    <testcase classname="exporter-payload routes POST /v1/export-certificates/direct-landing/validate should return 400 for a request payload when high seas &apos;no&apos; and exclusive economic zones is invalid and missing st" name="exporter-payload routes POST /v1/export-certificates/direct-landing/validate should return 400 for a request payload when high seas &apos;no&apos; and exclusive economic zones is invalid and missing st" time="0.001">
    </testcase>
    <testcase classname="exporter-payload routes POST /v1/export-certificates/direct-landing/validate should return 400 for a request payload containing a FAO area not on the list of areas" name="exporter-payload routes POST /v1/export-certificates/direct-landing/validate should return 400 for a request payload containing a FAO area not on the list of areas" time="0.001">
    </testcase>
    <testcase classname="exporter-payload routes POST /v1/export-certificates/direct-landing/validate should return 400 for a request payload containing a start date after the dateLanded" name="exporter-payload routes POST /v1/export-certificates/direct-landing/validate should return 400 for a request payload containing a start date after the dateLanded" time="0">
    </testcase>
    <testcase classname="exporter-payload routes POST /v1/export-certificates/direct-landing/validate should return 400 for a request payload containing an invalid start date" name="exporter-payload routes POST /v1/export-certificates/direct-landing/validate should return 400 for a request payload containing an invalid start date" time="0.001">
    </testcase>
    <testcase classname="exporter-payload routes POST /v1/export-certificates/direct-landing/validate should return 400 for a request payload containing a date landed without a year" name="exporter-payload routes POST /v1/export-certificates/direct-landing/validate should return 400 for a request payload containing a date landed without a year" time="0">
    </testcase>
    <testcase classname="exporter-payload routes POST /v1/export-certificates/direct-landing/validate should return 403 user is not valid" name="exporter-payload routes POST /v1/export-certificates/direct-landing/validate should return 403 user is not valid" time="0.001">
    </testcase>
    <testcase classname="exporter-payload routes POST /v1/export-certificates/direct-landing/validate should return 500 of there is an error" name="exporter-payload routes POST /v1/export-certificates/direct-landing/validate should return 500 of there is an error" time="0">
    </testcase>
    <testcase classname="exporter-payload routes POST /v1/export-certificates/direct-landing/validate should return 500 user is no valid and no valid payload" name="exporter-payload routes POST /v1/export-certificates/direct-landing/validate should return 500 user is no valid and no valid payload" time="0.001">
    </testcase>
    <testcase classname="exporter-payload routes POST /v1/export-certificates/direct-landing/validate should return 200 user is valid and valid payload" name="exporter-payload routes POST /v1/export-certificates/direct-landing/validate should return 200 user is valid and valid payload" time="0">
    </testcase>
    <testcase classname="exporter-payload routes POST /v1/export-certificates/direct-landing/validate should return 200 for a request payload containing a start date equal to the dateLanded" name="exporter-payload routes POST /v1/export-certificates/direct-landing/validate should return 200 for a request payload containing a start date equal to the dateLanded" time="0.001">
    </testcase>
    <testcase classname="exporter-payload routes POST /v1/export-certificates/direct-landing/validate should return 200 for a request payload containing a start date before the dateLanded" name="exporter-payload routes POST /v1/export-certificates/direct-landing/validate should return 200 for a request payload containing a start date before the dateLanded" time="0">
    </testcase>
    <testcase classname="exporter-payload routes POST /v1/export-certificates/direct-landing/validate should return 400 for a request payload not contain gear category and contain type an invalid gear category" name="exporter-payload routes POST /v1/export-certificates/direct-landing/validate should return 400 for a request payload not contain gear category and contain type an invalid gear category" time="0.001">
    </testcase>
    <testcase classname="exporter-payload routes POST /v1/export-certificates/direct-landing/validate should return 400 for a request payload not containing gear type" name="exporter-payload routes POST /v1/export-certificates/direct-landing/validate should return 400 for a request payload not containing gear type" time="0">
    </testcase>
    <testcase classname="exporter-payload routes POST /v1/export-certificates/direct-landing/validate should return 400 for a request payload not containing gear category" name="exporter-payload routes POST /v1/export-certificates/direct-landing/validate should return 400 for a request payload not containing gear category" time="0.001">
    </testcase>
    <testcase classname="exporter-payload routes POST /v1/export-certificates/export-payload/product should return 403 user is not valid" name="exporter-payload routes POST /v1/export-certificates/export-payload/product should return 403 user is not valid" time="0">
    </testcase>
    <testcase classname="exporter-payload routes POST /v1/export-certificates/export-payload/product should return 500 of there is an error" name="exporter-payload routes POST /v1/export-certificates/export-payload/product should return 500 of there is an error" time="0">
    </testcase>
    <testcase classname="exporter-payload routes POST /v1/export-certificates/export-payload/product should return 400 user is no valid and no valid payload" name="exporter-payload routes POST /v1/export-certificates/export-payload/product should return 400 user is no valid and no valid payload" time="0.001">
    </testcase>
    <testcase classname="exporter-payload routes POST /v1/export-certificates/export-payload/product should return 200 user is valid" name="exporter-payload routes POST /v1/export-certificates/export-payload/product should return 200 user is valid" time="0">
    </testcase>
    <testcase classname="exporter-payload routes GET /v1/export-certificates/export-payload should return 403 user is not valid" name="exporter-payload routes GET /v1/export-certificates/export-payload should return 403 user is not valid" time="0">
    </testcase>
    <testcase classname="exporter-payload routes GET /v1/export-certificates/export-payload should return 500 of there is an error" name="exporter-payload routes GET /v1/export-certificates/export-payload should return 500 of there is an error" time="0.001">
    </testcase>
    <testcase classname="exporter-payload routes GET /v1/export-certificates/export-payload should return 200 user is valid" name="exporter-payload routes GET /v1/export-certificates/export-payload should return 200 user is valid" time="0">
    </testcase>
    <testcase classname="exporter-payload routes GET /v1/export-certificates/export-payload/direct-landings should return 403 user is not valid" name="exporter-payload routes GET /v1/export-certificates/export-payload/direct-landings should return 403 user is not valid" time="0">
    </testcase>
    <testcase classname="exporter-payload routes GET /v1/export-certificates/export-payload/direct-landings should return 500 of there is an error" name="exporter-payload routes GET /v1/export-certificates/export-payload/direct-landings should return 500 of there is an error" time="0">
    </testcase>
    <testcase classname="exporter-payload routes GET /v1/export-certificates/export-payload/direct-landings should return 200 user is valid" name="exporter-payload routes GET /v1/export-certificates/export-payload/direct-landings should return 200 user is valid" time="0">
    </testcase>
    <testcase classname="exporter-payload routes POST /v1/export-certificates/export-payload/validate should return 403 user is not valid" name="exporter-payload routes POST /v1/export-certificates/export-payload/validate should return 403 user is not valid" time="0">
    </testcase>
    <testcase classname="exporter-payload routes POST /v1/export-certificates/export-payload/validate should return 500 of there is an error" name="exporter-payload routes POST /v1/export-certificates/export-payload/validate should return 500 of there is an error" time="0">
    </testcase>
    <testcase classname="exporter-payload routes POST /v1/export-certificates/export-payload/validate should return 200 user is valid" name="exporter-payload routes POST /v1/export-certificates/export-payload/validate should return 200 user is valid" time="0">
    </testcase>
    <testcase classname="exporter-payload routes POST /v1/export-certificates/export-payload/validate/saveAsDraft should return 403 user is not valid" name="exporter-payload routes POST /v1/export-certificates/export-payload/validate/saveAsDraft should return 403 user is not valid" time="0.001">
    </testcase>
    <testcase classname="exporter-payload routes POST /v1/export-certificates/export-payload/validate/saveAsDraft should return 500 of there is an error" name="exporter-payload routes POST /v1/export-certificates/export-payload/validate/saveAsDraft should return 500 of there is an error" time="0">
    </testcase>
    <testcase classname="exporter-payload routes POST /v1/export-certificates/export-payload/validate/saveAsDraft should return 200 user is valid" name="exporter-payload routes POST /v1/export-certificates/export-payload/validate/saveAsDraft should return 200 user is valid" time="0">
    </testcase>
    <testcase classname="exporter-payload routes POST /v1/export-certificates/confirm-change-landings-type should return 200 for a valid landings entry option confirmation" name="exporter-payload routes POST /v1/export-certificates/confirm-change-landings-type should return 200 for a valid landings entry option confirmation" time="0.001">
    </testcase>
    <testcase classname="exporter-payload routes POST /v1/export-certificates/confirm-change-landings-type should redirect 302 to payload.currentUri if the accept header is text/html" name="exporter-payload routes POST /v1/export-certificates/confirm-change-landings-type should redirect 302 to payload.currentUri if the accept header is text/html" time="0">
    </testcase>
    <testcase classname="exporter-payload routes POST /v1/export-certificates/confirm-change-landings-type should return 200 for a valid landings entry option confirmation but not save" name="exporter-payload routes POST /v1/export-certificates/confirm-change-landings-type should return 200 for a valid landings entry option confirmation but not save" time="0">
    </testcase>
    <testcase classname="exporter-payload routes POST /v1/export-certificates/confirm-change-landings-type should return 400 if the landingsEntryOptions is invalid" name="exporter-payload routes POST /v1/export-certificates/confirm-change-landings-type should return 400 if the landingsEntryOptions is invalid" time="0.001">
    </testcase>
    <testcase classname="exporter-payload routes POST /v1/export-certificates/confirm-change-landings-type should return 403 user is not valid" name="exporter-payload routes POST /v1/export-certificates/confirm-change-landings-type should return 403 user is not valid" time="0">
    </testcase>
    <testcase classname="exporter-payload routes POST /v1/export-certificates/confirm-change-landings-type should return 500 of there is an error" name="exporter-payload routes POST /v1/export-certificates/confirm-change-landings-type should return 500 of there is an error" time="0">
    </testcase>
    <testcase classname="exporter-payload routes POST /v1/export-certificates/export-payload/product/{productId}/landing should return 400 for a request payload containing a date landed without a year" name="exporter-payload routes POST /v1/export-certificates/export-payload/product/{productId}/landing should return 400 for a request payload containing a date landed without a year" time="0.001">
    </testcase>
    <testcase classname="exporter-payload routes POST /v1/export-certificates/export-payload/product/{productId}/landing should return 400 for a request payload containing an invalid gear category and containing gear type" name="exporter-payload routes POST /v1/export-certificates/export-payload/product/{productId}/landing should return 400 for a request payload containing an invalid gear category and containing gear type" time="0.001">
    </testcase>
    <testcase classname="exporter-payload routes POST /v1/export-certificates/export-payload/product/{productId}/landing should return 400 for a request payload not containing gear category and containing gear type" name="exporter-payload routes POST /v1/export-certificates/export-payload/product/{productId}/landing should return 400 for a request payload not containing gear category and containing gear type" time="0">
    </testcase>
    <testcase classname="exporter-payload routes POST /v1/export-certificates/export-payload/product/{productId}/landing should return 403 user is not valid" name="exporter-payload routes POST /v1/export-certificates/export-payload/product/{productId}/landing should return 403 user is not valid" time="0.001">
    </testcase>
    <testcase classname="exporter-payload routes POST /v1/export-certificates/export-payload/product/{productId}/landing should return 500 if there is an error" name="exporter-payload routes POST /v1/export-certificates/export-payload/product/{productId}/landing should return 500 if there is an error" time="0">
    </testcase>
    <testcase classname="exporter-payload routes POST /v1/export-certificates/export-payload/product/{productId}/landing should return 200 user is valid" name="exporter-payload routes POST /v1/export-certificates/export-payload/product/{productId}/landing should return 200 user is valid" time="0">
    </testcase>
    <testcase classname="exporter-payload routes POST /v1/export-certificates/create should return 403 user is not valid" name="exporter-payload routes POST /v1/export-certificates/create should return 403 user is not valid" time="0">
    </testcase>
    <testcase classname="exporter-payload routes POST /v1/export-certificates/create should return 500 and a system error if there is an error" name="exporter-payload routes POST /v1/export-certificates/create should return 500 and a system error if there is an error" time="0">
    </testcase>
    <testcase classname="exporter-payload routes POST /v1/export-certificates/create should return 200 user is valid" name="exporter-payload routes POST /v1/export-certificates/create should return 200 user is valid" time="0.001">
    </testcase>
    <testcase classname="exporter-payload routes PUT /v1/export-certificates/export-payload/product/{productId}/landing/{landingId} should return 403 user is not valid" name="exporter-payload routes PUT /v1/export-certificates/export-payload/product/{productId}/landing/{landingId} should return 403 user is not valid" time="0.001">
    </testcase>
    <testcase classname="exporter-payload routes PUT /v1/export-certificates/export-payload/product/{productId}/landing/{landingId} should return 500 of there is an error" name="exporter-payload routes PUT /v1/export-certificates/export-payload/product/{productId}/landing/{landingId} should return 500 of there is an error" time="0">
    </testcase>
    <testcase classname="exporter-payload routes PUT /v1/export-certificates/export-payload/product/{productId}/landing/{landingId} should return 200 user is valid" name="exporter-payload routes PUT /v1/export-certificates/export-payload/product/{productId}/landing/{landingId} should return 200 user is valid" time="0">
    </testcase>
    <testcase classname="exporter-payload routes DELETE /v1/export-certificates/export-payload/product/{productId}/landing/{landingId} should return 403 user is not valid" name="exporter-payload routes DELETE /v1/export-certificates/export-payload/product/{productId}/landing/{landingId} should return 403 user is not valid" time="0">
    </testcase>
    <testcase classname="exporter-payload routes DELETE /v1/export-certificates/export-payload/product/{productId}/landing/{landingId} should return 500 of there is an error" name="exporter-payload routes DELETE /v1/export-certificates/export-payload/product/{productId}/landing/{landingId} should return 500 of there is an error" time="0.001">
    </testcase>
    <testcase classname="exporter-payload routes DELETE /v1/export-certificates/export-payload/product/{productId}/landing/{landingId} should return 200 user is valid" name="exporter-payload routes DELETE /v1/export-certificates/export-payload/product/{productId}/landing/{landingId} should return 200 user is valid" time="0">
    </testcase>
    <testcase classname="exporter-payload routes DELETE /v1/export-certificates/export-payload/product/{productId} should return 403 user is not valid" name="exporter-payload routes DELETE /v1/export-certificates/export-payload/product/{productId} should return 403 user is not valid" time="0">
    </testcase>
    <testcase classname="exporter-payload routes DELETE /v1/export-certificates/export-payload/product/{productId} should return 500 of there is an error" name="exporter-payload routes DELETE /v1/export-certificates/export-payload/product/{productId} should return 500 of there is an error" time="0">
    </testcase>
    <testcase classname="exporter-payload routes DELETE /v1/export-certificates/export-payload/product/{productId} should return 200 user is valid" name="exporter-payload routes DELETE /v1/export-certificates/export-payload/product/{productId} should return 200 user is valid" time="0.001">
    </testcase>
  </testsuite>
  <testsuite name="Transport endpoints" errors="0" failures="0" skipped="0" timestamp="2026-08-13T14:24:10" time="0.396" tests="80">
    <testcase classname="Transport endpoints returns 200 and doesnt fail when we POST /v1/catch-certificate/transport/add" name="Transport endpoints returns 200 and doesnt fail when we POST /v1/catch-certificate/transport/add" time="0.002">
    </testcase>
    <testcase classname="Transport endpoints returns 500 and FAILS when we POST /v1/catch-certificate/transport/add" name="Transport endpoints returns 500 and FAILS when we POST /v1/catch-certificate/transport/add" time="0.01">
    </testcase>
    <testcase classname="Transport endpoints returns 500 and FAILS when we POST /v1/catch-certificate/transport/add on error with no stack" name="Transport endpoints returns 500 and FAILS when we POST /v1/catch-certificate/transport/add on error with no stack" time="0.001">
    </testcase>
    <testcase classname="Transport endpoints returns 400 and FAILS when we POST /v1/catch-certificate/transport/add without a vehicle" name="Transport endpoints returns 400 and FAILS when we POST /v1/catch-certificate/transport/add without a vehicle" time="0.001">
    </testcase>
    <testcase classname="Transport endpoints returns 400 and FAILS when we POST /v1/catch-certificate/transport/add with an invalid a vehicle" name="Transport endpoints returns 400 and FAILS when we POST /v1/catch-certificate/transport/add with an invalid a vehicle" time="0.001">
    </testcase>
    <testcase classname="Transport endpoints returns 400 and fails when we POST /v1/catch-certificate/transport/add with a CMR flag for a truck transportation" name="Transport endpoints returns 400 and fails when we POST /v1/catch-certificate/transport/add with a CMR flag for a truck transportation" time="0">
    </testcase>
    <testcase classname="Transport endpoints returns 400 and FAILS when we POST /v1/catch-certificate/transport/add with a CMR flag for non-truck transportation" name="Transport endpoints returns 400 and FAILS when we POST /v1/catch-certificate/transport/add with a CMR flag for non-truck transportation" time="0.001">
    </testcase>
    <testcase classname="Transport endpoints returns 200 and doesnt fail when we GET /v1/catch-certificate/transport/check" name="Transport endpoints returns 200 and doesnt fail when we GET /v1/catch-certificate/transport/check" time="0">
    </testcase>
    <testcase classname="Transport endpoints returns 500 and FAILS when we GET /v1/catch-certificate/transport/check" name="Transport endpoints returns 500 and FAILS when we GET /v1/catch-certificate/transport/check" time="0.001">
    </testcase>
    <testcase classname="Transport endpoints returns 200 and doesnt fail when we POST /v1/catch-certificate/transport/check" name="Transport endpoints returns 200 and doesnt fail when we POST /v1/catch-certificate/transport/check" time="0">
    </testcase>
    <testcase classname="Transport endpoints returns 500 and FAILS when we POST /v1/catch-certificate/transport/check" name="Transport endpoints returns 500 and FAILS when we POST /v1/catch-certificate/transport/check" time="0">
    </testcase>
    <testcase classname="Transport endpoints returns 500 and FAILS when we POST /v1/catch-certificate/transport/check on error with no stack" name="Transport endpoints returns 500 and FAILS when we POST /v1/catch-certificate/transport/check on error with no stack" time="0.001">
    </testcase>
    <testcase classname="Transport endpoints returns 400 and FAILS when we POST /v1/catch-certificate/transport/check without an answer" name="Transport endpoints returns 400 and FAILS when we POST /v1/catch-certificate/transport/check without an answer" time="0">
    </testcase>
    <testcase classname="Transport endpoints returns 400 and FAILS when we POST /v1/catch-certificate/transport/check with an invalid answer" name="Transport endpoints returns 400 and FAILS when we POST /v1/catch-certificate/transport/check with an invalid answer" time="0">
    </testcase>
    <testcase classname="Transport endpoints /v1/catch-certificate/transport/:id returns 200 when we GET /v1/catch-certificate/transport/0" name="Transport endpoints /v1/catch-certificate/transport/:id returns 200 when we GET /v1/catch-certificate/transport/0" time="0">
    </testcase>
    <testcase classname="Transport endpoints /v1/catch-certificate/transport/:id returns 200 when we PUT /v1/catch-certificate/transport/0" name="Transport endpoints /v1/catch-certificate/transport/:id returns 200 when we PUT /v1/catch-certificate/transport/0" time="0">
    </testcase>
    <testcase classname="Transport endpoints /v1/catch-certificate/transport/:id returns 200 when we DELETE /v1/catch-certificate/transport/0" name="Transport endpoints /v1/catch-certificate/transport/:id returns 200 when we DELETE /v1/catch-certificate/transport/0" time="0.001">
    </testcase>
    <testcase classname="Transport endpoints /v1/catch-certificate/transport/:id returns 400 when we PUT /v1/catch-certificate/transport/0 with truck transportation and valid CMR flag" name="Transport endpoints /v1/catch-certificate/transport/:id returns 400 when we PUT /v1/catch-certificate/transport/0 with truck transportation and valid CMR flag" time="0">
    </testcase>
    <testcase classname="Transport endpoints /v1/catch-certificate/transport/:id returns 400 when we PUT /v1/catch-certificate/transport/0 with non-truck transportation with CMR flag" name="Transport endpoints /v1/catch-certificate/transport/:id returns 400 when we PUT /v1/catch-certificate/transport/0 with non-truck transportation with CMR flag" time="0">
    </testcase>
    <testcase classname="Transport endpoints /v1/catch-certificate/transport/:id returns 404 when we GET /v1/catch-certificate/transport/NaN" name="Transport endpoints /v1/catch-certificate/transport/:id returns 404 when we GET /v1/catch-certificate/transport/NaN" time="0.001">
    </testcase>
    <testcase classname="Transport endpoints /v1/catch-certificate/transport/:id returns 500 and FAILS when we PUT /v1/catch-certificate/transport/0" name="Transport endpoints /v1/catch-certificate/transport/:id returns 500 and FAILS when we PUT /v1/catch-certificate/transport/0" time="0">
    </testcase>
    <testcase classname="Transport endpoints /v1/catch-certificate/transport/:id returns 500 and FAILS when we PUT /v1/catch-certificate/transport/0 with no stack" name="Transport endpoints /v1/catch-certificate/transport/:id returns 500 and FAILS when we PUT /v1/catch-certificate/transport/0 with no stack" time="0">
    </testcase>
    <testcase classname="Transport endpoints /v1/catch-certificate/transport/:id returns 500 when we DELETE /v1/catch-certificate/transport/0" name="Transport endpoints /v1/catch-certificate/transport/:id returns 500 when we DELETE /v1/catch-certificate/transport/0" time="0.001">
    </testcase>
    <testcase classname="Transport endpoints /v1/catch-certificate/transport/:id returns 500 when we DELETE /v1/catch-certificate/transport/0 with no stack" name="Transport endpoints /v1/catch-certificate/transport/:id returns 500 when we DELETE /v1/catch-certificate/transport/0 with no stack" time="0">
    </testcase>
    <testcase classname="Transport endpoints /v1/catch-certificate/transport/:id returns 500 and FAILS when we GET /v1/catch-certificate/transport/0" name="Transport endpoints /v1/catch-certificate/transport/:id returns 500 and FAILS when we GET /v1/catch-certificate/transport/0" time="0.001">
    </testcase>
    <testcase classname="Transport endpoints /v1/catch-certificate/transport/:id returns 500 and FAILS when we GET /v1/catch-certificate/transport/0 on error with no stack" name="Transport endpoints /v1/catch-certificate/transport/:id returns 500 and FAILS when we GET /v1/catch-certificate/transport/0 on error with no stack" time="0">
    </testcase>
    <testcase classname="Transport endpoints returns 400 and FAILS when we PUT /v1/catch-certificate/transport/0 with an invalid a vehicle" name="Transport endpoints returns 400 and FAILS when we PUT /v1/catch-certificate/transport/0 with an invalid a vehicle" time="0">
    </testcase>
    <testcase classname="Transport endpoints returns 200 when we GET /v1/catch-certificate/transportations" name="Transport endpoints returns 200 when we GET /v1/catch-certificate/transportations" time="0">
    </testcase>
    <testcase classname="Transport endpoints returns 500 and FAILS when we GET /v1/catch-certificate/transportations" name="Transport endpoints returns 500 and FAILS when we GET /v1/catch-certificate/transportations" time="0.001">
    </testcase>
    <testcase classname="Transport endpoints returns 500 and FAILS when we GET /v1/catch-certificate/transportations on error with no stack" name="Transport endpoints returns 500 and FAILS when we GET /v1/catch-certificate/transportations on error with no stack" time="0">
    </testcase>
    <testcase classname="Transport endpoints returns 200 when we PUT /v1/catch-certificate/transport-documents/0" name="Transport endpoints returns 200 when we PUT /v1/catch-certificate/transport-documents/0" time="0.001">
    </testcase>
    <testcase classname="Transport endpoints returns 200 when we PUT /v1/catch-certificate/transport-documents/0?draft=true with empty name and reference" name="Transport endpoints returns 200 when we PUT /v1/catch-certificate/transport-documents/0?draft=true with empty name and reference" time="0">
    </testcase>
    <testcase classname="Transport endpoints returns 200 when we PUT /v1/catch-certificate/transport-documents/0?draft=true with name only" name="Transport endpoints returns 200 when we PUT /v1/catch-certificate/transport-documents/0?draft=true with name only" time="0.001">
    </testcase>
    <testcase classname="Transport endpoints returns 400 when we PUT /v1/catch-certificate/transport-documents/0?draft=true with name and reference over 50 characters" name="Transport endpoints returns 400 when we PUT /v1/catch-certificate/transport-documents/0?draft=true with name and reference over 50 characters" time="0">
    </testcase>
    <testcase classname="Transport endpoints returns 400 when we PUT /v1/catch-certificate/transport-documents/0 with documents with empty name and reference" name="Transport endpoints returns 400 when we PUT /v1/catch-certificate/transport-documents/0 with documents with empty name and reference" time="0">
    </testcase>
    <testcase classname="Transport endpoints returns 400 when we PUT /v1/catch-certificate/transport-documents/0 with name and reference for over 50 characters" name="Transport endpoints returns 400 when we PUT /v1/catch-certificate/transport-documents/0 with name and reference for over 50 characters" time="0">
    </testcase>
    <testcase classname="Transport endpoints returns 400 when we PUT /v1/catch-certificate/transport-documents/0 with empty documents" name="Transport endpoints returns 400 when we PUT /v1/catch-certificate/transport-documents/0 with empty documents" time="0">
    </testcase>
    <testcase classname="Transport endpoints returns 400 when we PUT /v1/catch-certificate/transport-documents/0 with name only" name="Transport endpoints returns 400 when we PUT /v1/catch-certificate/transport-documents/0 with name only" time="0.001">
    </testcase>
    <testcase classname="Transport endpoints returns 400 when we PUT /v1/catch-certificate/transport-documents/0 with reference only" name="Transport endpoints returns 400 when we PUT /v1/catch-certificate/transport-documents/0 with reference only" time="0">
    </testcase>
    <testcase classname="Transport endpoints returns 400 when we PUT /v1/catch-certificate/transport-documents/0 with reference only on second document" name="Transport endpoints returns 400 when we PUT /v1/catch-certificate/transport-documents/0 with reference only on second document" time="0">
    </testcase>
    <testcase classname="Transport endpoints returns 500 and FAILS when we PUT /v1/catch-certificate/transport-documents/0" name="Transport endpoints returns 500 and FAILS when we PUT /v1/catch-certificate/transport-documents/0" time="0.001">
    </testcase>
    <testcase classname="Transport endpoints returns 500 and FAILS with no error stack when we PUT /v1/catch-certificate/transport-documents/0" name="Transport endpoints returns 500 and FAILS with no error stack when we PUT /v1/catch-certificate/transport-documents/0" time="0">
    </testcase>
    <testcase classname="Transport endpoints returns 200 when we POST /v1/catch-certificate/transport-documents/0" name="Transport endpoints returns 200 when we POST /v1/catch-certificate/transport-documents/0" time="0.001">
    </testcase>
    <testcase classname="Transport endpoints returns 200 when we POST /v1/catch-certificate/transport-documents/0 with empty documents" name="Transport endpoints returns 200 when we POST /v1/catch-certificate/transport-documents/0 with empty documents" time="0">
    </testcase>
    <testcase classname="Transport endpoints returns 200 when we POST /v1/catch-certificate/transport-documents/0 with documents with empty name and reference" name="Transport endpoints returns 200 when we POST /v1/catch-certificate/transport-documents/0 with documents with empty name and reference" time="0">
    </testcase>
    <testcase classname="Transport endpoints returns 400 when we POST /v1/catch-certificate/transport-documents/0 with name only" name="Transport endpoints returns 400 when we POST /v1/catch-certificate/transport-documents/0 with name only" time="0.001">
    </testcase>
    <testcase classname="Transport endpoints returns 400 when we POST /v1/catch-certificate/transport-documents/0 with reference only" name="Transport endpoints returns 400 when we POST /v1/catch-certificate/transport-documents/0 with reference only" time="0">
    </testcase>
    <testcase classname="Transport endpoints returns 400 when we POST /v1/catch-certificate/transport-documents/0 with name and reference for over 50 characters" name="Transport endpoints returns 400 when we POST /v1/catch-certificate/transport-documents/0 with name and reference for over 50 characters" time="0">
    </testcase>
    <testcase classname="Transport endpoints returns 400 when we POST /v1/catch-certificate/transport-documents/0 with reference only on second document" name="Transport endpoints returns 400 when we POST /v1/catch-certificate/transport-documents/0 with reference only on second document" time="0.001">
    </testcase>
    <testcase classname="Transport endpoints returns 500 and FAILS when we POST /v1/catch-certificate/transport-documents/0" name="Transport endpoints returns 500 and FAILS when we POST /v1/catch-certificate/transport-documents/0" time="0.001">
    </testcase>
    <testcase classname="Transport endpoints returns 500 and FAILS with no error stack when we POST /v1/catch-certificate/transport-documents/0" name="Transport endpoints returns 500 and FAILS with no error stack when we POST /v1/catch-certificate/transport-documents/0" time="0">
    </testcase>
    <testcase classname="Transport endpoints /v1/catch-certificate/transport-details returns 200 when we PUT /v1/catch-certificate/transport-details/0 with complete truck details" name="Transport endpoints /v1/catch-certificate/transport-details returns 200 when we PUT /v1/catch-certificate/transport-details/0 with complete truck details" time="0.001">
    </testcase>
    <testcase classname="Transport endpoints /v1/catch-certificate/transport-details returns 200 when we PUT /v1/catch-certificate/transport-details/0 with complete plane details" name="Transport endpoints /v1/catch-certificate/transport-details returns 200 when we PUT /v1/catch-certificate/transport-details/0 with complete plane details" time="0.001">
    </testcase>
    <testcase classname="Transport endpoints /v1/catch-certificate/transport-details returns 200 when we PUT /v1/catch-certificate/transport-details/0 with complete train details" name="Transport endpoints /v1/catch-certificate/transport-details returns 200 when we PUT /v1/catch-certificate/transport-details/0 with complete train details" time="0">
    </testcase>
    <testcase classname="Transport endpoints /v1/catch-certificate/transport-details returns 200 when we PUT /v1/catch-certificate/transport-details/0 with complete containerVessel details" name="Transport endpoints /v1/catch-certificate/transport-details returns 200 when we PUT /v1/catch-certificate/transport-details/0 with complete containerVessel details" time="0">
    </testcase>
    <testcase classname="Transport endpoints /v1/catch-certificate/transport-details returns 200 when we PUT /v1/catch-certificate/transport-details/0?draft=true with incomplete truck details" name="Transport endpoints /v1/catch-certificate/transport-details returns 200 when we PUT /v1/catch-certificate/transport-details/0?draft=true with incomplete truck details" time="0.001">
    </testcase>
    <testcase classname="Transport endpoints /v1/catch-certificate/transport-details returns 200 when we PUT /v1/catch-certificate/transport-details/0?draft=true with incomplete plane details" name="Transport endpoints /v1/catch-certificate/transport-details returns 200 when we PUT /v1/catch-certificate/transport-details/0?draft=true with incomplete plane details" time="0">
    </testcase>
    <testcase classname="Transport endpoints /v1/catch-certificate/transport-details returns 200 when we PUT /v1/catch-certificate/transport-details/0?draft=true with incomplete plane details on containerNumber" name="Transport endpoints /v1/catch-certificate/transport-details returns 200 when we PUT /v1/catch-certificate/transport-details/0?draft=true with incomplete plane details on containerNumber" time="0.001">
    </testcase>
    <testcase classname="Transport endpoints /v1/catch-certificate/transport-details returns 200 when we PUT /v1/catch-certificate/transport-details/0?draft=true with incomplete train details" name="Transport endpoints /v1/catch-certificate/transport-details returns 200 when we PUT /v1/catch-certificate/transport-details/0?draft=true with incomplete train details" time="0">
    </testcase>
    <testcase classname="Transport endpoints /v1/catch-certificate/transport-details returns 200 when we PUT /v1/catch-certificate/transport-details/0?draft=true with incomplete containerVessel details" name="Transport endpoints /v1/catch-certificate/transport-details returns 200 when we PUT /v1/catch-certificate/transport-details/0?draft=true with incomplete containerVessel details" time="0">
    </testcase>
    <testcase classname="Transport endpoints /v1/catch-certificate/transport-details returns 200 when we PUT /v1/catch-certificate/transport-details/0?draft=true with incomplete containerVessel details for containerNumber" name="Transport endpoints /v1/catch-certificate/transport-details returns 200 when we PUT /v1/catch-certificate/transport-details/0?draft=true with incomplete containerVessel details for containerNumber" time="0.001">
    </testcase>
    <testcase classname="Transport endpoints /v1/catch-certificate/transport-details returns 200 when we PUT /v1/catch-certificate/transport-details/0?draft=true with freight bill number which below the 60 character limit" name="Transport endpoints /v1/catch-certificate/transport-details returns 200 when we PUT /v1/catch-certificate/transport-details/0?draft=true with freight bill number which below the 60 character limit" time="0">
    </testcase>
    <testcase classname="Transport endpoints /v1/catch-certificate/transport-details returns 200 when we PUT /v1/catch-certificate/transport-details/0 with valid freight bill number containing allowed characters" name="Transport endpoints /v1/catch-certificate/transport-details returns 200 when we PUT /v1/catch-certificate/transport-details/0 with valid freight bill number containing allowed characters" time="0.001">
    </testcase>
    <testcase classname="Transport endpoints /v1/catch-certificate/transport-details returns 200 when freight bill number is not provided" name="Transport endpoints /v1/catch-certificate/transport-details returns 200 when freight bill number is not provided" time="0">
    </testcase>
    <testcase classname="Transport endpoints /v1/catch-certificate/transport-details returns 400 when we PUT /v1/catch-certificate/transport-details/0 with incomplete truck details" name="Transport endpoints /v1/catch-certificate/transport-details returns 400 when we PUT /v1/catch-certificate/transport-details/0 with incomplete truck details" time="0.001">
    </testcase>
    <testcase classname="Transport endpoints /v1/catch-certificate/transport-details returns 400 when we PUT /v1/catch-certificate/transport-details/0 with invalid truck nationality" name="Transport endpoints /v1/catch-certificate/transport-details returns 400 when we PUT /v1/catch-certificate/transport-details/0 with invalid truck nationality" time="0">
    </testcase>
    <testcase classname="Transport endpoints /v1/catch-certificate/transport-details returns 400 with nationality error even when other fields are empty" name="Transport endpoints /v1/catch-certificate/transport-details returns 400 with nationality error even when other fields are empty" time="0.001">
    </testcase>
    <testcase classname="Transport endpoints /v1/catch-certificate/transport-details returns 400 when we PUT /v1/catch-certificate/transport-details/0 with incomplete plane details" name="Transport endpoints /v1/catch-certificate/transport-details returns 400 when we PUT /v1/catch-certificate/transport-details/0 with incomplete plane details" time="0">
    </testcase>
    <testcase classname="Transport endpoints /v1/catch-certificate/transport-details returns 400 when we PUT /v1/catch-certificate/transport-details/0 with incomplete plane details on containerNumber" name="Transport endpoints /v1/catch-certificate/transport-details returns 400 when we PUT /v1/catch-certificate/transport-details/0 with incomplete plane details on containerNumber" time="0.001">
    </testcase>
    <testcase classname="Transport endpoints /v1/catch-certificate/transport-details returns 400 when we PUT /v1/catch-certificate/transport-details/0 with incomplete train details" name="Transport endpoints /v1/catch-certificate/transport-details returns 400 when we PUT /v1/catch-certificate/transport-details/0 with incomplete train details" time="0">
    </testcase>
    <testcase classname="Transport endpoints /v1/catch-certificate/transport-details returns 400 when we PUT /v1/catch-certificate/transport-details/0 with incomplete containerVessel details" name="Transport endpoints /v1/catch-certificate/transport-details returns 400 when we PUT /v1/catch-certificate/transport-details/0 with incomplete containerVessel details" time="0.001">
    </testcase>
    <testcase classname="Transport endpoints /v1/catch-certificate/transport-details returns 400 when we PUT /v1/catch-certificate/transport-details/0 with incomplete containerVessel details for containerNumber" name="Transport endpoints /v1/catch-certificate/transport-details returns 400 when we PUT /v1/catch-certificate/transport-details/0 with incomplete containerVessel details for containerNumber" time="0">
    </testcase>
    <testcase classname="Transport endpoints /v1/catch-certificate/transport-details returns 400 when we PUT /v1/catch-certificate/transport-details/0 with freight bill number which exceeds the 60 character limit" name="Transport endpoints /v1/catch-certificate/transport-details returns 400 when we PUT /v1/catch-certificate/transport-details/0 with freight bill number which exceeds the 60 character limit" time="0.001">
    </testcase>
    <testcase classname="Transport endpoints /v1/catch-certificate/transport-details returns 400 when we PUT /v1/catch-certificate/transport-details/0 with invalid characters in freight bill number" name="Transport endpoints /v1/catch-certificate/transport-details returns 400 when we PUT /v1/catch-certificate/transport-details/0 with invalid characters in freight bill number" time="0">
    </testcase>
    <testcase classname="Transport endpoints /v1/catch-certificate/transport-details returns 500 when we PUT /v1/catch-certificate/transport-details/0 when the controller throws an error" name="Transport endpoints /v1/catch-certificate/transport-details returns 500 when we PUT /v1/catch-certificate/transport-details/0 when the controller throws an error" time="0.001">
    </testcase>
    <testcase classname="Transport endpoints /v1/catch-certificate/transport-details returns 500 when we PUT /v1/catch-certificate/transport-details/0 when the controller throws an error with no stack" name="Transport endpoints /v1/catch-certificate/transport-details returns 500 when we PUT /v1/catch-certificate/transport-details/0 when the controller throws an error with no stack" time="0.001">
    </testcase>
    <testcase classname="Transport endpoints /v1/catch-certificate/transport-details returns 400 when reference service fails and nationality is provided for truck" name="Transport endpoints /v1/catch-certificate/transport-details returns 400 when reference service fails and nationality is provided for truck" time="0">
    </testcase>
    <testcase classname="Transport endpoints /v1/catch-certificate/transport-details returns 200 when truck nationality is valid and matches country in reference service" name="Transport endpoints /v1/catch-certificate/transport-details returns 200 when truck nationality is valid and matches country in reference service" time="0.001">
    </testcase>
    <testcase classname="Transport endpoints /v1/catch-certificate/transport-details returns 200 when truck nationality validation is skipped in draft mode" name="Transport endpoints /v1/catch-certificate/transport-details returns 200 when truck nationality validation is skipped in draft mode" time="0">
    </testcase>
    <testcase classname="Transport endpoints /v1/catch-certificate/transport-details returns 200 when truck has no nationalityOfVehicle field (validation skipped)" name="Transport endpoints /v1/catch-certificate/transport-details returns 200 when truck has no nationalityOfVehicle field (validation skipped)" time="0.001">
    </testcase>
  </testsuite>
  <testsuite name="confirm document copy routes" errors="0" failures="0" skipped="0" timestamp="2026-08-13T14:24:11" time="0.462" tests="84">
    <testcase classname="confirm document copy routes POST /confirm-copy-certificate when copying a catch certificate will return 200 with the document number of the copy if there are no errors" name="confirm document copy routes POST /confirm-copy-certificate when copying a catch certificate will return 200 with the document number of the copy if there are no errors" time="0.002">
    </testcase>
    <testcase classname="confirm document copy routes POST /confirm-copy-certificate when copying a catch certificate will return 200 with the document number of the copy even when landings are not to be excluded" name="confirm document copy routes POST /confirm-copy-certificate when copying a catch certificate will return 200 with the document number of the copy even when landings are not to be excluded" time="0">
    </testcase>
    <testcase classname="confirm document copy routes POST /confirm-copy-certificate when copying a catch certificate will log the whole process for debugging" name="confirm document copy routes POST /confirm-copy-certificate when copying a catch certificate will log the whole process for debugging" time="0.001">
    </testcase>
    <testcase classname="confirm document copy routes POST /confirm-copy-certificate when copying a catch certificate will not void the origin document" name="confirm document copy routes POST /confirm-copy-certificate when copying a catch certificate will not void the origin document" time="0.001">
    </testcase>
    <testcase classname="confirm document copy routes POST /confirm-copy-certificate when copying a catch certificate will report the newly created draft" name="confirm document copy routes POST /confirm-copy-certificate when copying a catch certificate will report the newly created draft" time="0.001">
    </testcase>
    <testcase classname="confirm document copy routes POST /confirm-copy-certificate when copying a catch certificate will log any error from reporting and continue processing the request normally" name="confirm document copy routes POST /confirm-copy-certificate when copying a catch certificate will log any error from reporting and continue processing the request normally" time="0.011">
    </testcase>
    <testcase classname="confirm document copy routes POST /confirm-copy-certificate when copying a catch certificate will return 400 with errors if the payload is empty" name="confirm document copy routes POST /confirm-copy-certificate when copying a catch certificate will return 400 with errors if the payload is empty" time="0.001">
    </testcase>
    <testcase classname="confirm document copy routes POST /confirm-copy-certificate when copying a catch certificate will return 400 with errors if the payload is invalid" name="confirm document copy routes POST /confirm-copy-certificate when copying a catch certificate will return 400 with errors if the payload is invalid" time="0.001">
    </testcase>
    <testcase classname="confirm document copy routes POST /confirm-copy-certificate when copying a catch certificate will return an empty 403 error if the document can not be copied" name="confirm document copy routes POST /confirm-copy-certificate when copying a catch certificate will return an empty 403 error if the document can not be copied" time="0">
    </testcase>
    <testcase classname="confirm document copy routes POST /confirm-copy-certificate when copying a catch certificate returns 403 if userCanCreateDraft returns false" name="confirm document copy routes POST /confirm-copy-certificate when copying a catch certificate returns 403 if userCanCreateDraft returns false" time="0">
    </testcase>
    <testcase classname="confirm document copy routes POST /confirm-copy-certificate when copying a catch certificate will log any errors" name="confirm document copy routes POST /confirm-copy-certificate when copying a catch certificate will log any errors" time="0">
    </testcase>
    <testcase classname="confirm document copy routes POST /confirm-copy-certificate when copying a catch certificate will return an empty 500 error if the copying process throws an error" name="confirm document copy routes POST /confirm-copy-certificate when copying a catch certificate will return an empty 500 error if the copying process throws an error" time="0.001">
    </testcase>
    <testcase classname="confirm document copy routes POST /confirm-copy-certificate when copying a catch certificate will only allow COMPLETE documents to be copied" name="confirm document copy routes POST /confirm-copy-certificate when copying a catch certificate will only allow COMPLETE documents to be copied" time="0">
    </testcase>
    <testcase classname="confirm document copy routes POST /confirm-copy-certificate when copying a processing statement will return 200 with the document number of the copy if there are no errors" name="confirm document copy routes POST /confirm-copy-certificate when copying a processing statement will return 200 with the document number of the copy if there are no errors" time="0.001">
    </testcase>
    <testcase classname="confirm document copy routes POST /confirm-copy-certificate when copying a processing statement will log the whole process for debugging" name="confirm document copy routes POST /confirm-copy-certificate when copying a processing statement will log the whole process for debugging" time="0.001">
    </testcase>
    <testcase classname="confirm document copy routes POST /confirm-copy-certificate when copying a processing statement will not void the origin document" name="confirm document copy routes POST /confirm-copy-certificate when copying a processing statement will not void the origin document" time="0">
    </testcase>
    <testcase classname="confirm document copy routes POST /confirm-copy-certificate when copying a processing statement will report the newly created draft" name="confirm document copy routes POST /confirm-copy-certificate when copying a processing statement will report the newly created draft" time="0">
    </testcase>
    <testcase classname="confirm document copy routes POST /confirm-copy-certificate when copying a processing statement will log any error from reporting and continue processing the request normally" name="confirm document copy routes POST /confirm-copy-certificate when copying a processing statement will log any error from reporting and continue processing the request normally" time="0.001">
    </testcase>
    <testcase classname="confirm document copy routes POST /confirm-copy-certificate when copying a processing statement will return 400 with errors if the payload is empty" name="confirm document copy routes POST /confirm-copy-certificate when copying a processing statement will return 400 with errors if the payload is empty" time="0">
    </testcase>
    <testcase classname="confirm document copy routes POST /confirm-copy-certificate when copying a processing statement will return 400 with errors if the payload is invalid" name="confirm document copy routes POST /confirm-copy-certificate when copying a processing statement will return 400 with errors if the payload is invalid" time="0.001">
    </testcase>
    <testcase classname="confirm document copy routes POST /confirm-copy-certificate when copying a processing statement will return an empty 403 error if the document can not be copied" name="confirm document copy routes POST /confirm-copy-certificate when copying a processing statement will return an empty 403 error if the document can not be copied" time="0">
    </testcase>
    <testcase classname="confirm document copy routes POST /confirm-copy-certificate when copying a processing statement returns 403 if userCanCreateDraft returns false" name="confirm document copy routes POST /confirm-copy-certificate when copying a processing statement returns 403 if userCanCreateDraft returns false" time="0">
    </testcase>
    <testcase classname="confirm document copy routes POST /confirm-copy-certificate when copying a processing statement will log any errors" name="confirm document copy routes POST /confirm-copy-certificate when copying a processing statement will log any errors" time="0.001">
    </testcase>
    <testcase classname="confirm document copy routes POST /confirm-copy-certificate when copying a processing statement will return an empty 500 error if the copying process throws an error" name="confirm document copy routes POST /confirm-copy-certificate when copying a processing statement will return an empty 500 error if the copying process throws an error" time="0.001">
    </testcase>
    <testcase classname="confirm document copy routes POST /confirm-copy-certificate when copying a processing statement will only allow COMPLETE documents to be copied" name="confirm document copy routes POST /confirm-copy-certificate when copying a processing statement will only allow COMPLETE documents to be copied" time="0">
    </testcase>
    <testcase classname="confirm document copy routes POST /confirm-copy-certificate when copying a storage document will return 200 with the document number of the copy if there are no errors" name="confirm document copy routes POST /confirm-copy-certificate when copying a storage document will return 200 with the document number of the copy if there are no errors" time="0.001">
    </testcase>
    <testcase classname="confirm document copy routes POST /confirm-copy-certificate when copying a storage document will log the whole process for debugging" name="confirm document copy routes POST /confirm-copy-certificate when copying a storage document will log the whole process for debugging" time="0">
    </testcase>
    <testcase classname="confirm document copy routes POST /confirm-copy-certificate when copying a storage document will not void the origin document" name="confirm document copy routes POST /confirm-copy-certificate when copying a storage document will not void the origin document" time="0.001">
    </testcase>
    <testcase classname="confirm document copy routes POST /confirm-copy-certificate when copying a storage document will report the newly created draft" name="confirm document copy routes POST /confirm-copy-certificate when copying a storage document will report the newly created draft" time="0">
    </testcase>
    <testcase classname="confirm document copy routes POST /confirm-copy-certificate when copying a storage document will log any error from reporting and continue processing the request normally" name="confirm document copy routes POST /confirm-copy-certificate when copying a storage document will log any error from reporting and continue processing the request normally" time="0">
    </testcase>
    <testcase classname="confirm document copy routes POST /confirm-copy-certificate when copying a storage document will return 400 with errors if the payload is empty" name="confirm document copy routes POST /confirm-copy-certificate when copying a storage document will return 400 with errors if the payload is empty" time="0.001">
    </testcase>
    <testcase classname="confirm document copy routes POST /confirm-copy-certificate when copying a storage document will return 400 with errors if the payload is invalid" name="confirm document copy routes POST /confirm-copy-certificate when copying a storage document will return 400 with errors if the payload is invalid" time="0">
    </testcase>
    <testcase classname="confirm document copy routes POST /confirm-copy-certificate when copying a storage document will return an empty 403 error if the document can not be copied" name="confirm document copy routes POST /confirm-copy-certificate when copying a storage document will return an empty 403 error if the document can not be copied" time="0">
    </testcase>
    <testcase classname="confirm document copy routes POST /confirm-copy-certificate when copying a storage document returns 403 if userCanCreateDraft returns false" name="confirm document copy routes POST /confirm-copy-certificate when copying a storage document returns 403 if userCanCreateDraft returns false" time="0.001">
    </testcase>
    <testcase classname="confirm document copy routes POST /confirm-copy-certificate when copying a storage document will log any errors" name="confirm document copy routes POST /confirm-copy-certificate when copying a storage document will log any errors" time="0">
    </testcase>
    <testcase classname="confirm document copy routes POST /confirm-copy-certificate when copying a storage document will return an empty 500 error if the copying process throws an error" name="confirm document copy routes POST /confirm-copy-certificate when copying a storage document will return an empty 500 error if the copying process throws an error" time="0">
    </testcase>
    <testcase classname="confirm document copy routes POST /confirm-copy-certificate when copying a storage document will only allow COMPLETE documents to be copied" name="confirm document copy routes POST /confirm-copy-certificate when copying a storage document will only allow COMPLETE documents to be copied" time="0.001">
    </testcase>
    <testcase classname="confirm document copy routes POST /confirm-copy-certificate when attempting to copy anything else will return 500 with the error" name="confirm document copy routes POST /confirm-copy-certificate when attempting to copy anything else will return 500 with the error" time="0.003">
    </testcase>
    <testcase classname="confirm document copy routes POST /confirm-copy-certificate When copying and voiding a catch certificate will VOID and log the whole process for debugging" name="confirm document copy routes POST /confirm-copy-certificate When copying and voiding a catch certificate will VOID and log the whole process for debugging" time="0">
    </testcase>
    <testcase classname="confirm document copy routes POST /confirm-copy-certificate When copying and voiding a catch certificate will log any errors thrown whilst voiding" name="confirm document copy routes POST /confirm-copy-certificate When copying and voiding a catch certificate will log any errors thrown whilst voiding" time="0">
    </testcase>
    <testcase classname="confirm document copy routes POST /confirm-copy-certificate When copying and voiding a catch certificate will post a positive VOID event to protective monitoring" name="confirm document copy routes POST /confirm-copy-certificate When copying and voiding a catch certificate will post a positive VOID event to protective monitoring" time="0.001">
    </testcase>
    <testcase classname="confirm document copy routes POST /confirm-copy-certificate When copying and voiding a catch certificate will post a negative VOID event to protective monitoring" name="confirm document copy routes POST /confirm-copy-certificate When copying and voiding a catch certificate will post a negative VOID event to protective monitoring" time="0.001">
    </testcase>
    <testcase classname="confirm document copy routes POST /confirm-copy-certificate When copying and voiding a catch certificate will catch any errors thrown whilst posting VOID event to protective monitoring" name="confirm document copy routes POST /confirm-copy-certificate When copying and voiding a catch certificate will catch any errors thrown whilst posting VOID event to protective monitoring" time="0.001">
    </testcase>
    <testcase classname="confirm document copy routes POST /confirm-copy-certificate When copying and voiding a processing statement will VOID and log the whole process for debugging" name="confirm document copy routes POST /confirm-copy-certificate When copying and voiding a processing statement will VOID and log the whole process for debugging" time="0.001">
    </testcase>
    <testcase classname="confirm document copy routes POST /confirm-copy-certificate When copying and voiding a processing statement will log any errors thrown whilst voiding" name="confirm document copy routes POST /confirm-copy-certificate When copying and voiding a processing statement will log any errors thrown whilst voiding" time="0">
    </testcase>
    <testcase classname="confirm document copy routes POST /confirm-copy-certificate When copying and voiding a processing statement will post a positive VOID event to protective monitoring" name="confirm document copy routes POST /confirm-copy-certificate When copying and voiding a processing statement will post a positive VOID event to protective monitoring" time="0.001">
    </testcase>
    <testcase classname="confirm document copy routes POST /confirm-copy-certificate When copying and voiding a processing statement will post a negative VOID event to protective monitoring" name="confirm document copy routes POST /confirm-copy-certificate When copying and voiding a processing statement will post a negative VOID event to protective monitoring" time="0">
    </testcase>
    <testcase classname="confirm document copy routes POST /confirm-copy-certificate When copying and voiding a processing statement will catch any errors thrown whilst posting VOID event to protective monitoring" name="confirm document copy routes POST /confirm-copy-certificate When copying and voiding a processing statement will catch any errors thrown whilst posting VOID event to protective monitoring" time="0">
    </testcase>
    <testcase classname="confirm document copy routes POST /confirm-copy-certificate When copying and voiding a storage document will VOID and log the whole process for debugging" name="confirm document copy routes POST /confirm-copy-certificate When copying and voiding a storage document will VOID and log the whole process for debugging" time="0.001">
    </testcase>
    <testcase classname="confirm document copy routes POST /confirm-copy-certificate When copying and voiding a storage document will log any errors thrown whilst voiding" name="confirm document copy routes POST /confirm-copy-certificate When copying and voiding a storage document will log any errors thrown whilst voiding" time="0">
    </testcase>
    <testcase classname="confirm document copy routes POST /confirm-copy-certificate When copying and voiding a storage document will post a positive VOID event to protective monitoring" name="confirm document copy routes POST /confirm-copy-certificate When copying and voiding a storage document will post a positive VOID event to protective monitoring" time="0">
    </testcase>
    <testcase classname="confirm document copy routes POST /confirm-copy-certificate When copying and voiding a storage document will post a negative VOID event to protective monitoring" name="confirm document copy routes POST /confirm-copy-certificate When copying and voiding a storage document will post a negative VOID event to protective monitoring" time="0">
    </testcase>
    <testcase classname="confirm document copy routes POST /confirm-copy-certificate When copying and voiding a storage document will catch any errors thrown whilst posting VOID event to protective monitoring" name="confirm document copy routes POST /confirm-copy-certificate When copying and voiding a storage document will catch any errors thrown whilst posting VOID event to protective monitoring" time="0.001">
    </testcase>
    <testcase classname="confirm document copy routes POST /confirm-copy-certificate when attempting to copy and void anything else will return 500 with the error" name="confirm document copy routes POST /confirm-copy-certificate when attempting to copy and void anything else will return 500 with the error" time="0">
    </testcase>
    <testcase classname="confirm document copy routes POST /confirm-copy-certificate When acknowledging the copy of a catch certificate should not copy and log the debugger process" name="confirm document copy routes POST /confirm-copy-certificate When acknowledging the copy of a catch certificate should not copy and log the debugger process" time="0.001">
    </testcase>
    <testcase classname="confirm document copy routes POST /confirm-copy-certificate When acknowledging the copy of a processing statement should not copy and log the debugger process" name="confirm document copy routes POST /confirm-copy-certificate When acknowledging the copy of a processing statement should not copy and log the debugger process" time="0">
    </testcase>
    <testcase classname="confirm document copy routes POST /confirm-copy-certificate When acknowledging the copy of a storage document should not copy and log the debugger process" name="confirm document copy routes POST /confirm-copy-certificate When acknowledging the copy of a storage document should not copy and log the debugger process" time="0">
    </testcase>
    <testcase classname="confirm document copy routes GET /check-copy-certificate for a Catch Certificate When the document can be copied will return 200 confirming that a document can be cloned if there are no errors" name="confirm document copy routes GET /check-copy-certificate for a Catch Certificate When the document can be copied will return 200 confirming that a document can be cloned if there are no errors" time="0">
    </testcase>
    <testcase classname="confirm document copy routes GET /check-copy-certificate for a Catch Certificate When the document can be copied will check if the a document exists for a given document number" name="confirm document copy routes GET /check-copy-certificate for a Catch Certificate When the document can be copied will check if the a document exists for a given document number" time="0">
    </testcase>
    <testcase classname="confirm document copy routes GET /check-copy-certificate for a Catch Certificate When the document can be copied will log the whole process for debugging" name="confirm document copy routes GET /check-copy-certificate for a Catch Certificate When the document can be copied will log the whole process for debugging" time="0">
    </testcase>
    <testcase classname="confirm document copy routes GET /check-copy-certificate for a Catch Certificate When the document can be copied will return an empty 403 error if the document can not be copied" name="confirm document copy routes GET /check-copy-certificate for a Catch Certificate When the document can be copied will return an empty 403 error if the document can not be copied" time="0.001">
    </testcase>
    <testcase classname="confirm document copy routes GET /check-copy-certificate for a Catch Certificate When the document can be copied will log any errors" name="confirm document copy routes GET /check-copy-certificate for a Catch Certificate When the document can be copied will log any errors" time="0">
    </testcase>
    <testcase classname="confirm document copy routes GET /check-copy-certificate for a Catch Certificate When the document can be copied will return an empty 500 error if the checking process throws an error" name="confirm document copy routes GET /check-copy-certificate for a Catch Certificate When the document can be copied will return an empty 500 error if the checking process throws an error" time="0">
    </testcase>
    <testcase classname="confirm document copy routes GET /check-copy-certificate for a Catch Certificate When the document can be copied will only check COMPLETE documents" name="confirm document copy routes GET /check-copy-certificate for a Catch Certificate When the document can be copied will only check COMPLETE documents" time="0">
    </testcase>
    <testcase classname="confirm document copy routes GET /check-copy-certificate for a Catch Certificate When the document does not exist will return 200 confirming that a document can NOT be cloned if there are no errors" name="confirm document copy routes GET /check-copy-certificate for a Catch Certificate When the document does not exist will return 200 confirming that a document can NOT be cloned if there are no errors" time="0.001">
    </testcase>
    <testcase classname="confirm document copy routes GET /check-copy-certificate for a Processing Statement When the document can be copied will return 200 confirming that a document can be cloned if there are no errors" name="confirm document copy routes GET /check-copy-certificate for a Processing Statement When the document can be copied will return 200 confirming that a document can be cloned if there are no errors" time="0">
    </testcase>
    <testcase classname="confirm document copy routes GET /check-copy-certificate for a Processing Statement When the document can be copied will check if the a document exists for a given document number" name="confirm document copy routes GET /check-copy-certificate for a Processing Statement When the document can be copied will check if the a document exists for a given document number" time="0">
    </testcase>
    <testcase classname="confirm document copy routes GET /check-copy-certificate for a Processing Statement When the document can be copied will log the whole process for debugging" name="confirm document copy routes GET /check-copy-certificate for a Processing Statement When the document can be copied will log the whole process for debugging" time="0.001">
    </testcase>
    <testcase classname="confirm document copy routes GET /check-copy-certificate for a Processing Statement When the document can be copied will return an empty 403 error if the document can not be copied" name="confirm document copy routes GET /check-copy-certificate for a Processing Statement When the document can be copied will return an empty 403 error if the document can not be copied" time="0">
    </testcase>
    <testcase classname="confirm document copy routes GET /check-copy-certificate for a Processing Statement When the document can be copied will log any errors" name="confirm document copy routes GET /check-copy-certificate for a Processing Statement When the document can be copied will log any errors" time="0">
    </testcase>
    <testcase classname="confirm document copy routes GET /check-copy-certificate for a Processing Statement When the document can be copied will return an empty 500 error if the checking process throws an error" name="confirm document copy routes GET /check-copy-certificate for a Processing Statement When the document can be copied will return an empty 500 error if the checking process throws an error" time="0.001">
    </testcase>
    <testcase classname="confirm document copy routes GET /check-copy-certificate for a Processing Statement When the document can be copied will only check COMPLETE documents" name="confirm document copy routes GET /check-copy-certificate for a Processing Statement When the document can be copied will only check COMPLETE documents" time="0">
    </testcase>
    <testcase classname="confirm document copy routes GET /check-copy-certificate for a Processing Statement When the document does not exist will return 200 confirming that a document can NOT be cloned if there are no errors" name="confirm document copy routes GET /check-copy-certificate for a Processing Statement When the document does not exist will return 200 confirming that a document can NOT be cloned if there are no errors" time="0">
    </testcase>
    <testcase classname="confirm document copy routes GET /check-copy-certificate for a Storage Document When the document can be copied will return 200 confirming that a document can be cloned if there are no errors" name="confirm document copy routes GET /check-copy-certificate for a Storage Document When the document can be copied will return 200 confirming that a document can be cloned if there are no errors" time="0">
    </testcase>
    <testcase classname="confirm document copy routes GET /check-copy-certificate for a Storage Document When the document can be copied will check if the a document exists for a given document number" name="confirm document copy routes GET /check-copy-certificate for a Storage Document When the document can be copied will check if the a document exists for a given document number" time="0">
    </testcase>
    <testcase classname="confirm document copy routes GET /check-copy-certificate for a Storage Document When the document can be copied will log the whole process for debugging" name="confirm document copy routes GET /check-copy-certificate for a Storage Document When the document can be copied will log the whole process for debugging" time="0.001">
    </testcase>
    <testcase classname="confirm document copy routes GET /check-copy-certificate for a Storage Document When the document can be copied will return an empty 403 error if the document can not be copied" name="confirm document copy routes GET /check-copy-certificate for a Storage Document When the document can be copied will return an empty 403 error if the document can not be copied" time="0">
    </testcase>
    <testcase classname="confirm document copy routes GET /check-copy-certificate for a Storage Document When the document can be copied will log any errors" name="confirm document copy routes GET /check-copy-certificate for a Storage Document When the document can be copied will log any errors" time="0">
    </testcase>
    <testcase classname="confirm document copy routes GET /check-copy-certificate for a Storage Document When the document can be copied will return an empty 500 error if the checking process throws an error" name="confirm document copy routes GET /check-copy-certificate for a Storage Document When the document can be copied will return an empty 500 error if the checking process throws an error" time="0">
    </testcase>
    <testcase classname="confirm document copy routes GET /check-copy-certificate for a Storage Document When the document can be copied will only check COMPLETE documents" name="confirm document copy routes GET /check-copy-certificate for a Storage Document When the document can be copied will only check COMPLETE documents" time="0.001">
    </testcase>
    <testcase classname="confirm document copy routes GET /check-copy-certificate for a Storage Document When the document does not exist will return 200 confirming that a document can NOT be cloned if there are no errors" name="confirm document copy routes GET /check-copy-certificate for a Storage Document When the document does not exist will return 200 confirming that a document can NOT be cloned if there are no errors" time="0">
    </testcase>
    <testcase classname="confirm document copy routes GET /check-copy-certificate for anything else will return 500 confirming that a document with an invalid service name can not be cloned" name="confirm document copy routes GET /check-copy-certificate for anything else will return 500 confirming that a document with an invalid service name can not be cloned" time="0.001">
    </testcase>
    <testcase classname="confirm document copy routes GET /check-copy-certificate for anything else will return an empty 403 error if the document can not be copied" name="confirm document copy routes GET /check-copy-certificate for anything else will return an empty 403 error if the document can not be copied" time="0">
    </testcase>
    <testcase classname="confirm document copy routes GET /check-copy-certificate for anything else will only check COMPLETE documents" name="confirm document copy routes GET /check-copy-certificate for anything else will only check COMPLETE documents" time="0">
    </testcase>
  </testsuite>
  <testsuite name="getDocument" errors="0" failures="0" skipped="0" timestamp="2026-08-13T14:24:11" time="1.334" tests="77">
    <testcase classname="getDocument will return a document if a match exists" name="getDocument will return a document if a match exists" time="0.008">
    </testcase>
    <testcase classname="getDocument will return null if no document can be found" name="getDocument will return null if no document can be found" time="0.001">
    </testcase>
    <testcase classname="getDraft should return draft data if it exists with a document number" name="getDraft should return draft data if it exists with a document number" time="0.005">
    </testcase>
    <testcase classname="createDraft will create a new draft in the system" name="createDraft will create a new draft in the system" time="0.003">
    </testcase>
    <testcase classname="getDraftData should get draft data if it exists" name="getDraftData should get draft data if it exists" time="0.002">
    </testcase>
    <testcase classname="getDraftData should return the default value if the draft does not contain the specified path" name="getDraftData should return the default value if the draft does not contain the specified path" time="0.002">
    </testcase>
    <testcase classname="getDraftData should return the default value if no drafts exist" name="getDraftData should return the default value if no drafts exist" time="0.001">
    </testcase>
    <testcase classname="getDraftData should return a default value of {} if one is not specified" name="getDraftData should return a default value of {} if one is not specified" time="0.002">
    </testcase>
    <testcase classname="upsertDraftDataForStorageDocuments if no drafts already exist should create a new draft document if no path or payload are provided" name="upsertDraftDataForStorageDocuments if no drafts already exist should create a new draft document if no path or payload are provided" time="0.004">
    </testcase>
    <testcase classname="upsertDraftDataForStorageDocuments if no drafts already exist should create and populate a new draft document if a path and payload are provided" name="upsertDraftDataForStorageDocuments if no drafts already exist should create and populate a new draft document if a path and payload are provided" time="0.003">
    </testcase>
    <testcase classname="upsertDraftDataForStorageDocuments if a draft already exists should be able to add to the draft data" name="upsertDraftDataForStorageDocuments if a draft already exists should be able to add to the draft data" time="0.004">
    </testcase>
    <testcase classname="upsertDraftDataForStorageDocuments if a draft already exists should be able to overwrite the draft data" name="upsertDraftDataForStorageDocuments if a draft already exists should be able to overwrite the draft data" time="0.003">
    </testcase>
    <testcase classname="upsertDraftDataForStorageDocuments should throw an error if a payload is present but no path" name="upsertDraftDataForStorageDocuments should throw an error if a payload is present but no path" time="0.011">
    </testcase>
    <testcase classname="upsertDraftDataForStorageDocuments should not throw an error if a path is present but no payload" name="upsertDraftDataForStorageDocuments should not throw an error if a path is present but no payload" time="0.001">
    </testcase>
    <testcase classname="upsertDraftDataForStorageDocuments should omit any undefined values" name="upsertDraftDataForStorageDocuments should omit any undefined values" time="0.002">
    </testcase>
    <testcase classname="getDraftDocumentHeaders should return a draft if one is present" name="getDraftDocumentHeaders should return a draft if one is present" time="0.003">
    </testcase>
    <testcase classname="getDraftDocumentHeaders should return null if no drafts are present" name="getDraftDocumentHeaders should return null if no drafts are present" time="0.001">
    </testcase>
    <testcase classname="getDraftDocumentHeaders should return only drafts for the specified user" name="getDraftDocumentHeaders should return only drafts for the specified user" time="0.003">
    </testcase>
    <testcase classname="getDraftDocumentHeaders should return all drafts for the specified user" name="getDraftDocumentHeaders should return all drafts for the specified user" time="0.002">
    </testcase>
    <testcase classname="getDraftDocumentHeaders should return all DRAFTS for a user with the correct user reference" name="getDraftDocumentHeaders should return all DRAFTS for a user with the correct user reference" time="0.002">
    </testcase>
    <testcase classname="getDraftDocumentHeaders should return drafts in createdAt descending order" name="getDraftDocumentHeaders should return drafts in createdAt descending order" time="0.002">
    </testcase>
    <testcase classname="getAllStorageDocsForUserByYearAndMonth should return documents for the given user, year, and month" name="getAllStorageDocsForUserByYearAndMonth should return documents for the given user, year, and month" time="0.002">
    </testcase>
    <testcase classname="getAllStorageDocsForUserByYearAndMonth should not return draft or void documents" name="getAllStorageDocsForUserByYearAndMonth should not return draft or void documents" time="0.002">
    </testcase>
    <testcase classname="getAllStorageDocsForUserByYearAndMonth should return all completed storage documents within the specified month and year with user references" name="getAllStorageDocsForUserByYearAndMonth should return all completed storage documents within the specified month and year with user references" time="0.002">
    </testcase>
    <testcase classname="getAllStorageDocsForUserByYearAndMonth should return all completed storage documents in createdAt descending order" name="getAllStorageDocsForUserByYearAndMonth should return all completed storage documents in createdAt descending order" time="0.002">
    </testcase>
    <testcase classname="completeDraft should complete a draft certificate" name="completeDraft should complete a draft certificate" time="0.003">
    </testcase>
    <testcase classname="completeDraft should do nothing to a complete certificate" name="completeDraft should do nothing to a complete certificate" time="0.001">
    </testcase>
    <testcase classname="completeDraft should not upsert if no document is found" name="completeDraft should not upsert if no document is found" time="0.001">
    </testcase>
    <testcase classname="deleteDraft will delete a users draft if they have one" name="deleteDraft will delete a users draft if they have one" time="0.004">
    </testcase>
    <testcase classname="deleteDraft will not delete a users draft if they do not have one" name="deleteDraft will not delete a users draft if they do not have one" time="0.003">
    </testcase>
    <testcase classname="voidStorageDocument will void the Processing Statement matching the given document number" name="voidStorageDocument will void the Processing Statement matching the given document number" time="0.001">
    </testcase>
    <testcase classname="voidStorageDocument will throw an error if the Processing Statement can not be void" name="voidStorageDocument will throw an error if the Processing Statement can not be void" time="0.005">
    </testcase>
    <testcase classname="checkDocument will return a document if a match exists" name="checkDocument will return a document if a match exists" time="0.002">
    </testcase>
    <testcase classname="checkDocument will return null if no document can be found" name="checkDocument will return null if no document can be found" time="0.001">
    </testcase>
    <testcase classname="checkDocument will return false when draft threshold is reached" name="checkDocument will return false when draft threshold is reached" time="0.001">
    </testcase>
    <testcase classname="GetExporterDetails will return null if no draft is found" name="GetExporterDetails will return null if no draft is found" time="0.001">
    </testcase>
    <testcase classname="GetExporterDetails will return null if the draft has no exporter" name="GetExporterDetails will return null if the draft has no exporter" time="0">
    </testcase>
    <testcase classname="GetExporterDetails will return a mapped exporter if the draft has an exporter" name="GetExporterDetails will return a mapped exporter if the draft has an exporter" time="0.001">
    </testcase>
    <testcase classname="UpsertDraftData will upsert details based on a document number" name="UpsertDraftData will upsert details based on a document number" time="0.002">
    </testcase>
    <testcase classname="UpsertDraftData should not create a new certificate" name="UpsertDraftData should not create a new certificate" time="0.002">
    </testcase>
    <testcase classname="Upsert Exporter Details will convert to a back end exporter details model" name="Upsert Exporter Details will convert to a back end exporter details model" time="0.003">
    </testcase>
    <testcase classname="getStorageNotesDraftNumber should return a catch cert number for a draft" name="getStorageNotesDraftNumber should return a catch cert number for a draft" time="0.002">
    </testcase>
    <testcase classname="getStorageNotesDraftNumber should return undefined if certificate does not exist" name="getStorageNotesDraftNumber should return undefined if certificate does not exist" time="0.001">
    </testcase>
    <testcase classname="upsertTransportDetails should call upsertDraftData to export transportation" name="upsertTransportDetails should call upsertDraftData to export transportation" time="0">
    </testcase>
    <testcase classname="upsertTransportDetails should call upsertDraftData to arrival transportation" name="upsertTransportDetails should call upsertDraftData to arrival transportation" time="0.001">
    </testcase>
    <testcase classname="upsertTransportDetails should validate and reject invalid container numbers for train arrival" name="upsertTransportDetails should validate and reject invalid container numbers for train arrival" time="0.007">
    </testcase>
    <testcase classname="upsertTransportDetails should validate and reject invalid container numbers for truck arrival" name="upsertTransportDetails should validate and reject invalid container numbers for truck arrival" time="0.001">
    </testcase>
    <testcase classname="upsertTransportDetails should accept valid container numbers for train arrival" name="upsertTransportDetails should accept valid container numbers for train arrival" time="0.001">
    </testcase>
    <testcase classname="upsertTransportDetails should accept valid container numbers for truck arrival" name="upsertTransportDetails should accept valid container numbers for truck arrival" time="0">
    </testcase>
    <testcase classname="upsertTransportDetails should not validate container numbers for departure transport" name="upsertTransportDetails should not validate container numbers for departure transport" time="0.001">
    </testcase>
    <testcase classname="upsertTransportDetails should not validate container numbers for plane arrival" name="upsertTransportDetails should not validate container numbers for plane arrival" time="0">
    </testcase>
    <testcase classname="upsertTransportDetails should accept empty container numbers array" name="upsertTransportDetails should accept empty container numbers array" time="0">
    </testcase>
    <testcase classname="upsertTransportDetails should accept undefined container numbers" name="upsertTransportDetails should accept undefined container numbers" time="0.001">
    </testcase>
    <testcase classname="getTransportDetails should map the mongo transport data if it exists" name="getTransportDetails should map the mongo transport data if it exists" time="0">
    </testcase>
    <testcase classname="getTransportDetails should return null if no transport data exists in mongo" name="getTransportDetails should return null if no transport data exists in mongo" time="0.001">
    </testcase>
    <testcase classname="upsertUserReference will call upsert draft data with the correct parameters" name="upsertUserReference will call upsert draft data with the correct parameters" time="0">
    </testcase>
    <testcase classname="getExportLocation should return null if there is no draft" name="getExportLocation should return null if there is no draft" time="0">
    </testcase>
    <testcase classname="getExportLocation should return null if the draft has no transportation" name="getExportLocation should return null if the draft has no transportation" time="0">
    </testcase>
    <testcase classname="getExportLocation should return export location if exportedTo exists" name="getExportLocation should return export location if exportedTo exists" time="0.001">
    </testcase>
    <testcase classname="upsertExportLocation should update exportData.exportedTo" name="upsertExportLocation should update exportData.exportedTo" time="0.002">
    </testcase>
    <testcase classname="cloneStorageDocument will throw an error if the storage document can not be found" name="cloneStorageDocument will throw an error if the storage document can not be found" time="0.003">
    </testcase>
    <testcase classname="cloneStorageDocument will return the document number of the newly created copy" name="cloneStorageDocument will return the document number of the newly created copy" time="0.004">
    </testcase>
    <testcase classname="cloneStorageDocument will clone an existing storage document" name="cloneStorageDocument will clone an existing storage document" time="0.003">
    </testcase>
    <testcase classname="cloneStorageDocument will not link the clone with the original - changes to one do not effect the other" name="cloneStorageDocument will not link the clone with the original - changes to one do not effect the other" time="0.006">
    </testcase>
    <testcase classname="cloneStorageDocument resolves getDocument and getUniqueDocumentNumber in parallel (Promise.all)" name="cloneStorageDocument resolves getDocument and getUniqueDocumentNumber in parallel (Promise.all)" time="0.003">
    </testcase>
    <testcase classname="getCompletedDocuments — lean results returns plain objects with no Mongoose instance methods (.lean())" name="getCompletedDocuments — lean results returns plain objects with no Mongoose instance methods (.lean())" time="0.002">
    </testcase>
    <testcase classname="getCompletedDocuments — lean results returns only documents belonging to the requesting user" name="getCompletedDocuments — lean results returns only documents belonging to the requesting user" time="0.002">
    </testcase>
    <testcase classname="getCompletedDocuments — lean results respects pagination — skip and limit" name="getCompletedDocuments — lean results respects pagination — skip and limit" time="0.002">
    </testcase>
    <testcase classname="getAllStorageDocsForUser — lean results returns plain objects with no Mongoose instance methods (.lean())" name="getAllStorageDocsForUser — lean results returns plain objects with no Mongoose instance methods (.lean())" time="0.001">
    </testcase>
    <testcase classname="getAllStorageDocsForUser — lean results excludes VOID documents" name="getAllStorageDocsForUser — lean results excludes VOID documents" time="0.001">
    </testcase>
    <testcase classname="getDraftDocumentHeaders — lean + sort returns plain objects with no Mongoose instance methods (.lean())" name="getDraftDocumentHeaders — lean + sort returns plain objects with no Mongoose instance methods (.lean())" time="0.001">
    </testcase>
    <testcase classname="getDraftDocumentHeaders — lean + sort returns headers sorted by createdAt descending" name="getDraftDocumentHeaders — lean + sort returns headers sorted by createdAt descending" time="0.002">
    </testcase>
    <testcase classname="completeDraft — projection: { _id: 1 } sets status to COMPLETE and stores documentUri" name="completeDraft — projection: { _id: 1 } sets status to COMPLETE and stores documentUri" time="0.002">
    </testcase>
    <testcase classname="completeDraft — projection: { _id: 1 } does not overwrite a document already in COMPLETE status" name="completeDraft — projection: { _id: 1 } does not overwrite a document already in COMPLETE status" time="0.001">
    </testcase>
    <testcase classname="deleteDraft — projection: { _id: 1 } deletes the draft and removes it from DB" name="deleteDraft — projection: { _id: 1 } deletes the draft and removes it from DB" time="0.001">
    </testcase>
    <testcase classname="deleteDraft — projection: { _id: 1 } does nothing when no matching draft exists" name="deleteDraft — projection: { _id: 1 } does nothing when no matching draft exists" time="0.001">
    </testcase>
    <testcase classname="cloneStorageDocument — Promise.all parallelisation verification getUniqueDocumentNumber and getDocument are both called exactly once" name="cloneStorageDocument — Promise.all parallelisation verification getUniqueDocumentNumber and getDocument are both called exactly once" time="0.002">
    </testcase>
  </testsuite>
  <testsuite name="processingStatement" errors="0" failures="0" skipped="0" timestamp="2026-08-13T14:24:13" time="1.161" tests="62">
    <testcase classname="processingStatement getDocument will return a document if a match exists" name="processingStatement getDocument will return a document if a match exists" time="0.008">
    </testcase>
    <testcase classname="processingStatement getDocument will return null if no document can be found" name="processingStatement getDocument will return null if no document can be found" time="0.001">
    </testcase>
    <testcase classname="processingStatement getDocument will return null if document is not for a correct user" name="processingStatement getDocument will return null if document is not for a correct user" time="0.003">
    </testcase>
    <testcase classname="processingStatement createDraft will create a new draft in the system" name="processingStatement createDraft will create a new draft in the system" time="0.004">
    </testcase>
    <testcase classname="processingStatement getDraft should return draft data if it exists with a document number" name="processingStatement getDraft should return draft data if it exists with a document number" time="0.003">
    </testcase>
    <testcase classname="processingStatement getDraft should return first occurrence if document number is undefined" name="processingStatement getDraft should return first occurrence if document number is undefined" time="0.003">
    </testcase>
    <testcase classname="processingStatement getDraftData if the user has no draft processing statements if a default value is specified return it" name="processingStatement getDraftData if the user has no draft processing statements if a default value is specified return it" time="0.002">
    </testcase>
    <testcase classname="processingStatement getDraftData if the user has no draft processing statements if no default value is specified return an empty object" name="processingStatement getDraftData if the user has no draft processing statements if no default value is specified return an empty object" time="0.002">
    </testcase>
    <testcase classname="processingStatement getDraftData if the user has a draft processing statement should return draft data if it exists" name="processingStatement getDraftData if the user has a draft processing statement should return draft data if it exists" time="0.003">
    </testcase>
    <testcase classname="processingStatement getDraftData if the user has a draft processing statement should return the default value if it doesnt exist" name="processingStatement getDraftData if the user has a draft processing statement should return the default value if it doesnt exist" time="0.002">
    </testcase>
    <testcase classname="processingStatement upsertDraftDataForProcessingStatement should create and return only one Processing Statement" name="processingStatement upsertDraftDataForProcessingStatement should create and return only one Processing Statement" time="0.002">
    </testcase>
    <testcase classname="processingStatement upsertDraftDataForProcessingStatement should create and return a new Processing Statement if payload and path is not given" name="processingStatement upsertDraftDataForProcessingStatement should create and return a new Processing Statement if payload and path is not given" time="0.002">
    </testcase>
    <testcase classname="processingStatement upsertDraftDataForProcessingStatement should update an existing certificate if the user already has a draft" name="processingStatement upsertDraftDataForProcessingStatement should update an existing certificate if the user already has a draft" time="0.004">
    </testcase>
    <testcase classname="processingStatement upsertDraftDataForProcessingStatement should create and return a new certificate with a payload content" name="processingStatement upsertDraftDataForProcessingStatement should create and return a new certificate with a payload content" time="0.002">
    </testcase>
    <testcase classname="processingStatement upsertDraftDataForProcessingStatement should save an empty object as  payload if payload is not given" name="processingStatement upsertDraftDataForProcessingStatement should save an empty object as  payload if payload is not given" time="0.002">
    </testcase>
    <testcase classname="processingStatement upsertDraftDataForProcessingStatement should throw and error if path is no given" name="processingStatement upsertDraftDataForProcessingStatement should throw and error if path is no given" time="0.007">
    </testcase>
    <testcase classname="processingStatement getDraftDocumentHeaders should return a draft if one is present" name="processingStatement getDraftDocumentHeaders should return a draft if one is present" time="0.003">
    </testcase>
    <testcase classname="processingStatement getDraftDocumentHeaders should return no drafts if no drafts are present" name="processingStatement getDraftDocumentHeaders should return no drafts if no drafts are present" time="0.002">
    </testcase>
    <testcase classname="processingStatement getDraftDocumentHeaders should return only drafts for the specified user" name="processingStatement getDraftDocumentHeaders should return only drafts for the specified user" time="0.003">
    </testcase>
    <testcase classname="processingStatement getDraftDocumentHeaders should return all drafts for the specified user" name="processingStatement getDraftDocumentHeaders should return all drafts for the specified user" time="0.003">
    </testcase>
    <testcase classname="processingStatement getDraftDocumentHeaders should return all DRAFTS for a user with the correct user reference" name="processingStatement getDraftDocumentHeaders should return all DRAFTS for a user with the correct user reference" time="0.003">
    </testcase>
    <testcase classname="processingStatement getDraftDocumentHeaders should return drafts in createdAt descending order" name="processingStatement getDraftDocumentHeaders should return drafts in createdAt descending order" time="0.002">
    </testcase>
    <testcase classname="processingStatement getAllProcessingStatementsForUserByYearAndMonth should not return draft or void certificates" name="processingStatement getAllProcessingStatementsForUserByYearAndMonth should not return draft or void certificates" time="0.002">
    </testcase>
    <testcase classname="processingStatement getAllProcessingStatementsForUserByYearAndMonth should return all completed processing statements within the specified month and year with user references" name="processingStatement getAllProcessingStatementsForUserByYearAndMonth should return all completed processing statements within the specified month and year with user references" time="0.003">
    </testcase>
    <testcase classname="processingStatement getAllProcessingStatementsForUserByYearAndMonth should return all completed processing statements in createdAt descending order" name="processingStatement getAllProcessingStatementsForUserByYearAndMonth should return all completed processing statements in createdAt descending order" time="0.002">
    </testcase>
    <testcase classname="processingStatement deleteDraftStatement will delete a users draft" name="processingStatement deleteDraftStatement will delete a users draft" time="0.008">
    </testcase>
    <testcase classname="processingStatement getExporterDetails will return null if no draft is found" name="processingStatement getExporterDetails will return null if no draft is found" time="0.001">
    </testcase>
    <testcase classname="processingStatement getExporterDetails will return null if the draft has no exporter" name="processingStatement getExporterDetails will return null if the draft has no exporter" time="0">
    </testcase>
    <testcase classname="processingStatement getExporterDetails will return a mapped exporter if the draft has an exporter" name="processingStatement getExporterDetails will return a mapped exporter if the draft has an exporter" time="0.001">
    </testcase>
    <testcase classname="processingStatement upsertExporterDetails will convert to a back end exporter details model" name="processingStatement upsertExporterDetails will convert to a back end exporter details model" time="0.003">
    </testcase>
    <testcase classname="processingStatement upsertDraftData will upsert details based on a document number" name="processingStatement upsertDraftData will upsert details based on a document number" time="0.004">
    </testcase>
    <testcase classname="processingStatement upsertDraftData should not create a new certificate" name="processingStatement upsertDraftData should not create a new certificate" time="0.002">
    </testcase>
    <testcase classname="processingStatement completeDraft should complete a draft certificate" name="processingStatement completeDraft should complete a draft certificate" time="0.002">
    </testcase>
    <testcase classname="processingStatement completeDraft should do nothing to a complete certificate" name="processingStatement completeDraft should do nothing to a complete certificate" time="0.003">
    </testcase>
    <testcase classname="processingStatement completeDraft should not upsert if no document is found" name="processingStatement completeDraft should not upsert if no document is found" time="0.001">
    </testcase>
    <testcase classname="processingStatement getProcessingStatementDraftNumber should return a processing statement document number for a draft document" name="processingStatement getProcessingStatementDraftNumber should return a processing statement document number for a draft document" time="0.001">
    </testcase>
    <testcase classname="processingStatement getProcessingStatementDraftNumber should return undefined if processing statement does not exist" name="processingStatement getProcessingStatementDraftNumber should return undefined if processing statement does not exist" time="0.001">
    </testcase>
    <testcase classname="processingStatement upsertUserReference will upsert a user reference" name="processingStatement upsertUserReference will upsert a user reference" time="0.002">
    </testcase>
    <testcase classname="processingStatement getExportLocation should return null if there is no draft" name="processingStatement getExportLocation should return null if there is no draft" time="0.001">
    </testcase>
    <testcase classname="processingStatement getExportLocation should return null if the draft has no exportData" name="processingStatement getExportLocation should return null if the draft has no exportData" time="0">
    </testcase>
    <testcase classname="processingStatement getExportLocation should map and return export location if transportation exists" name="processingStatement getExportLocation should map and return export location if transportation exists" time="0.001">
    </testcase>
    <testcase classname="processingStatement upsertExportLocation should update exportData.exportedTo" name="processingStatement upsertExportLocation should update exportData.exportedTo" time="0.003">
    </testcase>
    <testcase classname="processingStatement cloneProcessingStatement will throw an error if the ps can not be found" name="processingStatement cloneProcessingStatement will throw an error if the ps can not be found" time="0.003">
    </testcase>
    <testcase classname="processingStatement cloneProcessingStatement will return the document number of the newly created copy" name="processingStatement cloneProcessingStatement will return the document number of the newly created copy" time="0.004">
    </testcase>
    <testcase classname="processingStatement cloneProcessingStatement will clone an existing ps" name="processingStatement cloneProcessingStatement will clone an existing ps" time="0.003">
    </testcase>
    <testcase classname="processingStatement cloneProcessingStatement will not link the clone with the original - changes to one do not effect the other" name="processingStatement cloneProcessingStatement will not link the clone with the original - changes to one do not effect the other" time="0.005">
    </testcase>
    <testcase classname="processingStatement cloneProcessingStatement resolves getDocument and getUniqueDocumentNumber in parallel (Promise.all)" name="processingStatement cloneProcessingStatement resolves getDocument and getUniqueDocumentNumber in parallel (Promise.all)" time="0.004">
    </testcase>
    <testcase classname="processingStatement voidProcessingStatement will void the Processing Statement matching the given document number" name="processingStatement voidProcessingStatement will void the Processing Statement matching the given document number" time="0.001">
    </testcase>
    <testcase classname="processingStatement voidProcessingStatement will throw an error if the Processing Statement can not be void" name="processingStatement voidProcessingStatement will throw an error if the Processing Statement can not be void" time="0.001">
    </testcase>
    <testcase classname="processingStatement checkDocument will return a document if a match exists" name="processingStatement checkDocument will return a document if a match exists" time="0.001">
    </testcase>
    <testcase classname="processingStatement checkDocument will return null if no document can be found" name="processingStatement checkDocument will return null if no document can be found" time="0.001">
    </testcase>
    <testcase classname="processingStatement checkDocument will return false when draft threshold is reached" name="processingStatement checkDocument will return false when draft threshold is reached" time="0.002">
    </testcase>
    <testcase classname="processingStatement getCompletedDocuments — lean results returns plain objects with no Mongoose instance methods (.lean())" name="processingStatement getCompletedDocuments — lean results returns plain objects with no Mongoose instance methods (.lean())" time="0.001">
    </testcase>
    <testcase classname="processingStatement getCompletedDocuments — lean results returns only documents belonging to the requesting user" name="processingStatement getCompletedDocuments — lean results returns only documents belonging to the requesting user" time="0.003">
    </testcase>
    <testcase classname="processingStatement getCompletedDocuments — lean results respects pagination — skip and limit" name="processingStatement getCompletedDocuments — lean results respects pagination — skip and limit" time="0.003">
    </testcase>
    <testcase classname="processingStatement getDraftDocumentHeaders — lean + sort returns plain objects with no Mongoose instance methods (.lean())" name="processingStatement getDraftDocumentHeaders — lean + sort returns plain objects with no Mongoose instance methods (.lean())" time="0.002">
    </testcase>
    <testcase classname="processingStatement getDraftDocumentHeaders — lean + sort returns headers sorted by createdAt descending" name="processingStatement getDraftDocumentHeaders — lean + sort returns headers sorted by createdAt descending" time="0.002">
    </testcase>
    <testcase classname="processingStatement completeDraft — projection: { _id: 1 } sets status to COMPLETE and stores documentUri" name="processingStatement completeDraft — projection: { _id: 1 } sets status to COMPLETE and stores documentUri" time="0.002">
    </testcase>
    <testcase classname="processingStatement completeDraft — projection: { _id: 1 } does not overwrite a document already in COMPLETE status" name="processingStatement completeDraft — projection: { _id: 1 } does not overwrite a document already in COMPLETE status" time="0.002">
    </testcase>
    <testcase classname="processingStatement deleteDraftStatement — projection: { _id: 1 } deletes the draft and returns a truthy value" name="processingStatement deleteDraftStatement — projection: { _id: 1 } deletes the draft and returns a truthy value" time="0.001">
    </testcase>
    <testcase classname="processingStatement deleteDraftStatement — projection: { _id: 1 } returns null when no matching draft exists" name="processingStatement deleteDraftStatement — projection: { _id: 1 } returns null when no matching draft exists" time="0.001">
    </testcase>
    <testcase classname="processingStatement cloneProcessingStatement — Promise.all parallelisation verification getUniqueDocumentNumber and getDocument are both called exactly once" name="processingStatement cloneProcessingStatement — Promise.all parallelisation verification getUniqueDocumentNumber and getDocument are both called exactly once" time="0.003">
    </testcase>
  </testsuite>
  <testsuite name="When mapping from a front end transport to a backend transport" errors="0" failures="0" skipped="0" timestamp="2026-08-13T14:24:14" time="0.12" tests="67">
    <testcase classname="When mapping from a front end transport to a backend transport if vehicle is truck then it should contain all relevant properties for truck" name="When mapping from a front end transport to a backend transport if vehicle is truck then it should contain all relevant properties for truck" time="0.001">
    </testcase>
    <testcase classname="When mapping from a front end transport to a backend transport if vehicle is truck then it should contain all relevant properties for truck with exported to" name="When mapping from a front end transport to a backend transport if vehicle is truck then it should contain all relevant properties for truck with exported to" time="0">
    </testcase>
    <testcase classname="When mapping from a front end transport to a backend transport if vehicle is plane then it should contain all relevant properties for plane" name="When mapping from a front end transport to a backend transport if vehicle is plane then it should contain all relevant properties for plane" time="0">
    </testcase>
    <testcase classname="When mapping from a front end transport to a backend transport if vehicle is plane then it should contain all relevant properties for plane no exportedTo" name="When mapping from a front end transport to a backend transport if vehicle is plane then it should contain all relevant properties for plane no exportedTo" time="0">
    </testcase>
    <testcase classname="When mapping from a front end transport to a backend transport if vehicle is plane then it should contain all relevant fields when provided" name="When mapping from a front end transport to a backend transport if vehicle is plane then it should contain all relevant fields when provided" time="0.001">
    </testcase>
    <testcase classname="When mapping from a front end transport to a backend transport if vehicle is plane and containerNumbers is empty array then it should not include containerNumbers in backend" name="When mapping from a front end transport to a backend transport if vehicle is plane and containerNumbers is empty array then it should not include containerNumbers in backend" time="0">
    </testcase>
    <testcase classname="When mapping from a front end transport to a backend transport if vehicle is train then it should contain all relevant properties for train" name="When mapping from a front end transport to a backend transport if vehicle is train then it should contain all relevant properties for train" time="0">
    </testcase>
    <testcase classname="When mapping from a front end transport to a backend transport if vehicle is train then it should contain all relevant properties for train no exportedTo" name="When mapping from a front end transport to a backend transport if vehicle is train then it should contain all relevant properties for train no exportedTo" time="0.001">
    </testcase>
    <testcase classname="When mapping from a front end transport to a backend transport if vehicle is container vessel then it should contain all relevant properties for container vessel" name="When mapping from a front end transport to a backend transport if vehicle is container vessel then it should contain all relevant properties for container vessel" time="0">
    </testcase>
    <testcase classname="When mapping from a front end transport to a backend transport if vehicle is container vessel then it should contain all relevant properties for container vessel and container numbers list" name="When mapping from a front end transport to a backend transport if vehicle is container vessel then it should contain all relevant properties for container vessel and container numbers list" time="0">
    </testcase>
    <testcase classname="When mapping from a front end transport to a backend transport if vehicle is container vessel then it should contain all relevant properties for container vessel exportedTo" name="When mapping from a front end transport to a backend transport if vehicle is container vessel then it should contain all relevant properties for container vessel exportedTo" time="0">
    </testcase>
    <testcase classname="When mapping from a front end transport to a backend transport if vehicle is fishing vessel then it should contain all relevant properties for fishing vessel" name="When mapping from a front end transport to a backend transport if vehicle is fishing vessel then it should contain all relevant properties for fishing vessel" time="0">
    </testcase>
    <testcase classname="When mapping from a front end transport to a backend transport if vehicle is fishing vessel then it should contain all relevant properties for fishing vessel no exported to" name="When mapping from a front end transport to a backend transport if vehicle is fishing vessel then it should contain all relevant properties for fishing vessel no exported to" time="0">
    </testcase>
    <testcase classname="When mapping from a front end transport to a backend transport if no valid transport vehicle should return null" name="When mapping from a front end transport to a backend transport if no valid transport vehicle should return null" time="0">
    </testcase>
    <testcase classname="When mapping from a front end transport to a backend transport if the optional property  exportDate is included then it should be returned" name="When mapping from a front end transport to a backend transport if the optional property  exportDate is included then it should be returned" time="0.001">
    </testcase>
    <testcase classname="When mapping from a front end transport to a backend transport if exportLocation property is not provided exportFrom should not be populated" name="When mapping from a front end transport to a backend transport if exportLocation property is not provided exportFrom should not be populated" time="0">
    </testcase>
    <testcase classname="When mapping from a front end transport to a backend transport if exportDate property is not provided it should not be returned" name="When mapping from a front end transport to a backend transport if exportDate property is not provided it should not be returned" time="0">
    </testcase>
    <testcase classname="When mapping from a front end transport to a backend transport if CMR is not defined it should not be returned" name="When mapping from a front end transport to a backend transport if CMR is not defined it should not be returned" time="0">
    </testcase>
    <testcase classname="When mapping from a front end transport to a backend transport if vehicle is truck with containerIdentificationNumber then it should be included in backend transport" name="When mapping from a front end transport to a backend transport if vehicle is truck with containerIdentificationNumber then it should be included in backend transport" time="0.001">
    </testcase>
    <testcase classname="When mapping from a front end transport to a backend transport if vehicle is truck without containerIdentificationNumber then it should not be in backend transport" name="When mapping from a front end transport to a backend transport if vehicle is truck without containerIdentificationNumber then it should not be in backend transport" time="0">
    </testcase>
    <testcase classname="When mapping from a backend transport to front end transport should return empty object if transport is undefined" name="When mapping from a backend transport to front end transport should return empty object if transport is undefined" time="0">
    </testcase>
    <testcase classname="When mapping from a backend transport to front end transport if vehicle is truck and cmr is true then it should contain all the relevant properties for a truck" name="When mapping from a backend transport to front end transport if vehicle is truck and cmr is true then it should contain all the relevant properties for a truck" time="0">
    </testcase>
    <testcase classname="When mapping from a backend transport to front end transport if vehicle is truck and cmr is false then it should contain all the relevant properties for a truck" name="When mapping from a backend transport to front end transport if vehicle is truck and cmr is false then it should contain all the relevant properties for a truck" time="0.001">
    </testcase>
    <testcase classname="When mapping from a backend transport to front end transport if vehicle is plane then it should contain all the relevant properties for a plane" name="When mapping from a backend transport to front end transport if vehicle is plane then it should contain all the relevant properties for a plane" time="0">
    </testcase>
    <testcase classname="When mapping from a backend transport to front end transport if vehicle is plane then it should contain all relevant fields when present" name="When mapping from a backend transport to front end transport if vehicle is plane then it should contain all relevant fields when present" time="0">
    </testcase>
    <testcase classname="When mapping from a backend transport to front end transport if vehicle is train then it should contain all the relevant properties for a train" name="When mapping from a backend transport to front end transport if vehicle is train then it should contain all the relevant properties for a train" time="0">
    </testcase>
    <testcase classname="When mapping from a backend transport to front end transport if vehicle is container vessel then it should contain all the relevant properties for a container vessel" name="When mapping from a backend transport to front end transport if vehicle is container vessel then it should contain all the relevant properties for a container vessel" time="0">
    </testcase>
    <testcase classname="When mapping from a backend transport to front end transport if vehicle is container vessel then it should contain all the relevant properties for a container vessel with container numbers" name="When mapping from a backend transport to front end transport if vehicle is container vessel then it should contain all the relevant properties for a container vessel with container numbers" time="0.001">
    </testcase>
    <testcase classname="When mapping from a backend transport to front end transport if vehicle is fishing vessel then it should contain all the relevant properties for a fishing vessel" name="When mapping from a backend transport to front end transport if vehicle is fishing vessel then it should contain all the relevant properties for a fishing vessel" time="0">
    </testcase>
    <testcase classname="When mapping from a backend transport to front end transport if no valid transport vehicle should return null" name="When mapping from a backend transport to front end transport if no valid transport vehicle should return null" time="0">
    </testcase>
    <testcase classname="When mapping from a backend transport to front end transport if valid transport vehicle should return expected results" name="When mapping from a backend transport to front end transport if valid transport vehicle should return expected results" time="0">
    </testcase>
    <testcase classname="When mapping from a backend transport to front end transport if CMR is not defined it should not be returned" name="When mapping from a backend transport to front end transport if CMR is not defined it should not be returned" time="0">
    </testcase>
    <testcase classname="checkTransportDataFrontEnd should return an empty transport object" name="checkTransportDataFrontEnd should return an empty transport object" time="0">
    </testcase>
    <testcase classname="checkTransportDataFrontEnd should return null" name="checkTransportDataFrontEnd should return null" time="0">
    </testcase>
    <testcase classname="checkTransportDataFrontEnd when vehicle type is Truck should return full object when all data is valid" name="checkTransportDataFrontEnd when vehicle type is Truck should return full object when all data is valid" time="0">
    </testcase>
    <testcase classname="checkTransportDataFrontEnd when vehicle type is Truck should return base valid object if data is incomplete" name="checkTransportDataFrontEnd when vehicle type is Truck should return base valid object if data is incomplete" time="0">
    </testcase>
    <testcase classname="checkTransportDataFrontEnd when vehicle type is Truck should return base valid object when cmr is undefined and required fields are complete" name="checkTransportDataFrontEnd when vehicle type is Truck should return base valid object when cmr is undefined and required fields are complete" time="0">
    </testcase>
    <testcase classname="checkTransportDataFrontEnd when vehicle type is Truck should return base valid object when cmr is undefined and some required fields are missing" name="checkTransportDataFrontEnd when vehicle type is Truck should return base valid object when cmr is undefined and some required fields are missing" time="0">
    </testcase>
    <testcase classname="checkTransportDataFrontEnd when vehicle type is plane should return full object when all data is valid" name="checkTransportDataFrontEnd when vehicle type is plane should return full object when all data is valid" time="0">
    </testcase>
    <testcase classname="checkTransportDataFrontEnd when vehicle type is plane should return base valid object if data is incomplete" name="checkTransportDataFrontEnd when vehicle type is plane should return base valid object if data is incomplete" time="0">
    </testcase>
    <testcase classname="checkTransportDataFrontEnd when vehicle type is plane should return base valid object if data is incomplete" name="checkTransportDataFrontEnd when vehicle type is plane should return base valid object if data is incomplete" time="0">
    </testcase>
    <testcase classname="checkTransportDataFrontEnd when vehicle type is plane should return base valid object if data is incomplete" name="checkTransportDataFrontEnd when vehicle type is plane should return base valid object if data is incomplete" time="0">
    </testcase>
    <testcase classname="checkTransportDataFrontEnd when vehicle type is train should return full object when all data is valid" name="checkTransportDataFrontEnd when vehicle type is train should return full object when all data is valid" time="0">
    </testcase>
    <testcase classname="checkTransportDataFrontEnd when vehicle type is train should return base valid object if data is incomplete" name="checkTransportDataFrontEnd when vehicle type is train should return base valid object if data is incomplete" time="0">
    </testcase>
    <testcase classname="checkTransportDataFrontEnd when vehicle type is train should return base valid object if data is incomplete" name="checkTransportDataFrontEnd when vehicle type is train should return base valid object if data is incomplete" time="0">
    </testcase>
    <testcase classname="checkTransportDataFrontEnd when vehicle type is container vessel should return full object when all data is valid" name="checkTransportDataFrontEnd when vehicle type is container vessel should return full object when all data is valid" time="0">
    </testcase>
    <testcase classname="checkTransportDataFrontEnd when vehicle type is container vessel should return base valid object if data is incomplete" name="checkTransportDataFrontEnd when vehicle type is container vessel should return base valid object if data is incomplete" time="0">
    </testcase>
    <testcase classname="checkTransportDataFrontEnd when vehicle type is container vessel should return base valid object if data is incomplete" name="checkTransportDataFrontEnd when vehicle type is container vessel should return base valid object if data is incomplete" time="0">
    </testcase>
    <testcase classname="checkTransportDataFrontEnd when vehicle type is container vessel should return base valid object if data is incomplete" name="checkTransportDataFrontEnd when vehicle type is container vessel should return base valid object if data is incomplete" time="0">
    </testcase>
    <testcase classname="checkTransportDataFrontEnd when vehicle type is container vessel should return base valid object if data is incomplete" name="checkTransportDataFrontEnd when vehicle type is container vessel should return base valid object if data is incomplete" time="0.001">
    </testcase>
    <testcase classname="checkTransportDataFrontEnd when vehicle type is fishing vessel should return full object when all data is valid" name="checkTransportDataFrontEnd when vehicle type is fishing vessel should return full object when all data is valid" time="0">
    </testcase>
    <testcase classname="checkTransportDataFrontEnd when vehicle type is fishing vessel should return base valid object if data is incomplete" name="checkTransportDataFrontEnd when vehicle type is fishing vessel should return base valid object if data is incomplete" time="0">
    </testcase>
    <testcase classname="When mapping transport with pointOfDestination field truck transport should include pointOfDestination in backend transport when provided" name="When mapping transport with pointOfDestination field truck transport should include pointOfDestination in backend transport when provided" time="0">
    </testcase>
    <testcase classname="When mapping transport with pointOfDestination field truck transport should omit pointOfDestination from backend transport when not provided" name="When mapping transport with pointOfDestination field truck transport should omit pointOfDestination from backend transport when not provided" time="0">
    </testcase>
    <testcase classname="When mapping transport with pointOfDestination field plane transport should include pointOfDestination in backend transport when provided" name="When mapping transport with pointOfDestination field plane transport should include pointOfDestination in backend transport when provided" time="0">
    </testcase>
    <testcase classname="When mapping transport with pointOfDestination field train transport should include pointOfDestination in backend transport when provided" name="When mapping transport with pointOfDestination field train transport should include pointOfDestination in backend transport when provided" time="0">
    </testcase>
    <testcase classname="When mapping transport with pointOfDestination field containerVessel transport should include pointOfDestination in backend transport when provided" name="When mapping transport with pointOfDestination field containerVessel transport should include pointOfDestination in backend transport when provided" time="0.001">
    </testcase>
    <testcase classname="When mapping transport with pointOfDestination field fishingVessel transport should not include pointOfDestination (not applicable to fishing vessels)" name="When mapping transport with pointOfDestination field fishingVessel transport should not include pointOfDestination (not applicable to fishing vessels)" time="0">
    </testcase>
    <testcase classname="When mapping from backend to frontend transport with pointOfDestination truck backend model should include pointOfDestination in frontend transport when present in backend" name="When mapping from backend to frontend transport with pointOfDestination truck backend model should include pointOfDestination in frontend transport when present in backend" time="0">
    </testcase>
    <testcase classname="When mapping from backend to frontend transport with pointOfDestination truck backend model should handle missing pointOfDestination in backend transport" name="When mapping from backend to frontend transport with pointOfDestination truck backend model should handle missing pointOfDestination in backend transport" time="0">
    </testcase>
    <testcase classname="When mapping from backend to frontend transport with pointOfDestination plane backend model should include pointOfDestination in frontend transport when present in backend" name="When mapping from backend to frontend transport with pointOfDestination plane backend model should include pointOfDestination in frontend transport when present in backend" time="0">
    </testcase>
    <testcase classname="When mapping from backend to frontend transport with pointOfDestination train backend model should include pointOfDestination in frontend transport when present in backend" name="When mapping from backend to frontend transport with pointOfDestination train backend model should include pointOfDestination in frontend transport when present in backend" time="0">
    </testcase>
    <testcase classname="When mapping from backend to frontend transport with pointOfDestination containerVessel backend model should include pointOfDestination in frontend transport when present in backend" name="When mapping from backend to frontend transport with pointOfDestination containerVessel backend model should include pointOfDestination in frontend transport when present in backend" time="0">
    </testcase>
    <testcase classname="formatDateForFrontend behavior via toFrontEndTransport returns empty string when dates are falsy" name="formatDateForFrontend behavior via toFrontEndTransport returns empty string when dates are falsy" time="0.001">
    </testcase>
    <testcase classname="formatDateForFrontend behavior via toFrontEndTransport returns the same string when already in DD/MM/YYYY format" name="formatDateForFrontend behavior via toFrontEndTransport returns the same string when already in DD/MM/YYYY format" time="0">
    </testcase>
    <testcase classname="formatDateForFrontend behavior via toFrontEndTransport formats ISO date strings to DD/MM/YYYY" name="formatDateForFrontend behavior via toFrontEndTransport formats ISO date strings to DD/MM/YYYY" time="0.001">
    </testcase>
    <testcase classname="formatDateForFrontend behavior via toFrontEndTransport returns original string when date is invalid" name="formatDateForFrontend behavior via toFrontEndTransport returns original string when date is invalid" time="0.001">
    </testcase>
  </testsuite>
  <testsuite name="when mapping from a front end exporterDetails to a backend exporterDetails" errors="0" failures="0" skipped="0" timestamp="2026-08-13T14:24:14" time="0.165" tests="35">
    <testcase classname="when mapping from a front end exporterDetails to a backend exporterDetails will contain all relevant properties for catch certificates" name="when mapping from a front end exporterDetails to a backend exporterDetails will contain all relevant properties for catch certificates" time="0.001">
    </testcase>
    <testcase classname="when mapping from a front end exporterDetails to a backend exporterDetails will deal with optional data" name="when mapping from a front end exporterDetails to a backend exporterDetails will deal with optional data" time="0">
    </testcase>
    <testcase classname="when mapping from a front end PS exporterDetails to a backend PS exporterDetails will contain all relevant properties for a processing statement details object" name="when mapping from a front end PS exporterDetails to a backend PS exporterDetails will contain all relevant properties for a processing statement details object" time="0">
    </testcase>
    <testcase classname="when mapping from a front end PS exporterDetails to a backend PS exporterDetails will deal with optional data" name="when mapping from a front end PS exporterDetails to a backend PS exporterDetails will deal with optional data" time="0">
    </testcase>
    <testcase classname="when mapping from a backend CcExporterDetail to front end CcExporterDetail should return exporterDetails in the format that FE expects" name="when mapping from a backend CcExporterDetail to front end CcExporterDetail should return exporterDetails in the format that FE expects" time="0">
    </testcase>
    <testcase classname="when mapping from a backend CcExporterDetail to front end CcExporterDetail should return exporterDetails with an _updated property in the format expected by the Front End" name="when mapping from a backend CcExporterDetail to front end CcExporterDetail should return exporterDetails with an _updated property in the format expected by the Front End" time="0">
    </testcase>
    <testcase classname="when mapping from a backend CcExporterDetail to front end CcExporterDetail should not return an _updated property if exporter details are blank" name="when mapping from a backend CcExporterDetail to front end CcExporterDetail should not return an _updated property if exporter details are blank" time="0">
    </testcase>
    <testcase classname="when mapping from a backend CcExporterDetail to front end CcExporterDetail should not return an _updated property if we saved as draft only the exporter and company name" name="when mapping from a backend CcExporterDetail to front end CcExporterDetail should not return an _updated property if we saved as draft only the exporter and company name" time="0">
    </testcase>
    <testcase classname="when mapping from an old back end CcExporterDetail to a new back end CcExporterDetail for an individual should return an updated back end CC exporter detail" name="when mapping from an old back end CcExporterDetail to a new back end CcExporterDetail for an individual should return an updated back end CC exporter detail" time="0">
    </testcase>
    <testcase classname="when mapping from an old back end CcExporterDetail to a new back end CcExporterDetail for an individual should return an updated address one omitting null values" name="when mapping from an old back end CcExporterDetail to a new back end CcExporterDetail for an individual should return an updated address one omitting null values" time="0">
    </testcase>
    <testcase classname="when mapping from an old back end CcExporterDetail to a new back end CcExporterDetail for an individual should return the same back end CC exporter detail" name="when mapping from an old back end CcExporterDetail to a new back end CcExporterDetail for an individual should return the same back end CC exporter detail" time="0">
    </testcase>
    <testcase classname="when mapping from an old back end CcExporterDetail to a new back end CcExporterDetail for an individual should return null" name="when mapping from an old back end CcExporterDetail to a new back end CcExporterDetail for an individual should return null" time="0">
    </testcase>
    <testcase classname="when mapping from an old back end CcExporterDetail to a new back end CcExporterDetail for an organization should return an updated back end CC exporter detail" name="when mapping from an old back end CcExporterDetail to a new back end CcExporterDetail for an organization should return an updated back end CC exporter detail" time="0.001">
    </testcase>
    <testcase classname="when mapping from an old back end CcExporterDetail to a new back end CcExporterDetail for an organization should return the same back end CC exporter detail" name="when mapping from an old back end CcExporterDetail to a new back end CcExporterDetail for an organization should return the same back end CC exporter detail" time="0">
    </testcase>
    <testcase classname="when mapping from a backend PS exporterDetail to front end PS exporterDetail should return exporterDetails in the format that FE expects" name="when mapping from a backend PS exporterDetail to front end PS exporterDetail should return exporterDetails in the format that FE expects" time="0">
    </testcase>
    <testcase classname="when mapping from a backend PS exporterDetail to front end PS exporterDetail should return exporterDetails with an _updated property in the format expected by the Front End" name="when mapping from a backend PS exporterDetail to front end PS exporterDetail should return exporterDetails with an _updated property in the format expected by the Front End" time="0">
    </testcase>
    <testcase classname="when mapping from a backend PS exporterDetail to front end PS exporterDetail should return exporterDetails as is if flag doNotTransform is true" name="when mapping from a backend PS exporterDetail to front end PS exporterDetail should return exporterDetails as is if flag doNotTransform is true" time="0">
    </testcase>
    <testcase classname="when mapping from a backend PS exporterDetail to front end PS exporterDetail should not return an _updated property if exporter details are blank" name="when mapping from a backend PS exporterDetail to front end PS exporterDetail should not return an _updated property if exporter details are blank" time="0">
    </testcase>
    <testcase classname="when mapping from a backend PS exporterDetail to front end PS exporterDetail should not return an _updated property if we saved as draft only the company name" name="when mapping from a backend PS exporterDetail to front end PS exporterDetail should not return an _updated property if we saved as draft only the company name" time="0">
    </testcase>
    <testcase classname="when mapping from an old back end PS ExporterDetail to a new back end PS ExporterDetail for an individual should return an updated back end PS exporter detail" name="when mapping from an old back end PS ExporterDetail to a new back end PS ExporterDetail for an individual should return an updated back end PS exporter detail" time="0">
    </testcase>
    <testcase classname="when mapping from an old back end PS ExporterDetail to a new back end PS ExporterDetail for an individual should return an updated address one omitting null values" name="when mapping from an old back end PS ExporterDetail to a new back end PS ExporterDetail for an individual should return an updated address one omitting null values" time="0">
    </testcase>
    <testcase classname="when mapping from an old back end PS ExporterDetail to a new back end PS ExporterDetail for an individual should return the same back end PS exporter detail" name="when mapping from an old back end PS ExporterDetail to a new back end PS ExporterDetail for an individual should return the same back end PS exporter detail" time="0">
    </testcase>
    <testcase classname="when mapping from an old back end PS ExporterDetail to a new back end PS ExporterDetail for an individual should return an updated address one omitting null values with defra sub building name" name="when mapping from an old back end PS ExporterDetail to a new back end PS ExporterDetail for an individual should return an updated address one omitting null values with defra sub building name" time="0">
    </testcase>
    <testcase classname="when mapping from an old back end PS ExporterDetail to a new back end PS ExporterDetail for an individual should return an updated address one omitting null values with defra building name" name="when mapping from an old back end PS ExporterDetail to a new back end PS ExporterDetail for an individual should return an updated address one omitting null values with defra building name" time="0">
    </testcase>
    <testcase classname="when mapping from an old back end PS ExporterDetail to a new back end PS ExporterDetail for an individual should return an updated address one omitting null values with no defra street" name="when mapping from an old back end PS ExporterDetail to a new back end PS ExporterDetail for an individual should return an updated address one omitting null values with no defra street" time="0">
    </testcase>
    <testcase classname="when mapping from an old back end PS ExporterDetail to a new back end PS ExporterDetail for an individual should return an updated address one omitting null values with no defra premises" name="when mapping from an old back end PS ExporterDetail to a new back end PS ExporterDetail for an individual should return an updated address one omitting null values with no defra premises" time="0">
    </testcase>
    <testcase classname="when mapping from an old back end PS ExporterDetail to a new back end PS ExporterDetail for an individual should return an updated address one omitting null values with no defra address" name="when mapping from an old back end PS ExporterDetail to a new back end PS ExporterDetail for an individual should return an updated address one omitting null values with no defra address" time="0">
    </testcase>
    <testcase classname="when mapping from an old back end PS ExporterDetail to a new back end PS ExporterDetail for an organisation should return an updated back end PS exporter detail" name="when mapping from an old back end PS ExporterDetail to a new back end PS ExporterDetail for an organisation should return an updated back end PS exporter detail" time="0.001">
    </testcase>
    <testcase classname="when mapping from an old back end PS ExporterDetail to a new back end PS ExporterDetail for an organisation should return the same back end PS exporter detail" name="when mapping from an old back end PS ExporterDetail to a new back end PS ExporterDetail for an organisation should return the same back end PS exporter detail" time="0">
    </testcase>
    <testcase classname="Mapping  Exporter Details for Storage Documents ExporterDetail from backend to front end should return exporterDetails in the format that FE expects" name="Mapping  Exporter Details for Storage Documents ExporterDetail from backend to front end should return exporterDetails in the format that FE expects" time="0">
    </testcase>
    <testcase classname="when mapping from a front end SD exporterDetails to a backend SD exporterDetails will contain all relevant properties for a processing statement details object" name="when mapping from a front end SD exporterDetails to a backend SD exporterDetails will contain all relevant properties for a processing statement details object" time="0">
    </testcase>
    <testcase classname="when mapping from a front end SD exporterDetails to a backend SD exporterDetails will deal with optional data" name="when mapping from a front end SD exporterDetails to a backend SD exporterDetails will deal with optional data" time="0">
    </testcase>
    <testcase classname="when mapping from a front end SD exporterDetails to a backend SD exporterDetails should return an updated address one omitting null values with no exporter details" name="when mapping from a front end SD exporterDetails to a backend SD exporterDetails should return an updated address one omitting null values with no exporter details" time="0">
    </testcase>
    <testcase classname="regression for exporter old-format detection does not treat mongoose-like exporter details with decomposed fields as old format" name="regression for exporter old-format detection does not treat mongoose-like exporter details with decomposed fields as old format" time="0">
    </testcase>
    <testcase classname="regression for exporter old-format detection still transforms legacy exporter details when decomposed fields are missing" name="regression for exporter old-format detection still transforms legacy exporter details when decomposed fields are missing" time="0">
    </testcase>
  </testsuite>
  <testsuite name="transport routes" errors="0" failures="0" skipped="0" timestamp="2026-08-13T14:24:14" time="0.414" tests="77">
    <testcase classname="transport routes Transport endpoints will return error if no exportDate given(400) for /v1/transport/truck/details" name="transport routes Transport endpoints will return error if no exportDate given(400) for /v1/transport/truck/details" time="0.009">
    </testcase>
    <testcase classname="transport routes Transport endpoints will return error if no exportDate given(302) for acceptHtml /v1/transport/truck/details" name="transport routes Transport endpoints will return error if no exportDate given(302) for acceptHtml /v1/transport/truck/details" time="0.001">
    </testcase>
    <testcase classname="transport routes Transport endpoints will return error if exportDate is not in right date format(400) for /v1/transport/truck/details" name="transport routes Transport endpoints will return error if exportDate is not in right date format(400) for /v1/transport/truck/details" time="0">
    </testcase>
    <testcase classname="transport routes Transport endpoints will return error if exportDate is not in right date format(302) for acceptHtml /v1/transport/truck/details" name="transport routes Transport endpoints will return error if exportDate is not in right date format(302) for acceptHtml /v1/transport/truck/details" time="0.001">
    </testcase>
    <testcase classname="transport routes Transport endpoints will return error if exportDate is BEYOND the range of 1 day in future(400) for /v1/transport/truck/details" name="transport routes Transport endpoints will return error if exportDate is BEYOND the range of 1 day in future(400) for /v1/transport/truck/details" time="0.001">
    </testcase>
    <testcase classname="transport routes Transport endpoints will return error if exportDate is BEYOND the range of 1 day in future(302) for acceptHtml /v1/transport/truck/details" name="transport routes Transport endpoints will return error if exportDate is BEYOND the range of 1 day in future(302) for acceptHtml /v1/transport/truck/details" time="0">
    </testcase>
    <testcase classname="transport routes Transport endpoints returns 200 and doesnt fail when export date given in right format and within range of 1 day in future" name="transport routes Transport endpoints returns 200 and doesnt fail when export date given in right format and within range of 1 day in future" time="0.001">
    </testcase>
    <testcase classname="transport routes Transport endpoints returns 200 and doesnt fail when /v1/transport/truck/details/saveAsDraft" name="transport routes Transport endpoints returns 200 and doesnt fail when /v1/transport/truck/details/saveAsDraft" time="0.001">
    </testcase>
    <testcase classname="transport routes Transport endpoints returns 400 and does fail when /v1/transport/truck/details/saveAsDraft" name="transport routes Transport endpoints returns 400 and does fail when /v1/transport/truck/details/saveAsDraft" time="0.001">
    </testcase>
    <testcase classname="transport routes Transport endpoints returns 500 and fails when all required fields given and valid but is 500 Internal Error" name="transport routes Transport endpoints returns 500 and fails when all required fields given and valid but is 500 Internal Error" time="0.009">
    </testcase>
    <testcase classname="transport routes Transport endpoints returns 500 and fails when all required fields given and valid but is 500 Internal Error when /v1/transport/truck/details/saveAsDraft" name="transport routes Transport endpoints returns 500 and fails when all required fields given and valid but is 500 Internal Error when /v1/transport/truck/details/saveAsDraft" time="0.001">
    </testcase>
    <testcase classname="transport routes Transport endpoints will return error if no exportDate given(400) for /v1/transport/plane/details" name="transport routes Transport endpoints will return error if no exportDate given(400) for /v1/transport/plane/details" time="0.001">
    </testcase>
    <testcase classname="transport routes Transport endpoints will return error if no exportDate given(302) for acceptHtml /v1/transport/plane/details" name="transport routes Transport endpoints will return error if no exportDate given(302) for acceptHtml /v1/transport/plane/details" time="0">
    </testcase>
    <testcase classname="transport routes Transport endpoints will return error if exportDate is not in right date format(400) for /v1/transport/plane/details" name="transport routes Transport endpoints will return error if exportDate is not in right date format(400) for /v1/transport/plane/details" time="0.001">
    </testcase>
    <testcase classname="transport routes Transport endpoints will return error if exportDate is not in right date format(302) for acceptHtml /v1/transport/plane/details" name="transport routes Transport endpoints will return error if exportDate is not in right date format(302) for acceptHtml /v1/transport/plane/details" time="0">
    </testcase>
    <testcase classname="transport routes Transport endpoints will return error if exportDate is BEYOND the range of 1 day in future(400) for /v1/transport/plane/details" name="transport routes Transport endpoints will return error if exportDate is BEYOND the range of 1 day in future(400) for /v1/transport/plane/details" time="0.001">
    </testcase>
    <testcase classname="transport routes Transport endpoints will return error if exportDate is BEYOND the range of 1 day in future(302) for acceptHtml /v1/transport/plane/details" name="transport routes Transport endpoints will return error if exportDate is BEYOND the range of 1 day in future(302) for acceptHtml /v1/transport/plane/details" time="0">
    </testcase>
    <testcase classname="transport routes Transport endpoints returns 200 and doesnt fail when export date given in right format and within range of 1 day in future" name="transport routes Transport endpoints returns 200 and doesnt fail when export date given in right format and within range of 1 day in future" time="0.001">
    </testcase>
    <testcase classname="transport routes Transport endpoints returns 200 and doesnt fail when /v1/transport/plane/details/saveAsDraft" name="transport routes Transport endpoints returns 200 and doesnt fail when /v1/transport/plane/details/saveAsDraft" time="0.001">
    </testcase>
    <testcase classname="transport routes Transport endpoints returns 400 and does fail when /v1/transport/plane/details/saveAsDraft" name="transport routes Transport endpoints returns 400 and does fail when /v1/transport/plane/details/saveAsDraft" time="0">
    </testcase>
    <testcase classname="transport routes Transport endpoints returns 500 and fails when all required fields given and valid but is 500 Internal Error" name="transport routes Transport endpoints returns 500 and fails when all required fields given and valid but is 500 Internal Error" time="0.001">
    </testcase>
    <testcase classname="transport routes Transport endpoints returns 500 and fails when all required fields given and valid but is 500 Internal Error when /v1/transport/plane/details/saveAsDraft" name="transport routes Transport endpoints returns 500 and fails when all required fields given and valid but is 500 Internal Error when /v1/transport/plane/details/saveAsDraft" time="0">
    </testcase>
    <testcase classname="transport routes Transport endpoints will return error if no exportDate given(400) for /v1/transport/train/details" name="transport routes Transport endpoints will return error if no exportDate given(400) for /v1/transport/train/details" time="0.001">
    </testcase>
    <testcase classname="transport routes Transport endpoints will return error if no exportDate given(302) for acceptHtml /v1/transport/train/details" name="transport routes Transport endpoints will return error if no exportDate given(302) for acceptHtml /v1/transport/train/details" time="0">
    </testcase>
    <testcase classname="transport routes Transport endpoints will return error if exportDate is not in right date format(400) for /v1/transport/train/details" name="transport routes Transport endpoints will return error if exportDate is not in right date format(400) for /v1/transport/train/details" time="0.001">
    </testcase>
    <testcase classname="transport routes Transport endpoints will return error if exportDate is not in right date format(302) for acceptHtml /v1/transport/train/details" name="transport routes Transport endpoints will return error if exportDate is not in right date format(302) for acceptHtml /v1/transport/train/details" time="0">
    </testcase>
    <testcase classname="transport routes Transport endpoints will return error if exportDate is BEYOND the range of 1 day in future(400) for /v1/transport/train/details" name="transport routes Transport endpoints will return error if exportDate is BEYOND the range of 1 day in future(400) for /v1/transport/train/details" time="0">
    </testcase>
    <testcase classname="transport routes Transport endpoints will return error if exportDate is BEYOND the range of 1 day in future(302) for acceptHtml /v1/transport/train/details" name="transport routes Transport endpoints will return error if exportDate is BEYOND the range of 1 day in future(302) for acceptHtml /v1/transport/train/details" time="0">
    </testcase>
    <testcase classname="transport routes Transport endpoints returns 200 and doesnt fail when export date given in right format and within range of 1 day in future" name="transport routes Transport endpoints returns 200 and doesnt fail when export date given in right format and within range of 1 day in future" time="0.001">
    </testcase>
    <testcase classname="transport routes Transport endpoints returns 200 and doesnt fail when /v1/transport/train/details/saveAsDraft" name="transport routes Transport endpoints returns 200 and doesnt fail when /v1/transport/train/details/saveAsDraft" time="0">
    </testcase>
    <testcase classname="transport routes Transport endpoints returns 400 and does fail when /v1/transport/train/details/saveAsDraft" name="transport routes Transport endpoints returns 400 and does fail when /v1/transport/train/details/saveAsDraft" time="0.001">
    </testcase>
    <testcase classname="transport routes Transport endpoints returns 500 and fails when all required fields given and valid but is 500 Internal Error" name="transport routes Transport endpoints returns 500 and fails when all required fields given and valid but is 500 Internal Error" time="0">
    </testcase>
    <testcase classname="transport routes Transport endpoints returns 500 and fails when all required fields given and valid but is 500 Internal Error when /v1/transport/train/details/saveAsDraft" name="transport routes Transport endpoints returns 500 and fails when all required fields given and valid but is 500 Internal Error when /v1/transport/train/details/saveAsDraft" time="0.001">
    </testcase>
    <testcase classname="transport routes Transport endpoints will return error if no exportDate given(400) for /v1/transport/containerVessel/details" name="transport routes Transport endpoints will return error if no exportDate given(400) for /v1/transport/containerVessel/details" time="0.001">
    </testcase>
    <testcase classname="transport routes Transport endpoints will return error if no exportDate given(302) for acceptHtml /v1/transport/containerVessel/details" name="transport routes Transport endpoints will return error if no exportDate given(302) for acceptHtml /v1/transport/containerVessel/details" time="0">
    </testcase>
    <testcase classname="transport routes Transport endpoints will return error if exportDate is not in right date format(400) for /v1/transport/containerVessel/details" name="transport routes Transport endpoints will return error if exportDate is not in right date format(400) for /v1/transport/containerVessel/details" time="0.001">
    </testcase>
    <testcase classname="transport routes Transport endpoints will return error if exportDate is not in right date format(302) for acceptHtml /v1/transport/containerVessel/details" name="transport routes Transport endpoints will return error if exportDate is not in right date format(302) for acceptHtml /v1/transport/containerVessel/details" time="0">
    </testcase>
    <testcase classname="transport routes Transport endpoints will return error if exportDate is BEYOND the range of 1 day in future(400) for /v1/transport/containerVessel/details" name="transport routes Transport endpoints will return error if exportDate is BEYOND the range of 1 day in future(400) for /v1/transport/containerVessel/details" time="0">
    </testcase>
    <testcase classname="transport routes Transport endpoints will return error if exportDate is BEYOND the range of 1 day in future(302) for acceptHtml /v1/transport/containerVessel/details" name="transport routes Transport endpoints will return error if exportDate is BEYOND the range of 1 day in future(302) for acceptHtml /v1/transport/containerVessel/details" time="0.001">
    </testcase>
    <testcase classname="transport routes Transport endpoints returns 200 and doesnt fail when export date given in right format and within range of 1 day in future" name="transport routes Transport endpoints returns 200 and doesnt fail when export date given in right format and within range of 1 day in future" time="0.001">
    </testcase>
    <testcase classname="transport routes Transport endpoints returns 200 and doesnt fail when /v1/transport/containerVessel/details/saveAsDraft" name="transport routes Transport endpoints returns 200 and doesnt fail when /v1/transport/containerVessel/details/saveAsDraft" time="0">
    </testcase>
    <testcase classname="transport routes Transport endpoints returns 400 and does fail when /v1/transport/containerVessel/details/saveAsDraft" name="transport routes Transport endpoints returns 400 and does fail when /v1/transport/containerVessel/details/saveAsDraft" time="0.001">
    </testcase>
    <testcase classname="transport routes Transport endpoints returns 500 and fails when all required fields given and valid but is 500 Internal Error" name="transport routes Transport endpoints returns 500 and fails when all required fields given and valid but is 500 Internal Error" time="0">
    </testcase>
    <testcase classname="transport routes Transport endpoints returns 500 and fails when all required fields given and valid but is 500 Internal Error when /v1/transport/containerVessel/details/saveAsDraft" name="transport routes Transport endpoints returns 500 and fails when all required fields given and valid but is 500 Internal Error when /v1/transport/containerVessel/details/saveAsDraft" time="0.001">
    </testcase>
    <testcase classname="transport routes Transport endpoints returns 200 and doesnt fail when we POST /v1/transport/add" name="transport routes Transport endpoints returns 200 and doesnt fail when we POST /v1/transport/add" time="0">
    </testcase>
    <testcase classname="transport routes Transport endpoints returns 500 and FAILS when we POST /v1/transport/add" name="transport routes Transport endpoints returns 500 and FAILS when we POST /v1/transport/add" time="0.001">
    </testcase>
    <testcase classname="transport routes Transport endpoints returns 400 and FAILS when we POST /v1/transport/add without a vehicle" name="transport routes Transport endpoints returns 400 and FAILS when we POST /v1/transport/add without a vehicle" time="0">
    </testcase>
    <testcase classname="transport routes Transport endpoints returns 400 and FAILS when we POST /v1/transport/add without a vehicle with arrival=true" name="transport routes Transport endpoints returns 400 and FAILS when we POST /v1/transport/add without a vehicle with arrival=true" time="0">
    </testcase>
    <testcase classname="transport routes Transport endpoints returns 200 and doesnt fail when we POST /v1/transport/add/saveAsDraft" name="transport routes Transport endpoints returns 200 and doesnt fail when we POST /v1/transport/add/saveAsDraft" time="0.001">
    </testcase>
    <testcase classname="transport routes Transport endpoints returns 500 and FAILS when we POST /v1/transport/add/saveAsDraft" name="transport routes Transport endpoints returns 500 and FAILS when we POST /v1/transport/add/saveAsDraft" time="0">
    </testcase>
    <testcase classname="transport routes Transport endpoints returns 400 and FAILS when we POST /v1/transport/add/saveAsDraft without a vehicle" name="transport routes Transport endpoints returns 400 and FAILS when we POST /v1/transport/add/saveAsDraft without a vehicle" time="0">
    </testcase>
    <testcase classname="transport routes Transport endpoints returns 302 and FAILS when we POST /v1/transport/add without a vehicle and acceptHtml" name="transport routes Transport endpoints returns 302 and FAILS when we POST /v1/transport/add without a vehicle and acceptHtml" time="0.001">
    </testcase>
    <testcase classname="transport routes Transport endpoints returns 302 and FAILS when we POST /v1/transport/add/saveAsDraft without a vehicle and acceptHtml" name="transport routes Transport endpoints returns 302 and FAILS when we POST /v1/transport/add/saveAsDraft without a vehicle and acceptHtml" time="0">
    </testcase>
    <testcase classname="transport routes Transport endpoints returns 200 when we GET /v1/transport/details/{journey}" name="transport routes Transport endpoints returns 200 when we GET /v1/transport/details/{journey}" time="0">
    </testcase>
    <testcase classname="transport routes Transport endpoints returns 500 when we GET /v1/transport/details/{journey}" name="transport routes Transport endpoints returns 500 when we GET /v1/transport/details/{journey}" time="0.001">
    </testcase>
    <testcase classname="transport routes Transport endpoints returns 200 when we POST an arrival /v1/transport/train/details" name="transport routes Transport endpoints returns 200 when we POST an arrival /v1/transport/train/details" time="0">
    </testcase>
    <testcase classname="transport routes Transport endpoints returns 400 when we POST an arrival with empty required strings /v1/transport/train/details" name="transport routes Transport endpoints returns 400 when we POST an arrival with empty required strings /v1/transport/train/details" time="0.001">
    </testcase>
    <testcase classname="transport routes Transport endpoints returns 400 when we POST an arrival /v1/transport/train/details" name="transport routes Transport endpoints returns 400 when we POST an arrival /v1/transport/train/details" time="0">
    </testcase>
    <testcase classname="transport routes Transport endpoints returns 200 when we POST an arrival /v1/transport/truck/details" name="transport routes Transport endpoints returns 200 when we POST an arrival /v1/transport/truck/details" time="0.001">
    </testcase>
    <testcase classname="transport routes Transport endpoints returns 200 when we POST an arrival with all required fields /v1/transport/truck/details" name="transport routes Transport endpoints returns 200 when we POST an arrival with all required fields /v1/transport/truck/details" time="0">
    </testcase>
    <testcase classname="transport routes Transport endpoints returns 400 when we POST an arrival /v1/transport/truck/details" name="transport routes Transport endpoints returns 400 when we POST an arrival /v1/transport/truck/details" time="0.001">
    </testcase>
    <testcase classname="transport routes Transport endpoints returns 400 when we POST an arrival when departureDate is past today&apos;s date /v1/transport/truck/details" name="transport routes Transport endpoints returns 400 when we POST an arrival when departureDate is past today&apos;s date /v1/transport/truck/details" time="0">
    </testcase>
    <testcase classname="transport routes Transport endpoints returns 400 when we POST an arrival when registrationNumber and placeOfUnloading are past empty to /v1/transport/truck/details" name="transport routes Transport endpoints returns 400 when we POST an arrival when registrationNumber and placeOfUnloading are past empty to /v1/transport/truck/details" time="0.001">
    </testcase>
    <testcase classname="transport routes Transport endpoints returns 200 when we POST an arrival when departureDate is before or equal to today&apos;s date /v1/transport/truck/details" name="transport routes Transport endpoints returns 200 when we POST an arrival when departureDate is before or equal to today&apos;s date /v1/transport/truck/details" time="0">
    </testcase>
    <testcase classname="transport routes Transport endpoints returns 400 when we POST an arrival when departureDate is past today&apos;s date /v1/transport/train/details" name="transport routes Transport endpoints returns 400 when we POST an arrival when departureDate is past today&apos;s date /v1/transport/train/details" time="0">
    </testcase>
    <testcase classname="transport routes Transport endpoints returns 400 when we POST an arrival when placeOfUnloading, railwayBillNumber and required arrival fields are empty /v1/transport/train/details" name="transport routes Transport endpoints returns 400 when we POST an arrival when placeOfUnloading, railwayBillNumber and required arrival fields are empty /v1/transport/train/details" time="0.001">
    </testcase>
    <testcase classname="transport routes Transport endpoints returns 200 when we POST an arrival when departureDate is before or equal to today&apos;s date /v1/transport/train/details" name="transport routes Transport endpoints returns 200 when we POST an arrival when departureDate is before or equal to today&apos;s date /v1/transport/train/details" time="0">
    </testcase>
    <testcase classname="transport routes Transport endpoints returns 400 when we POST an arrival when departureDate is past today&apos;s date and vessel and place of unloading are empty /v1/transport/containerVessel/details" name="transport routes Transport endpoints returns 400 when we POST an arrival when departureDate is past today&apos;s date and vessel and place of unloading are empty /v1/transport/containerVessel/details" time="0.001">
    </testcase>
    <testcase classname="transport routes Transport endpoints returns 200 when we POST an arrival when departureDate is before or equal to today&apos;s date /v1/transport/containerVessel/details" name="transport routes Transport endpoints returns 200 when we POST an arrival when departureDate is before or equal to today&apos;s date /v1/transport/containerVessel/details" time="0">
    </testcase>
    <testcase classname="transport routes Transport endpoints returns 400 when flagState is empty for arrival container vessel transport /v1/transport/containerVessel/details" name="transport routes Transport endpoints returns 400 when flagState is empty for arrival container vessel transport /v1/transport/containerVessel/details" time="0.001">
    </testcase>
    <testcase classname="transport routes Transport endpoints returns 400 when flagState has invalid characters for arrival container vessel transport /v1/transport/containerVessel/details" name="transport routes Transport endpoints returns 400 when flagState has invalid characters for arrival container vessel transport /v1/transport/containerVessel/details" time="0">
    </testcase>
    <testcase classname="transport routes Transport endpoints returns 400 when containerNumbers contains invalid characters for arrival container vessel transport /v1/transport/containerVessel/details" name="transport routes Transport endpoints returns 400 when containerNumbers contains invalid characters for arrival container vessel transport /v1/transport/containerVessel/details" time="0.001">
    </testcase>
    <testcase classname="transport routes Transport endpoints returns 400 when we POST an arrival when departureDate is past today&apos;s date and flight number and place of unloading are empty /v1/transport/plane/details" name="transport routes Transport endpoints returns 400 when we POST an arrival when departureDate is past today&apos;s date and flight number and place of unloading are empty /v1/transport/plane/details" time="0.001">
    </testcase>
    <testcase classname="transport routes Transport endpoints returns 200 when we POST an arrival when departureDate is before or equal to today&apos;s date /v1/transport/plane/details" name="transport routes Transport endpoints returns 200 when we POST an arrival when departureDate is before or equal to today&apos;s date /v1/transport/plane/details" time="0">
    </testcase>
    <testcase classname="transport routes Transport endpoints returns 400 when departureCountry is empty for arrival plane transport /v1/transport/plane/details" name="transport routes Transport endpoints returns 400 when departureCountry is empty for arrival plane transport /v1/transport/plane/details" time="0.001">
    </testcase>
    <testcase classname="transport routes Transport endpoints returns 400 when departurePort is empty for arrival plane transport /v1/transport/plane/details" name="transport routes Transport endpoints returns 400 when departurePort is empty for arrival plane transport /v1/transport/plane/details" time="0">
    </testcase>
    <testcase classname="transport routes Transport endpoints returns 400 when departureDate is empty for arrival plane transport /v1/transport/plane/details" name="transport routes Transport endpoints returns 400 when departureDate is empty for arrival plane transport /v1/transport/plane/details" time="0.001">
    </testcase>
  </testsuite>
  <testsuite name="toBackEndProductsLanded" errors="0" failures="0" skipped="0" timestamp="2026-08-13T14:24:15" time="0.059" tests="27">
    <testcase classname="toBackEndProductsLanded should convert from frontend ProductsLanded model to backend product model when all optional fields are included" name="toBackEndProductsLanded should convert from frontend ProductsLanded model to backend product model when all optional fields are included" time="0">
    </testcase>
    <testcase classname="toBackEndProductsLanded should convert from frontend ProductsLanded model to backend product model with admin values" name="toBackEndProductsLanded should convert from frontend ProductsLanded model to backend product model with admin values" time="0.001">
    </testcase>
    <testcase classname="toBackEndProductsLanded should convert from frontend ProductsLanded model to backend Product model when all optional fields are excluded" name="toBackEndProductsLanded should convert from frontend ProductsLanded model to backend Product model when all optional fields are excluded" time="0">
    </testcase>
    <testcase classname="toBackEndProductsLanded should allow for a landing with just an id" name="toBackEndProductsLanded should allow for a landing with just an id" time="0">
    </testcase>
    <testcase classname="toBackEndProductsLanded should allow for a landing with validation errors" name="toBackEndProductsLanded should allow for a landing with validation errors" time="0">
    </testcase>
    <testcase classname="toBackEndProductsLanded should allow for a landing with validation errors with no JS" name="toBackEndProductsLanded should allow for a landing with validation errors with no JS" time="0">
    </testcase>
    <testcase classname="toFrontEndProductLanded should return a frontend model when given a BE model" name="toFrontEndProductLanded should return a frontend model when given a BE model" time="0.001">
    </testcase>
    <testcase classname="toFrontEndProductLanded should allow for a landing with just an id" name="toFrontEndProductLanded should allow for a landing with just an id" time="0">
    </testcase>
    <testcase classname="toFrontEndProductLanded should allow for species code and label only" name="toFrontEndProductLanded should allow for species code and label only" time="0">
    </testcase>
    <testcase classname="toFrontEndProductLanded should have a vessel override property" name="toFrontEndProductLanded should have a vessel override property" time="0">
    </testcase>
    <testcase classname="toFrontEndProductLanded should have a admin species override values" name="toFrontEndProductLanded should have a admin species override values" time="0">
    </testcase>
    <testcase classname="toFrontEndProductsLanded should call toFrontEndProductLanded for each item in the input array" name="toFrontEndProductsLanded should call toFrontEndProductLanded for each item in the input array" time="0.001">
    </testcase>
    <testcase classname="toFrontEndProductsLanded should call toFrontEndProductLanded even if items array is empty" name="toFrontEndProductsLanded should call toFrontEndProductLanded even if items array is empty" time="0">
    </testcase>
    <testcase classname="toFrontEndProductsLanded should call toFrontEndProductLanded when the input is undefined" name="toFrontEndProductsLanded should call toFrontEndProductLanded when the input is undefined" time="0">
    </testcase>
    <testcase classname="getNumberOfUniqueLandings returns the number of unique landings in a ProductsLanded object" name="getNumberOfUniqueLandings returns the number of unique landings in a ProductsLanded object" time="0">
    </testcase>
    <testcase classname="toFrontEndDirectLanding should return a direct landing for a single product" name="toFrontEndDirectLanding should return a direct landing for a single product" time="0">
    </testcase>
    <testcase classname="toFrontEndDirectLanding should return a direct landing for a single product with admin values" name="toFrontEndDirectLanding should return a direct landing for a single product with admin values" time="0.001">
    </testcase>
    <testcase classname="toFrontEndDirectLanding should return a direct landing for a multiple products" name="toFrontEndDirectLanding should return a direct landing for a multiple products" time="0">
    </testcase>
    <testcase classname="toFrontEndDirectLanding should return a direct landing for multiple products with vary levels of data" name="toFrontEndDirectLanding should return a direct landing for multiple products with vary levels of data" time="0">
    </testcase>
    <testcase classname="toFrontEndDirectLanding should return a direct landing with the minimum data for a product" name="toFrontEndDirectLanding should return a direct landing with the minimum data for a product" time="0">
    </testcase>
    <testcase classname="toFrontEndDirectLanding should return a direct landing with no products" name="toFrontEndDirectLanding should return a direct landing with no products" time="0">
    </testcase>
    <testcase classname="toFrontEndDirectLanding should return a direct landing with no landings" name="toFrontEndDirectLanding should return a direct landing with no landings" time="0">
    </testcase>
    <testcase classname="toFrontEndValidationFailure will map IExportCertificateResults to ValidationFailure[]" name="toFrontEndValidationFailure will map IExportCertificateResults to ValidationFailure[]" time="0">
    </testcase>
    <testcase classname="toProduct should map a payload containing a product to a Product" name="toProduct should map a payload containing a product to a Product" time="0.001">
    </testcase>
    <testcase classname="toProduct should map a payload containing a product to a Product with admin values" name="toProduct should map a payload containing a product to a Product with admin values" time="0">
    </testcase>
    <testcase classname="toProduct should map a payload containing an undefined product to a Product" name="toProduct should map a payload containing an undefined product to a Product" time="0">
    </testcase>
    <testcase classname="toProduct should map an undefined to a Product" name="toProduct should map an undefined to a Product" time="0">
    </testcase>
  </testsuite>
  <testsuite name="Document controller" errors="0" failures="0" skipped="0" timestamp="2026-08-13T14:24:15" time="0.631" tests="42">
    <testcase classname="Document controller When creating a new draft And the journey is CC It will fulfill the request successfully When the draft validator says it is OK to proceed" name="Document controller When creating a new draft And the journey is CC It will fulfill the request successfully When the draft validator says it is OK to proceed" time="0.001">
    </testcase>
    <testcase classname="Document controller When creating a new draft And the journey is CC It will fulfill the request successfully When the draft created by FES-API for CC" name="Document controller When creating a new draft And the journey is CC It will fulfill the request successfully When the draft created by FES-API for CC" time="0">
    </testcase>
    <testcase classname="Document controller When creating a new draft And the journey is CC It will fulfill the request successfully When the draft created by MMO-FE-CC-V2 for CC" name="Document controller When creating a new draft And the journey is CC It will fulfill the request successfully When the draft created by MMO-FE-CC-V2 for CC" time="0.001">
    </testcase>
    <testcase classname="Document controller When creating a new draft And the journey is CC It will fulfill the request successfully When the request is from an admin will send requestByAdmin as true for an MMO-ECC-Service-Management" name="Document controller When creating a new draft And the journey is CC It will fulfill the request successfully When the request is from an admin will send requestByAdmin as true for an MMO-ECC-Service-Management" time="0">
    </testcase>
    <testcase classname="Document controller When creating a new draft And the journey is CC It will fulfill the request successfully When the request is from an admin will send requestByAdmin as true for an MMO-ECC-Support-User" name="Document controller When creating a new draft And the journey is CC It will fulfill the request successfully When the request is from an admin will send requestByAdmin as true for an MMO-ECC-Support-User" time="0">
    </testcase>
    <testcase classname="Document controller When creating a new draft And the journey is CC It will fulfill the request successfully When the request is from an admin will send requestByAdmin as false if roles is not defined" name="Document controller When creating a new draft And the journey is CC It will fulfill the request successfully When the request is from an admin will send requestByAdmin as false if roles is not defined" time="0">
    </testcase>
    <testcase classname="Document controller When creating a new draft And the journey is CC It will fulfill the request successfully will create a draft and fail gracefully if the report draft API call errors" name="Document controller When creating a new draft And the journey is CC It will fulfill the request successfully will create a draft and fail gracefully if the report draft API call errors" time="0">
    </testcase>
    <testcase classname="Document controller When creating a new draft And the journey is CC It will fail the request When the draft validator says it is NOT OK to proceed" name="Document controller When creating a new draft And the journey is CC It will fail the request When the draft validator says it is NOT OK to proceed" time="0.001">
    </testcase>
    <testcase classname="Document controller When creating a new draft And the journey is CC It will fail the request When something goes wrong when checking if user can create draft" name="Document controller When creating a new draft And the journey is CC It will fail the request When something goes wrong when checking if user can create draft" time="0">
    </testcase>
    <testcase classname="Document controller When creating a new draft And the journey is CC It will fail the request When something goes wrong when creating the draft" name="Document controller When creating a new draft And the journey is CC It will fail the request When something goes wrong when creating the draft" time="0">
    </testcase>
    <testcase classname="Document controller When creating a new draft And the journey is SD It will fulfill the request successfully When the draft created by FES-API for SD" name="Document controller When creating a new draft And the journey is SD It will fulfill the request successfully When the draft created by FES-API for SD" time="0.001">
    </testcase>
    <testcase classname="Document controller When creating a new draft And the journey is SD It will fulfill the request successfully When the draft validator says it is OK to proceed" name="Document controller When creating a new draft And the journey is SD It will fulfill the request successfully When the draft validator says it is OK to proceed" time="0">
    </testcase>
    <testcase classname="Document controller When creating a new draft And the journey is SD It will fulfill the request successfully When the draft created by MMO-FE-CC-V2 for SD" name="Document controller When creating a new draft And the journey is SD It will fulfill the request successfully When the draft created by MMO-FE-CC-V2 for SD" time="0">
    </testcase>
    <testcase classname="Document controller When creating a new draft And the journey is SD It will fulfill the request successfully When the request is from an admin will send requestByAdmin as true for an MMO-ECC-Service-Management" name="Document controller When creating a new draft And the journey is SD It will fulfill the request successfully When the request is from an admin will send requestByAdmin as true for an MMO-ECC-Service-Management" time="0">
    </testcase>
    <testcase classname="Document controller When creating a new draft And the journey is SD It will fulfill the request successfully When the request is from an admin will send requestByAdmin as true for an MMO-ECC-Support-User" name="Document controller When creating a new draft And the journey is SD It will fulfill the request successfully When the request is from an admin will send requestByAdmin as true for an MMO-ECC-Support-User" time="0">
    </testcase>
    <testcase classname="Document controller When creating a new draft And the journey is SD It will fulfill the request successfully When the request is from an admin will send requestByAdmin as false if roles is not defined" name="Document controller When creating a new draft And the journey is SD It will fulfill the request successfully When the request is from an admin will send requestByAdmin as false if roles is not defined" time="0">
    </testcase>
    <testcase classname="Document controller When creating a new draft And the journey is SD It will fulfill the request successfully will create a draft and fail gracefully if the report draft API call errors" name="Document controller When creating a new draft And the journey is SD It will fulfill the request successfully will create a draft and fail gracefully if the report draft API call errors" time="0">
    </testcase>
    <testcase classname="Document controller When creating a new draft And the journey is SD It will fail the request When the draft validator says it is NOT OK to proceed" name="Document controller When creating a new draft And the journey is SD It will fail the request When the draft validator says it is NOT OK to proceed" time="0">
    </testcase>
    <testcase classname="Document controller When creating a new draft And the journey is SD It will fail the request When something goes wrong when checking if user can create draft" name="Document controller When creating a new draft And the journey is SD It will fail the request When something goes wrong when checking if user can create draft" time="0">
    </testcase>
    <testcase classname="Document controller When creating a new draft And the journey is SD It will fail the request When something goes wrong when creating the draft" name="Document controller When creating a new draft And the journey is SD It will fail the request When something goes wrong when creating the draft" time="0">
    </testcase>
    <testcase classname="Document controller When creating a new draft And the journey is PS It will fulfill the request successfully When the draft created by FES-API for PS" name="Document controller When creating a new draft And the journey is PS It will fulfill the request successfully When the draft created by FES-API for PS" time="0">
    </testcase>
    <testcase classname="Document controller When creating a new draft And the journey is PS It will fulfill the request successfully When the draft created by MMO-FE-CC-V2 for PS" name="Document controller When creating a new draft And the journey is PS It will fulfill the request successfully When the draft created by MMO-FE-CC-V2 for PS" time="0">
    </testcase>
    <testcase classname="Document controller When creating a new draft And the journey is PS It will fulfill the request successfully When the draft validator says it is OK to proceed" name="Document controller When creating a new draft And the journey is PS It will fulfill the request successfully When the draft validator says it is OK to proceed" time="0">
    </testcase>
    <testcase classname="Document controller When creating a new draft And the journey is PS It will fulfill the request successfully When the request is from an admin will send requestByAdmin as true for an MMO-ECC-Service-Management" name="Document controller When creating a new draft And the journey is PS It will fulfill the request successfully When the request is from an admin will send requestByAdmin as true for an MMO-ECC-Service-Management" time="0">
    </testcase>
    <testcase classname="Document controller When creating a new draft And the journey is PS It will fulfill the request successfully When the request is from an admin will send requestByAdmin as true for an MMO-ECC-Support-User" name="Document controller When creating a new draft And the journey is PS It will fulfill the request successfully When the request is from an admin will send requestByAdmin as true for an MMO-ECC-Support-User" time="0.001">
    </testcase>
    <testcase classname="Document controller When creating a new draft And the journey is PS It will fulfill the request successfully When the request is from an admin will send requestByAdmin as false if roles is not defined" name="Document controller When creating a new draft And the journey is PS It will fulfill the request successfully When the request is from an admin will send requestByAdmin as false if roles is not defined" time="0">
    </testcase>
    <testcase classname="Document controller When creating a new draft And the journey is PS It will fulfill the request successfully will create a draft and fail gracefully if the report draft API call errors" name="Document controller When creating a new draft And the journey is PS It will fulfill the request successfully will create a draft and fail gracefully if the report draft API call errors" time="0.006">
    </testcase>
    <testcase classname="Document controller When creating a new draft And the journey is PS It will fail the request When the draft validator says it is NOT OK to proceed" name="Document controller When creating a new draft And the journey is PS It will fail the request When the draft validator says it is NOT OK to proceed" time="0">
    </testcase>
    <testcase classname="Document controller When creating a new draft And the journey is PS It will fail the request When something goes wrong when checking if user can create draft" name="Document controller When creating a new draft And the journey is PS It will fail the request When something goes wrong when checking if user can create draft" time="0">
    </testcase>
    <testcase classname="Document controller When creating a new draft And the journey is PS It will fail the request When something goes wrong when creating the draft" name="Document controller When creating a new draft And the journey is PS It will fail the request When something goes wrong when creating the draft" time="0">
    </testcase>
    <testcase classname="Document controller getCompletedDocument should return document data if it is returned" name="Document controller getCompletedDocument should return document data if it is returned" time="0.001">
    </testcase>
    <testcase classname="Document controller getCompletedDocument should return 404 if no data is returned" name="Document controller getCompletedDocument should return 404 if no data is returned" time="0">
    </testcase>
    <testcase classname="Document controller getDocumentFromRedis should return document data if it is returned" name="Document controller getDocumentFromRedis should return document data if it is returned" time="0">
    </testcase>
    <testcase classname="Document controller getAllDocuments case default" name="Document controller getAllDocuments case default" time="0">
    </testcase>
    <testcase classname="Document controller getAllDocuments case catchCerts" name="Document controller getAllDocuments case catchCerts" time="0">
    </testcase>
    <testcase classname="Document controller getAllDocuments case processingStatement" name="Document controller getAllDocuments case processingStatement" time="0">
    </testcase>
    <testcase classname="Document controller getAllDocuments case storageNote" name="Document controller getAllDocuments case storageNote" time="0">
    </testcase>
    <testcase classname="Document controller getAllDocuments when exception thrown" name="Document controller getAllDocuments when exception thrown" time="0.001">
    </testcase>
    <testcase classname="Document controller getDocumentPdf should return document data if it is returned" name="Document controller getDocumentPdf should return document data if it is returned" time="0">
    </testcase>
    <testcase classname="Document controller getDocumentPdf should return 404 if no data is returned" name="Document controller getDocumentPdf should return 404 if no data is returned" time="0">
    </testcase>
    <testcase classname="Document controller getCompletedDocuments should return completed documents" name="Document controller getCompletedDocuments should return completed documents" time="0">
    </testcase>
    <testcase classname="Document controller getCompletedDocuments should return compledted documents when pageNumber and limit are provided" name="Document controller getCompletedDocuments should return compledted documents when pageNumber and limit are provided" time="0">
    </testcase>
  </testsuite>
  <testsuite name="When newing up a new processing statement" errors="0" failures="0" skipped="0" timestamp="2026-08-13T14:24:15" time="1.094" tests="44">
    <testcase classname="When newing up a new processing statement Will uppercase catch certificates numbers" name="When newing up a new processing statement Will uppercase catch certificates numbers" time="0.001">
    </testcase>
    <testcase classname="When mapping a back end Processing statement to front end should return a valid document number data object when called with a processing statement" name="When mapping a back end Processing statement to front end should return a valid document number data object when called with a processing statement" time="0">
    </testcase>
    <testcase classname="When mapping a back end Processing statement to front end Will return a valid front end export data object for processing statement" name="When mapping a back end Processing statement to front end Will return a valid front end export data object for processing statement" time="0.001">
    </testcase>
    <testcase classname="When mapping a back end Processing statement to front end Will return a valid front end export data object with the minimum required data" name="When mapping a back end Processing statement to front end Will return a valid front end export data object with the minimum required data" time="0">
    </testcase>
    <testcase classname="When mapping a back end Processing statement to front end Will return a valid front end export data object with an old exportedTo property" name="When mapping a back end Processing statement to front end Will return a valid front end export data object with an old exportedTo property" time="0">
    </testcase>
    <testcase classname="When mapping a back end Processing statement to front end should return validation errors for a processing statement with a future health certificate date" name="When mapping a back end Processing statement to front end should return validation errors for a processing statement with a future health certificate date" time="0">
    </testcase>
    <testcase classname="When adding total weight landed to catches should not make a call to REDIS if the catch certificate type is not defined" name="When adding total weight landed to catches should not make a call to REDIS if the catch certificate type is not defined" time="0.001">
    </testcase>
    <testcase classname="When adding total weight landed to catches should not make a call to REDIS if the catches array is empty" name="When adding total weight landed to catches should not make a call to REDIS if the catches array is empty" time="0">
    </testcase>
    <testcase classname="When adding total weight landed to catches should not make a call to REDIS if the catch certificate type is not UK" name="When adding total weight landed to catches should not make a call to REDIS if the catch certificate type is not UK" time="0">
    </testcase>
    <testcase classname="When adding total weight landed to catches should make a call to REDIS if the catch certificate type is UK" name="When adding total weight landed to catches should make a call to REDIS if the catch certificate type is UK" time="0">
    </testcase>
    <testcase classname="When adding total weight landed to catches should make multiple calls to REDIS if we have more than one catch with a catch certificate type UK" name="When adding total weight landed to catches should make multiple calls to REDIS if we have more than one catch with a catch certificate type UK" time="0.001">
    </testcase>
    <testcase classname="When adding total weight landed to catches should update catch with totalWeightLanded if the catch certificate type is UK" name="When adding total weight landed to catches should update catch with totalWeightLanded if the catch certificate type is UK" time="0">
    </testcase>
    <testcase classname="When adding total weight landed to catches should update catch with totalWeightLanded to 2 d.p. if the catch certificate type is UK" name="When adding total weight landed to catches should update catch with totalWeightLanded to 2 d.p. if the catch certificate type is UK" time="0">
    </testcase>
    <testcase classname="When adding total weight landed to catches should update catch with totalWeightLanded if the catch certificate type is UK and we find a matching specie by specieCode" name="When adding total weight landed to catches should update catch with totalWeightLanded if the catch certificate type is UK and we find a matching specie by specieCode" time="0">
    </testcase>
    <testcase classname="When adding total weight landed to catches should not update catch with totalWeightLanded if the catch certificate type is UK and we do not find a matching specie by specieCode" name="When adding total weight landed to catches should not update catch with totalWeightLanded if the catch certificate type is UK and we do not find a matching specie by specieCode" time="0">
    </testcase>
    <testcase classname="When adding total weight landed to catches will not update totalWeightLanded if a completed catch certificate is not found" name="When adding total weight landed to catches will not update totalWeightLanded if a completed catch certificate is not found" time="0.001">
    </testcase>
    <testcase classname="When adding total weight landed to catches will not update totalWeightLanded if no completed catch certificate are available" name="When adding total weight landed to catches will not update totalWeightLanded if no completed catch certificate are available" time="0">
    </testcase>
    <testcase classname="When adding total weight landed to catches will not update totalWeightLanded if the completed catch certificate has no products" name="When adding total weight landed to catches will not update totalWeightLanded if the completed catch certificate has no products" time="0">
    </testcase>
    <testcase classname="When adding total weight landed to catches will not update totalWeightLanded if the completed catch certificate has no matching species" name="When adding total weight landed to catches will not update totalWeightLanded if the completed catch certificate has no matching species" time="0">
    </testcase>
    <testcase classname="When adding total weight landed to catches will not update totalWeightLanded if the completed catch certificate does not contain speciefied species" name="When adding total weight landed to catches will not update totalWeightLanded if the completed catch certificate does not contain speciefied species" time="0">
    </testcase>
    <testcase classname="When adding total weight landed to catches should not update catch with totalWeightLanded if the catch certificate if not found on the completed CC" name="When adding total weight landed to catches should not update catch with totalWeightLanded if the catch certificate if not found on the completed CC" time="0">
    </testcase>
    <testcase classname="When saving a Processing Statement should generate a unique _id for each catch" name="When saving a Processing Statement should generate a unique _id for each catch" time="0.007">
    </testcase>
    <testcase classname="cloneProcessingStatement will copy the author details" name="cloneProcessingStatement will copy the author details" time="0">
    </testcase>
    <testcase classname="cloneProcessingStatement will update the created at date" name="cloneProcessingStatement will update the created at date" time="0">
    </testcase>
    <testcase classname="cloneProcessingStatement will set the document status to draft" name="cloneProcessingStatement will set the document status to draft" time="0">
    </testcase>
    <testcase classname="cloneProcessingStatement will update the document number" name="cloneProcessingStatement will update the document number" time="0">
    </testcase>
    <testcase classname="cloneProcessingStatement will set requestByAdmin to be false" name="cloneProcessingStatement will set requestByAdmin to be false" time="0.001">
    </testcase>
    <testcase classname="cloneProcessingStatement will update the export data details" name="cloneProcessingStatement will update the export data details" time="0">
    </testcase>
    <testcase classname="cloneProcessingStatement will set a certificate type" name="cloneProcessingStatement will set a certificate type" time="0">
    </testcase>
    <testcase classname="cloneExportData will copy the exporter details" name="cloneExportData will copy the exporter details" time="0">
    </testcase>
    <testcase classname="cloneExportData will update the catches details if there are any" name="cloneExportData will update the catches details if there are any" time="0">
    </testcase>
    <testcase classname="cloneExportData will copy products added to the original processing statement" name="cloneExportData will copy products added to the original processing statement" time="0">
    </testcase>
    <testcase classname="cloneExportData - with an old exportedTo will copy and map exportedTo into the currently supported format" name="cloneExportData - with an old exportedTo will copy and map exportedTo into the currently supported format" time="0">
    </testcase>
    <testcase classname="cloneCatch will update the catch id" name="cloneCatch will update the catch id" time="0">
    </testcase>
    <testcase classname="cloneCatch will keep all the other fields the same" name="cloneCatch will keep all the other fields the same" time="0">
    </testcase>
    <testcase classname="cloneCatch will not clone catches missing productId or productDescription" name="cloneCatch will not clone catches missing productId or productDescription" time="0">
    </testcase>
    <testcase classname="Dealing with old ProcessingPlant Address isOldProcessingPlantAddress should return false if address is in new format" name="Dealing with old ProcessingPlant Address isOldProcessingPlantAddress should return false if address is in new format" time="0">
    </testcase>
    <testcase classname="Dealing with old ProcessingPlant Address isOldProcessingPlantAddress should return false if address is in new format with no export data" name="Dealing with old ProcessingPlant Address isOldProcessingPlantAddress should return false if address is in new format with no export data" time="0">
    </testcase>
    <testcase classname="Dealing with old ProcessingPlant Address isOldProcessingPlantAddress should return false if address is in new format with no plant name" name="Dealing with old ProcessingPlant Address isOldProcessingPlantAddress should return false if address is in new format with no plant name" time="0">
    </testcase>
    <testcase classname="Dealing with old ProcessingPlant Address isOldProcessingPlantAddress should return true if address is in old format" name="Dealing with old ProcessingPlant Address isOldProcessingPlantAddress should return true if address is in old format" time="0">
    </testcase>
    <testcase classname="Dealing with old ProcessingPlant Address clearOldProcessingPlantAddress should clear old Processing Plant address" name="Dealing with old ProcessingPlant Address clearOldProcessingPlantAddress should clear old Processing Plant address" time="0.001">
    </testcase>
    <testcase classname="When mapping old and new Processing statement plant address to front end should return &apos;_plantDetailsUpdated=true&apos; with an old address processing plant format" name="When mapping old and new Processing statement plant address to front end should return &apos;_plantDetailsUpdated=true&apos; with an old address processing plant format" time="0">
    </testcase>
    <testcase classname="When mapping old and new Processing statement plant address to front end should return &apos;_plantDetailsUpdated = false&apos; with a new format address for processing plant" name="When mapping old and new Processing statement plant address to front end should return &apos;_plantDetailsUpdated = false&apos; with a new format address for processing plant" time="0">
    </testcase>
    <testcase classname="When mapping old and new Processing statement plant address to front end should return the default &apos;_plantDetailsUpdated = false&apos; when the format of the address for processing plant is unknown whether old one or the newer" name="When mapping old and new Processing statement plant address to front end should return the default &apos;_plantDetailsUpdated = false&apos; when the format of the address for processing plant is unknown whether old one or the newer" time="0">
    </testcase>
  </testsuite>
  <testsuite name="Certificate Controller" errors="0" failures="0" skipped="0" timestamp="2026-08-13T14:24:16" time="0.176" tests="20">
    <testcase classname="Certificate Controller getSummaryCertificate will return the summary data for a catch certificate" name="Certificate Controller getSummaryCertificate will return the summary data for a catch certificate" time="0.002">
    </testcase>
    <testcase classname="Certificate Controller getSummaryCertificate will return the summary data for a catch certificate with admin values" name="Certificate Controller getSummaryCertificate will return the summary data for a catch certificate with admin values" time="0">
    </testcase>
    <testcase classname="Certificate Controller getSummaryCertificate will return null if document can not be found" name="Certificate Controller getSummaryCertificate will return null if document can not be found" time="0">
    </testcase>
    <testcase classname="Certificate Controller getSummaryCertificate will return no validation errors if summary errors can not be found" name="Certificate Controller getSummaryCertificate will return no validation errors if summary errors can not be found" time="0.001">
    </testcase>
    <testcase classname="Certificate Controller getSummaryCertificate will catch any errors thrown when getting document" name="Certificate Controller getSummaryCertificate will catch any errors thrown when getting document" time="0.003">
    </testcase>
    <testcase classname="Certificate Controller getSummaryCertificate will catch any errors thrown when getting certificate errors" name="Certificate Controller getSummaryCertificate will catch any errors thrown when getting certificate errors" time="0">
    </testcase>
    <testcase classname="Certificate Controller getEuDataIntegrationStatus will return null if the document cannot be found" name="Certificate Controller getEuDataIntegrationStatus will return null if the document cannot be found" time="0">
    </testcase>
    <testcase classname="Certificate Controller getEuDataIntegrationStatus will return null if the document has no catchSubmission" name="Certificate Controller getEuDataIntegrationStatus will return null if the document has no catchSubmission" time="0.001">
    </testcase>
    <testcase classname="Certificate Controller getEuDataIntegrationStatus will return catchSubmission status does not match params status" name="Certificate Controller getEuDataIntegrationStatus will return catchSubmission status does not match params status" time="0">
    </testcase>
    <testcase classname="Certificate Controller getEuDataIntegrationStatus will return catchSubmission when available and status matches" name="Certificate Controller getEuDataIntegrationStatus will return catchSubmission when available and status matches" time="0">
    </testcase>
    <testcase classname="Certificate Controller getEuDataIntegrationStatus will return catchSubmission with FAILURE status when status matches" name="Certificate Controller getEuDataIntegrationStatus will return catchSubmission with FAILURE status when status matches" time="0">
    </testcase>
    <testcase classname="Certificate Controller getEuDataIntegrationStatus will return catchSubmission with IN_PROGRESS status when status matches" name="Certificate Controller getEuDataIntegrationStatus will return catchSubmission with IN_PROGRESS status when status matches" time="0">
    </testcase>
    <testcase classname="Certificate Controller getEuDataIntegrationStatus will catch and log errors when getting the document" name="Certificate Controller getEuDataIntegrationStatus will catch and log errors when getting the document" time="0.001">
    </testcase>
    <testcase classname="Certificate Controller getEuDataIntegrationStatus will handle PS document type and return catchSubmission when available" name="Certificate Controller getEuDataIntegrationStatus will handle PS document type and return catchSubmission when available" time="0">
    </testcase>
    <testcase classname="Certificate Controller getEuDataIntegrationStatus will handle PS document type and return null when document not found" name="Certificate Controller getEuDataIntegrationStatus will handle PS document type and return null when document not found" time="0">
    </testcase>
    <testcase classname="Certificate Controller getEuDataIntegrationStatus will handle PS document type and catch errors" name="Certificate Controller getEuDataIntegrationStatus will handle PS document type and catch errors" time="0">
    </testcase>
    <testcase classname="Certificate Controller getEuDataIntegrationStatus will handle SD document type and return catchSubmission when available" name="Certificate Controller getEuDataIntegrationStatus will handle SD document type and return catchSubmission when available" time="0">
    </testcase>
    <testcase classname="Certificate Controller getEuDataIntegrationStatus will handle SD document type and return null when document not found" name="Certificate Controller getEuDataIntegrationStatus will handle SD document type and return null when document not found" time="0.001">
    </testcase>
    <testcase classname="Certificate Controller getEuDataIntegrationStatus will handle SD document type and catch errors" name="Certificate Controller getEuDataIntegrationStatus will handle SD document type and catch errors" time="0">
    </testcase>
    <testcase classname="Certificate Controller getEuDataIntegrationStatus will log info for unsupported document type and return null" name="Certificate Controller getEuDataIntegrationStatus will log info for unsupported document type and return null" time="0">
    </testcase>
  </testsuite>
  <testsuite name="uploads routes" errors="0" failures="0" skipped="0" timestamp="2026-08-13T14:24:17" time="0.363" tests="43">
    <testcase classname="uploads routes POST /uploads/landings will return 200 ok for a valid request" name="uploads routes POST /uploads/landings will return 200 ok for a valid request" time="0.007">
    </testcase>
    <testcase classname="uploads routes POST /uploads/landings will pass the file from the payload into the controller" name="uploads routes POST /uploads/landings will pass the file from the payload into the controller" time="0.003">
    </testcase>
    <testcase classname="uploads routes POST /uploads/landings will return 400 bad request for a empty request" name="uploads routes POST /uploads/landings will return 400 bad request for a empty request" time="0.001">
    </testcase>
    <testcase classname="uploads routes POST /uploads/landings will return 400 bad request for a payload that is too large" name="uploads routes POST /uploads/landings will return 400 bad request for a payload that is too large" time="0.001">
    </testcase>
    <testcase classname="uploads routes POST /uploads/landings will return 400 bad request for an incorrect file type" name="uploads routes POST /uploads/landings will return 400 bad request for an incorrect file type" time="0">
    </testcase>
    <testcase classname="uploads routes POST /uploads/landings will return 400 bad request if error.upload.min-landings error is thrown" name="uploads routes POST /uploads/landings will return 400 bad request if error.upload.min-landings error is thrown" time="0.002">
    </testcase>
    <testcase classname="uploads routes POST /uploads/landings will return 400 bad request if error.upload.max-landings error is thrown" name="uploads routes POST /uploads/landings will return 400 bad request if error.upload.max-landings error is thrown" time="0.001">
    </testcase>
    <testcase classname="uploads routes POST /uploads/landings will return 400 bad request if any other errors are thrown" name="uploads routes POST /uploads/landings will return 400 bad request if any other errors are thrown" time="0.002">
    </testcase>
    <testcase classname="uploads routes POST /uploads/landings will return 403 unauthorised if the user doesnt have access to the document" name="uploads routes POST /uploads/landings will return 403 unauthorised if the user doesnt have access to the document" time="0">
    </testcase>
    <testcase classname="uploads routes POST /uploads/landings will return 400 bad request, invalid-columns error if a virus was detected" name="uploads routes POST /uploads/landings will return 400 bad request, invalid-columns error if a virus was detected" time="0.001">
    </testcase>
    <testcase classname="uploads routes POST /uploads/landings will return 400 bad request, av-failed error if a virusDetected is undefined" name="uploads routes POST /uploads/landings will return 400 bad request, av-failed error if a virusDetected is undefined" time="0.002">
    </testcase>
    <testcase classname="uploads routes POST /uploads/landings will return 400 bad request if error.upload.min-landings" name="uploads routes POST /uploads/landings will return 400 bad request if error.upload.min-landings" time="0">
    </testcase>
    <testcase classname="uploads routes POST v2/uploads/landings will return 200 ok for a valid request" name="uploads routes POST v2/uploads/landings will return 200 ok for a valid request" time="0.002">
    </testcase>
    <testcase classname="uploads routes POST v2/uploads/landings will pass the file from the payload into the controller" name="uploads routes POST v2/uploads/landings will pass the file from the payload into the controller" time="0.001">
    </testcase>
    <testcase classname="uploads routes POST v2/uploads/landings will return 400 bad request for a empty request" name="uploads routes POST v2/uploads/landings will return 400 bad request for a empty request" time="0">
    </testcase>
    <testcase classname="uploads routes POST v2/uploads/landings will return 400 bad request for missing file in payload" name="uploads routes POST v2/uploads/landings will return 400 bad request for missing file in payload" time="0">
    </testcase>
    <testcase classname="uploads routes POST v2/uploads/landings will return 400 bad request for a payload that is too large" name="uploads routes POST v2/uploads/landings will return 400 bad request for a payload that is too large" time="0">
    </testcase>
    <testcase classname="uploads routes POST v2/uploads/landings will return 400 bad request for an incorrect file type" name="uploads routes POST v2/uploads/landings will return 400 bad request for an incorrect file type" time="0">
    </testcase>
    <testcase classname="uploads routes POST v2/uploads/landings will return 400 bad request if error.upload.min-landings error is thrown" name="uploads routes POST v2/uploads/landings will return 400 bad request if error.upload.min-landings error is thrown" time="0.001">
    </testcase>
    <testcase classname="uploads routes POST v2/uploads/landings will return 400 bad request if error.upload.max-landings error is thrown" name="uploads routes POST v2/uploads/landings will return 400 bad request if error.upload.max-landings error is thrown" time="0.001">
    </testcase>
    <testcase classname="uploads routes POST v2/uploads/landings will return 400 bad request if any other errors are thrown" name="uploads routes POST v2/uploads/landings will return 400 bad request if any other errors are thrown" time="0.001">
    </testcase>
    <testcase classname="uploads routes POST v2/uploads/landings will return 403 unauthorised if the user doesnt have access to the document" name="uploads routes POST v2/uploads/landings will return 403 unauthorised if the user doesnt have access to the document" time="0.008">
    </testcase>
    <testcase classname="uploads routes POST v2/uploads/landings will return 400 bad request, invalid-columns error if a virus was detected" name="uploads routes POST v2/uploads/landings will return 400 bad request, invalid-columns error if a virus was detected" time="0.001">
    </testcase>
    <testcase classname="uploads routes POST v2/uploads/landings will return 400 bad request, av-failed error if a virusDetected is undefined" name="uploads routes POST v2/uploads/landings will return 400 bad request, av-failed error if a virusDetected is undefined" time="0.001">
    </testcase>
    <testcase classname="uploads routes POST v2/uploads/landings will return 400 bad request if error.upload.min-landings" name="uploads routes POST v2/uploads/landings will return 400 bad request if error.upload.min-landings" time="0">
    </testcase>
    <testcase classname="uploads routes POST /save/landings should return 200 OK" name="uploads routes POST /save/landings should return 200 OK" time="0.001">
    </testcase>
    <testcase classname="uploads routes POST /save/landings should redirect 302 if payload errors when JS not enabled" name="uploads routes POST /save/landings should redirect 302 if payload errors when JS not enabled" time="0.001">
    </testcase>
    <testcase classname="uploads routes POST /save/landings should return 400 Bad Request if payload has no rows" name="uploads routes POST /save/landings should return 400 Bad Request if payload has no rows" time="0">
    </testcase>
    <testcase classname="uploads routes POST /save/landings should return 400 Bad Request if payload has empty rows" name="uploads routes POST /save/landings should return 400 Bad Request if payload has empty rows" time="0">
    </testcase>
    <testcase classname="uploads routes POST /save/landings should return 400 Bad Request if there are more than 100 landings within the payload" name="uploads routes POST /save/landings should return 400 Bad Request if there are more than 100 landings within the payload" time="0.001">
    </testcase>
    <testcase classname="uploads routes POST /save/landings should return 403 Unauthorised" name="uploads routes POST /save/landings should return 403 Unauthorised" time="0">
    </testcase>
    <testcase classname="uploads routes POST /save/landings should return 500 Internal Server Error if any errors occur" name="uploads routes POST /save/landings should return 500 Internal Server Error if any errors occur" time="0">
    </testcase>
    <testcase classname="uploads routes POST v2/save/landings should return 200 OK" name="uploads routes POST v2/save/landings should return 200 OK" time="0.001">
    </testcase>
    <testcase classname="uploads routes POST v2/save/landings should return 400 Bad Request if payload does not contain a uri" name="uploads routes POST v2/save/landings should return 400 Bad Request if payload does not contain a uri" time="0">
    </testcase>
    <testcase classname="uploads routes POST v2/save/landings should return 400 Bad Request if rows is undefined" name="uploads routes POST v2/save/landings should return 400 Bad Request if rows is undefined" time="0">
    </testcase>
    <testcase classname="uploads routes POST v2/save/landings should return 400 Bad Request if rows is null" name="uploads routes POST v2/save/landings should return 400 Bad Request if rows is null" time="0">
    </testcase>
    <testcase classname="uploads routes POST v2/save/landings should return 400 Bad Request if rows is empty rows" name="uploads routes POST v2/save/landings should return 400 Bad Request if rows is empty rows" time="0">
    </testcase>
    <testcase classname="uploads routes POST v2/save/landings should return 400 Bad Request if there are more than 100 landings" name="uploads routes POST v2/save/landings should return 400 Bad Request if there are more than 100 landings" time="0">
    </testcase>
    <testcase classname="uploads routes POST v2/save/landings should return 403 Unauthorised" name="uploads routes POST v2/save/landings should return 403 Unauthorised" time="0.001">
    </testcase>
    <testcase classname="uploads routes POST v2/save/landings should return 500 Internal Server Error if any errors occur" name="uploads routes POST v2/save/landings should return 500 Internal Server Error if any errors occur" time="0">
    </testcase>
    <testcase classname="uploads routes POST v2/clear/landings should return 200 OK" name="uploads routes POST v2/clear/landings should return 200 OK" time="0">
    </testcase>
    <testcase classname="uploads routes POST v2/clear/landings should return 403 Unauthorised" name="uploads routes POST v2/clear/landings should return 403 Unauthorised" time="0.001">
    </testcase>
    <testcase classname="uploads routes POST v2/clear/landings should return 500 Internal Server Error if any errors occur" name="uploads routes POST v2/clear/landings should return 500 Internal Server Error if any errors occur" time="0">
    </testcase>
  </testsuite>
  <testsuite name="FishController" errors="0" failures="0" skipped="0" timestamp="2026-08-13T14:24:17" time="0.272" tests="34">
    <testcase classname="FishController addFish() should redirect to redirectUri" name="FishController addFish() should redirect to redirectUri" time="0.001">
    </testcase>
    <testcase classname="FishController addFish() should return a valid object" name="FishController addFish() should return a valid object" time="0">
    </testcase>
    <testcase classname="FishController addFish() should return addedToFavourites as true if successful" name="FishController addFish() should return addedToFavourites as true if successful" time="0">
    </testcase>
    <testcase classname="FishController addFish() should return addedToFavourites as false if not successful" name="FishController addFish() should return addedToFavourites as false if not successful" time="0">
    </testcase>
    <testcase classname="FishController addFish() should no call saveFavouritesProduct if addToFavourites is not present" name="FishController addFish() should no call saveFavouritesProduct if addToFavourites is not present" time="0">
    </testcase>
    <testcase classname="FishController addFish() should no call saveFavouritesProduct if addFish fail" name="FishController addFish() should no call saveFavouritesProduct if addFish fail" time="0.001">
    </testcase>
    <testcase classname="FishController addFish() should no call saveFavouritesProduct if addFish return null" name="FishController addFish() should no call saveFavouritesProduct if addFish return null" time="0">
    </testcase>
    <testcase classname="FishController addFish() should call saveFavouritesProduct if addToFavourites is present" name="FishController addFish() should call saveFavouritesProduct if addToFavourites is present" time="0">
    </testcase>
    <testcase classname="FishController addFish() should inform addFish service that added product is from favourites" name="FishController addFish() should inform addFish service that added product is from favourites" time="0.001">
    </testcase>
    <testcase classname="FishController addFish() should redirect to url when payload.cancel is missing and Services.isDuplicate returns true" name="FishController addFish() should redirect to url when payload.cancel is missing and Services.isDuplicate returns true" time="0">
    </testcase>
    <testcase classname="FishController addFish() should redirect to url when payload.cancel is missing and Services.isDuplicate returns false" name="FishController addFish() should redirect to url when payload.cancel is missing and Services.isDuplicate returns false" time="0">
    </testcase>
    <testcase classname="FishController editFish() should redirect to redirectUri" name="FishController editFish() should redirect to redirectUri" time="0">
    </testcase>
    <testcase classname="FishController editFish() should return a valid object" name="FishController editFish() should return a valid object" time="0.001">
    </testcase>
    <testcase classname="FishController editFish() should return addedToFavourites as true if successful after editing" name="FishController editFish() should return addedToFavourites as true if successful after editing" time="0">
    </testcase>
    <testcase classname="FishController editFish() should return addedToFavourites as false if not successful after editing" name="FishController editFish() should return addedToFavourites as false if not successful after editing" time="0">
    </testcase>
    <testcase classname="FishController editFish() should not call saveFavouritesProduct if addToFavourites is not present" name="FishController editFish() should not call saveFavouritesProduct if addToFavourites is not present" time="0">
    </testcase>
    <testcase classname="FishController editFish() should not call saveFavouritesProduct if editFish returns null" name="FishController editFish() should not call saveFavouritesProduct if editFish returns null" time="0.001">
    </testcase>
    <testcase classname="FishController editFish() should redirect to url when Services.isDuplicate returns true" name="FishController editFish() should redirect to url when Services.isDuplicate returns true" time="0">
    </testcase>
    <testcase classname="FishController editFish() should redirect to url when Services.isDuplicate returns false" name="FishController editFish() should redirect to url when Services.isDuplicate returns false" time="0">
    </testcase>
    <testcase classname="FishController syncSpeciesAndLandings() should return a truthy value" name="FishController syncSpeciesAndLandings() should return a truthy value" time="0">
    </testcase>
    <testcase classname="FishController syncSpeciesAndLandings() should return a truthy value  with no export payload" name="FishController syncSpeciesAndLandings() should return a truthy value  with no export payload" time="0">
    </testcase>
    <testcase classname="FishController removeInCompleteSpecies should remove species which are partially complete" name="FishController removeInCompleteSpecies should remove species which are partially complete" time="0">
    </testcase>
    <testcase classname="FishController removeInCompleteSpecies should not remove species which are complete" name="FishController removeInCompleteSpecies should not remove species which are complete" time="0">
    </testcase>
    <testcase classname="FishController removeInCompleteSpecies should not remove species which are without commodity code descriptions" name="FishController removeInCompleteSpecies should not remove species which are without commodity code descriptions" time="0">
    </testcase>
    <testcase classname="FishController removeInCompleteSpecies should remove only species which are partially complete" name="FishController removeInCompleteSpecies should remove only species which are partially complete" time="0">
    </testcase>
    <testcase classname="FishController removeInCompleteSpecies should remove only the 2nd species which is partially complete" name="FishController removeInCompleteSpecies should remove only the 2nd species which is partially complete" time="0">
    </testcase>
    <testcase classname="FishController removeInCompleteSpecies should remove all species which is partially complete" name="FishController removeInCompleteSpecies should remove all species which is partially complete" time="0">
    </testcase>
    <testcase classname="FishController removeInCompleteSpecies should remove all species which are completely incomplete" name="FishController removeInCompleteSpecies should remove all species which are completely incomplete" time="0.001">
    </testcase>
    <testcase classname="FishController removeInCompleteSpecies should catch any errors thrown whilst removing species" name="FishController removeInCompleteSpecies should catch any errors thrown whilst removing species" time="0.006">
    </testcase>
    <testcase classname="FishController removeInCompleteSpecies should catch text errors thrown whilst removing species" name="FishController removeInCompleteSpecies should catch text errors thrown whilst removing species" time="0">
    </testcase>
    <testcase classname="FishController removeInCompleteSpecies should catch all errors thrown whilst removing species" name="FishController removeInCompleteSpecies should catch all errors thrown whilst removing species" time="0">
    </testcase>
    <testcase classname="FishController validate should invalidate request that does not have at least one product" name="FishController validate should invalidate request that does not have at least one product" time="0">
    </testcase>
    <testcase classname="FishController validate should validate request that have at least one product" name="FishController validate should validate request that have at least one product" time="0">
    </testcase>
    <testcase classname="FishController validate should redirect to payload.nextUri when acceptsHtml returns true" name="FishController validate should redirect to payload.nextUri when acceptsHtml returns true" time="0.001">
    </testcase>
  </testsuite>
  <testsuite name="Progress routes" errors="0" failures="0" skipped="0" timestamp="2026-08-13T14:24:17" time="1.148" tests="38">
    <testcase classname="Progress routes GET /v1/progress/catchCertificate will return 204 if there is no errors" name="Progress routes GET /v1/progress/catchCertificate will return 204 if there is no errors" time="0.002">
    </testcase>
    <testcase classname="Progress routes GET /v1/progress/catchCertificate will return 200 if there is no error" name="Progress routes GET /v1/progress/catchCertificate will return 200 if there is no error" time="0">
    </testcase>
    <testcase classname="Progress routes GET /v1/progress/catchCertificate will return 403 if the user does not own the document" name="Progress routes GET /v1/progress/catchCertificate will return 403 if the user does not own the document" time="0.001">
    </testcase>
    <testcase classname="Progress routes GET /v1/progress/catchCertificate will log and return 500 if the get function throws an error" name="Progress routes GET /v1/progress/catchCertificate will log and return 500 if the get function throws an error" time="0.008">
    </testcase>
    <testcase classname="Progress routes GET /v1/progress/catchCertificate will call ProgressService get with document number" name="Progress routes GET /v1/progress/catchCertificate will call ProgressService get with document number" time="0.001">
    </testcase>
    <testcase classname="Progress routes GET /v1/progress/processingStatement will return 204 if there is no errors" name="Progress routes GET /v1/progress/processingStatement will return 204 if there is no errors" time="0">
    </testcase>
    <testcase classname="Progress routes GET /v1/progress/processingStatement will return 200 if there is no error" name="Progress routes GET /v1/progress/processingStatement will return 200 if there is no error" time="0">
    </testcase>
    <testcase classname="Progress routes GET /v1/progress/processingStatement will return 403 if the user does not own the document" name="Progress routes GET /v1/progress/processingStatement will return 403 if the user does not own the document" time="0.001">
    </testcase>
    <testcase classname="Progress routes GET /v1/progress/processingStatement will log and return 500 if the get function throws an error" name="Progress routes GET /v1/progress/processingStatement will log and return 500 if the get function throws an error" time="0">
    </testcase>
    <testcase classname="Progress routes GET /v1/progress/processingStatement will call ProgressService get with document number" name="Progress routes GET /v1/progress/processingStatement will call ProgressService get with document number" time="0.001">
    </testcase>
    <testcase classname="Progress routes GET /v1/progress/storageNotes will return 204 if there is no errors" name="Progress routes GET /v1/progress/storageNotes will return 204 if there is no errors" time="0">
    </testcase>
    <testcase classname="Progress routes GET /v1/progress/storageNotes will return 200 if there is no error" name="Progress routes GET /v1/progress/storageNotes will return 200 if there is no error" time="0">
    </testcase>
    <testcase classname="Progress routes GET /v1/progress/storageNotes will return 403 if the user does not own the document" name="Progress routes GET /v1/progress/storageNotes will return 403 if the user does not own the document" time="0">
    </testcase>
    <testcase classname="Progress routes GET /v1/progress/storageNotes will log and return 500 if the get function throws an error" name="Progress routes GET /v1/progress/storageNotes will log and return 500 if the get function throws an error" time="0.001">
    </testcase>
    <testcase classname="Progress routes GET /v1/progress/storageNotes will call ProgressService get with document number" name="Progress routes GET /v1/progress/storageNotes will call ProgressService get with document number" time="0">
    </testcase>
    <testcase classname="Progress routes GET /v1/progress/invalid will return 204 if there is no errors" name="Progress routes GET /v1/progress/invalid will return 204 if there is no errors" time="0">
    </testcase>
    <testcase classname="Progress routes GET /v1/progress/invalid will return 403 if the user does not own the document" name="Progress routes GET /v1/progress/invalid will return 403 if the user does not own the document" time="0">
    </testcase>
    <testcase classname="Progress routes GET /v1/progress/complete/catchCertificate will return 200 if all sections are complete" name="Progress routes GET /v1/progress/complete/catchCertificate will return 200 if all sections are complete" time="0.001">
    </testcase>
    <testcase classname="Progress routes GET /v1/progress/complete/catchCertificate will return 400 if all mandatory sections are not ‘Complete’ on CC application" name="Progress routes GET /v1/progress/complete/catchCertificate will return 400 if all mandatory sections are not ‘Complete’ on CC application" time="0">
    </testcase>
    <testcase classname="Progress routes GET /v1/progress/complete/catchCertificate will not return an error for datUpload on CC application" name="Progress routes GET /v1/progress/complete/catchCertificate will not return an error for datUpload on CC application" time="0">
    </testcase>
    <testcase classname="Progress routes GET /v1/progress/complete/catchCertificate will return 403 if the user does not own the document" name="Progress routes GET /v1/progress/complete/catchCertificate will return 403 if the user does not own the document" time="0.001">
    </testcase>
    <testcase classname="Progress routes GET /v1/progress/complete/catchCertificate will log and return 500 if the get function throws an error" name="Progress routes GET /v1/progress/complete/catchCertificate will log and return 500 if the get function throws an error" time="0">
    </testcase>
    <testcase classname="Progress routes GET /v1/progress/complete/processingStatement will return 200 if all sections are complete" name="Progress routes GET /v1/progress/complete/processingStatement will return 200 if all sections are complete" time="0.001">
    </testcase>
    <testcase classname="Progress routes GET /v1/progress/complete/processingStatement will return 400 if all mandatory sections are not ‘Complete’ on PS application" name="Progress routes GET /v1/progress/complete/processingStatement will return 400 if all mandatory sections are not ‘Complete’ on PS application" time="0">
    </testcase>
    <testcase classname="Progress routes GET /v1/progress/complete/processingStatement will return 403 if the user does not own the document" name="Progress routes GET /v1/progress/complete/processingStatement will return 403 if the user does not own the document" time="0">
    </testcase>
    <testcase classname="Progress routes GET /v1/progress/complete/processingStatement will log and return 500 if the get function throws an error" name="Progress routes GET /v1/progress/complete/processingStatement will log and return 500 if the get function throws an error" time="0.001">
    </testcase>
    <testcase classname="Progress routes GET /v1/progress/complete/processingStatement will return 400 with processedProductDetails error when products have description but no catches" name="Progress routes GET /v1/progress/complete/processingStatement will return 400 with processedProductDetails error when products have description but no catches" time="0.001">
    </testcase>
    <testcase classname="Progress routes GET /v1/progress/complete/processingStatement will return 400 with multiple errors when sections incomplete AND products lack catches" name="Progress routes GET /v1/progress/complete/processingStatement will return 400 with multiple errors when sections incomplete AND products lack catches" time="0">
    </testcase>
    <testcase classname="Progress routes GET /v1/progress/complete/processingStatement will return 200 when all sections complete and products have matching catches" name="Progress routes GET /v1/progress/complete/processingStatement will return 200 when all sections complete and products have matching catches" time="0">
    </testcase>
    <testcase classname="Progress routes GET /v1/progress/complete/processingStatement will return 400 when one product has catches but another does not" name="Progress routes GET /v1/progress/complete/processingStatement will return 400 when one product has catches but another does not" time="0.001">
    </testcase>
    <testcase classname="Progress routes GET /v1/progress/complete/processingStatement will return 200 when product has no description yet" name="Progress routes GET /v1/progress/complete/processingStatement will return 200 when product has no description yet" time="0">
    </testcase>
    <testcase classname="Progress routes GET /v1/progress/complete/processingStatement will handle empty products array" name="Progress routes GET /v1/progress/complete/processingStatement will handle empty products array" time="0">
    </testcase>
    <testcase classname="Progress routes GET /v1/progress/complete/processingStatement will handle missing exportData gracefully" name="Progress routes GET /v1/progress/complete/processingStatement will handle missing exportData gracefully" time="0">
    </testcase>
    <testcase classname="Progress routes GET /v1/progress/complete/storageNotes will return 200 if all sections are complete" name="Progress routes GET /v1/progress/complete/storageNotes will return 200 if all sections are complete" time="0.001">
    </testcase>
    <testcase classname="Progress routes GET /v1/progress/complete/storageNotes will return 400 if all mandatory sections are not ‘Complete’ on SD application" name="Progress routes GET /v1/progress/complete/storageNotes will return 400 if all mandatory sections are not ‘Complete’ on SD application" time="0">
    </testcase>
    <testcase classname="Progress routes GET /v1/progress/complete/storageNotes will return 403 if the user does not own the document" name="Progress routes GET /v1/progress/complete/storageNotes will return 403 if the user does not own the document" time="0">
    </testcase>
    <testcase classname="Progress routes GET /v1/progress/complete/storageNotes will log and return 500 if the get function throws an error" name="Progress routes GET /v1/progress/complete/storageNotes will log and return 500 if the get function throws an error" time="0.001">
    </testcase>
    <testcase classname="Progress routes GET /v1/progress/complete/blah will return 400 if an invalid journey is provided" name="Progress routes GET /v1/progress/complete/blah will return 400 if an invalid journey is provided" time="0">
    </testcase>
  </testsuite>
  <testsuite name="CatchCertificateTransportService - addTransport" errors="0" failures="0" skipped="0" timestamp="2026-08-13T14:24:19" time="0.221" tests="32">
    <testcase classname="CatchCertificateTransportService - addTransport should upsert a single transportation" name="CatchCertificateTransportService - addTransport should upsert a single transportation" time="0.001">
    </testcase>
    <testcase classname="CatchCertificateTransportService - addTransport should not include cmr in backend payload for truck transportation" name="CatchCertificateTransportService - addTransport should not include cmr in backend payload for truck transportation" time="0.001">
    </testcase>
    <testcase classname="CatchCertificateTransportService - addTransport should throw an error if upsertDraftData fails to upsert" name="CatchCertificateTransportService - addTransport should throw an error if upsertDraftData fails to upsert" time="0.006">
    </testcase>
    <testcase classname="CatchCertificateTransport - getTransport will return a single transportation" name="CatchCertificateTransport - getTransport will return a single transportation" time="0">
    </testcase>
    <testcase classname="CatchCertificateTransport - getTransport will null for a missing catch certificate" name="CatchCertificateTransport - getTransport will null for a missing catch certificate" time="0">
    </testcase>
    <testcase classname="CatchCertificateTransport - getTransport will null for a missing transport" name="CatchCertificateTransport - getTransport will null for a missing transport" time="0.001">
    </testcase>
    <testcase classname="CatchCertificateTransport - getTransport will return null when transportation is undefined" name="CatchCertificateTransport - getTransport will return null when transportation is undefined" time="0">
    </testcase>
    <testcase classname="CatchCertificateTransport - addTransportation will return a single transportation check response" name="CatchCertificateTransport - addTransportation will return a single transportation check response" time="0">
    </testcase>
    <testcase classname="CatchCertificateTransport - addTransportation will return undefined" name="CatchCertificateTransport - addTransportation will return undefined" time="0">
    </testcase>
    <testcase classname="CatchCertificateTransport - addTransportation will return undefined when export data is empty" name="CatchCertificateTransport - addTransportation will return undefined when export data is empty" time="0">
    </testcase>
    <testcase classname="CatchCertificateTransport - addTransportation should update a single transportation check" name="CatchCertificateTransport - addTransportation should update a single transportation check" time="0">
    </testcase>
    <testcase classname="CatchCertificateTransport - getTransportDetails will return the last transportation" name="CatchCertificateTransport - getTransportDetails will return the last transportation" time="0">
    </testcase>
    <testcase classname="CatchCertificateTransport - getTransportDetails will null for a missing catch certificate" name="CatchCertificateTransport - getTransportDetails will null for a missing catch certificate" time="0">
    </testcase>
    <testcase classname="CatchCertificateTransport - getTransportDetails will a direct landing catch certificate" name="CatchCertificateTransport - getTransportDetails will a direct landing catch certificate" time="0.001">
    </testcase>
    <testcase classname="CatchCertificateTransport - getTransportDetails will return a transportation with CMR" name="CatchCertificateTransport - getTransportDetails will return a transportation with CMR" time="0">
    </testcase>
    <testcase classname="CatchCertificateTransport - getTransportations will return a single transportation" name="CatchCertificateTransport - getTransportations will return a single transportation" time="0">
    </testcase>
    <testcase classname="CatchCertificateTransport - getTransportations will get return an empty array for older documents with no transportations" name="CatchCertificateTransport - getTransportations will get return an empty array for older documents with no transportations" time="0">
    </testcase>
    <testcase classname="CatchCertificateTransportService - updateTransport should update a single transportation" name="CatchCertificateTransportService - updateTransport should update a single transportation" time="0">
    </testcase>
    <testcase classname="CatchCertificateTransportService - updateTransport should not update a single transportation" name="CatchCertificateTransportService - updateTransport should not update a single transportation" time="0.001">
    </testcase>
    <testcase classname="CatchCertificateTransportService - updateTransport should not update a single transportation with no export data" name="CatchCertificateTransportService - updateTransport should not update a single transportation with no export data" time="0">
    </testcase>
    <testcase classname="CatchCertificateTransportService - updateTransport should update a single transportation with updated transportation" name="CatchCertificateTransportService - updateTransport should update a single transportation with updated transportation" time="0">
    </testcase>
    <testcase classname="CatchCertificateTransportService - updateTransport should retain documents for existing transportation when updated" name="CatchCertificateTransportService - updateTransport should retain documents for existing transportation when updated" time="0">
    </testcase>
    <testcase classname="CatchCertificateTransportService - updateTransport should clear documents for existing transportation when vehicle type is changed" name="CatchCertificateTransportService - updateTransport should clear documents for existing transportation when vehicle type is changed" time="0">
    </testcase>
    <testcase classname="CatchCertificateTransportService - updateTransport should clear existing truck transportation details when vehicle has CMR flag is set to true" name="CatchCertificateTransportService - updateTransport should clear existing truck transportation details when vehicle has CMR flag is set to true" time="0">
    </testcase>
    <testcase classname="CatchCertificateTransportService - updateTransport should retain previous cmr value when not provided in the payload" name="CatchCertificateTransportService - updateTransport should retain previous cmr value when not provided in the payload" time="0.001">
    </testcase>
    <testcase classname="CatchCertificateTransportService - updateTransport should retain previous truck details when cmr is set to false" name="CatchCertificateTransportService - updateTransport should retain previous truck details when cmr is set to false" time="0">
    </testcase>
    <testcase classname="CatchCertificateTransportService - removeTransportations should remove all transportations" name="CatchCertificateTransportService - removeTransportations should remove all transportations" time="0">
    </testcase>
    <testcase classname="CatchCertificateTransportService - removeTransportation should remove a specific transportation" name="CatchCertificateTransportService - removeTransportation should remove a specific transportation" time="0">
    </testcase>
    <testcase classname="CatchCertificateTransportService - removeTransportation should remove any transportations" name="CatchCertificateTransportService - removeTransportation should remove any transportations" time="0">
    </testcase>
    <testcase classname="CatchCertificateTransportService - removeTransportation should remove any transportations when export data is undefined" name="CatchCertificateTransportService - removeTransportation should remove any transportations when export data is undefined" time="0">
    </testcase>
    <testcase classname="CatchCertificateTransportService - removeTransportation should remove any transportations when data is undefined" name="CatchCertificateTransportService - removeTransportation should remove any transportations when data is undefined" time="0">
    </testcase>
    <testcase classname="CatchCertificateTransportService - removeTransportation will a direct landing catch certificate" name="CatchCertificateTransportService - removeTransportation will a direct landing catch certificate" time="0">
    </testcase>
  </testsuite>
  <testsuite name="exporter validate routes" errors="0" failures="0" skipped="0" timestamp="2026-08-13T14:24:19" time="1.351" tests="27">
    <testcase classname="exporter validate routes POST /v1/exporter-validate should return 403 if document ownership fails" name="exporter validate routes POST /v1/exporter-validate should return 403 if document ownership fails" time="0.007">
    </testcase>
    <testcase classname="exporter validate routes POST /v1/exporter-validate should return 200 if document ownership passes" name="exporter validate routes POST /v1/exporter-validate should return 200 if document ownership passes" time="0.002">
    </testcase>
    <testcase classname="exporter validate routes POST /v1/exporter-validate should return 200 with a valid country" name="exporter validate routes POST /v1/exporter-validate should return 200 with a valid country" time="0">
    </testcase>
    <testcase classname="exporter validate routes POST /v1/exporter-validate should return 400 when country is not specified" name="exporter validate routes POST /v1/exporter-validate should return 400 when country is not specified" time="0.002">
    </testcase>
    <testcase classname="exporter validate routes POST /v1/exporter-validate should return 400 when country is invalid" name="exporter validate routes POST /v1/exporter-validate should return 400 when country is invalid" time="0.001">
    </testcase>
    <testcase classname="exporter validate routes POST /v1/exporter-validate should return the correct payload with the addressOne created" name="exporter validate routes POST /v1/exporter-validate should return the correct payload with the addressOne created" time="0">
    </testcase>
    <testcase classname="exporter validate routes POST /v1/exporter-validate should return 400 when subBuildingName, buildingNumber, buildingName, and streetName are all empty" name="exporter validate routes POST /v1/exporter-validate should return 400 when subBuildingName, buildingNumber, buildingName, and streetName are all empty" time="0.001">
    </testcase>
    <testcase classname="exporter validate routes POST /v1/exporter-validate should return 200 when only buildingNumber is provided" name="exporter validate routes POST /v1/exporter-validate should return 200 when only buildingNumber is provided" time="0.001">
    </testcase>
    <testcase classname="exporter validate routes POST /v1/exporter-validate should return 200 when only buildingName is provided" name="exporter validate routes POST /v1/exporter-validate should return 200 when only buildingName is provided" time="0">
    </testcase>
    <testcase classname="exporter validate routes POST /v1/exporter-validate should return 200 when only subBuildingName is provided" name="exporter validate routes POST /v1/exporter-validate should return 200 when only subBuildingName is provided" time="0.001">
    </testcase>
    <testcase classname="exporter validate routes POST /v1/exporter-validate should return 200 when only streetName is provided" name="exporter validate routes POST /v1/exporter-validate should return 200 when only streetName is provided" time="0.001">
    </testcase>
    <testcase classname="exporter validate routes POST /v1/exporter-validate should return 400 if documentNumber is not given in payload" name="exporter validate routes POST /v1/exporter-validate should return 400 if documentNumber is not given in payload" time="0">
    </testcase>
    <testcase classname="exporter validate routes POST /v1/exporter-validate should return 400 if postCode is not in the correct format" name="exporter validate routes POST /v1/exporter-validate should return 400 if postCode is not in the correct format" time="0.001">
    </testcase>
    <testcase classname="exporter validate routes POST /v1/exporter-validate should return 400 if postCode is more than 8 characters" name="exporter validate routes POST /v1/exporter-validate should return 400 if postCode is more than 8 characters" time="0.001">
    </testcase>
    <testcase classname="exporter validate routes POST /v1/exporter-validate should return 400 if townCity is missing" name="exporter validate routes POST /v1/exporter-validate should return 400 if townCity is missing" time="0">
    </testcase>
    <testcase classname="exporter validate routes POST /v1/exporter-validate should return 400 if country name is more than 40 characters" name="exporter validate routes POST /v1/exporter-validate should return 400 if country name is more than 40 characters" time="0.001">
    </testcase>
    <testcase classname="exporter validate routes POST /v1/exporter-validate should return 400 if streetName contains invalid characters" name="exporter validate routes POST /v1/exporter-validate should return 400 if streetName contains invalid characters" time="0">
    </testcase>
    <testcase classname="exporter validate routes POST /v1/exporter-validate should return 200 if subBuildingName, building name, town, county and streetName contain apostrophes, hyphens, periods, commas, spaces, ampersands, exclamation marks and forward slashes" name="exporter validate routes POST /v1/exporter-validate should return 200 if subBuildingName, building name, town, county and streetName contain apostrophes, hyphens, periods, commas, spaces, ampersands, exclamation marks and forward slashes" time="0.001">
    </testcase>
    <testcase classname="exporter validate routes POST /v1/exporter-validate should return 200 if subBuildingName or streetName contain brackets" name="exporter validate routes POST /v1/exporter-validate should return 200 if subBuildingName or streetName contain brackets" time="0">
    </testcase>
    <testcase classname="exporter validate routes POST /v1/exporter-validate should return 400 if townCity contains emoji characters" name="exporter validate routes POST /v1/exporter-validate should return 400 if townCity contains emoji characters" time="0.001">
    </testcase>
    <testcase classname="exporter validate routes POST /v1/exporter-validate should return 400 if streetName contains emoji characters" name="exporter validate routes POST /v1/exporter-validate should return 400 if streetName contains emoji characters" time="0.001">
    </testcase>
    <testcase classname="exporter validate routes POST /v1/exporter-validate should return 400 if subBuildingName contains emoji characters" name="exporter validate routes POST /v1/exporter-validate should return 400 if subBuildingName contains emoji characters" time="0">
    </testcase>
    <testcase classname="exporter validate routes POST /v1/exporter-validate should return 400 if buildingName contains emoji characters" name="exporter validate routes POST /v1/exporter-validate should return 400 if buildingName contains emoji characters" time="0.001">
    </testcase>
    <testcase classname="exporter validate routes POST /v1/exporter-validate should return 400 if county contains emoji characters" name="exporter validate routes POST /v1/exporter-validate should return 400 if county contains emoji characters" time="0">
    </testcase>
    <testcase classname="exporter validate routes POST /v1/exporter-validate should return 400 if country contains emoji characters" name="exporter validate routes POST /v1/exporter-validate should return 400 if country contains emoji characters" time="0.001">
    </testcase>
    <testcase classname="exporter validate routes POST /v1/exporter-validate should return 400 with country pattern error when country contains invalid characters like @" name="exporter validate routes POST /v1/exporter-validate should return 400 with country pattern error when country contains invalid characters like @" time="0">
    </testcase>
    <testcase classname="exporter validate routes POST /v1/exporter-validate should return all validation errors when all required fields are empty" name="exporter validate routes POST /v1/exporter-validate should return all validation errors when all required fields are empty" time="0.001">
    </testcase>
  </testsuite>
  <testsuite name="TransportController" errors="0" failures="0" skipped="0" timestamp="2026-08-13T14:24:20" time="0.169" tests="39">
    <testcase classname="TransportController nextVehicleUri() should return a valid nextUri case truck" name="TransportController nextVehicleUri() should return a valid nextUri case truck" time="0.001">
    </testcase>
    <testcase classname="TransportController nextVehicleUri() should return a valid nextUri case plane" name="TransportController nextVehicleUri() should return a valid nextUri case plane" time="0">
    </testcase>
    <testcase classname="TransportController nextVehicleUri() should return a valid nextUri case train" name="TransportController nextVehicleUri() should return a valid nextUri case train" time="0">
    </testcase>
    <testcase classname="TransportController nextVehicleUri() should return a valid nextUri case containerVessel" name="TransportController nextVehicleUri() should return a valid nextUri case containerVessel" time="0">
    </testcase>
    <testcase classname="TransportController nextVehicleUri() should return a valid nextUri case directLanding" name="TransportController nextVehicleUri() should return a valid nextUri case directLanding" time="0">
    </testcase>
    <testcase classname="TransportController addTransport() should redirect to dashboardUri when savingAsDraft is true" name="TransportController addTransport() should redirect to dashboardUri when savingAsDraft is true" time="0">
    </testcase>
    <testcase classname="TransportController addTransport() should redirect to nextUri when savingAsDraft is false" name="TransportController addTransport() should redirect to nextUri when savingAsDraft is false" time="0">
    </testcase>
    <testcase classname="TransportController addTransport() should return a result object when accept header is not text/html" name="TransportController addTransport() should return a result object when accept header is not text/html" time="0.001">
    </testcase>
    <testcase classname="TransportController addTransportDetails() should redirect to dashboardUri when savingAsDraft is true" name="TransportController addTransportDetails() should redirect to dashboardUri when savingAsDraft is true" time="0">
    </testcase>
    <testcase classname="TransportController addTransportDetails() should redirect to nextUri when savingAsDraft is false" name="TransportController addTransportDetails() should redirect to nextUri when savingAsDraft is false" time="0">
    </testcase>
    <testcase classname="TransportController addTransportDetails() should return a result object when accept header is not text/html" name="TransportController addTransportDetails() should return a result object when accept header is not text/html" time="0">
    </testcase>
    <testcase classname="TransportController addTransportDetails() should error when export date is earlier than the facilityArrivalDate" name="TransportController addTransportDetails() should error when export date is earlier than the facilityArrivalDate" time="0">
    </testcase>
    <testcase classname="TransportController addTransportDetails() should not error when export date is equal to the facilityArrivalDate" name="TransportController addTransportDetails() should not error when export date is equal to the facilityArrivalDate" time="0.001">
    </testcase>
    <testcase classname="TransportController addTransportDetails() should not error when export date is after the facilityArrivalDate" name="TransportController addTransportDetails() should not error when export date is after the facilityArrivalDate" time="0">
    </testcase>
    <testcase classname="TransportController addTransportDetails() should error when arrival departure date is after the facilityArrivalDate" name="TransportController addTransportDetails() should error when arrival departure date is after the facilityArrivalDate" time="0.001">
    </testcase>
    <testcase classname="TransportController addTransportDetails() should not error when arrival departure date equals the facilityArrivalDate" name="TransportController addTransportDetails() should not error when arrival departure date equals the facilityArrivalDate" time="0">
    </testcase>
    <testcase classname="TransportController addTransportDetails() should not error when arrival departure date is before the facilityArrivalDate" name="TransportController addTransportDetails() should not error when arrival departure date is before the facilityArrivalDate" time="0">
    </testcase>
    <testcase classname="TransportController addTransportDetails() should not validate arrival departure date when not arrival transport" name="TransportController addTransportDetails() should not validate arrival departure date when not arrival transport" time="0">
    </testcase>
    <testcase classname="TransportController addTransportDetails() should not validate arrival departure date when journey is not storageNotes" name="TransportController addTransportDetails() should not validate arrival departure date when journey is not storageNotes" time="0.001">
    </testcase>
    <testcase classname="TransportController addTransportDetails() should not validate when storage document has no facilityArrivalDate" name="TransportController addTransportDetails() should not validate when storage document has no facilityArrivalDate" time="0">
    </testcase>
    <testcase classname="TransportController addTransportDetails() should error with TodayMax when no facilityArrivalDate and departure date is in the future (truck)" name="TransportController addTransportDetails() should error with TodayMax when no facilityArrivalDate and departure date is in the future (truck)" time="0">
    </testcase>
    <testcase classname="TransportController addTransportDetails() should error with TodayMax when no facilityArrivalDate and departure date is in the future (plane)" name="TransportController addTransportDetails() should error with TodayMax when no facilityArrivalDate and departure date is in the future (plane)" time="0">
    </testcase>
    <testcase classname="TransportController addTransportDetails() should error with TodayMax when no facilityArrivalDate and departure date is in the future (train)" name="TransportController addTransportDetails() should error with TodayMax when no facilityArrivalDate and departure date is in the future (train)" time="0.001">
    </testcase>
    <testcase classname="TransportController addTransportDetails() should error with TodayMax when no facilityArrivalDate and departure date is in the future (containerVessel)" name="TransportController addTransportDetails() should error with TodayMax when no facilityArrivalDate and departure date is in the future (containerVessel)" time="0">
    </testcase>
    <testcase classname="TransportController addTransportDetails() should not error with TodayMax when no facilityArrivalDate and departure date is today" name="TransportController addTransportDetails() should not error with TodayMax when no facilityArrivalDate and departure date is today" time="0">
    </testcase>
    <testcase classname="TransportController addTransportDetails() should not error with TodayMax when storage document is null and departure date is null" name="TransportController addTransportDetails() should not error with TodayMax when storage document is null and departure date is null" time="0">
    </testcase>
    <testcase classname="TransportController addTransportDetails() should not validate when storage document is null" name="TransportController addTransportDetails() should not validate when storage document is null" time="0">
    </testcase>
    <testcase classname="TransportController addTransportDetails() should handle departureDate with single digit day format (D/MM/YYYY)" name="TransportController addTransportDetails() should handle departureDate with single digit day format (D/MM/YYYY)" time="0">
    </testcase>
    <testcase classname="TransportController addTransportDetails() should handle departureDate with single digit month format (DD/M/YYYY)" name="TransportController addTransportDetails() should handle departureDate with single digit month format (DD/M/YYYY)" time="0.001">
    </testcase>
    <testcase classname="TransportController addTransportDetails() should handle departureDate with both single digits (D/M/YYYY)" name="TransportController addTransportDetails() should handle departureDate with both single digits (D/M/YYYY)" time="0">
    </testcase>
    <testcase classname="TransportController addTransportDetails() should not validate when departureDate is missing" name="TransportController addTransportDetails() should not validate when departureDate is missing" time="0">
    </testcase>
    <testcase classname="TransportController addTransportDetails() should not validate exportDate when exportDate is missing" name="TransportController addTransportDetails() should not validate exportDate when exportDate is missing" time="0">
    </testcase>
    <testcase classname="TransportController addTransportDetails() should not validate exportDate when storage document has no facilityArrivalDate" name="TransportController addTransportDetails() should not validate exportDate when storage document has no facilityArrivalDate" time="0">
    </testcase>
    <testcase classname="TransportController addTransportDetails() should not validate exportDate when storage document is null" name="TransportController addTransportDetails() should not validate exportDate when storage document is null" time="0">
    </testcase>
    <testcase classname="TransportController addTransportDetails() should handle exportDate with single digit day format (D/MM/YYYY)" name="TransportController addTransportDetails() should handle exportDate with single digit day format (D/MM/YYYY)" time="0">
    </testcase>
    <testcase classname="TransportController addTransportDetails() should error for all vehicle types: containerVessel" name="TransportController addTransportDetails() should error for all vehicle types: containerVessel" time="0.001">
    </testcase>
    <testcase classname="TransportController getTransportDetails() should return a valid result object" name="TransportController getTransportDetails() should return a valid result object" time="0">
    </testcase>
    <testcase classname="TransportController addTransportSaveAsDraft() should return a valid return object" name="TransportController addTransportSaveAsDraft() should return a valid return object" time="0">
    </testcase>
    <testcase classname="TransportController addTransportDetailsSaveAsDraft() should return a valid return object" name="TransportController addTransportDetailsSaveAsDraft() should return a valid return object" time="0">
    </testcase>
  </testsuite>
  <testsuite name="getConversionFactors" errors="0" failures="0" skipped="0" timestamp="2026-08-13T14:24:21" time="0.15" tests="42">
    <testcase classname="getConversionFactors should GET a list of conversion factors from the reference reader" name="getConversionFactors should GET a list of conversion factors from the reference reader" time="0.002">
    </testcase>
    <testcase classname="getConversionFactors should handle GET error of conversion factors from the reference reader" name="getConversionFactors should handle GET error of conversion factors from the reference reader" time="0.01">
    </testcase>
    <testcase classname="reportDraftCreated should call the data reader POST api" name="reportDraftCreated should call the data reader POST api" time="0">
    </testcase>
    <testcase classname="reportDraftCreated should log and rethrow any errors" name="reportDraftCreated should log and rethrow any errors" time="0.001">
    </testcase>
    <testcase classname="reportDeleteCreated should call the data reader delete / POST api" name="reportDeleteCreated should call the data reader delete / POST api" time="0">
    </testcase>
    <testcase classname="reportDeleteCreated should log and rethrow any errors" name="reportDeleteCreated should log and rethrow any errors" time="0.001">
    </testcase>
    <testcase classname="reportSubmitCreated should call the data reader submit / POST api" name="reportSubmitCreated should call the data reader submit / POST api" time="0.002">
    </testcase>
    <testcase classname="reportSubmitCreated should log and rethrow any errors" name="reportSubmitCreated should log and rethrow any errors" time="0">
    </testcase>
    <testcase classname="reportDocumentVoided should call the data reader void / POST api" name="reportDocumentVoided should call the data reader void / POST api" time="0">
    </testcase>
    <testcase classname="reportDocumentVoided should log and rethrow any errors" name="reportDocumentVoided should log and rethrow any errors" time="0.001">
    </testcase>
    <testcase classname="getSeasonalFish returns response data" name="getSeasonalFish returns response data" time="0">
    </testcase>
    <testcase classname="getSeasonalFish should log and rethrow any errors" name="getSeasonalFish should log and rethrow any errors" time="0">
    </testcase>
    <testcase classname="checkVesselLicense returns response data" name="checkVesselLicense returns response data" time="0">
    </testcase>
    <testcase classname="checkVesselLicense should log and rethrow any errors" name="checkVesselLicense should log and rethrow any errors" time="0.001">
    </testcase>
    <testcase classname="getVessel returns response data" name="getVessel returns response data" time="0">
    </testcase>
    <testcase classname="getVessel should log and rethrow any errors" name="getVessel should log and rethrow any errors" time="0">
    </testcase>
    <testcase classname="searchVessel returns response data" name="searchVessel returns response data" time="0">
    </testcase>
    <testcase classname="searchVessel should log and rethrow any errors" name="searchVessel should log and rethrow any errors" time="0.001">
    </testcase>
    <testcase classname="getVesselByPlnDate should return a vessel when found only one" name="getVesselByPlnDate should return a vessel when found only one" time="0">
    </testcase>
    <testcase classname="getVesselByPlnDate should return undefined when vessel no found" name="getVesselByPlnDate should return undefined when vessel no found" time="0">
    </testcase>
    <testcase classname="getVesselByPlnDate should return undefined when multiple found" name="getVesselByPlnDate should return undefined when multiple found" time="0">
    </testcase>
    <testcase classname="getVesselByPlnDate should return undefined if search vessel return null" name="getVesselByPlnDate should return undefined if search vessel return null" time="0">
    </testcase>
    <testcase classname="getSpecies returns response data" name="getSpecies returns response data" time="0.001">
    </testcase>
    <testcase classname="getSpecies should log and rethrow any errors" name="getSpecies should log and rethrow any errors" time="0">
    </testcase>
    <testcase classname="getSpeciesByFaoCode returns response data" name="getSpeciesByFaoCode returns response data" time="0">
    </testcase>
    <testcase classname="getSpeciesByFaoCode should log and rethrow any errors" name="getSpeciesByFaoCode should log and rethrow any errors" time="0">
    </testcase>
    <testcase classname="getPresentationByCode returns response data" name="getPresentationByCode returns response data" time="0">
    </testcase>
    <testcase classname="getPresentationByCode should log and rethrow any errors" name="getPresentationByCode should log and rethrow any errors" time="0">
    </testcase>
    <testcase classname="getStateByCode returns response data" name="getStateByCode returns response data" time="0">
    </testcase>
    <testcase classname="getStateByCode should log and rethrow any errors" name="getStateByCode should log and rethrow any errors" time="0">
    </testcase>
    <testcase classname="refreshLandings returns response data" name="refreshLandings returns response data" time="0.001">
    </testcase>
    <testcase classname="refreshLandings should log and rethrow any errors" name="refreshLandings should log and rethrow any errors" time="0">
    </testcase>
    <testcase classname="virusDetected should log and call the data reader virus scan / POST api" name="virusDetected should log and call the data reader virus scan / POST api" time="0">
    </testcase>
    <testcase classname="virusDetected should log and return undefined if  virus scan / POST api failed" name="virusDetected should log and return undefined if  virus scan / POST api failed" time="0">
    </testcase>
    <testcase classname="virusDetected should return the data reader virus scan / POST api value for virusDetected" name="virusDetected should return the data reader virus scan / POST api value for virusDetected" time="0.001">
    </testcase>
    <testcase classname="isLegallyDue should call the isLegallyDue POST api" name="isLegallyDue should call the isLegallyDue POST api" time="0">
    </testcase>
    <testcase classname="isLegallyDue should handle errors from calling isLegallyDue POST api with invalid documentNumber" name="isLegallyDue should handle errors from calling isLegallyDue POST api with invalid documentNumber" time="0">
    </testcase>
    <testcase classname="isValidGearType should call /v1/gear-types/:category endpoint with correct parameters" name="isValidGearType should call /v1/gear-types/:category endpoint with correct parameters" time="0">
    </testcase>
    <testcase classname="isValidGearType should create a new instance of axios when not passed in" name="isValidGearType should create a new instance of axios when not passed in" time="0">
    </testcase>
    <testcase classname="isValidGearType should return true when gear type matches item for category" name="isValidGearType should return true when gear type matches item for category" time="0">
    </testcase>
    <testcase classname="isValidGearType should return false when gear type does not match item for category" name="isValidGearType should return false when gear type does not match item for category" time="0">
    </testcase>
    <testcase classname="isValidGearType should throw error when API returns an invalid response" name="isValidGearType should throw error when API returns an invalid response" time="0">
    </testcase>
  </testsuite>
  <testsuite name="The session manager" errors="0" failures="0" skipped="0" timestamp="2026-08-13T14:24:21" time="0.079" tests="24">
    <testcase classname="The session manager when a user id and document number are present will save session data when there is no existing session data" name="The session manager when a user id and document number are present will save session data when there is no existing session data" time="0.002">
    </testcase>
    <testcase classname="The session manager when a user id and document number are present will save session data when sessionData has not been initialised yet" name="The session manager when a user id and document number are present will save session data when sessionData has not been initialised yet" time="0">
    </testcase>
    <testcase classname="The session manager when a user id and document number are present will save session data when there is session data but not for current document" name="The session manager when a user id and document number are present will save session data when there is session data but not for current document" time="0.001">
    </testcase>
    <testcase classname="The session manager when a user id and document number are present and dealing with landing related session data will save the landing" name="The session manager when a user id and document number are present and dealing with landing related session data will save the landing" time="0">
    </testcase>
    <testcase classname="The session manager when a user id and document number are present and dealing with landing related session data will update the correct landing when there is multiple landings" name="The session manager when a user id and document number are present and dealing with landing related session data will update the correct landing when there is multiple landings" time="0.001">
    </testcase>
    <testcase classname="The session manager when a user id and document number are present and dealing with landing related session data will be case insensitive" name="The session manager when a user id and document number are present and dealing with landing related session data will be case insensitive" time="0">
    </testcase>
    <testcase classname="The session manager when a user id and document number are present and dealing with landing related session data will add new landing to a session with multiple draft documents" name="The session manager when a user id and document number are present and dealing with landing related session data will add new landing to a session with multiple draft documents" time="0">
    </testcase>
    <testcase classname="The session manager when a user id and document number are present and dealing with landing related session data will create landing array if there is no landings at all" name="The session manager when a user id and document number are present and dealing with landing related session data will create landing array if there is no landings at all" time="0">
    </testcase>
    <testcase classname="The session manager when a user id and document number are present when updating existing data will override only the properties that are in the payload" name="The session manager when a user id and document number are present when updating existing data will override only the properties that are in the payload" time="0.001">
    </testcase>
    <testcase classname="The session manager when the required data for session is not present will not save anything but attempt to continue with journey with no user id" name="The session manager when the required data for session is not present will not save anything but attempt to continue with journey with no user id" time="0">
    </testcase>
    <testcase classname="The session manager when the required data for session is not present will not save anything but attempt to continue with journey with no document number" name="The session manager when the required data for session is not present will not save anything but attempt to continue with journey with no document number" time="0.001">
    </testcase>
    <testcase classname="The session manager when session data is not required anymore and we need to clear the session and we have userId and document number will be able to clear session data for a given document number" name="The session manager when session data is not required anymore and we need to clear the session and we have userId and document number will be able to clear session data for a given document number" time="0">
    </testcase>
    <testcase classname="The session manager when session data is not required anymore and we need to clear the session and we have userId and document number will be case insensitive" name="The session manager when session data is not required anymore and we need to clear the session and we have userId and document number will be case insensitive" time="0">
    </testcase>
    <testcase classname="The session manager when session data is not required anymore and we need to clear the session and we have userId and document number will not attempt to clear anything if the document is not found" name="The session manager when session data is not required anymore and we need to clear the session and we have userId and document number will not attempt to clear anything if the document is not found" time="0">
    </testcase>
    <testcase classname="The session manager when session data is not required anymore and we need to clear the session and we don&apos;t have the required data will not attempt to delete if there is no userid" name="The session manager when session data is not required anymore and we need to clear the session and we don&apos;t have the required data will not attempt to delete if there is no userid" time="0.001">
    </testcase>
    <testcase classname="The session manager when session data is not required anymore and we need to clear the session and we don&apos;t have the required data will not attempt to delete if there is no documentNumber" name="The session manager when session data is not required anymore and we need to clear the session and we don&apos;t have the required data will not attempt to delete if there is no documentNumber" time="0">
    </testcase>
    <testcase classname="The session manager when session data is not required anymore and we need to clear the session and something goes wrong will return undefined" name="The session manager when session data is not required anymore and we need to clear the session and something goes wrong will return undefined" time="0">
    </testcase>
    <testcase classname="The session manager when retrieving session data and we have all required data will retrieve current session data when record exist" name="The session manager when retrieving session data and we have all required data will retrieve current session data when record exist" time="0">
    </testcase>
    <testcase classname="The session manager when retrieving session data and we have all required data will be case insensitive" name="The session manager when retrieving session data and we have all required data will be case insensitive" time="0">
    </testcase>
    <testcase classname="The session manager when retrieving session data and we have all required data will return undefined if nothing is found" name="The session manager when retrieving session data and we have all required data will return undefined if nothing is found" time="0">
    </testcase>
    <testcase classname="The session manager when retrieving session data and we don&apos;t have the required data will not try to retrieve data if there is no userid" name="The session manager when retrieving session data and we don&apos;t have the required data will not try to retrieve data if there is no userid" time="0.001">
    </testcase>
    <testcase classname="The session manager when retrieving session data and we don&apos;t have the required data will not try to retrieve data if there is no document number" name="The session manager when retrieving session data and we don&apos;t have the required data will not try to retrieve data if there is no document number" time="0">
    </testcase>
    <testcase classname="The session manager when retrieving session data and there is no session data will return undefined" name="The session manager when retrieving session data and there is no session data will return undefined" time="0">
    </testcase>
    <testcase classname="The session manager when retrieving session data and something goes wrong will return undefined" name="The session manager when retrieving session data and something goes wrong will return undefined" time="0">
    </testcase>
  </testsuite>
  <testsuite name="validate species" errors="0" failures="0" skipped="0" timestamp="2026-08-13T14:24:21" time="0.064" tests="31">
    <testcase classname="validate species should not return an error" name="validate species should not return an error" time="0.001">
    </testcase>
    <testcase classname="validate species should return an error if commodity code do not match" name="validate species should return an error if commodity code do not match" time="0">
    </testcase>
    <testcase classname="validate species should return an error if species  do not match" name="validate species should return an error if species  do not match" time="0">
    </testcase>
    <testcase classname="validate species should return an error when species is not defined" name="validate species should return an error when species is not defined" time="0">
    </testcase>
    <testcase classname="validate species should return an error when an error is thrown" name="validate species should return an error when an error is thrown" time="0.001">
    </testcase>
    <testcase classname="validate should call breakDownNameAndCode" name="validate should call breakDownNameAndCode" time="0">
    </testcase>
    <testcase classname="validate should return error if no parsedItem and no call checkIfEntityExistsInServer" name="validate should return error if no parsedItem and no call checkIfEntityExistsInServer" time="0.001">
    </testcase>
    <testcase classname="validate should return error if parsedItem do not match original and no call checkIfEntityExistsInServer" name="validate should return error if parsedItem do not match original and no call checkIfEntityExistsInServer" time="0">
    </testcase>
    <testcase classname="validate should call checkIfEntityExistsInServer if parsedItem match original" name="validate should call checkIfEntityExistsInServer if parsedItem match original" time="0">
    </testcase>
    <testcase classname="validate should  return error if checkIfEntityExistsInServer fail" name="validate should  return error if checkIfEntityExistsInServer fail" time="0">
    </testcase>
    <testcase classname="validate should  return error if checkIfEntityExistsInServer return false" name="validate should  return error if checkIfEntityExistsInServer return false" time="0.001">
    </testcase>
    <testcase classname="validate should return no errors for valid species" name="validate should return no errors for valid species" time="0">
    </testcase>
    <testcase classname="validate countries should not return an error" name="validate countries should not return an error" time="0">
    </testcase>
    <testcase classname="validate countries should return an error if official country name do not match" name="validate countries should return an error if official country name do not match" time="0">
    </testcase>
    <testcase classname="validate countries should return an error if isoCodeAlpha2 do not match" name="validate countries should return an error if isoCodeAlpha2 do not match" time="0">
    </testcase>
    <testcase classname="validate countries should return an error if isoCodeAlpha3 do not match" name="validate countries should return an error if isoCodeAlpha3 do not match" time="0">
    </testcase>
    <testcase classname="validate countries should return an error if isoNumericCode do not match" name="validate countries should return an error if isoNumericCode do not match" time="0.001">
    </testcase>
    <testcase classname="validate countries should return an error when exportDestination is not defined" name="validate countries should return an error when exportDestination is not defined" time="0">
    </testcase>
    <testcase classname="validate countries should return an error when an error is thrown" name="validate countries should return an error when an error is thrown" time="0">
    </testcase>
    <testcase classname="validate ps/sd commodity codes should not return an error" name="validate ps/sd commodity codes should not return an error" time="0">
    </testcase>
    <testcase classname="validate ps/sd commodity codes should return an error if commodity code does not exist" name="validate ps/sd commodity codes should return an error if commodity code does not exist" time="0">
    </testcase>
    <testcase classname="validate ps/sd commodity codes should return an error when commodity code is empty" name="validate ps/sd commodity codes should return an error when commodity code is empty" time="0">
    </testcase>
    <testcase classname="validate ps/sd commodity codes should return an error when commodity code is not defined" name="validate ps/sd commodity codes should return an error when commodity code is not defined" time="0">
    </testcase>
    <testcase classname="validate ps/sd commodity codes should return an error when commodity code is null" name="validate ps/sd commodity codes should return an error when commodity code is null" time="0">
    </testcase>
    <testcase classname="validate ps/sd commodity codes should return an error when an error is thrown" name="validate ps/sd commodity codes should return an error when an error is thrown" time="0">
    </testcase>
    <testcase classname="check species name with suggestions should return an error if there was an issue getting the species" name="check species name with suggestions should return an error if there was an issue getting the species" time="0">
    </testcase>
    <testcase classname="check species name with suggestions should return an error if the species name result is 0" name="check species name with suggestions should return an error if the species name result is 0" time="0">
    </testcase>
    <testcase classname="check species name with suggestions should return a single suggestion for exact FAO code input" name="check species name with suggestions should return a single suggestion for exact FAO code input" time="0">
    </testcase>
    <testcase classname="check species name with suggestions should return an error if the species name result is 5 or less" name="check species name with suggestions should return an error if the species name result is 5 or less" time="0.001">
    </testcase>
    <testcase classname="check species name with suggestions should return an error if the species name result is 1 but the input does not match" name="check species name with suggestions should return an error if the species name result is 1 but the input does not match" time="0">
    </testcase>
    <testcase classname="check species name with suggestions should not return an error if the species name result is exact" name="check species name with suggestions should not return an error if the species name result is exact" time="0">
    </testcase>
  </testsuite>
  <testsuite name="When newing up a new storage document" errors="0" failures="0" skipped="0" timestamp="2026-08-13T14:24:21" time="0.961" tests="20">
    <testcase classname="When newing up a new storage document Will uppercase its document number" name="When newing up a new storage document Will uppercase its document number" time="0.001">
    </testcase>
    <testcase classname="toFrontEndDocumentNumber mapping back end to front end should return a valid document number data object when called with a storage document" name="toFrontEndDocumentNumber mapping back end to front end should return a valid document number data object when called with a storage document" time="0.001">
    </testcase>
    <testcase classname="toFrontEndStorageDocumentExportData mapping back end to front end should return a valid front end export data object for storage document" name="toFrontEndStorageDocumentExportData mapping back end to front end should return a valid front end export data object for storage document" time="0">
    </testcase>
    <testcase classname="toFrontEndStorageDocumentExportData mapping back end to front end should return a valid front end export data object with an old exportedTo property" name="toFrontEndStorageDocumentExportData mapping back end to front end should return a valid front end export data object with an old exportedTo property" time="0.001">
    </testcase>
    <testcase classname="toFrontEndStorageDocumentExportData mapping back end to front end should return empty if only exporter details are available in the backend" name="toFrontEndStorageDocumentExportData mapping back end to front end should return empty if only exporter details are available in the backend" time="0">
    </testcase>
    <testcase classname="toFrontEndStorageDocumentExportData mapping back end to front end should return default property values if there is no exporter deta" name="toFrontEndStorageDocumentExportData mapping back end to front end should return default property values if there is no exporter deta" time="0">
    </testcase>
    <testcase classname="toFrontEndStorageDocumentExportData mapping back end to front end should clear the address from and flag any facilities where the address is in the old format" name="toFrontEndStorageDocumentExportData mapping back end to front end should clear the address from and flag any facilities where the address is in the old format" time="0">
    </testcase>
    <testcase classname="When saving a storage document should generate a unique _id for each catch" name="When saving a storage document should generate a unique _id for each catch" time="0.005">
    </testcase>
    <testcase classname="When cloning a storage document cloneStorageDocument will copy the exporter details" name="When cloning a storage document cloneStorageDocument will copy the exporter details" time="0">
    </testcase>
    <testcase classname="When cloning a storage document cloneStorageDocument will update the created at date" name="When cloning a storage document cloneStorageDocument will update the created at date" time="0">
    </testcase>
    <testcase classname="When cloning a storage document cloneStorageDocument will set the document status to draft" name="When cloning a storage document cloneStorageDocument will set the document status to draft" time="0.001">
    </testcase>
    <testcase classname="When cloning a storage document cloneStorageDocument will update the document number" name="When cloning a storage document cloneStorageDocument will update the document number" time="0">
    </testcase>
    <testcase classname="When cloning a storage document cloneStorageDocument will set requestByAdmin to be false" name="When cloning a storage document cloneStorageDocument will set requestByAdmin to be false" time="0">
    </testcase>
    <testcase classname="When cloning a storage document cloneStorageDocument will update the export data details" name="When cloning a storage document cloneStorageDocument will update the export data details" time="0">
    </testcase>
    <testcase classname="When cloning a storage document cloneExportData will copy the exporter details" name="When cloning a storage document cloneExportData will copy the exporter details" time="0">
    </testcase>
    <testcase classname="When cloning a storage document cloneExportData will update the product details if there are any" name="When cloning a storage document cloneExportData will update the product details if there are any" time="0">
    </testcase>
    <testcase classname="When cloning a storage document cloneExportData - with an old exportedTo will copy and map exportedTo into the currently supported format" name="When cloning a storage document cloneExportData - with an old exportedTo will copy and map exportedTo into the currently supported format" time="0">
    </testcase>
    <testcase classname="When cloning a storage document cloneExportData - with an old exportedTo will spread first storage facility into top level exportData fields" name="When cloning a storage document cloneExportData - with an old exportedTo will spread first storage facility into top level exportData fields" time="0">
    </testcase>
    <testcase classname="When cloning a storage document cloneCatches will update the catch id with the new document number" name="When cloning a storage document cloneCatches will update the catch id with the new document number" time="0.001">
    </testcase>
    <testcase classname="When cloning a storage document cloneCatches will keep all the other fields the same" name="When cloning a storage document cloneCatches will keep all the other fields the same" time="0">
    </testcase>
  </testsuite>
  <testsuite name="seasonalFish" errors="0" failures="0" skipped="0" timestamp="2026-08-13T14:24:22" time="0.071" tests="13">
    <testcase classname="seasonalFish valid product" name="seasonalFish valid product" time="0.002">
    </testcase>
    <testcase classname="seasonalFish invalid product boundary" name="seasonalFish invalid product boundary" time="0">
    </testcase>
    <testcase classname="seasonalFish invalid product end boundary" name="seasonalFish invalid product end boundary" time="0.001">
    </testcase>
    <testcase classname="seasonalFish invalid product boundary for start date" name="seasonalFish invalid product boundary for start date" time="0">
    </testcase>
    <testcase classname="seasonalFish multiple products" name="seasonalFish multiple products" time="0.001">
    </testcase>
    <testcase classname="seasonalFish multiple landings" name="seasonalFish multiple landings" time="0.001">
    </testcase>
    <testcase classname="seasonalFish works with ambiguous dates" name="seasonalFish works with ambiguous dates" time="0">
    </testcase>
    <testcase classname="seasonalFish should skip start date validation for BSS (European Seabass) species" name="seasonalFish should skip start date validation for BSS (European Seabass) species" time="0.001">
    </testcase>
    <testcase classname="seasonalFish should still validate landing date for BSS even when start date validation is skipped" name="seasonalFish should still validate landing date for BSS even when start date validation is skipped" time="0">
    </testcase>
    <testcase classname="seasonalFish should return an empty validation list when products input is undefined" name="seasonalFish should return an empty validation list when products input is undefined" time="0">
    </testcase>
    <testcase classname="productsAreValid will return true if validation passes" name="productsAreValid will return true if validation passes" time="0">
    </testcase>
    <testcase classname="productsAreValid will log and return false if validation fails" name="productsAreValid will log and return false if validation fails" time="0">
    </testcase>
    <testcase classname="productsAreValid will log and return false if validation fails with start date" name="productsAreValid will log and return false if validation fails with start date" time="0.001">
    </testcase>
  </testsuite>
  <testsuite name="toFrontEndDocumentNumber mapping back end to front end" errors="0" failures="0" skipped="0" timestamp="2026-08-13T14:24:22" time="0.101" tests="30">
    <testcase classname="toFrontEndDocumentNumber mapping back end to front end should return a valid document number data object when called with a catch certificate" name="toFrontEndDocumentNumber mapping back end to front end should return a valid document number data object when called with a catch certificate" time="0.001">
    </testcase>
    <testcase classname="cloneCatchCertificate will copy the author details" name="cloneCatchCertificate will copy the author details" time="0">
    </testcase>
    <testcase classname="cloneCatchCertificate will copy the user reference" name="cloneCatchCertificate will copy the user reference" time="0">
    </testcase>
    <testcase classname="cloneCatchCertificate will update the created at date" name="cloneCatchCertificate will update the created at date" time="0">
    </testcase>
    <testcase classname="cloneCatchCertificate will set the document status to draft" name="cloneCatchCertificate will set the document status to draft" time="0">
    </testcase>
    <testcase classname="cloneCatchCertificate will update the document number" name="cloneCatchCertificate will update the document number" time="0">
    </testcase>
    <testcase classname="cloneCatchCertificate will set requestByAdmin to be false" name="cloneCatchCertificate will set requestByAdmin to be false" time="0">
    </testcase>
    <testcase classname="cloneCatchCertificate will update the export data details" name="cloneCatchCertificate will update the export data details" time="0">
    </testcase>
    <testcase classname="cloneCatchCertificate will not copy undefined properties" name="cloneCatchCertificate will not copy undefined properties" time="0.001">
    </testcase>
    <testcase classname="cloneExportData - with an old exportedTo will copy and map exportedTo into the currently supported format" name="cloneExportData - with an old exportedTo will copy and map exportedTo into the currently supported format" time="0">
    </testcase>
    <testcase classname="cloneExportData will copy the conservation details" name="cloneExportData will copy the conservation details" time="0">
    </testcase>
    <testcase classname="cloneExportData will copy the exporter details" name="cloneExportData will copy the exporter details" time="0">
    </testcase>
    <testcase classname="cloneExportData will copy the transportation details" name="cloneExportData will copy the transportation details" time="0.001">
    </testcase>
    <testcase classname="cloneExportData will update the product details if there are any" name="cloneExportData will update the product details if there are any" time="0">
    </testcase>
    <testcase classname="cloneExportData will leave the product details if they are empty" name="cloneExportData will leave the product details if they are empty" time="0">
    </testcase>
    <testcase classname="cloneExportData will not exclude landings when not specified to do so" name="cloneExportData will not exclude landings when not specified to do so" time="0">
    </testcase>
    <testcase classname="cloneExportData will exclude landings if specified to do so" name="cloneExportData will exclude landings if specified to do so" time="0.001">
    </testcase>
    <testcase classname="cloneProductData will exclude landings if specified to do so" name="cloneProductData will exclude landings if specified to do so" time="0">
    </testcase>
    <testcase classname="cloneProductData will update the species id with the new document number" name="cloneProductData will update the species id with the new document number" time="0">
    </testcase>
    <testcase classname="cloneProductData will update the landings if there are any" name="cloneProductData will update the landings if there are any" time="0">
    </testcase>
    <testcase classname="cloneProductData will leave the landings alone if there are none" name="cloneProductData will leave the landings alone if there are none" time="0">
    </testcase>
    <testcase classname="cloneProductData will keep all the other fields the same" name="cloneProductData will keep all the other fields the same" time="0.001">
    </testcase>
    <testcase classname="cloneProductData will not return any fields which are undefined" name="cloneProductData will not return any fields which are undefined" time="0">
    </testcase>
    <testcase classname="cloneCatch will update the catch id with the new document number" name="cloneCatch will update the catch id with the new document number" time="0">
    </testcase>
    <testcase classname="cloneCatch will remove the status field" name="cloneCatch will remove the status field" time="0">
    </testcase>
    <testcase classname="cloneCatch will remove the number of submissions field" name="cloneCatch will remove the number of submissions field" time="0">
    </testcase>
    <testcase classname="cloneCatch will remove the vessel overridden by admin field" name="cloneCatch will remove the vessel overridden by admin field" time="0">
    </testcase>
    <testcase classname="cloneCatch will remove the vessel not found field" name="cloneCatch will remove the vessel not found field" time="0">
    </testcase>
    <testcase classname="cloneCatch will keep all the other fields the same" name="cloneCatch will keep all the other fields the same" time="0">
    </testcase>
    <testcase classname="cloneCatch will not return any fields which are undefined" name="cloneCatch will not return any fields which are undefined" time="0">
    </testcase>
  </testsuite>
  <testsuite name="addTransport" errors="0" failures="0" skipped="0" timestamp="2026-08-13T14:24:22" time="0.256" tests="28">
    <testcase classname="addTransport will add transportation from payload" name="addTransport will add transportation from payload" time="0">
    </testcase>
    <testcase classname="addTransport will fail to add transportation" name="addTransport will fail to add transportation" time="0.007">
    </testcase>
    <testcase classname="addTransportCheck will add transportation check from payload" name="addTransportCheck will add transportation check from payload" time="0">
    </testcase>
    <testcase classname="addTransportCheck will fail to add transportation check" name="addTransportCheck will fail to add transportation check" time="0">
    </testcase>
    <testcase classname="getTransportationCheck will all transportations" name="getTransportationCheck will all transportations" time="0.001">
    </testcase>
    <testcase classname="getTransportationCheck will fail to get transportations" name="getTransportationCheck will fail to get transportations" time="0">
    </testcase>
    <testcase classname="getTransportations will all transportations" name="getTransportations will all transportations" time="0">
    </testcase>
    <testcase classname="getTransportations will fail to get transportations" name="getTransportations will fail to get transportations" time="0">
    </testcase>
    <testcase classname="getTransport will get a single transportation" name="getTransport will get a single transportation" time="0.001">
    </testcase>
    <testcase classname="getTransport will fail to get a transportation" name="getTransport will fail to get a transportation" time="0">
    </testcase>
    <testcase classname="saveTransportDocuments will save transportation from payload" name="saveTransportDocuments will save transportation from payload" time="0">
    </testcase>
    <testcase classname="saveTransportDocuments will fail to update transportation" name="saveTransportDocuments will fail to update transportation" time="0.001">
    </testcase>
    <testcase classname="saveTransportDocuments will filter out documents with empty name or reference" name="saveTransportDocuments will filter out documents with empty name or reference" time="0">
    </testcase>
    <testcase classname="updateTransportDocuments will update transport documents without filtering" name="updateTransportDocuments will update transport documents without filtering" time="0">
    </testcase>
    <testcase classname="updateTransportDocuments will fail to update transport documents" name="updateTransportDocuments will fail to update transport documents" time="0">
    </testcase>
    <testcase classname="updateTransportDocuments will pass through all documents including empty ones" name="updateTransportDocuments will pass through all documents including empty ones" time="0">
    </testcase>
    <testcase classname="updateTransport will update transportation from payload" name="updateTransport will update transportation from payload" time="0">
    </testcase>
    <testcase classname="updateTransport will fail to update transportation" name="updateTransport will fail to update transportation" time="0.001">
    </testcase>
    <testcase classname="updateTransport will transform containerNumbers array to containerIdentificationNumber for truck" name="updateTransport will transform containerNumbers array to containerIdentificationNumber for truck" time="0">
    </testcase>
    <testcase classname="updateTransport will filter empty containerNumbers when transforming for truck" name="updateTransport will filter empty containerNumbers when transforming for truck" time="0">
    </testcase>
    <testcase classname="updateTransport will transform containerNumbers for train vehicles" name="updateTransport will transform containerNumbers for train vehicles" time="0">
    </testcase>
    <testcase classname="updateTransport will transform containerNumbers array to containerNumber for plane" name="updateTransport will transform containerNumbers array to containerNumber for plane" time="0">
    </testcase>
    <testcase classname="updateTransport will transform containerNumbers array to containerNumber for containerVessel" name="updateTransport will transform containerNumbers array to containerNumber for containerVessel" time="0">
    </testcase>
    <testcase classname="updateTransport will filter empty containerNumbers when transforming for plane" name="updateTransport will filter empty containerNumbers when transforming for plane" time="0">
    </testcase>
    <testcase classname="updateTransport will filter empty containerNumbers when transforming for containerVessel" name="updateTransport will filter empty containerNumbers when transforming for containerVessel" time="0.001">
    </testcase>
    <testcase classname="removeTransport will remove all transportations" name="removeTransport will remove all transportations" time="0">
    </testcase>
    <testcase classname="removeTransport will fail to remove all transportations" name="removeTransport will fail to remove all transportations" time="0">
    </testcase>
    <testcase classname="removeTransport will remove a transportation" name="removeTransport will remove a transportation" time="0">
    </testcase>
  </testsuite>
  <testsuite name="removeFish" errors="0" failures="0" skipped="0" timestamp="2026-08-13T14:24:22" time="0.18" tests="29">
    <testcase classname="removeFish gets species from mongo, removes the one specified, and upserts the data back to mongo" name="removeFish gets species from mongo, removes the one specified, and upserts the data back to mongo" time="0.001">
    </testcase>
    <testcase classname="removeFish will handle a thrown error" name="removeFish will handle a thrown error" time="0.004">
    </testcase>
    <testcase classname="editFish when editing or updating an existing product information should get species data from and save it to mongo" name="editFish when editing or updating an existing product information should get species data from and save it to mongo" time="0">
    </testcase>
    <testcase classname="editFish when editing or updating an existing product information should update species information only" name="editFish when editing or updating an existing product information should update species information only" time="0.001">
    </testcase>
    <testcase classname="editFish should update commodity code information of the product only" name="editFish should update commodity code information of the product only" time="0">
    </testcase>
    <testcase classname="editFish should update state and presentation information of the product only" name="editFish should update state and presentation information of the product only" time="0">
    </testcase>
    <testcase classname="saveFish should save fish to redis" name="saveFish should save fish to redis" time="0.001">
    </testcase>
    <testcase classname="addedFish should call getSpecies" name="addedFish should call getSpecies" time="0">
    </testcase>
    <testcase classname="addedFish should be able to call getSpecies with a docNumber" name="addedFish should be able to call getSpecies with a docNumber" time="0">
    </testcase>
    <testcase classname="isDuplicate should get species data from mongo" name="isDuplicate should get species data from mongo" time="0">
    </testcase>
    <testcase classname="isDuplicate should return false for no duplicates when no data is found" name="isDuplicate should return false for no duplicates when no data is found" time="0">
    </testcase>
    <testcase classname="isDuplicate should return false for no duplicates" name="isDuplicate should return false for no duplicates" time="0">
    </testcase>
    <testcase classname="isDuplicate should return false for duplicates when updating same record again without do any changes" name="isDuplicate should return false for duplicates when updating same record again without do any changes" time="0">
    </testcase>
    <testcase classname="isDuplicate should return true for duplicates" name="isDuplicate should return true for duplicates" time="0">
    </testcase>
    <testcase classname="isDuplicate should return true for duplicates based on species" name="isDuplicate should return true for duplicates based on species" time="0">
    </testcase>
    <testcase classname="addFish when adding a new fish should get species data and save it to mongo given no species are found" name="addFish when adding a new fish should get species data and save it to mongo given no species are found" time="0">
    </testcase>
    <testcase classname="addFish when adding a new fish should get species data from and save it to mongo" name="addFish when adding a new fish should get species data from and save it to mongo" time="0">
    </testcase>
    <testcase classname="addFish when adding a new fish should get species data from and save it to mongo with a new id" name="addFish when adding a new fish should get species data from and save it to mongo with a new id" time="0.001">
    </testcase>
    <testcase classname="addFish when adding a new fish should create an id when added from favourites" name="addFish when adding a new fish should create an id when added from favourites" time="0">
    </testcase>
    <testcase classname="addFish when updating an existing fish should get species data from and save it to mongo" name="addFish when updating an existing fish should get species data from and save it to mongo" time="0">
    </testcase>
    <testcase classname="addFish when updating an existing fish should throw an error if payload is incomplete" name="addFish when updating an existing fish should throw an error if payload is incomplete" time="0">
    </testcase>
    <testcase classname="addFish when updating an existing fish should throw an error if payload is inconsistent" name="addFish when updating an existing fish should throw an error if payload is inconsistent" time="0">
    </testcase>
    <testcase classname="addFish when updating an existing fish should update species information only" name="addFish when updating an existing fish should update species information only" time="0">
    </testcase>
    <testcase classname="addFish when updating an existing fish should update commodity code information" name="addFish when updating an existing fish should update commodity code information" time="0">
    </testcase>
    <testcase classname="hasFish should return false" name="hasFish should return false" time="0.001">
    </testcase>
    <testcase classname="hasFish should return true" name="hasFish should return true" time="0.006">
    </testcase>
    <testcase classname="must have keys should return false for undefined" name="must have keys should return false for undefined" time="0">
    </testcase>
    <testcase classname="must have keys should return false" name="must have keys should return false" time="0">
    </testcase>
    <testcase classname="must have keys should return true" name="must have keys should return true" time="0">
    </testcase>
  </testsuite>
  <testsuite name="checkVesselWithDate" errors="0" failures="0" skipped="0" timestamp="2026-08-13T14:24:23" time="0.073" tests="16">
    <testcase classname="checkVesselWithDate Should return false to show invalid if no vessel name is preset" name="checkVesselWithDate Should return false to show invalid if no vessel name is preset" time="0.001">
    </testcase>
    <testcase classname="checkVesselWithDate Should return false to show invalid if the date is invalid" name="checkVesselWithDate Should return false to show invalid if the date is invalid" time="0.008">
    </testcase>
    <testcase classname="checkVesselWithDate Should return an error when a vessel doesn&apos;t have a valid license" name="checkVesselWithDate Should return an error when a vessel doesn&apos;t have a valid license" time="0.001">
    </testcase>
    <testcase classname="checkVesselWithDate Should return true when a vessel has a valid license" name="checkVesselWithDate Should return true when a vessel has a valid license" time="0">
    </testcase>
    <testcase classname="checkVesselWithDate Should return true when vessel has been overridden by an admin" name="checkVesselWithDate Should return true when vessel has been overridden by an admin" time="0">
    </testcase>
    <testcase classname="vesselsAreValid will return true if no errors are thrown" name="vesselsAreValid will return true if no errors are thrown" time="0.001">
    </testcase>
    <testcase classname="vesselsAreValid will log and return false if an error is thrown" name="vesselsAreValid will log and return false if an error is thrown" time="0">
    </testcase>
    <testcase classname="vesselsAreValid has items with Vessel Not Found will return true if a item has landings with vessel.vesselNotFound true" name="vesselsAreValid has items with Vessel Not Found will return true if a item has landings with vessel.vesselNotFound true" time="0">
    </testcase>
    <testcase classname="vesselsAreValid getVesselNotFound will return the list of the Export Data that contain Vessel Not Found" name="vesselsAreValid getVesselNotFound will return the list of the Export Data that contain Vessel Not Found" time="0">
    </testcase>
    <testcase classname="vesselsAreValid getVesselNotFound will not return anything because Vessel Not Found does not exist." name="vesselsAreValid getVesselNotFound will not return anything because Vessel Not Found does not exist." time="0">
    </testcase>
    <testcase classname="vesselsAreValid Return a list of errors when Vessel Not Found is found will return a list of errors" name="vesselsAreValid Return a list of errors when Vessel Not Found is found will return a list of errors" time="0">
    </testcase>
    <testcase classname="invalidLandingDates will return no errors if no landings are in the future" name="invalidLandingDates will return no errors if no landings are in the future" time="0.001">
    </testcase>
    <testcase classname="invalidLandingDates will return no errors when time greater than 00:00 and less than 01.00 in BST" name="invalidLandingDates will return no errors when time greater than 00:00 and less than 01.00 in BST" time="0">
    </testcase>
    <testcase classname="invalidLandingDates will not return errors if there are landings that are within the limit day" name="invalidLandingDates will not return errors if there are landings that are within the limit day" time="0">
    </testcase>
    <testcase classname="invalidLandingDates will return a error if a landing is more than 3 days in the future" name="invalidLandingDates will return a error if a landing is more than 3 days in the future" time="0">
    </testcase>
    <testcase classname="invalidLandingDates will return multiple errors if multiple landings are more than 3 days in the future" name="invalidLandingDates will return multiple errors if multiple landings are more than 3 days in the future" time="0.001">
    </testcase>
  </testsuite>
  <testsuite name="when downloading pdf blobs" errors="0" failures="0" skipped="0" timestamp="2026-08-13T14:24:23" time="0.066" tests="18">
    <testcase classname="when downloading pdf blobs will get blob service client using blob connection string and download blob" name="when downloading pdf blobs will get blob service client using blob connection string and download blob" time="0.001">
    </testcase>
    <testcase classname="when downloading pdf blobs will download blob on the thrid attempt" name="when downloading pdf blobs will download blob on the thrid attempt" time="0">
    </testcase>
    <testcase classname="when downloading pdf blobs will throw if blob does not exists" name="when downloading pdf blobs will throw if blob does not exists" time="0.005">
    </testcase>
    <testcase classname="when sending successful email notifications should send an email notify via GOV.UK notify if it is success" name="when sending successful email notifications should send an email notify via GOV.UK notify if it is success" time="0.001">
    </testcase>
    <testcase classname="when sending successful email notifications should throw an error if template id is not set" name="when sending successful email notifications should throw an error if template id is not set" time="0.003">
    </testcase>
    <testcase classname="when sending successful email notifications should throw error if api key is not set" name="when sending successful email notifications should throw error if api key is not set" time="0">
    </testcase>
    <testcase classname="when sending successful email notifications should check if downloadPdfBlob is called" name="when sending successful email notifications should check if downloadPdfBlob is called" time="0">
    </testcase>
    <testcase classname="when sending successful email notifications should throw error if downloadBlockBlobResponse is false" name="when sending successful email notifications should throw error if downloadBlockBlobResponse is false" time="0">
    </testcase>
    <testcase classname="when sending successful email notifications should throw error if send email fails" name="when sending successful email notifications should throw error if send email fails" time="0">
    </testcase>
    <testcase classname="when sending failure email notifications should send an email notify via GOV.UK notify" name="when sending failure email notifications should send an email notify via GOV.UK notify" time="0">
    </testcase>
    <testcase classname="when sending failure email notifications should throw error on missing required args" name="when sending failure email notifications should throw error on missing required args" time="0">
    </testcase>
    <testcase classname="when sending failure email notifications should log any errors thrown by GOV.uk notify application failure sendEmail" name="when sending failure email notifications should log any errors thrown by GOV.uk notify application failure sendEmail" time="0">
    </testcase>
    <testcase classname="when sending failure email notifications should throw error API key is undefined for response" name="when sending failure email notifications should throw error API key is undefined for response" time="0">
    </testcase>
    <testcase classname="when sending technical error email notifications should log any errors thrown by GOV.UK notify technical sendEmail" name="when sending technical error email notifications should log any errors thrown by GOV.UK notify technical sendEmail" time="0">
    </testcase>
    <testcase classname="when sending technical error email notifications should send an email notify via GOV.UK notify" name="when sending technical error email notifications should send an email notify via GOV.UK notify" time="0.001">
    </testcase>
    <testcase classname="when sending technical error email notifications should throw error API key is undefined for response" name="when sending technical error email notifications should throw error API key is undefined for response" time="0">
    </testcase>
    <testcase classname="when sending technical error email notifications should throw error Template ID is not defined" name="when sending technical error email notifications should throw error Template ID is not defined" time="0">
    </testcase>
    <testcase classname="when sending technical error email notifications should throw error Email Address is not defined" name="when sending technical error email notifications should throw error Email Address is not defined" time="0">
    </testcase>
  </testsuite>
  <testsuite name="getDraftDocument" errors="0" failures="0" skipped="0" timestamp="2026-08-13T14:24:23" time="0.235" tests="29">
    <testcase classname="getDraftDocument should return data if data is returned from mongo" name="getDraftDocument should return data if data is returned from mongo" time="0.001">
    </testcase>
    <testcase classname="getDraftDocument should return an empty object if no data is returned from mongo" name="getDraftDocument should return an empty object if no data is returned from mongo" time="0">
    </testcase>
    <testcase classname="getDraftDocument should call the PS service if the key contains processingStatement" name="getDraftDocument should call the PS service if the key contains processingStatement" time="0.001">
    </testcase>
    <testcase classname="getDraftDocument should return an empty array if PS service returns null" name="getDraftDocument should return an empty array if PS service returns null" time="0">
    </testcase>
    <testcase classname="getDraftDocument should call the SD service if the key contains storageNote" name="getDraftDocument should call the SD service if the key contains storageNote" time="0">
    </testcase>
    <testcase classname="getDraftDocument should return an empty array if SD service returns null" name="getDraftDocument should return an empty array if SD service returns null" time="0">
    </testcase>
    <testcase classname="getServiceNameFromDocumentNumber should return CC for a CC document number" name="getServiceNameFromDocumentNumber should return CC for a CC document number" time="0">
    </testcase>
    <testcase classname="getServiceNameFromDocumentNumber should return PS for a PS document number" name="getServiceNameFromDocumentNumber should return PS for a PS document number" time="0">
    </testcase>
    <testcase classname="getServiceNameFromDocumentNumber should return SD for a SD document number" name="getServiceNameFromDocumentNumber should return SD for a SD document number" time="0">
    </testcase>
    <testcase classname="getServiceNameFromDocumentNumber should return UNKNOWN for anything else" name="getServiceNameFromDocumentNumber should return UNKNOWN for anything else" time="0">
    </testcase>
    <testcase classname="getUniqueDocumentNumber should return a document number" name="getUniqueDocumentNumber should return a document number" time="0.001">
    </testcase>
    <testcase classname="getUniqueDocumentNumber should keep generating new document numbers until it creates one which is unique" name="getUniqueDocumentNumber should keep generating new document numbers until it creates one which is unique" time="0">
    </testcase>
    <testcase classname="getUniqueDocumentNumber should throw an error if it cant generate a unique document number after 10 attempts" name="getUniqueDocumentNumber should throw an error if it cant generate a unique document number after 10 attempts" time="0.004">
    </testcase>
    <testcase classname="getDocument will return null if the service name can&apos;t be found for the document number" name="getDocument will return null if the service name can&apos;t be found for the document number" time="0">
    </testcase>
    <testcase classname="getDocument will return null if no document is found" name="getDocument will return null if no document is found" time="0.001">
    </testcase>
    <testcase classname="getDocument will return null if the found document status is not complete, pending or draft" name="getDocument will return null if the found document status is not complete, pending or draft" time="0">
    </testcase>
    <testcase classname="getDocument will return document details if a draft CC is found" name="getDocument will return document details if a draft CC is found" time="0">
    </testcase>
    <testcase classname="getDocument will return document details if a completed CC is found" name="getDocument will return document details if a completed CC is found" time="0">
    </testcase>
    <testcase classname="getDocument will return document details if a pending CC is found" name="getDocument will return document details if a pending CC is found" time="0">
    </testcase>
    <testcase classname="getDocument will return document details if a completed PS is found" name="getDocument will return document details if a completed PS is found" time="0">
    </testcase>
    <testcase classname="getDocument will return document details if a completed SD is found" name="getDocument will return document details if a completed SD is found" time="0">
    </testcase>
    <testcase classname="countDocuments should return count for CC" name="countDocuments should return count for CC" time="0">
    </testcase>
    <testcase classname="countDocuments should return count for PS" name="countDocuments should return count for PS" time="0">
    </testcase>
    <testcase classname="countDocuments should return count for SD" name="countDocuments should return count for SD" time="0">
    </testcase>
    <testcase classname="getCompletedDocuments should return CC documents" name="getCompletedDocuments should return CC documents" time="0">
    </testcase>
    <testcase classname="getCompletedDocuments should return PS documents" name="getCompletedDocuments should return PS documents" time="0">
    </testcase>
    <testcase classname="getCompletedDocuments should return SD documents" name="getCompletedDocuments should return SD documents" time="0">
    </testcase>
    <testcase classname="getFullDocument should return the document payload from the session store" name="getFullDocument should return the document payload from the session store" time="0">
    </testcase>
    <testcase classname="createDocumentNumber should create a document number and write it to the session store" name="createDocumentNumber should create a document number and write it to the session store" time="0.001">
    </testcase>
  </testsuite>
  <testsuite name="When mapping from a front end transport to a backend transport" errors="0" failures="0" skipped="0" timestamp="2026-08-13T14:24:23" time="0.059" tests="24">
    <testcase classname="When mapping from a front end transport to a backend transport if vehicle is truck then it should contain all relevant properties for truck" name="When mapping from a front end transport to a backend transport if vehicle is truck then it should contain all relevant properties for truck" time="0.001">
    </testcase>
    <testcase classname="When mapping from a front end transport to a backend transport if vehicle is plane then it should contain all relevant properties for plane" name="When mapping from a front end transport to a backend transport if vehicle is plane then it should contain all relevant properties for plane" time="0">
    </testcase>
    <testcase classname="When mapping from a front end transport to a backend transport if vehicle is train then it should contain all relevant properties for train" name="When mapping from a front end transport to a backend transport if vehicle is train then it should contain all relevant properties for train" time="0">
    </testcase>
    <testcase classname="When mapping from a front end transport to a backend transport if vehicle is container vessel then it should contain all relevant properties for container vessel" name="When mapping from a front end transport to a backend transport if vehicle is container vessel then it should contain all relevant properties for container vessel" time="0">
    </testcase>
    <testcase classname="When mapping from a front end transport to a backend transport if vehicle is fishing vessel then it should contain all relevant properties for fishing vessel" name="When mapping from a front end transport to a backend transport if vehicle is fishing vessel then it should contain all relevant properties for fishing vessel" time="0.001">
    </testcase>
    <testcase classname="When mapping from a front end transport to a backend transport if no valid transport vehicle should return null" name="When mapping from a front end transport to a backend transport if no valid transport vehicle should return null" time="0">
    </testcase>
    <testcase classname="When mapping from a front end transport to a backend transport if the optional property  exportDate is included then it should be returned" name="When mapping from a front end transport to a backend transport if the optional property  exportDate is included then it should be returned" time="0">
    </testcase>
    <testcase classname="When mapping from a front end transport to a backend transport if exportLocation property is not provided exportFrom should not be populated" name="When mapping from a front end transport to a backend transport if exportLocation property is not provided exportFrom should not be populated" time="0">
    </testcase>
    <testcase classname="When mapping from a front end transport to a backend transport if exportDate property is not provided it should not be returned" name="When mapping from a front end transport to a backend transport if exportDate property is not provided it should not be returned" time="0">
    </testcase>
    <testcase classname="When mapping from a front end transport to a backend transport if CMR is not defined for truck transport it should not be mapped" name="When mapping from a front end transport to a backend transport if CMR is not defined for truck transport it should not be mapped" time="0">
    </testcase>
    <testcase classname="When mapping from a backend transport to front end transport if vehicle is valid" name="When mapping from a backend transport to front end transport if vehicle is valid" time="0">
    </testcase>
    <testcase classname="When mapping from a backend transport to front end transport if vehicle is truck then it should contain all the relevant properties for a truck" name="When mapping from a backend transport to front end transport if vehicle is truck then it should contain all the relevant properties for a truck" time="0">
    </testcase>
    <testcase classname="When mapping from a backend transport to front end transport if vehicle is plane then it should contain all the relevant properties for a plane" name="When mapping from a backend transport to front end transport if vehicle is plane then it should contain all the relevant properties for a plane" time="0">
    </testcase>
    <testcase classname="When mapping from a backend transport to front end transport if vehicle is train then it should contain all the relevant properties for a train" name="When mapping from a backend transport to front end transport if vehicle is train then it should contain all the relevant properties for a train" time="0">
    </testcase>
    <testcase classname="When mapping from a backend transport to front end transport if vehicle is container vessel then it should contain all the relevant properties for a container vessel" name="When mapping from a backend transport to front end transport if vehicle is container vessel then it should contain all the relevant properties for a container vessel" time="0">
    </testcase>
    <testcase classname="When mapping from a backend transport to front end transport if vehicle is fishing vessel then it should contain all the relevant properties for a fishing vessel" name="When mapping from a backend transport to front end transport if vehicle is fishing vessel then it should contain all the relevant properties for a fishing vessel" time="0.001">
    </testcase>
    <testcase classname="When mapping from a backend transport to front end transport if no valid transport vehicle should return null" name="When mapping from a backend transport to front end transport if no valid transport vehicle should return null" time="0">
    </testcase>
    <testcase classname="When mapping from a backend transport to front end transport if valid transport vehicle should return expected results" name="When mapping from a backend transport to front end transport if valid transport vehicle should return expected results" time="0">
    </testcase>
    <testcase classname="When mapping from a backend transport to front end transport if CMR is not defined for truck transport it should not be mapped" name="When mapping from a backend transport to front end transport if CMR is not defined for truck transport it should not be mapped" time="0">
    </testcase>
    <testcase classname="When mapping from a backend transport to front end transport if CMR is defined it should be converted to string for frontend" name="When mapping from a backend transport to front end transport if CMR is defined it should be converted to string for frontend" time="0">
    </testcase>
    <testcase classname="When mapping from a backend transport to front end transport should split containerIdentificationNumber string to containerNumbers array for truck with multiple containers" name="When mapping from a backend transport to front end transport should split containerIdentificationNumber string to containerNumbers array for truck with multiple containers" time="0">
    </testcase>
    <testcase classname="When mapping from a backend transport to front end transport should split containerNumber string to containerNumbers array for plane with multiple containers" name="When mapping from a backend transport to front end transport should split containerNumber string to containerNumbers array for plane with multiple containers" time="0.001">
    </testcase>
    <testcase classname="When mapping from a backend transport to front end transport should split containerIdentificationNumber string to containerNumbers array for train with multiple containers" name="When mapping from a backend transport to front end transport should split containerIdentificationNumber string to containerNumbers array for train with multiple containers" time="0">
    </testcase>
    <testcase classname="When mapping from a backend transport to front end transport should split containerNumber string to containerNumbers array for containerVessel with multiple containers" name="When mapping from a backend transport to front end transport should split containerNumber string to containerNumbers array for containerVessel with multiple containers" time="0">
    </testcase>
  </testsuite>
  <testsuite name="get" errors="0" failures="0" skipped="0" timestamp="2026-08-13T14:24:23" time="0.067" tests="26">
    <testcase classname="get will return error data based on the document number" name="get will return error data based on the document number" time="0">
    </testcase>
    <testcase classname="get will return null if there is no response" name="get will return null if there is no response" time="0.001">
    </testcase>
    <testcase classname="get will return null if there is no errors property" name="get will return null if there is no errors property" time="0">
    </testcase>
    <testcase classname="get will return null if the error property is empty" name="get will return null if the error property is empty" time="0">
    </testcase>
    <testcase classname="get will return error data including system errors" name="get will return error data including system errors" time="0">
    </testcase>
    <testcase classname="get will return error data excluding any system errors" name="get will return error data excluding any system errors" time="0.001">
    </testcase>
    <testcase classname="get will return only one system error" name="get will return only one system error" time="0">
    </testcase>
    <testcase classname="get all system errors will return a system error of all documents based on user" name="get all system errors will return a system error of all documents based on user" time="0">
    </testcase>
    <testcase classname="get all system errors will return all the system errors of all documents based on user" name="get all system errors will return all the system errors of all documents based on user" time="0">
    </testcase>
    <testcase classname="get all system errors will return null if there is no response in the system errors" name="get all system errors will return null if there is no response in the system errors" time="0.001">
    </testcase>
    <testcase classname="save errors to redis should call writeAll with the right parameters" name="save errors to redis should call writeAll with the right parameters" time="0">
    </testcase>
    <testcase classname="save system errors to redis should log info when saving system error" name="save system errors to redis should log info when saving system error" time="0">
    </testcase>
    <testcase classname="save system errors to redis should read from session store" name="save system errors to redis should read from session store" time="0.001">
    </testcase>
    <testcase classname="save system errors to redis should read all system errors for this user" name="save system errors to redis should read all system errors for this user" time="0">
    </testcase>
    <testcase classname="save system errors to redis should write new system errors for this user" name="save system errors to redis should write new system errors for this user" time="0">
    </testcase>
    <testcase classname="save system errors to redis should add new system errors to pre-existing system errors for this user" name="save system errors to redis should add new system errors to pre-existing system errors for this user" time="0">
    </testcase>
    <testcase classname="save system errors to redis should throw an error if any things goes wrong whilst talking with redis" name="save system errors to redis should throw an error if any things goes wrong whilst talking with redis" time="0.006">
    </testcase>
    <testcase classname="clear errors from redis should call redis api with the right argument" name="clear errors from redis should call redis api with the right argument" time="0">
    </testcase>
    <testcase classname="clear errors from redis should log that remove tag is executed" name="clear errors from redis should log that remove tag is executed" time="0">
    </testcase>
    <testcase classname="clear system errors from redis should log info when clearing a system error" name="clear system errors from redis should log info when clearing a system error" time="0">
    </testcase>
    <testcase classname="clear system errors from redis should read from session store" name="clear system errors from redis should read from session store" time="0">
    </testcase>
    <testcase classname="clear system errors from redis should read all system errors for this user" name="clear system errors from redis should read all system errors for this user" time="0.001">
    </testcase>
    <testcase classname="clear system errors from redis should write new system errors for this user" name="clear system errors from redis should write new system errors for this user" time="0">
    </testcase>
    <testcase classname="clear system errors from redis should remove system errors for given document number and keep pre-existing system errors for this user" name="clear system errors from redis should remove system errors for given document number and keep pre-existing system errors for this user" time="0">
    </testcase>
    <testcase classname="clear system errors from redis should remove system errors for given document number" name="clear system errors from redis should remove system errors for given document number" time="0">
    </testcase>
    <testcase classname="clear system errors from redis should throw an error if any things goes wrong whilst talking with redis" name="clear system errors from redis should throw an error if any things goes wrong whilst talking with redis" time="0">
    </testcase>
  </testsuite>
  <testsuite name="when mapping frontend catch to backend catch for statementDocument" errors="0" failures="0" skipped="0" timestamp="2026-08-13T14:24:23" time="0.075" tests="8">
    <testcase classname="when mapping frontend catch to backend catch for statementDocument should contain the relevant properties for mongo Catch type" name="when mapping frontend catch to backend catch for statementDocument should contain the relevant properties for mongo Catch type" time="0.001">
    </testcase>
    <testcase classname="when mapping frontend catch to backend catch for statementDocument should not contain an id in back end SD catch" name="when mapping frontend catch to backend catch for statementDocument should not contain an id in back end SD catch" time="0.001">
    </testcase>
    <testcase classname="Maps the catches from back end to front end contains the catch details from back end to front end" name="Maps the catches from back end to front end contains the catch details from back end to front end" time="0">
    </testcase>
    <testcase classname="when mapping frontend  to backend exportData for statementDocument should contain the relevant properties for mongo exportData type" name="when mapping frontend  to backend exportData for statementDocument should contain the relevant properties for mongo exportData type" time="0">
    </testcase>
    <testcase classname="when mapping frontend  to backend exportData for statementDocument should contain return an empty exporter details section" name="when mapping frontend  to backend exportData for statementDocument should contain return an empty exporter details section" time="0.001">
    </testcase>
    <testcase classname="when using sdDataToSave should call toBackEndExportDataSD once with full frontEndStorageDocument if none of storageFacilities is empty" name="when using sdDataToSave should call toBackEndExportDataSD once with full frontEndStorageDocument if none of storageFacilities is empty" time="0">
    </testcase>
    <testcase classname="when using sdDataToSave should call toBackEndExportDataSD once with the keeping original storageFacilities for the ones in FE that are empty" name="when using sdDataToSave should call toBackEndExportDataSD once with the keeping original storageFacilities for the ones in FE that are empty" time="0">
    </testcase>
    <testcase classname="when using sdDataToSave should call toBackEndExportDataSD once with the incomplete front end storage facility" name="when using sdDataToSave should call toBackEndExportDataSD once with the incomplete front end storage facility" time="0">
    </testcase>
  </testsuite>
  <testsuite name="validateDocumentOwnership" errors="0" failures="0" skipped="0" timestamp="2026-08-13T14:24:23" time="1.578" tests="37">
    <testcase classname="validateDocumentOwnership will immediately return false if no user and contact id is provided" name="validateDocumentOwnership will immediately return false if no user and contact id is provided" time="0">
    </testcase>
    <testcase classname="validateDocumentOwnership will immediately return false if no document number is provided" name="validateDocumentOwnership will immediately return false if no document number is provided" time="0">
    </testcase>
    <testcase classname="validateDocumentOwnership if the cache confirms the document owner will return true" name="validateDocumentOwnership if the cache confirms the document owner will return true" time="0">
    </testcase>
    <testcase classname="validateDocumentOwnership if the cache confirms the document owner will not query mongo" name="validateDocumentOwnership if the cache confirms the document owner will not query mongo" time="0">
    </testcase>
    <testcase classname="validateDocumentOwnership if the cache does not confirm the document owner will transform the provided document number to uppercase and query with given status" name="validateDocumentOwnership if the cache does not confirm the document owner will transform the provided document number to uppercase and query with given status" time="0.001">
    </testcase>
    <testcase classname="validateDocumentOwnership if the cache does not confirm the document owner will return false if no document can be found" name="validateDocumentOwnership if the cache does not confirm the document owner will return false if no document can be found" time="0">
    </testcase>
    <testcase classname="validateDocumentOwnership if the cache does not confirm the document owner will return false if the document does not belong to the given user" name="validateDocumentOwnership if the cache does not confirm the document owner will return false if the document does not belong to the given user" time="0">
    </testcase>
    <testcase classname="validateDocumentOwnership if the cache does not confirm the document owner will return true if userId belongs to a specific user" name="validateDocumentOwnership if the cache does not confirm the document owner will return true if userId belongs to a specific user" time="0">
    </testcase>
    <testcase classname="validateDocumentOwnership if the cache does not confirm the document owner will return true if contactId belongs to a specific user" name="validateDocumentOwnership if the cache does not confirm the document owner will return true if contactId belongs to a specific user" time="0">
    </testcase>
    <testcase classname="getOwnerFromMongo when passed the document number for a catch certificate will return the owner of the catch cert" name="getOwnerFromMongo when passed the document number for a catch certificate will return the owner of the catch cert" time="0.006">
    </testcase>
    <testcase classname="getOwnerFromMongo when passed the document number for a catch certificate will return false if no catch cert is found" name="getOwnerFromMongo when passed the document number for a catch certificate will return false if no catch cert is found" time="0.002">
    </testcase>
    <testcase classname="getOwnerFromMongo when passed the document number for a catch certificate will not query completed catch certificates" name="getOwnerFromMongo when passed the document number for a catch certificate will not query completed catch certificates" time="0.003">
    </testcase>
    <testcase classname="getOwnerFromMongo when passed the document number for a catch certificate will query completed catch certificates when given a status of COMPLETE" name="getOwnerFromMongo when passed the document number for a catch certificate will query completed catch certificates when given a status of COMPLETE" time="0.002">
    </testcase>
    <testcase classname="getOwnerFromMongo when passed the document number for a catch certificate will query locked catch certificates when given a status of LOCKED" name="getOwnerFromMongo when passed the document number for a catch certificate will query locked catch certificates when given a status of LOCKED" time="0.002">
    </testcase>
    <testcase classname="getOwnerFromMongo when passed the document number for a catch certificate will query draft or locked catch certificates when given a status of DRAFT and LOCKED" name="getOwnerFromMongo when passed the document number for a catch certificate will query draft or locked catch certificates when given a status of DRAFT and LOCKED" time="0.004">
    </testcase>
    <testcase classname="getOwnerFromMongo when passed the document number for a catch certificate will query completed catch certificates by correct userId and contactId" name="getOwnerFromMongo when passed the document number for a catch certificate will query completed catch certificates by correct userId and contactId" time="0.001">
    </testcase>
    <testcase classname="getOwnerFromMongo when passed the document number for a catch certificate will not query processing statements or storage documents" name="getOwnerFromMongo when passed the document number for a catch certificate will not query processing statements or storage documents" time="0.002">
    </testcase>
    <testcase classname="getOwnerFromMongo when passed the document number for a processing statement will return the owner of the processing statement by userId" name="getOwnerFromMongo when passed the document number for a processing statement will return the owner of the processing statement by userId" time="0.002">
    </testcase>
    <testcase classname="getOwnerFromMongo when passed the document number for a processing statement will return false if no processing statement is found" name="getOwnerFromMongo when passed the document number for a processing statement will return false if no processing statement is found" time="0.001">
    </testcase>
    <testcase classname="getOwnerFromMongo when passed the document number for a processing statement will not query completed processing statements" name="getOwnerFromMongo when passed the document number for a processing statement will not query completed processing statements" time="0.001">
    </testcase>
    <testcase classname="getOwnerFromMongo when passed the document number for a processing statement will query completed processing statements when given a status of COMPLETE" name="getOwnerFromMongo when passed the document number for a processing statement will query completed processing statements when given a status of COMPLETE" time="0.001">
    </testcase>
    <testcase classname="getOwnerFromMongo when passed the document number for a processing statement will not query catch certificates or storage documents" name="getOwnerFromMongo when passed the document number for a processing statement will not query catch certificates or storage documents" time="0.002">
    </testcase>
    <testcase classname="getOwnerFromMongo when passed the document number for a storage document will return true if correct owner of the storage document" name="getOwnerFromMongo when passed the document number for a storage document will return true if correct owner of the storage document" time="0.002">
    </testcase>
    <testcase classname="getOwnerFromMongo when passed the document number for a storage document will return false if no storage document is found" name="getOwnerFromMongo when passed the document number for a storage document will return false if no storage document is found" time="0.001">
    </testcase>
    <testcase classname="getOwnerFromMongo when passed the document number for a storage document will not query completed storage documents" name="getOwnerFromMongo when passed the document number for a storage document will not query completed storage documents" time="0.001">
    </testcase>
    <testcase classname="getOwnerFromMongo when passed the document number for a storage document will query completed storage documents when given a status of COMPLETE" name="getOwnerFromMongo when passed the document number for a storage document will query completed storage documents when given a status of COMPLETE" time="0.002">
    </testcase>
    <testcase classname="getOwnerFromMongo when passed the document number for a storage document will not query catch certificates or processing statements" name="getOwnerFromMongo when passed the document number for a storage document will not query catch certificates or processing statements" time="0.001">
    </testcase>
    <testcase classname="ownerConfirmedInCache will immediately return false if the document is not a CC" name="ownerConfirmedInCache will immediately return false if the document is not a CC" time="0">
    </testcase>
    <testcase classname="ownerConfirmedInCache will immediately return false if the supplied statuses to check doesnt contain the DRAFT status" name="ownerConfirmedInCache will immediately return false if the supplied statuses to check doesnt contain the DRAFT status" time="0">
    </testcase>
    <testcase classname="ownerConfirmedInCache will return false if the cache returns null" name="ownerConfirmedInCache will return false if the cache returns null" time="0">
    </testcase>
    <testcase classname="ownerConfirmedInCache will return true if we find the draft in cache" name="ownerConfirmedInCache will return true if we find the draft in cache" time="0">
    </testcase>
    <testcase classname="validateDocumentOwner returns false if userPrincipal = undefined and contactId is wrong" name="validateDocumentOwner returns false if userPrincipal = undefined and contactId is wrong" time="0">
    </testcase>
    <testcase classname="validateDocumentOwner returns true if userPrincipal is undefined and contactId is correct" name="validateDocumentOwner returns true if userPrincipal is undefined and contactId is correct" time="0.001">
    </testcase>
    <testcase classname="validateDocumentOwner returns true if userPrincipal is correct and contactId is undefined" name="validateDocumentOwner returns true if userPrincipal is correct and contactId is undefined" time="0">
    </testcase>
    <testcase classname="validateDocumentOwner returns true if userPrincipal is correct and contactId is correct" name="validateDocumentOwner returns true if userPrincipal is correct and contactId is correct" time="0">
    </testcase>
    <testcase classname="validateDocumentOwner returns false if userPrincipal is undefined and contactId is undefined" name="validateDocumentOwner returns false if userPrincipal is undefined and contactId is undefined" time="0">
    </testcase>
    <testcase classname="validateDocumentOwner returns false if document is undefined" name="validateDocumentOwner returns false if document is undefined" time="0">
    </testcase>
  </testsuite>
  <testsuite name="Favourites" errors="0" failures="0" skipped="0" timestamp="2026-08-13T14:24:25" time="0.782" tests="24">
    <testcase classname="Favourites readFavourites should return null if a none existing userPrincipal is passed" name="Favourites readFavourites should return null if a none existing userPrincipal is passed" time="0.005">
    </testcase>
    <testcase classname="Favourites readFavourites should return the favourites when pass a valid userPrincipal" name="Favourites readFavourites should return the favourites when pass a valid userPrincipal" time="0.002">
    </testcase>
    <testcase classname="Favourites readFavouritesProducts should return null if a none existing userPrincipal is passed" name="Favourites readFavouritesProducts should return null if a none existing userPrincipal is passed" time="0.002">
    </testcase>
    <testcase classname="Favourites readFavouritesProducts should return favourites products when pass a valid userPrincipal" name="Favourites readFavouritesProducts should return favourites products when pass a valid userPrincipal" time="0.002">
    </testcase>
    <testcase classname="Favourites saveFavouritesProduct should add new userAttribute entry if userPrincipal no entry no exist already" name="Favourites saveFavouritesProduct should add new userAttribute entry if userPrincipal no entry no exist already" time="0.005">
    </testcase>
    <testcase classname="Favourites saveFavouritesProduct should no call  productAlreadyExist and once generateFavouriteId if userPrincipal no entry no exist already" name="Favourites saveFavouritesProduct should no call  productAlreadyExist and once generateFavouriteId if userPrincipal no entry no exist already" time="0.003">
    </testcase>
    <testcase classname="Favourites saveFavouritesProduct should add product if userAttributes entry already exist" name="Favourites saveFavouritesProduct should add product if userAttributes entry already exist" time="0.005">
    </testcase>
    <testcase classname="Favourites saveFavouritesProduct should add favourites if the favourites property do not exits" name="Favourites saveFavouritesProduct should add favourites if the favourites property do not exits" time="0.005">
    </testcase>
    <testcase classname="Favourites saveFavouritesProduct should add products if the products property do not exits" name="Favourites saveFavouritesProduct should add products if the products property do not exits" time="0.005">
    </testcase>
    <testcase classname="Favourites saveFavouritesProduct should call once productAlreadyExist and generateFavouriteId if userAttributes entry already exist" name="Favourites saveFavouritesProduct should call once productAlreadyExist and generateFavouriteId if userAttributes entry already exist" time="0.003">
    </testcase>
    <testcase classname="Favourites saveFavouritesProduct should return null  if product already exist" name="Favourites saveFavouritesProduct should return null  if product already exist" time="0.002">
    </testcase>
    <testcase classname="Favourites saveFavouritesProduct should no call generateFavouriteId if product already exist" name="Favourites saveFavouritesProduct should no call generateFavouriteId if product already exist" time="0.125">
    </testcase>
    <testcase classname="Favourites delete favourites product should call find once with the right params" name="Favourites delete favourites product should call find once with the right params" time="0.002">
    </testcase>
    <testcase classname="Favourites delete favourites product should return null is there is no products" name="Favourites delete favourites product should return null is there is no products" time="0.002">
    </testcase>
    <testcase classname="Favourites delete favourites product should call save once with the right params if there are products" name="Favourites delete favourites product should call save once with the right params if there are products" time="0.001">
    </testcase>
    <testcase classname="Favourites delete favourites product should sould return the new list od products if there are products" name="Favourites delete favourites product should sould return the new list od products if there are products" time="0.001">
    </testcase>
    <testcase classname="helper functions generateFavouriteId should generated a id that is no present already in the product array" name="helper functions generateFavouriteId should generated a id that is no present already in the product array" time="0">
    </testcase>
    <testcase classname="helper functions generateFavouriteId should generate a minimum id of PRD001" name="helper functions generateFavouriteId should generate a minimum id of PRD001" time="0">
    </testcase>
    <testcase classname="helper functions generateFavouriteId should generate a maximum id of PRD999" name="helper functions generateFavouriteId should generate a maximum id of PRD999" time="0">
    </testcase>
    <testcase classname="helper functions productAlreadyExist should return false if product do not already exits" name="helper functions productAlreadyExist should return false if product do not already exits" time="0">
    </testcase>
    <testcase classname="helper functions productAlreadyExist should return true if product do already exits" name="helper functions productAlreadyExist should return true if product do already exits" time="0">
    </testcase>
    <testcase classname="canAddFavourite should return true if the user has no favourites" name="canAddFavourite should return true if the user has no favourites" time="0">
    </testcase>
    <testcase classname="canAddFavourite should return true if the user has less than the maximum number of favourites" name="canAddFavourite should return true if the user has less than the maximum number of favourites" time="0">
    </testcase>
    <testcase classname="canAddFavourite should return false if the user already has the maximum number of favourites" name="canAddFavourite should return false if the user already has the maximum number of favourites" time="0">
    </testcase>
  </testsuite>
  <testsuite name="Export location service" errors="0" failures="0" skipped="0" timestamp="2026-08-13T14:24:26" time="0.977" tests="25">
    <testcase classname="Export location service Will add an CC export location" name="Export location service Will add an CC export location" time="0.002">
    </testcase>
    <testcase classname="Export location service Will not add an CC export location with an invalid exportedFrom" name="Export location service Will not add an CC export location with an invalid exportedFrom" time="0.008">
    </testcase>
    <testcase classname="Export location service Will not throw for CC export location when saving as draft with an invalid exportedFrom" name="Export location service Will not throw for CC export location when saving as draft with an invalid exportedFrom" time="0.001">
    </testcase>
    <testcase classname="Export location service Will not throw for CC export location when saving as draft without exportedFrom field" name="Export location service Will not throw for CC export location when saving as draft without exportedFrom field" time="0">
    </testcase>
    <testcase classname="Export location service Will not throw for CC export location when saving as draft with empty exportedFrom" name="Export location service Will not throw for CC export location when saving as draft with empty exportedFrom" time="0.001">
    </testcase>
    <testcase classname="Export location service Will retrieve the CC export location from mongo" name="Export location service Will retrieve the CC export location from mongo" time="0">
    </testcase>
    <testcase classname="Export location service Will retrieve the CC export location from mongo with a document number" name="Export location service Will retrieve the CC export location from mongo with a document number" time="0">
    </testcase>
    <testcase classname="Export location service Will not throw for PS export location with an invalid exportedFrom" name="Export location service Will not throw for PS export location with an invalid exportedFrom" time="0.001">
    </testcase>
    <testcase classname="Export location service Will not throw for PS export location without exportedFrom field" name="Export location service Will not throw for PS export location without exportedFrom field" time="0">
    </testcase>
    <testcase classname="Export location service Will not throw for PS export location with empty exportedFrom" name="Export location service Will not throw for PS export location with empty exportedFrom" time="0">
    </testcase>
    <testcase classname="Export location service Will not throw for SD export location with an invalid exportedFrom" name="Export location service Will not throw for SD export location with an invalid exportedFrom" time="0">
    </testcase>
    <testcase classname="Export location service Will not throw for SD export location without exportedFrom field" name="Export location service Will not throw for SD export location without exportedFrom field" time="0.001">
    </testcase>
    <testcase classname="Export location service Will not throw for SD export location with empty exportedFrom" name="Export location service Will not throw for SD export location with empty exportedFrom" time="0">
    </testcase>
    <testcase classname="Export location service Will retrieve the SD export location from mongo" name="Export location service Will retrieve the SD export location from mongo" time="0">
    </testcase>
    <testcase classname="Export location service Will retrieve the SD export location from mongo with a document number" name="Export location service Will retrieve the SD export location from mongo with a document number" time="0">
    </testcase>
    <testcase classname="Export location service Will retrieve the PS export location from mongo" name="Export location service Will retrieve the PS export location from mongo" time="0">
    </testcase>
    <testcase classname="Export location service Will retrieve the PS export location from mongo with a document number" name="Export location service Will retrieve the PS export location from mongo with a document number" time="0.001">
    </testcase>
    <testcase classname="Export location service will save the  CC export location in mongo" name="Export location service will save the  CC export location in mongo" time="0">
    </testcase>
    <testcase classname="Export location service will save the  SD export location in mongo" name="Export location service will save the  SD export location in mongo" time="0">
    </testcase>
    <testcase classname="Export location service will save the  PS export location in mongo" name="Export location service will save the  PS export location in mongo" time="0">
    </testcase>
    <testcase classname="Export location service will save the CC export location in mongo with document number" name="Export location service will save the CC export location in mongo with document number" time="0">
    </testcase>
    <testcase classname="Export location service Will retrieve PS export location with pointOfDestination from mongo" name="Export location service Will retrieve PS export location with pointOfDestination from mongo" time="0.001">
    </testcase>
    <testcase classname="Export location service Will save PS export location with pointOfDestination in mongo" name="Export location service Will save PS export location with pointOfDestination in mongo" time="0">
    </testcase>
    <testcase classname="Export location service Will retrieve SD export location with pointOfDestination from mongo" name="Export location service Will retrieve SD export location with pointOfDestination from mongo" time="0">
    </testcase>
    <testcase classname="Export location service Will save SD export location with pointOfDestination in mongo" name="Export location service Will save SD export location with pointOfDestination in mongo" time="0">
    </testcase>
  </testsuite>
  <testsuite name="helper functions" errors="0" failures="0" skipped="0" timestamp="2026-08-13T14:24:27" time="1.178" tests="27">
    <testcase classname="helper functions validateExportHealthCertificateFormat() should identify correct health certificate number format" name="helper functions validateExportHealthCertificateFormat() should identify correct health certificate number format" time="0.001">
    </testcase>
    <testcase classname="helper functions validateCCNumberFormat() should identify correct catch certificate format" name="helper functions validateCCNumberFormat() should identify correct catch certificate format" time="0.001">
    </testcase>
    <testcase classname="helper functions validateCCNumberFormat() should identify incorrect catch certificate format" name="helper functions validateCCNumberFormat() should identify incorrect catch certificate format" time="0">
    </testcase>
    <testcase classname="helper functions validatePersonResponsibleForConsignment() should identify correct person responsible correct format" name="helper functions validatePersonResponsibleForConsignment() should identify correct person responsible correct format" time="0.001">
    </testcase>
    <testcase classname="helper functions validatePersonResponsibleForConsignment() should identify incorrect catch certificate format" name="helper functions validatePersonResponsibleForConsignment() should identify incorrect catch certificate format" time="0">
    </testcase>
    <testcase classname="helper functions validateTransportUnloadedFromFormat() should identify correct transport details format" name="helper functions validateTransportUnloadedFromFormat() should identify correct transport details format" time="0">
    </testcase>
    <testcase classname="helper functions validateTransportUnloadedFromFormat() should identify incorrect transport details format" name="helper functions validateTransportUnloadedFromFormat() should identify incorrect transport details format" time="0">
    </testcase>
    <testcase classname="helper functions validate_isPlaceProductEntersUkValid() should identify correct Place product entered the UK" name="helper functions validate_isPlaceProductEntersUkValid() should identify correct Place product entered the UK" time="0">
    </testcase>
    <testcase classname="helper functions validate_isPlaceProductEntersUkValid() should identify incorrect transport details format" name="helper functions validate_isPlaceProductEntersUkValid() should identify incorrect transport details format" time="0">
    </testcase>
    <testcase classname="helper functions loadRequiredData case processingStatement" name="helper functions loadRequiredData case processingStatement" time="0.001">
    </testcase>
    <testcase classname="helper functions loadRequiredData case storageNote" name="helper functions loadRequiredData case storageNote" time="0">
    </testcase>
    <testcase classname="helper functions validateDateBefore() should return true when first date is strictly before second date" name="helper functions validateDateBefore() should return true when first date is strictly before second date" time="0">
    </testcase>
    <testcase classname="helper functions validateDateBefore() should return false when first date is after second date" name="helper functions validateDateBefore() should return false when first date is after second date" time="0">
    </testcase>
    <testcase classname="helper functions validateDateBefore() should return false when both dates are the same" name="helper functions validateDateBefore() should return false when both dates are the same" time="0">
    </testcase>
    <testcase classname="helper functions validateMaximumOneDayFutureDate() should return true for a past date" name="helper functions validateMaximumOneDayFutureDate() should return true for a past date" time="0.001">
    </testcase>
    <testcase classname="helper functions validateMaximumOneDayFutureDate() should return true for today" name="helper functions validateMaximumOneDayFutureDate() should return true for today" time="0">
    </testcase>
    <testcase classname="helper functions validateMaximumOneDayFutureDate() should return true when date is exactly 1 day in the future" name="helper functions validateMaximumOneDayFutureDate() should return true when date is exactly 1 day in the future" time="0">
    </testcase>
    <testcase classname="helper functions validateMaximumOneDayFutureDate() should return false when date is 2 or more days in the future" name="helper functions validateMaximumOneDayFutureDate() should return false when date is 2 or more days in the future" time="0">
    </testcase>
    <testcase classname="helper functions isNotExceed12Digit() should return true for a valid number under the limit" name="helper functions isNotExceed12Digit() should return true for a valid number under the limit" time="0.001">
    </testcase>
    <testcase classname="helper functions isNotExceed12Digit() should return true for zero" name="helper functions isNotExceed12Digit() should return true for zero" time="0">
    </testcase>
    <testcase classname="helper functions isNotExceed12Digit() should return false for a number equal to the limit (100000000000)" name="helper functions isNotExceed12Digit() should return false for a number equal to the limit (100000000000)" time="0">
    </testcase>
    <testcase classname="helper functions isNotExceed12Digit() should return false for a number exceeding the limit" name="helper functions isNotExceed12Digit() should return false for a number exceeding the limit" time="0">
    </testcase>
    <testcase classname="helper functions isNotExceed12Digit() should return false for a non-numeric string" name="helper functions isNotExceed12Digit() should return false for a non-numeric string" time="0">
    </testcase>
    <testcase classname="helper functions isNotExceed12Digit() should return false for a negative number" name="helper functions isNotExceed12Digit() should return false for a negative number" time="0">
    </testcase>
    <testcase classname="helper functions isApprovalNumberValid() should return true for valid approval number characters" name="helper functions isApprovalNumberValid() should return true for valid approval number characters" time="0">
    </testcase>
    <testcase classname="helper functions isApprovalNumberValid() should return false for disallowed special characters" name="helper functions isApprovalNumberValid() should return false for disallowed special characters" time="0">
    </testcase>
    <testcase classname="helper functions isApprovalNumberValid() should return true for empty string" name="helper functions isApprovalNumberValid() should return true for empty string" time="0">
    </testcase>
  </testsuite>
  <testsuite name="toFrontEndCatchCert Mapping BackEnd Certificate to frontEnd" errors="0" failures="0" skipped="0" timestamp="2026-08-13T14:24:28" time="0.096" tests="4">
    <testcase classname="toFrontEndCatchCert Mapping BackEnd Certificate to frontEnd should return a valid front end catch certificate" name="toFrontEndCatchCert Mapping BackEnd Certificate to frontEnd should return a valid front end catch certificate" time="0.001">
    </testcase>
    <testcase classname="toFrontEndCatchCert Mapping BackEnd Certificate to frontEnd should return a valid front end catch certificate with admin values" name="toFrontEndCatchCert Mapping BackEnd Certificate to frontEnd should return a valid front end catch certificate with admin values" time="0">
    </testcase>
    <testcase classname="toFrontEndCatchCert Mapping BackEnd Certificate to frontEnd should return null when no details have been added" name="toFrontEndCatchCert Mapping BackEnd Certificate to frontEnd should return null when no details have been added" time="0.001">
    </testcase>
    <testcase classname="toFrontEndCatchCert Mapping BackEnd Certificate to frontEnd should return an empty array when oly a single transportation detail has been added" name="toFrontEndCatchCert Mapping BackEnd Certificate to frontEnd should return an empty array when oly a single transportation detail has been added" time="0">
    </testcase>
  </testsuite>
  <testsuite name="Exporter Service" errors="0" failures="0" skipped="0" timestamp="2026-08-13T14:24:28" time="1.553" tests="15">
    <testcase classname="Exporter Service save if saving an exporter for a CC should save the data to mongo, merge the response and retrieve current session data" name="Exporter Service save if saving an exporter for a CC should save the data to mongo, merge the response and retrieve current session data" time="0.001">
    </testcase>
    <testcase classname="Exporter Service save if saving an exporter for a CC should save session data in REDIS" name="Exporter Service save if saving an exporter for a CC should save session data in REDIS" time="0">
    </testcase>
    <testcase classname="Exporter Service save if saving an exporter for a CC should save session data in REDIS when its start of journey and there is no doc number" name="Exporter Service save if saving an exporter for a CC should save session data in REDIS when its start of journey and there is no doc number" time="0">
    </testcase>
    <testcase classname="Exporter Service save if saving an exporter for a CC When there is no session data will not return the properties if there is no data at all" name="Exporter Service save if saving an exporter for a CC When there is no session data will not return the properties if there is no data at all" time="0">
    </testcase>
    <testcase classname="Exporter Service save if saving an exporter for a CC When there is no session data will return undefined if there is data but required properties are not present" name="Exporter Service save if saving an exporter for a CC When there is no session data will return undefined if there is data but required properties are not present" time="0">
    </testcase>
    <testcase classname="Exporter Service save if saving an exporter for a PS should save the data to mongo, merge the response and retrieve current session data" name="Exporter Service save if saving an exporter for a PS should save the data to mongo, merge the response and retrieve current session data" time="0">
    </testcase>
    <testcase classname="Exporter Service save if saving an exporter for a PS should save session data in REDIS" name="Exporter Service save if saving an exporter for a PS should save session data in REDIS" time="0">
    </testcase>
    <testcase classname="Exporter Service save if saving an exporter for a PS should save session data in REDIS when its start of journey and there is no doc number" name="Exporter Service save if saving an exporter for a PS should save session data in REDIS when its start of journey and there is no doc number" time="0">
    </testcase>
    <testcase classname="Exporter Service save if saving an exporter for a PS When there is no session data will not return the properties if there is no data at all" name="Exporter Service save if saving an exporter for a PS When there is no session data will not return the properties if there is no data at all" time="0">
    </testcase>
    <testcase classname="Exporter Service save if saving an exporter for a PS When there is no session data will return undefined if there is data but required properties are not present" name="Exporter Service save if saving an exporter for a PS When there is no session data will return undefined if there is data but required properties are not present" time="0">
    </testcase>
    <testcase classname="Exporter Service save if saving an exporter for a SD should save the data to mongo and merge the response" name="Exporter Service save if saving an exporter for a SD should save the data to mongo and merge the response" time="0.001">
    </testcase>
    <testcase classname="Exporter Service save if saving an exporter for a SD should save session data in REDIS" name="Exporter Service save if saving an exporter for a SD should save session data in REDIS" time="0">
    </testcase>
    <testcase classname="Exporter Service save if saving an exporter for a SD should save session data in REDIS when its start of journey and there is no doc number" name="Exporter Service save if saving an exporter for a SD should save session data in REDIS when its start of journey and there is no doc number" time="0">
    </testcase>
    <testcase classname="Exporter Service save if saving an exporter for a SD When there is no session data will not return the properties if there is no data at all" name="Exporter Service save if saving an exporter for a SD When there is no session data will not return the properties if there is no data at all" time="0">
    </testcase>
    <testcase classname="Exporter Service save if saving an exporter for a SD When there is no session data will return undefined if there is data but required properties are not present" name="Exporter Service save if saving an exporter for a SD When there is no session data will return undefined if there is data but required properties are not present" time="0.001">
    </testcase>
  </testsuite>
  <testsuite name="Exporter Controller" errors="0" failures="0" skipped="0" timestamp="2026-08-13T14:24:30" time="1.086" tests="20">
    <testcase classname="Exporter Controller getExporterDetails should call getExporterDetails for catch certificates when we have a doc number in the header" name="Exporter Controller getExporterDetails should call getExporterDetails for catch certificates when we have a doc number in the header" time="0.001">
    </testcase>
    <testcase classname="Exporter Controller getExporterDetails should call getExporterDetails for catch certificates" name="Exporter Controller getExporterDetails should call getExporterDetails for catch certificates" time="0">
    </testcase>
    <testcase classname="Exporter Controller getExporterDetails should call getExporterDetails for processing statements" name="Exporter Controller getExporterDetails should call getExporterDetails for processing statements" time="0">
    </testcase>
    <testcase classname="Exporter Controller getExporterDetails should call getExporterDetails for storage documents" name="Exporter Controller getExporterDetails should call getExporterDetails for storage documents" time="0.001">
    </testcase>
    <testcase classname="Exporter Controller getExporterDetails should call getExporterDetailsFromRedis for anything else" name="Exporter Controller getExporterDetails should call getExporterDetailsFromRedis for anything else" time="0">
    </testcase>
    <testcase classname="Exporter Controller getExporterDetails should call getExporterDetailsFromRedis for anything else and return" name="Exporter Controller getExporterDetails should call getExporterDetailsFromRedis for anything else and return" time="0">
    </testcase>
    <testcase classname="Exporter Controller getExporterDetailsFromRedis should create a document number if one does not exist" name="Exporter Controller getExporterDetailsFromRedis should create a document number if one does not exist" time="0">
    </testcase>
    <testcase classname="Exporter Controller getExporterDetailsFromRedis should create a processing statement document number if one does not exist" name="Exporter Controller getExporterDetailsFromRedis should create a processing statement document number if one does not exist" time="0.001">
    </testcase>
    <testcase classname="Exporter Controller getExporterDetailsFromRedis should create a storage note document number if one does not exist" name="Exporter Controller getExporterDetailsFromRedis should create a storage note document number if one does not exist" time="0">
    </testcase>
    <testcase classname="Exporter Controller getExporterDetailsFromRedis should create a unknown document number if one does not exist" name="Exporter Controller getExporterDetailsFromRedis should create a unknown document number if one does not exist" time="0.001">
    </testcase>
    <testcase classname="Exporter Controller getExporterDetailsFromRedis should get exporter data" name="Exporter Controller getExporterDetailsFromRedis should get exporter data" time="0">
    </testcase>
    <testcase classname="Exporter Controller addExporterDetails will call to save the exporter details" name="Exporter Controller addExporterDetails will call to save the exporter details" time="0">
    </testcase>
    <testcase classname="Exporter Controller addExporterDetails will call to save the exporter details with default values" name="Exporter Controller addExporterDetails will call to save the exporter details with default values" time="0.001">
    </testcase>
    <testcase classname="Exporter Controller addExporterDetails will call to save the exporter details with non-js" name="Exporter Controller addExporterDetails will call to save the exporter details with non-js" time="0">
    </testcase>
    <testcase classname="Exporter Controller addExporterDetails will call to save the exporter details with non-js for save as draft" name="Exporter Controller addExporterDetails will call to save the exporter details with non-js for save as draft" time="0">
    </testcase>
    <testcase classname="Exporter Controller add Exporter Details should returns result of addExporterDetails" name="Exporter Controller add Exporter Details should returns result of addExporterDetails" time="0">
    </testcase>
    <testcase classname="Exporter Controller processSaveExporterDetailsErrors will call save with the appropriate document number" name="Exporter Controller processSaveExporterDetailsErrors will call save with the appropriate document number" time="0">
    </testcase>
    <testcase classname="Exporter Controller processSaveExporterDetailsErrors will call save with the appropriate document number for non-js" name="Exporter Controller processSaveExporterDetailsErrors will call save with the appropriate document number for non-js" time="0">
    </testcase>
    <testcase classname="Exporter Controller processSaveExporterDetailsErrors will call save with the appropriate document number for non-js with nextUri" name="Exporter Controller processSaveExporterDetailsErrors will call save with the appropriate document number for non-js with nextUri" time="0">
    </testcase>
    <testcase classname="Exporter Controller processSaveExporterDetailsErrors will call save with the appropriate document number non-js" name="Exporter Controller processSaveExporterDetailsErrors will call save with the appropriate document number non-js" time="0.007">
    </testcase>
  </testsuite>
  <testsuite name="get" errors="0" failures="0" skipped="0" timestamp="2026-08-13T14:24:31" time="0.23" tests="9">
    <testcase classname="get should call the CC service if the given a CC document number" name="get should call the CC service if the given a CC document number" time="0.001">
    </testcase>
    <testcase classname="get should call the SD service if the given a SD document number" name="get should call the SD service if the given a SD document number" time="0">
    </testcase>
    <testcase classname="get should call the PS service if the given a PS document number" name="get should call the PS service if the given a PS document number" time="0.001">
    </testcase>
    <testcase classname="get should call nothing and return null if given any other document number" name="get should call nothing and return null if given any other document number" time="0">
    </testcase>
    <testcase classname="get should return nothing if there is no reference" name="get should return nothing if there is no reference" time="0">
    </testcase>
    <testcase classname="Post user reference Should post a user reference to CC" name="Post user reference Should post a user reference to CC" time="0">
    </testcase>
    <testcase classname="Post user reference Should post a user reference to SD" name="Post user reference Should post a user reference to SD" time="0.001">
    </testcase>
    <testcase classname="Post user reference should post a user reference to PS" name="Post user reference should post a user reference to PS" time="0">
    </testcase>
    <testcase classname="Post user reference should call nothing and return null if given any other document number" name="Post user reference should call nothing and return null if given any other document number" time="0">
    </testcase>
  </testsuite>
  <testsuite name="RedisStorage" errors="0" failures="0" skipped="0" timestamp="2026-08-13T14:24:31" time="0.219" tests="31">
    <testcase classname="RedisStorage initialize should create a new Redis connection if one does not exist" name="RedisStorage initialize should create a new Redis connection if one does not exist" time="0">
    </testcase>
    <testcase classname="RedisStorage initialize should warn when attempting to start connection again if connection exists" name="RedisStorage initialize should warn when attempting to start connection again if connection exists" time="0.001">
    </testcase>
    <testcase classname="RedisStorage cleanup should close the Redis connection" name="RedisStorage cleanup should close the Redis connection" time="0">
    </testcase>
    <testcase classname="RedisStorage read should read data from Redis and parse the response" name="RedisStorage read should read data from Redis and parse the response" time="0">
    </testcase>
    <testcase classname="RedisStorage readAll reads array data from Redis and parses the response" name="RedisStorage readAll reads array data from Redis and parses the response" time="0.001">
    </testcase>
    <testcase classname="RedisStorage readFor should read from Redis and parse the response" name="RedisStorage readFor should read from Redis and parse the response" time="0">
    </testcase>
    <testcase classname="RedisStorage readAllFor should read array data from Redis for contact ID" name="RedisStorage readAllFor should read array data from Redis for contact ID" time="0">
    </testcase>
    <testcase classname="RedisStorage readAllFor should read array data from Redis for principal name when contact ID is missing" name="RedisStorage readAllFor should read array data from Redis for principal name when contact ID is missing" time="0">
    </testcase>
    <testcase classname="RedisStorage readAllFor should read array data from Redis for principal name when contact ID yields no results" name="RedisStorage readAllFor should read array data from Redis for principal name when contact ID yields no results" time="0.001">
    </testcase>
    <testcase classname="RedisStorage deleteFor should delete any item stored against a user &amp; document number" name="RedisStorage deleteFor should delete any item stored against a user &amp; document number" time="0">
    </testcase>
    <testcase classname="RedisStorage deleteFor - contact and user deletes both contact and user keys when contactId present" name="RedisStorage deleteFor - contact and user deletes both contact and user keys when contactId present" time="0">
    </testcase>
    <testcase classname="RedisStorage writeAllFor with TTL should write array data to Redis with expiry when ttlSeconds provided" name="RedisStorage writeAllFor with TTL should write array data to Redis with expiry when ttlSeconds provided" time="0">
    </testcase>
    <testcase classname="RedisStorage tagByDocumentNumber should add keys for the journey to the document tag set" name="RedisStorage tagByDocumentNumber should add keys for the journey to the document tag set" time="0.001">
    </testcase>
    <testcase classname="RedisStorage writeFor should write data to Redis" name="RedisStorage writeFor should write data to Redis" time="0">
    </testcase>
    <testcase classname="RedisStorage writeFor with TTL should write data to Redis with EX when ttlSeconds provided and contactId present" name="RedisStorage writeFor with TTL should write data to Redis with EX when ttlSeconds provided and contactId present" time="0">
    </testcase>
    <testcase classname="RedisStorage writeFor with TTL should write data to Redis with EX when ttlSeconds provided and contactId missing" name="RedisStorage writeFor with TTL should write data to Redis with EX when ttlSeconds provided and contactId missing" time="0">
    </testcase>
    <testcase classname="RedisStorage tagByDocumentNumber - 1 should call sadd with expected keys for catch certificate journey" name="RedisStorage tagByDocumentNumber - 1 should call sadd with expected keys for catch certificate journey" time="0">
    </testcase>
    <testcase classname="RedisStorage tagByDocumentNumber - 1 should call sadd with no keys for unknown journey" name="RedisStorage tagByDocumentNumber - 1 should call sadd with no keys for unknown journey" time="0">
    </testcase>
    <testcase classname="RedisStorage writeAll should write array data to Redis as JSON" name="RedisStorage writeAll should write array data to Redis as JSON" time="0">
    </testcase>
    <testcase classname="RedisStorage writeAllFor should write all data to Redis" name="RedisStorage writeAllFor should write all data to Redis" time="0">
    </testcase>
    <testcase classname="RedisStorage writeAllFor should write all data to Redis with no contact details" name="RedisStorage writeAllFor should write all data to Redis with no contact details" time="0">
    </testcase>
    <testcase classname="RedisStorage removeTag deletes key from Redis" name="RedisStorage removeTag deletes key from Redis" time="0">
    </testcase>
    <testcase classname="RedisStorage keysForTag retrieves keys from Redis" name="RedisStorage keysForTag retrieves keys from Redis" time="0.001">
    </testcase>
    <testcase classname="RedisStorage getDocument should return document from Redis when key exists" name="RedisStorage getDocument should return document from Redis when key exists" time="0">
    </testcase>
    <testcase classname="RedisStorage getDocument should return null from Redis when key does not exist" name="RedisStorage getDocument should return null from Redis when key does not exist" time="0">
    </testcase>
    <testcase classname="RedisStorage getDocument should handle keys that do not contain the delimiter" name="RedisStorage getDocument should handle keys that do not contain the delimiter" time="0">
    </testcase>
    <testcase classname="RedisStorage getDocument should set userPrincipal even when stored json is falsy" name="RedisStorage getDocument should set userPrincipal even when stored json is falsy" time="0">
    </testcase>
    <testcase classname="RedisStorage readFor fallback falls back to userPrincipal when contactId returns no data" name="RedisStorage readFor fallback falls back to userPrincipal when contactId returns no data" time="0">
    </testcase>
    <testcase classname="RedisStorage writeFor with TTL - 1 should write data with expiry when ttlSeconds provided" name="RedisStorage writeFor with TTL - 1 should write data with expiry when ttlSeconds provided" time="0">
    </testcase>
    <testcase classname="RedisStorage getRedisOptions returns options with tls when enabled" name="RedisStorage getRedisOptions returns options with tls when enabled" time="0">
    </testcase>
    <testcase classname="RedisStorage getRedisOptions returns options without tls when disabled" name="RedisStorage getRedisOptions returns options without tls when disabled" time="0">
    </testcase>
  </testsuite>
  <testsuite name="invalidErrorMessage" errors="0" failures="0" skipped="0" timestamp="2026-08-13T14:24:31" time="0.045" tests="28">
    <testcase classname="invalidErrorMessage should return correct error message format for invalid field" name="invalidErrorMessage should return correct error message format for invalid field" time="0.001">
    </testcase>
    <testcase classname="invalidErrorMessage should handle field names with special characters" name="invalidErrorMessage should handle field names with special characters" time="0">
    </testcase>
    <testcase classname="invalidErrorMessage should handle empty string" name="invalidErrorMessage should handle empty string" time="0">
    </testcase>
    <testcase classname="cannotReachErrorMessage should return correct error message format for unreachable field" name="cannotReachErrorMessage should return correct error message format for unreachable field" time="0">
    </testcase>
    <testcase classname="cannotReachErrorMessage should handle field names with spaces" name="cannotReachErrorMessage should handle field names with spaces" time="0">
    </testcase>
    <testcase classname="cannotReachErrorMessage should handle empty string" name="cannotReachErrorMessage should handle empty string" time="0">
    </testcase>
    <testcase classname="buildErrorDetails should build error details with correct structure" name="buildErrorDetails should build error details with correct structure" time="0.001">
    </testcase>
    <testcase classname="buildErrorDetails should handle complex error messages" name="buildErrorDetails should handle complex error messages" time="0">
    </testcase>
    <testcase classname="buildErrorDetails should handle empty field name" name="buildErrorDetails should handle empty field name" time="0">
    </testcase>
    <testcase classname="buildErrorDetails should handle empty error message" name="buildErrorDetails should handle empty error message" time="0">
    </testcase>
    <testcase classname="buildErrorForClient should build error object with correct structure" name="buildErrorForClient should build error object with correct structure" time="0.001">
    </testcase>
    <testcase classname="buildErrorForClient should create error with validation failure message" name="buildErrorForClient should create error with validation failure message" time="0">
    </testcase>
    <testcase classname="buildErrorForClient should handle empty strings" name="buildErrorForClient should handle empty strings" time="0">
    </testcase>
    <testcase classname="buildErrorForClient should create error with long error message" name="buildErrorForClient should create error with long error message" time="0">
    </testcase>
    <testcase classname="combineValidationErrors should return null for empty array" name="combineValidationErrors should return null for empty array" time="0">
    </testcase>
    <testcase classname="combineValidationErrors should return single error unchanged" name="combineValidationErrors should return single error unchanged" time="0">
    </testcase>
    <testcase classname="combineValidationErrors should combine multiple errors into one" name="combineValidationErrors should combine multiple errors into one" time="0.001">
    </testcase>
    <testcase classname="combineValidationErrors should combine three errors" name="combineValidationErrors should combine three errors" time="0">
    </testcase>
    <testcase classname="combineValidationErrors should handle errors with multiple details each" name="combineValidationErrors should handle errors with multiple details each" time="0">
    </testcase>
    <testcase classname="mergeSchemaAndValidationErrors should return null when no errors" name="mergeSchemaAndValidationErrors should return null when no errors" time="0">
    </testcase>
    <testcase classname="mergeSchemaAndValidationErrors should return null when schema error is undefined and validation errors is empty" name="mergeSchemaAndValidationErrors should return null when schema error is undefined and validation errors is empty" time="0">
    </testcase>
    <testcase classname="mergeSchemaAndValidationErrors should return schema error when no validation errors" name="mergeSchemaAndValidationErrors should return schema error when no validation errors" time="0">
    </testcase>
    <testcase classname="mergeSchemaAndValidationErrors should return combined validation errors when no schema error" name="mergeSchemaAndValidationErrors should return combined validation errors when no schema error" time="0">
    </testcase>
    <testcase classname="mergeSchemaAndValidationErrors should merge schema error and validation errors" name="mergeSchemaAndValidationErrors should merge schema error and validation errors" time="0">
    </testcase>
    <testcase classname="mergeSchemaAndValidationErrors should handle single validation error without schema error" name="mergeSchemaAndValidationErrors should handle single validation error without schema error" time="0">
    </testcase>
    <testcase classname="mergeSchemaAndValidationErrors should handle multiple details in validation errors" name="mergeSchemaAndValidationErrors should handle multiple details in validation errors" time="0.001">
    </testcase>
    <testcase classname="mergeSchemaAndValidationErrors should handle empty validation errors array with schema error" name="mergeSchemaAndValidationErrors should handle empty validation errors array with schema error" time="0">
    </testcase>
    <testcase classname="mergeSchemaAndValidationErrors should maintain reference to original schema error object" name="mergeSchemaAndValidationErrors should maintain reference to original schema error object" time="0">
    </testcase>
  </testsuite>
  <testsuite name="save uploaded rows to redis" errors="0" failures="0" skipped="0" timestamp="2026-08-13T14:24:31" time="0.069" tests="11">
    <testcase classname="save uploaded rows to redis should call writeFor with the right parameters" name="save uploaded rows to redis should call writeFor with the right parameters" time="0">
    </testcase>
    <testcase classname="get uploaded rows from redis should call readFor with the right parameters" name="get uploaded rows from redis should call readFor with the right parameters" time="0">
    </testcase>
    <testcase classname="delete uploaded rows from redis should call deleteFor with the right parameters" name="delete uploaded rows from redis should call deleteFor with the right parameters" time="0">
    </testcase>
    <testcase classname="parseAndValidateData for uploadedLandings should call axios with the correct params" name="parseAndValidateData for uploadedLandings should call axios with the correct params" time="0.001">
    </testcase>
    <testcase classname="parseAndValidateData for uploadedLandings should default products to an empty array if it is null" name="parseAndValidateData for uploadedLandings should default products to an empty array if it is null" time="0">
    </testcase>
    <testcase classname="parseAndValidateData for uploadedLandings should return the axios response data on success" name="parseAndValidateData for uploadedLandings should return the axios response data on success" time="0">
    </testcase>
    <testcase classname="parseAndValidateData for uploadedLandings should allow any axios errors to bubble up" name="parseAndValidateData for uploadedLandings should allow any axios errors to bubble up" time="0.006">
    </testcase>
    <testcase classname="parseAndValidateData for csv rows should call axios with the correct params" name="parseAndValidateData for csv rows should call axios with the correct params" time="0">
    </testcase>
    <testcase classname="parseAndValidateData for csv rows should default products to an empty array if it is null" name="parseAndValidateData for csv rows should default products to an empty array if it is null" time="0.001">
    </testcase>
    <testcase classname="parseAndValidateData for csv rows should return the axios response data on success" name="parseAndValidateData for csv rows should return the axios response data on success" time="0">
    </testcase>
    <testcase classname="parseAndValidateData for csv rows should allow any axios errors to bubble up" name="parseAndValidateData for csv rows should allow any axios errors to bubble up" time="0">
    </testcase>
  </testsuite>
  <testsuite name="exporter routes" errors="0" failures="0" skipped="0" timestamp="2026-08-13T14:24:31" time="0.289" tests="18">
    <testcase classname="exporter routes GET /v1/exporter/{journey} will return 200" name="exporter routes GET /v1/exporter/{journey} will return 200" time="0.003">
    </testcase>
    <testcase classname="exporter routes GET /v1/exporter/{journey} will return 500" name="exporter routes GET /v1/exporter/{journey} will return 500" time="0.007">
    </testcase>
    <testcase classname="exporter routes POST /v1/exporter/catchCertificate will return 200 if the required fields are included" name="exporter routes POST /v1/exporter/catchCertificate will return 200 if the required fields are included" time="0.008">
    </testcase>
    <testcase classname="exporter routes POST /v1/exporter/catchCertificate will return 400 if the required fields are missing" name="exporter routes POST /v1/exporter/catchCertificate will return 400 if the required fields are missing" time="0.002">
    </testcase>
    <testcase classname="exporter routes POST /v1/exporter/catchCertificate will return 400 if exporterFullName exceeds 70 characters" name="exporter routes POST /v1/exporter/catchCertificate will return 400 if exporterFullName exceeds 70 characters" time="0.001">
    </testcase>
    <testcase classname="exporter routes POST /v1/exporter/catchCertificate will return 400 if exporterFullName contains invalid characters" name="exporter routes POST /v1/exporter/catchCertificate will return 400 if exporterFullName contains invalid characters" time="0">
    </testcase>
    <testcase classname="exporter routes POST /v1/exporter/catchCertificate will return 400 if exporterCompanyName exceeds 250 characters" name="exporter routes POST /v1/exporter/catchCertificate will return 400 if exporterCompanyName exceeds 250 characters" time="0.001">
    </testcase>
    <testcase classname="exporter routes POST /v1/exporter/catchCertificate will return 400 if exporterCompanyName contains invalid characters" name="exporter routes POST /v1/exporter/catchCertificate will return 400 if exporterCompanyName contains invalid characters" time="0">
    </testcase>
    <testcase classname="exporter routes POST /v1/exporter/catchCertificate will accept valid exporterFullName with letters, spaces, apostrophes and periods" name="exporter routes POST /v1/exporter/catchCertificate will accept valid exporterFullName with letters, spaces, apostrophes and periods" time="0.001">
    </testcase>
    <testcase classname="exporter routes POST /v1/exporter/catchCertificate will accept valid exporterCompanyName with letters, numbers, spaces, apostrophes, periods, hyphens and brackets" name="exporter routes POST /v1/exporter/catchCertificate will accept valid exporterCompanyName with letters, numbers, spaces, apostrophes, periods, hyphens and brackets" time="0.001">
    </testcase>
    <testcase classname="exporter routes POST /v1/exporter/catchCertificate will return 400 if exporterFullName contains emoji characters" name="exporter routes POST /v1/exporter/catchCertificate will return 400 if exporterFullName contains emoji characters" time="0">
    </testcase>
    <testcase classname="exporter routes POST /v1/exporter/catchCertificate will return 400 if exporterCompanyName contains emoji characters" name="exporter routes POST /v1/exporter/catchCertificate will return 400 if exporterCompanyName contains emoji characters" time="0.001">
    </testcase>
    <testcase classname="exporter routes POST /v1/exporter/processingStatement will return 200 if the required fields are included" name="exporter routes POST /v1/exporter/processingStatement will return 200 if the required fields are included" time="0">
    </testcase>
    <testcase classname="exporter routes POST /v1/exporter/processingStatement will return 400 if the required fields are missing" name="exporter routes POST /v1/exporter/processingStatement will return 400 if the required fields are missing" time="0.001">
    </testcase>
    <testcase classname="exporter routes POST /v1/exporter/processingStatement will return 400 if exporterCompanyName exceeds 250 characters" name="exporter routes POST /v1/exporter/processingStatement will return 400 if exporterCompanyName exceeds 250 characters" time="0">
    </testcase>
    <testcase classname="exporter routes POST /v1/exporter/processingStatement will return 400 if exporterCompanyName contains invalid characters" name="exporter routes POST /v1/exporter/processingStatement will return 400 if exporterCompanyName contains invalid characters" time="0.001">
    </testcase>
    <testcase classname="exporter routes POST /v1/exporter/processingStatement will accept valid exporterCompanyName with letters, numbers, spaces, apostrophes, periods, hyphens and brackets" name="exporter routes POST /v1/exporter/processingStatement will accept valid exporterCompanyName with letters, numbers, spaces, apostrophes, periods, hyphens and brackets" time="0">
    </testcase>
    <testcase classname="exporter routes POST /v1/exporter/processingStatement will return 400 if exporterCompanyName contains emoji characters" name="exporter routes POST /v1/exporter/processingStatement will return 400 if exporterCompanyName contains emoji characters" time="0">
    </testcase>
  </testsuite>
  <testsuite name="toBackEndProcessingStatement mapping Processing Statement front end to back end" errors="0" failures="0" skipped="0" timestamp="2026-08-13T14:24:32" time="0.214" tests="7">
    <testcase classname="toBackEndProcessingStatement mapping Processing Statement front end to back end should return a valid processing statement catch data object" name="toBackEndProcessingStatement mapping Processing Statement front end to back end should return a valid processing statement catch data object" time="0">
    </testcase>
    <testcase classname="toBackEndProcessingStatement mapping Processing Statement front end to back end should not save an id with an undefined catch certificate number" name="toBackEndProcessingStatement mapping Processing Statement front end to back end should not save an id with an undefined catch certificate number" time="0">
    </testcase>
    <testcase classname="toBackEndProcessingStatement mapping Processing Statement front end to back end should return a valid back end processing statement" name="toBackEndProcessingStatement mapping Processing Statement front end to back end should return a valid back end processing statement" time="0">
    </testcase>
    <testcase classname="toBackEndProcessingStatementExportData should work with minimal viable data" name="toBackEndProcessingStatementExportData should work with minimal viable data" time="0.001">
    </testcase>
    <testcase classname="toBackEndProcessingStatementExportData should include pointOfDestination when provided" name="toBackEndProcessingStatementExportData should include pointOfDestination when provided" time="0">
    </testcase>
    <testcase classname="toBackEndProcessingStatementExportData should omit undefined fields from plant details" name="toBackEndProcessingStatementExportData should omit undefined fields from plant details" time="0">
    </testcase>
    <testcase classname="toFrontEndProcessing mapping Processing Statement front end to back end should return a valid processing statement catch data object" name="toFrontEndProcessing mapping Processing Statement front end to back end should return a valid processing statement catch data object" time="0">
    </testcase>
  </testsuite>
  <testsuite name="fish routes" errors="0" failures="0" skipped="0" timestamp="2026-08-13T14:24:32" time="0.305" tests="13">
    <testcase classname="fish routes POST /fish/add should return 400 Bad Request" name="fish routes POST /fish/add should return 400 Bad Request" time="0.003">
    </testcase>
    <testcase classname="fish routes POST /fish/add should return 400 Bad Request (no product select)" name="fish routes POST /fish/add should return 400 Bad Request (no product select)" time="0.002">
    </testcase>
    <testcase classname="fish routes POST /fish/add should return 400 Bad request (invalid product selected)" name="fish routes POST /fish/add should return 400 Bad request (invalid product selected)" time="0.001">
    </testcase>
    <testcase classname="fish routes POST /fish/add should return 403 if document ownership fails" name="fish routes POST /fish/add should return 403 if document ownership fails" time="0.001">
    </testcase>
    <testcase classname="fish routes POST /fish/add should return 400 if the user is unable to add a favourite" name="fish routes POST /fish/add should return 400 if the user is unable to add a favourite" time="0.001">
    </testcase>
    <testcase classname="fish routes POST /fish/add should call addFish and return its output if document ownership passes" name="fish routes POST /fish/add should call addFish and return its output if document ownership passes" time="0.001">
    </testcase>
    <testcase classname="fish routes POST /fish/add should return 200 OK (product selected)" name="fish routes POST /fish/add should return 200 OK (product selected)" time="0">
    </testcase>
    <testcase classname="fish routes POST /fish/add should return 500 Internal Error (product selected)" name="fish routes POST /fish/add should return 500 Internal Error (product selected)" time="0.006">
    </testcase>
    <testcase classname="fish routes POST /fish/add should no return an error if addToFavourites is no present" name="fish routes POST /fish/add should no return an error if addToFavourites is no present" time="0.001">
    </testcase>
    <testcase classname="fish routes POST /fish/add should return an error if addToFavourites is no boolean" name="fish routes POST /fish/add should return an error if addToFavourites is no boolean" time="0.001">
    </testcase>
    <testcase classname="fish routes POST /fish/add should return 400 if species contains emoji characters" name="fish routes POST /fish/add should return 400 if species contains emoji characters" time="0">
    </testcase>
    <testcase classname="fish routes POST /fish/add should return 400 if commodity_code_description contains emoji characters" name="fish routes POST /fish/add should return 400 if commodity_code_description contains emoji characters" time="0.001">
    </testcase>
    <testcase classname="fish routes PUT /fish/add/{productId} should return 400 if the user is unable to add a favourite" name="fish routes PUT /fish/add/{productId} should return 400 if the user is unable to add a favourite" time="0.001">
    </testcase>
  </testsuite>
  <testsuite name="DEFECT-469: Facility Arrival Date Validation - Future Date Limit" errors="0" failures="0" skipped="0" timestamp="2026-08-13T14:24:32" time="0.169" tests="22">
    <testcase classname="DEFECT-469: Facility Arrival Date Validation - Future Date Limit Rejecting Unrealistic Future Dates should reject date year 8888 (8/8/8888) as invalid - THE DEFECT-469 BUG" name="DEFECT-469: Facility Arrival Date Validation - Future Date Limit Rejecting Unrealistic Future Dates should reject date year 8888 (8/8/8888) as invalid - THE DEFECT-469 BUG" time="0.001">
    </testcase>
    <testcase classname="DEFECT-469: Facility Arrival Date Validation - Future Date Limit Rejecting Unrealistic Future Dates should reject date year 9999 (01/01/9999) as too far in future" name="DEFECT-469: Facility Arrival Date Validation - Future Date Limit Rejecting Unrealistic Future Dates should reject date year 9999 (01/01/9999) as too far in future" time="0.001">
    </testcase>
    <testcase classname="DEFECT-469: Facility Arrival Date Validation - Future Date Limit Rejecting Unrealistic Future Dates should reject date 50 years in future (2075-12-17) as too far" name="DEFECT-469: Facility Arrival Date Validation - Future Date Limit Rejecting Unrealistic Future Dates should reject date 50 years in future (2075-12-17) as too far" time="0">
    </testcase>
    <testcase classname="DEFECT-469: Facility Arrival Date Validation - Future Date Limit Rejecting Unrealistic Future Dates should reject date beyond maximum future limit (9 days from now)" name="DEFECT-469: Facility Arrival Date Validation - Future Date Limit Rejecting Unrealistic Future Dates should reject date beyond maximum future limit (9 days from now)" time="0">
    </testcase>
    <testcase classname="DEFECT-469: Facility Arrival Date Validation - Future Date Limit Accepting Valid Dates should accept today&apos;s date" name="DEFECT-469: Facility Arrival Date Validation - Future Date Limit Accepting Valid Dates should accept today&apos;s date" time="0">
    </testcase>
    <testcase classname="DEFECT-469: Facility Arrival Date Validation - Future Date Limit Accepting Valid Dates should accept tomorrow&apos;s date" name="DEFECT-469: Facility Arrival Date Validation - Future Date Limit Accepting Valid Dates should accept tomorrow&apos;s date" time="0.001">
    </testcase>
    <testcase classname="DEFECT-469: Facility Arrival Date Validation - Future Date Limit Accepting Valid Dates should accept date 3 days in the future" name="DEFECT-469: Facility Arrival Date Validation - Future Date Limit Accepting Valid Dates should accept date 3 days in the future" time="0">
    </testcase>
    <testcase classname="DEFECT-469: Facility Arrival Date Validation - Future Date Limit Accepting Valid Dates should accept date exactly 7 days in the future (maximum limit)" name="DEFECT-469: Facility Arrival Date Validation - Future Date Limit Accepting Valid Dates should accept date exactly 7 days in the future (maximum limit)" time="0">
    </testcase>
    <testcase classname="DEFECT-469: Facility Arrival Date Validation - Future Date Limit Accepting Valid Dates should accept past dates (last year)" name="DEFECT-469: Facility Arrival Date Validation - Future Date Limit Accepting Valid Dates should accept past dates (last year)" time="0.001">
    </testcase>
    <testcase classname="DEFECT-469: Facility Arrival Date Validation - Future Date Limit Accepting Valid Dates should accept past dates (01/01/2020)" name="DEFECT-469: Facility Arrival Date Validation - Future Date Limit Accepting Valid Dates should accept past dates (01/01/2020)" time="0">
    </testcase>
    <testcase classname="DEFECT-469: Facility Arrival Date Validation - Future Date Limit Invalid Date Formats Still Rejected should reject invalid date format (123/03/2025)" name="DEFECT-469: Facility Arrival Date Validation - Future Date Limit Invalid Date Formats Still Rejected should reject invalid date format (123/03/2025)" time="0">
    </testcase>
    <testcase classname="DEFECT-469: Facility Arrival Date Validation - Future Date Limit Invalid Date Formats Still Rejected should reject invalid date format (invalid text)" name="DEFECT-469: Facility Arrival Date Validation - Future Date Limit Invalid Date Formats Still Rejected should reject invalid date format (invalid text)" time="0.001">
    </testcase>
    <testcase classname="DEFECT-469: Facility Arrival Date Validation - Future Date Limit Invalid Date Formats Still Rejected should reject missing date" name="DEFECT-469: Facility Arrival Date Validation - Future Date Limit Invalid Date Formats Still Rejected should reject missing date" time="0">
    </testcase>
    <testcase classname="DEFECT-469: Facility Arrival Date Validation - Future Date Limit Invalid Date Formats Still Rejected should reject undefined date" name="DEFECT-469: Facility Arrival Date Validation - Future Date Limit Invalid Date Formats Still Rejected should reject undefined date" time="0">
    </testcase>
    <testcase classname="DEFECT-469: Facility Arrival Date Validation - Future Date Limit Integration: Date Validation with Other Checks should validate date before checking other facility requirements" name="DEFECT-469: Facility Arrival Date Validation - Future Date Limit Integration: Date Validation with Other Checks should validate date before checking other facility requirements" time="0">
    </testcase>
    <testcase classname="DEFECT-469: Facility Arrival Date Validation - Future Date Limit Edge Cases and Boundary Tests should handle date with single digit day (8/8/2025)" name="DEFECT-469: Facility Arrival Date Validation - Future Date Limit Edge Cases and Boundary Tests should handle date with single digit day (8/8/2025)" time="0.001">
    </testcase>
    <testcase classname="DEFECT-469: Facility Arrival Date Validation - Future Date Limit Edge Cases and Boundary Tests should handle date with single digit month (1/1/2025)" name="DEFECT-469: Facility Arrival Date Validation - Future Date Limit Edge Cases and Boundary Tests should handle date with single digit month (1/1/2025)" time="0">
    </testcase>
    <testcase classname="DEFECT-469: Facility Arrival Date Validation - Future Date Limit Edge Cases and Boundary Tests should reject February 31st (non-existent date)" name="DEFECT-469: Facility Arrival Date Validation - Future Date Limit Edge Cases and Boundary Tests should reject February 31st (non-existent date)" time="0">
    </testcase>
    <testcase classname="DEFECT-469: Facility Arrival Date Validation - Future Date Limit Edge Cases and Boundary Tests should reject day 32 (non-existent)" name="DEFECT-469: Facility Arrival Date Validation - Future Date Limit Edge Cases and Boundary Tests should reject day 32 (non-existent)" time="0">
    </testcase>
    <testcase classname="DEFECT-469: Facility Arrival Date Validation - Future Date Limit Edge Cases and Boundary Tests should reject month 13 (non-existent)" name="DEFECT-469: Facility Arrival Date Validation - Future Date Limit Edge Cases and Boundary Tests should reject month 13 (non-existent)" time="0.001">
    </testcase>
    <testcase classname="DEFECT-469: Facility Arrival Date Validation - Future Date Limit DEFECT-469 Specific Regression Tests should prevent the original bug: 8/8/8888 should be REJECTED (not accepted)" name="DEFECT-469: Facility Arrival Date Validation - Future Date Limit DEFECT-469 Specific Regression Tests should prevent the original bug: 8/8/8888 should be REJECTED (not accepted)" time="0">
    </testcase>
    <testcase classname="DEFECT-469: Facility Arrival Date Validation - Future Date Limit DEFECT-469 Specific Regression Tests should provide appropriate error message for unrealistic dates" name="DEFECT-469: Facility Arrival Date Validation - Future Date Limit DEFECT-469 Specific Regression Tests should provide appropriate error message for unrealistic dates" time="0">
    </testcase>
  </testsuite>
  <testsuite name="The Transport Service" errors="0" failures="0" skipped="0" timestamp="2026-08-13T14:24:33" time="0.172" tests="18">
    <testcase classname="The Transport Service With a catchcertificate journey Will call upsert transport data with the correct params" name="The Transport Service With a catchcertificate journey Will call upsert transport data with the correct params" time="0.001">
    </testcase>
    <testcase classname="The Transport Service With a catchcertificate journey Will retrieve transport details from mongo together with relevant session data" name="The Transport Service With a catchcertificate journey Will retrieve transport details from mongo together with relevant session data" time="0">
    </testcase>
    <testcase classname="The Transport Service With a catchcertificate journey will deal with no transport data" name="The Transport Service With a catchcertificate journey will deal with no transport data" time="0.001">
    </testcase>
    <testcase classname="The Transport Service With a catchcertificate journey Will call upsert transport with the correct params" name="The Transport Service With a catchcertificate journey Will call upsert transport with the correct params" time="0">
    </testcase>
    <testcase classname="The Transport Service With a catchcertificate journey Will save transport details to mongo when there existing data" name="The Transport Service With a catchcertificate journey Will save transport details to mongo when there existing data" time="0">
    </testcase>
    <testcase classname="The Transport Service With a catchcertificate journey Will save session data in REDIS" name="The Transport Service With a catchcertificate journey Will save session data in REDIS" time="0">
    </testcase>
    <testcase classname="The Transport Service With a catchcertificate journey Will deal with no session data" name="The Transport Service With a catchcertificate journey Will deal with no session data" time="0.001">
    </testcase>
    <testcase classname="The Transport Service With a storageNotes journey Will retrieve transport details from mongo" name="The Transport Service With a storageNotes journey Will retrieve transport details from mongo" time="0">
    </testcase>
    <testcase classname="The Transport Service With a storageNotes journey Will call upsert transport data with the correct params" name="The Transport Service With a storageNotes journey Will call upsert transport data with the correct params" time="0">
    </testcase>
    <testcase classname="The Transport Service With a storageNotes journey Will save transport details to mongo when there existing data" name="The Transport Service With a storageNotes journey Will save transport details to mongo when there existing data" time="0.001">
    </testcase>
    <testcase classname="The Transport Service With a storageNotes journey Will save session data in REDIS" name="The Transport Service With a storageNotes journey Will save session data in REDIS" time="0">
    </testcase>
    <testcase classname="The Transport Service With a storageNotes journey Will deal with no session data" name="The Transport Service With a storageNotes journey Will deal with no session data" time="0">
    </testcase>
    <testcase classname="The Transport Service When the journey is not catchcertificate or storageNotes getTransportDetails will throw an error" name="The Transport Service When the journey is not catchcertificate or storageNotes getTransportDetails will throw an error" time="0.005">
    </testcase>
    <testcase classname="The Transport Service When the journey is not catchcertificate or storageNotes addTransport will throw an error" name="The Transport Service When the journey is not catchcertificate or storageNotes addTransport will throw an error" time="0">
    </testcase>
    <testcase classname="The Transport Service getTransportData should call CC service for CC journey with a document number" name="The Transport Service getTransportData should call CC service for CC journey with a document number" time="0">
    </testcase>
    <testcase classname="The Transport Service getTransportData should call CC service for CC journey" name="The Transport Service getTransportData should call CC service for CC journey" time="0.001">
    </testcase>
    <testcase classname="The Transport Service getTransportData should throw an error for any other journey" name="The Transport Service getTransportData should throw an error for any other journey" time="0">
    </testcase>
    <testcase classname="The Transport Service removeTransportData should call CC service for CC journey with a document number" name="The Transport Service removeTransportData should call CC service for CC journey with a document number" time="0">
    </testcase>
  </testsuite>
  <testsuite name="ManageCertsService.deleteDraftCertificate" errors="0" failures="0" skipped="0" timestamp="2026-08-13T14:24:33" time="0.174" tests="12">
    <testcase classname="ManageCertsService.deleteDraftCertificate deletes blob and document record" name="ManageCertsService.deleteDraftCertificate deletes blob and document record" time="0.001">
    </testcase>
    <testcase classname="manage-cert-service voidCertificate should handle an undefined return on findOne" name="manage-cert-service voidCertificate should handle an undefined return on findOne" time="0">
    </testcase>
    <testcase classname="manage-cert-service voidCertificate should handle a VOID error if thrown" name="manage-cert-service voidCertificate should handle a VOID error if thrown" time="0.005">
    </testcase>
    <testcase classname="manage-cert-service voidCertificate should call voidConsolidateLandings with a valid documentNumber" name="manage-cert-service voidCertificate should call voidConsolidateLandings with a valid documentNumber" time="0">
    </testcase>
    <testcase classname="manage-cert-service voidCertificate should call reportDocumentVoided with a valid documentNumber" name="manage-cert-service voidCertificate should call reportDocumentVoided with a valid documentNumber" time="0">
    </testcase>
    <testcase classname="manage-cert-service voidCertificate should call submit to catch with a valid documentNumber for a document previously sent to catch" name="manage-cert-service voidCertificate should call submit to catch with a valid documentNumber for a document previously sent to catch" time="0">
    </testcase>
    <testcase classname="manage-cert-service voidCertificate should call submit to catch with a valid documentNumber and catch error from submitting to catch" name="manage-cert-service voidCertificate should call submit to catch with a valid documentNumber and catch error from submitting to catch" time="0">
    </testcase>
    <testcase classname="manage-cert-service voidCertificate should gracefully handle a VOID event failure" name="manage-cert-service voidCertificate should gracefully handle a VOID event failure" time="0.001">
    </testcase>
    <testcase classname="manage-cert-service voidCertificate should not submit to catch when EU is failed" name="manage-cert-service voidCertificate should not submit to catch when EU is failed" time="0">
    </testcase>
    <testcase classname="manage-cert-service voidCertificate should submit to catch for NMD when successfully submitted before" name="manage-cert-service voidCertificate should submit to catch for NMD when successfully submitted before" time="0">
    </testcase>
    <testcase classname="manage-cert-service voidCertificate should submit to catch for PS when successfully submitted before" name="manage-cert-service voidCertificate should submit to catch for PS when successfully submitted before" time="0.001">
    </testcase>
    <testcase classname="manage-cert-service voidCertificate should submit to catch for CC when successfully submitted before" name="manage-cert-service voidCertificate should submit to catch for CC when successfully submitted before" time="0">
    </testcase>
  </testsuite>
  <testsuite name="decimalPlacesValidator()" errors="0" failures="0" skipped="0" timestamp="2026-08-13T14:24:33" time="0.07" tests="16">
    <testcase classname="decimalPlacesValidator() should return value when the value is valid" name="decimalPlacesValidator() should return value when the value is valid" time="0.001">
    </testcase>
    <testcase classname="decimalPlacesValidator() should return an error message when value has more than 2 decimal places" name="decimalPlacesValidator() should return an error message when value has more than 2 decimal places" time="0">
    </testcase>
    <testcase classname="validateExclusiveEconomicZones() when highSeasArea is &quot;No&quot; should return validation errors for empty officialCountryName" name="validateExclusiveEconomicZones() when highSeasArea is &quot;No&quot; should return validation errors for empty officialCountryName" time="0.001">
    </testcase>
    <testcase classname="validateExclusiveEconomicZones() when highSeasArea is &quot;No&quot; should validate non-empty country names and return errors if invalid" name="validateExclusiveEconomicZones() when highSeasArea is &quot;No&quot; should validate non-empty country names and return errors if invalid" time="0.001">
    </testcase>
    <testcase classname="validateExclusiveEconomicZones() when highSeasArea is &quot;No&quot; should return no errors when all country names are valid" name="validateExclusiveEconomicZones() when highSeasArea is &quot;No&quot; should return no errors when all country names are valid" time="0">
    </testcase>
    <testcase classname="validateExclusiveEconomicZones() when highSeasArea is &quot;No&quot; should return combined errors for both empty and invalid country names" name="validateExclusiveEconomicZones() when highSeasArea is &quot;No&quot; should return combined errors for both empty and invalid country names" time="0.001">
    </testcase>
    <testcase classname="validateExclusiveEconomicZones() when highSeasArea is &quot;Yes&quot; should remove empty EEZ records and return no errors" name="validateExclusiveEconomicZones() when highSeasArea is &quot;Yes&quot; should remove empty EEZ records and return no errors" time="0">
    </testcase>
    <testcase classname="validateExclusiveEconomicZones() when highSeasArea is &quot;Yes&quot; should validate non-empty country names and return errors if invalid" name="validateExclusiveEconomicZones() when highSeasArea is &quot;Yes&quot; should validate non-empty country names and return errors if invalid" time="0">
    </testcase>
    <testcase classname="validateExclusiveEconomicZones() when highSeasArea is &quot;Yes&quot; should remove empty records and validate non-empty ones" name="validateExclusiveEconomicZones() when highSeasArea is &quot;Yes&quot; should remove empty records and validate non-empty ones" time="0">
    </testcase>
    <testcase classname="validateExclusiveEconomicZones() when highSeasArea is &quot;Yes&quot; should handle mixed empty and invalid records correctly" name="validateExclusiveEconomicZones() when highSeasArea is &quot;Yes&quot; should handle mixed empty and invalid records correctly" time="0.001">
    </testcase>
    <testcase classname="validateExclusiveEconomicZones() edge cases should return empty array when exclusiveEconomicZones is undefined" name="validateExclusiveEconomicZones() edge cases should return empty array when exclusiveEconomicZones is undefined" time="0">
    </testcase>
    <testcase classname="validateExclusiveEconomicZones() edge cases should return empty array when exclusiveEconomicZones is empty array" name="validateExclusiveEconomicZones() edge cases should return empty array when exclusiveEconomicZones is empty array" time="0">
    </testcase>
    <testcase classname="validateExclusiveEconomicZones() edge cases should return empty array when exclusiveEconomicZones is null" name="validateExclusiveEconomicZones() edge cases should return empty array when exclusiveEconomicZones is null" time="0">
    </testcase>
    <testcase classname="validateExclusiveEconomicZones() edge cases should handle highSeasArea with value other than &quot;Yes&quot; or &quot;No&quot;" name="validateExclusiveEconomicZones() edge cases should handle highSeasArea with value other than &quot;Yes&quot; or &quot;No&quot;" time="0">
    </testcase>
    <testcase classname="validateExclusiveEconomicZones() edge cases should handle zone object without officialCountryName property" name="validateExclusiveEconomicZones() edge cases should handle zone object without officialCountryName property" time="0.001">
    </testcase>
    <testcase classname="validateExclusiveEconomicZones() edge cases should correctly adjust indices when removing multiple empty records" name="validateExclusiveEconomicZones() edge cases should correctly adjust indices when removing multiple empty records" time="0">
    </testcase>
  </testsuite>
  <testsuite name="conservationSchema - otherWaters validation" errors="0" failures="0" skipped="0" timestamp="2026-08-13T14:24:33" time="0.114" tests="58">
    <testcase classname="conservationSchema - otherWaters validation otherWaters - required when caughtInOtherWaters is Y returns any.required error when otherWaters is missing and caughtInOtherWaters is Y" name="conservationSchema - otherWaters validation otherWaters - required when caughtInOtherWaters is Y returns any.required error when otherWaters is missing and caughtInOtherWaters is Y" time="0.001">
    </testcase>
    <testcase classname="conservationSchema - otherWaters validation otherWaters - required when caughtInOtherWaters is Y allows otherWaters to be undefined when caughtInOtherWaters is not Y" name="conservationSchema - otherWaters validation otherWaters - required when caughtInOtherWaters is Y allows otherWaters to be undefined when caughtInOtherWaters is not Y" time="0.001">
    </testcase>
    <testcase classname="conservationSchema - otherWaters validation otherWaters - pattern validation (alphanumeric, spaces, hyphens, apostrophes only) allows: plain letters (&quot;Iranian Waters&quot;)" name="conservationSchema - otherWaters validation otherWaters - pattern validation (alphanumeric, spaces, hyphens, apostrophes only) allows: plain letters (&quot;Iranian Waters&quot;)" time="0">
    </testcase>
    <testcase classname="conservationSchema - otherWaters validation otherWaters - pattern validation (alphanumeric, spaces, hyphens, apostrophes only) allows: letters with spaces (&quot;North Atlantic Waters&quot;)" name="conservationSchema - otherWaters validation otherWaters - pattern validation (alphanumeric, spaces, hyphens, apostrophes only) allows: letters with spaces (&quot;North Atlantic Waters&quot;)" time="0">
    </testcase>
    <testcase classname="conservationSchema - otherWaters validation otherWaters - pattern validation (alphanumeric, spaces, hyphens, apostrophes only) allows: letters with hyphens (&quot;UK-controlled waters&quot;)" name="conservationSchema - otherWaters validation otherWaters - pattern validation (alphanumeric, spaces, hyphens, apostrophes only) allows: letters with hyphens (&quot;UK-controlled waters&quot;)" time="0">
    </testcase>
    <testcase classname="conservationSchema - otherWaters validation otherWaters - pattern validation (alphanumeric, spaces, hyphens, apostrophes only) allows: letters with apostrophes (&quot;O&apos;Neill waters&quot;)" name="conservationSchema - otherWaters validation otherWaters - pattern validation (alphanumeric, spaces, hyphens, apostrophes only) allows: letters with apostrophes (&quot;O&apos;Neill waters&quot;)" time="0">
    </testcase>
    <testcase classname="conservationSchema - otherWaters validation otherWaters - pattern validation (alphanumeric, spaces, hyphens, apostrophes only) allows: letters, numbers, and spaces (&quot;FAO Area 123&quot;)" name="conservationSchema - otherWaters validation otherWaters - pattern validation (alphanumeric, spaces, hyphens, apostrophes only) allows: letters, numbers, and spaces (&quot;FAO Area 123&quot;)" time="0.001">
    </testcase>
    <testcase classname="conservationSchema - otherWaters validation otherWaters - pattern validation (alphanumeric, spaces, hyphens, apostrophes only) allows: letters, numbers, hyphens and spaces (&quot;Area 27-1A waters&quot;)" name="conservationSchema - otherWaters validation otherWaters - pattern validation (alphanumeric, spaces, hyphens, apostrophes only) allows: letters, numbers, hyphens and spaces (&quot;Area 27-1A waters&quot;)" time="0">
    </testcase>
    <testcase classname="conservationSchema - otherWaters validation otherWaters - pattern validation (alphanumeric, spaces, hyphens, apostrophes only) allows: mixed case (&quot;South African Waters&quot;)" name="conservationSchema - otherWaters validation otherWaters - pattern validation (alphanumeric, spaces, hyphens, apostrophes only) allows: mixed case (&quot;South African Waters&quot;)" time="0">
    </testcase>
    <testcase classname="conservationSchema - otherWaters validation otherWaters - pattern validation (alphanumeric, spaces, hyphens, apostrophes only) allows: numbers only (&quot;123&quot;)" name="conservationSchema - otherWaters validation otherWaters - pattern validation (alphanumeric, spaces, hyphens, apostrophes only) allows: numbers only (&quot;123&quot;)" time="0">
    </testcase>
    <testcase classname="conservationSchema - otherWaters validation otherWaters - pattern validation (alphanumeric, spaces, hyphens, apostrophes only) allows: single letter (&quot;A&quot;)" name="conservationSchema - otherWaters validation otherWaters - pattern validation (alphanumeric, spaces, hyphens, apostrophes only) allows: single letter (&quot;A&quot;)" time="0">
    </testcase>
    <testcase classname="conservationSchema - otherWaters validation otherWaters - pattern validation (alphanumeric, spaces, hyphens, apostrophes only) allows: multiple apostrophes (&quot;O&apos;Neill&apos;s waters&quot;)" name="conservationSchema - otherWaters validation otherWaters - pattern validation (alphanumeric, spaces, hyphens, apostrophes only) allows: multiple apostrophes (&quot;O&apos;Neill&apos;s waters&quot;)" time="0">
    </testcase>
    <testcase classname="conservationSchema - otherWaters validation otherWaters - pattern validation (alphanumeric, spaces, hyphens, apostrophes only) allows: multiple hyphens (&quot;North-East-Atlantic&quot;)" name="conservationSchema - otherWaters validation otherWaters - pattern validation (alphanumeric, spaces, hyphens, apostrophes only) allows: multiple hyphens (&quot;North-East-Atlantic&quot;)" time="0">
    </testcase>
    <testcase classname="conservationSchema - otherWaters validation otherWaters - pattern validation (alphanumeric, spaces, hyphens, apostrophes only) rejects: special character @ (&quot;Iranian@Waters&quot;)" name="conservationSchema - otherWaters validation otherWaters - pattern validation (alphanumeric, spaces, hyphens, apostrophes only) rejects: special character @ (&quot;Iranian@Waters&quot;)" time="0.001">
    </testcase>
    <testcase classname="conservationSchema - otherWaters validation otherWaters - pattern validation (alphanumeric, spaces, hyphens, apostrophes only) rejects: special character ! (&quot;Waters!Zone&quot;)" name="conservationSchema - otherWaters validation otherWaters - pattern validation (alphanumeric, spaces, hyphens, apostrophes only) rejects: special character ! (&quot;Waters!Zone&quot;)" time="0">
    </testcase>
    <testcase classname="conservationSchema - otherWaters validation otherWaters - pattern validation (alphanumeric, spaces, hyphens, apostrophes only) rejects: special character ~ (&quot;@!~~~~~@#@~#&quot;)" name="conservationSchema - otherWaters validation otherWaters - pattern validation (alphanumeric, spaces, hyphens, apostrophes only) rejects: special character ~ (&quot;@!~~~~~@#@~#&quot;)" time="0">
    </testcase>
    <testcase classname="conservationSchema - otherWaters validation otherWaters - pattern validation (alphanumeric, spaces, hyphens, apostrophes only) rejects: special character # (&quot;Waters#Zone&quot;)" name="conservationSchema - otherWaters validation otherWaters - pattern validation (alphanumeric, spaces, hyphens, apostrophes only) rejects: special character # (&quot;Waters#Zone&quot;)" time="0">
    </testcase>
    <testcase classname="conservationSchema - otherWaters validation otherWaters - pattern validation (alphanumeric, spaces, hyphens, apostrophes only) rejects: special character $ (&quot;Waters$Zone&quot;)" name="conservationSchema - otherWaters validation otherWaters - pattern validation (alphanumeric, spaces, hyphens, apostrophes only) rejects: special character $ (&quot;Waters$Zone&quot;)" time="0">
    </testcase>
    <testcase classname="conservationSchema - otherWaters validation otherWaters - pattern validation (alphanumeric, spaces, hyphens, apostrophes only) rejects: special character % (&quot;Waters%Zone&quot;)" name="conservationSchema - otherWaters validation otherWaters - pattern validation (alphanumeric, spaces, hyphens, apostrophes only) rejects: special character % (&quot;Waters%Zone&quot;)" time="0">
    </testcase>
    <testcase classname="conservationSchema - otherWaters validation otherWaters - pattern validation (alphanumeric, spaces, hyphens, apostrophes only) rejects: special character ^ (&quot;Waters^Zone&quot;)" name="conservationSchema - otherWaters validation otherWaters - pattern validation (alphanumeric, spaces, hyphens, apostrophes only) rejects: special character ^ (&quot;Waters^Zone&quot;)" time="0.001">
    </testcase>
    <testcase classname="conservationSchema - otherWaters validation otherWaters - pattern validation (alphanumeric, spaces, hyphens, apostrophes only) rejects: special character &amp; (&quot;Waters&amp;Zone&quot;)" name="conservationSchema - otherWaters validation otherWaters - pattern validation (alphanumeric, spaces, hyphens, apostrophes only) rejects: special character &amp; (&quot;Waters&amp;Zone&quot;)" time="0">
    </testcase>
    <testcase classname="conservationSchema - otherWaters validation otherWaters - pattern validation (alphanumeric, spaces, hyphens, apostrophes only) rejects: special character * (&quot;Waters*Zone&quot;)" name="conservationSchema - otherWaters validation otherWaters - pattern validation (alphanumeric, spaces, hyphens, apostrophes only) rejects: special character * (&quot;Waters*Zone&quot;)" time="0">
    </testcase>
    <testcase classname="conservationSchema - otherWaters validation otherWaters - pattern validation (alphanumeric, spaces, hyphens, apostrophes only) rejects: special character ( (&quot;Waters(Zone)&quot;)" name="conservationSchema - otherWaters validation otherWaters - pattern validation (alphanumeric, spaces, hyphens, apostrophes only) rejects: special character ( (&quot;Waters(Zone)&quot;)" time="0">
    </testcase>
    <testcase classname="conservationSchema - otherWaters validation otherWaters - pattern validation (alphanumeric, spaces, hyphens, apostrophes only) rejects: special character ) (&quot;Waters(Zone&quot;)" name="conservationSchema - otherWaters validation otherWaters - pattern validation (alphanumeric, spaces, hyphens, apostrophes only) rejects: special character ) (&quot;Waters(Zone&quot;)" time="0">
    </testcase>
    <testcase classname="conservationSchema - otherWaters validation otherWaters - pattern validation (alphanumeric, spaces, hyphens, apostrophes only) rejects: special character = (&quot;Waters=Zone&quot;)" name="conservationSchema - otherWaters validation otherWaters - pattern validation (alphanumeric, spaces, hyphens, apostrophes only) rejects: special character = (&quot;Waters=Zone&quot;)" time="0">
    </testcase>
    <testcase classname="conservationSchema - otherWaters validation otherWaters - pattern validation (alphanumeric, spaces, hyphens, apostrophes only) rejects: special character + (&quot;Waters+Zone&quot;)" name="conservationSchema - otherWaters validation otherWaters - pattern validation (alphanumeric, spaces, hyphens, apostrophes only) rejects: special character + (&quot;Waters+Zone&quot;)" time="0">
    </testcase>
    <testcase classname="conservationSchema - otherWaters validation otherWaters - pattern validation (alphanumeric, spaces, hyphens, apostrophes only) rejects: special character [ (&quot;Waters[Zone]&quot;)" name="conservationSchema - otherWaters validation otherWaters - pattern validation (alphanumeric, spaces, hyphens, apostrophes only) rejects: special character [ (&quot;Waters[Zone]&quot;)" time="0">
    </testcase>
    <testcase classname="conservationSchema - otherWaters validation otherWaters - pattern validation (alphanumeric, spaces, hyphens, apostrophes only) rejects: special character ] (&quot;Waters[Zone]&quot;)" name="conservationSchema - otherWaters validation otherWaters - pattern validation (alphanumeric, spaces, hyphens, apostrophes only) rejects: special character ] (&quot;Waters[Zone]&quot;)" time="0">
    </testcase>
    <testcase classname="conservationSchema - otherWaters validation otherWaters - pattern validation (alphanumeric, spaces, hyphens, apostrophes only) rejects: special character { (&quot;Waters{Zone}&quot;)" name="conservationSchema - otherWaters validation otherWaters - pattern validation (alphanumeric, spaces, hyphens, apostrophes only) rejects: special character { (&quot;Waters{Zone}&quot;)" time="0">
    </testcase>
    <testcase classname="conservationSchema - otherWaters validation otherWaters - pattern validation (alphanumeric, spaces, hyphens, apostrophes only) rejects: special character } (&quot;Waters{Zone}&quot;)" name="conservationSchema - otherWaters validation otherWaters - pattern validation (alphanumeric, spaces, hyphens, apostrophes only) rejects: special character } (&quot;Waters{Zone}&quot;)" time="0">
    </testcase>
    <testcase classname="conservationSchema - otherWaters validation otherWaters - pattern validation (alphanumeric, spaces, hyphens, apostrophes only) rejects: special character : (&quot;Waters:Zone&quot;)" name="conservationSchema - otherWaters validation otherWaters - pattern validation (alphanumeric, spaces, hyphens, apostrophes only) rejects: special character : (&quot;Waters:Zone&quot;)" time="0">
    </testcase>
    <testcase classname="conservationSchema - otherWaters validation otherWaters - pattern validation (alphanumeric, spaces, hyphens, apostrophes only) rejects: special character ; (&quot;Waters;Zone&quot;)" name="conservationSchema - otherWaters validation otherWaters - pattern validation (alphanumeric, spaces, hyphens, apostrophes only) rejects: special character ; (&quot;Waters;Zone&quot;)" time="0">
    </testcase>
    <testcase classname="conservationSchema - otherWaters validation otherWaters - pattern validation (alphanumeric, spaces, hyphens, apostrophes only) rejects: special character , (&quot;Waters,Zone&quot;)" name="conservationSchema - otherWaters validation otherWaters - pattern validation (alphanumeric, spaces, hyphens, apostrophes only) rejects: special character , (&quot;Waters,Zone&quot;)" time="0">
    </testcase>
    <testcase classname="conservationSchema - otherWaters validation otherWaters - pattern validation (alphanumeric, spaces, hyphens, apostrophes only) rejects: special character . (&quot;Waters.Zone&quot;)" name="conservationSchema - otherWaters validation otherWaters - pattern validation (alphanumeric, spaces, hyphens, apostrophes only) rejects: special character . (&quot;Waters.Zone&quot;)" time="0">
    </testcase>
    <testcase classname="conservationSchema - otherWaters validation otherWaters - pattern validation (alphanumeric, spaces, hyphens, apostrophes only) rejects: special character ? (&quot;Waters?Zone&quot;)" name="conservationSchema - otherWaters validation otherWaters - pattern validation (alphanumeric, spaces, hyphens, apostrophes only) rejects: special character ? (&quot;Waters?Zone&quot;)" time="0">
    </testcase>
    <testcase classname="conservationSchema - otherWaters validation otherWaters - pattern validation (alphanumeric, spaces, hyphens, apostrophes only) rejects: special character / (&quot;Waters/Zone&quot;)" name="conservationSchema - otherWaters validation otherWaters - pattern validation (alphanumeric, spaces, hyphens, apostrophes only) rejects: special character / (&quot;Waters/Zone&quot;)" time="0">
    </testcase>
    <testcase classname="conservationSchema - otherWaters validation otherWaters - pattern validation (alphanumeric, spaces, hyphens, apostrophes only) rejects: special character \ (&quot;Waters\Zone&quot;)" name="conservationSchema - otherWaters validation otherWaters - pattern validation (alphanumeric, spaces, hyphens, apostrophes only) rejects: special character \ (&quot;Waters\Zone&quot;)" time="0">
    </testcase>
    <testcase classname="conservationSchema - otherWaters validation otherWaters - pattern validation (alphanumeric, spaces, hyphens, apostrophes only) rejects: special character | (&quot;Waters|Zone&quot;)" name="conservationSchema - otherWaters validation otherWaters - pattern validation (alphanumeric, spaces, hyphens, apostrophes only) rejects: special character | (&quot;Waters|Zone&quot;)" time="0">
    </testcase>
    <testcase classname="conservationSchema - otherWaters validation otherWaters - pattern validation (alphanumeric, spaces, hyphens, apostrophes only) rejects: special character &lt; (&quot;Waters&lt;Zone&quot;)" name="conservationSchema - otherWaters validation otherWaters - pattern validation (alphanumeric, spaces, hyphens, apostrophes only) rejects: special character &lt; (&quot;Waters&lt;Zone&quot;)" time="0">
    </testcase>
    <testcase classname="conservationSchema - otherWaters validation otherWaters - pattern validation (alphanumeric, spaces, hyphens, apostrophes only) rejects: special character &gt; (&quot;Waters&gt;Zone&quot;)" name="conservationSchema - otherWaters validation otherWaters - pattern validation (alphanumeric, spaces, hyphens, apostrophes only) rejects: special character &gt; (&quot;Waters&gt;Zone&quot;)" time="0">
    </testcase>
    <testcase classname="conservationSchema - otherWaters validation otherWaters - pattern validation (alphanumeric, spaces, hyphens, apostrophes only) rejects: special character ` (&quot;Waters`Zone&quot;)" name="conservationSchema - otherWaters validation otherWaters - pattern validation (alphanumeric, spaces, hyphens, apostrophes only) rejects: special character ` (&quot;Waters`Zone&quot;)" time="0">
    </testcase>
    <testcase classname="conservationSchema - otherWaters validation otherWaters - pattern validation (alphanumeric, spaces, hyphens, apostrophes only) rejects: emoji (&quot;Waters 🐟&quot;)" name="conservationSchema - otherWaters validation otherWaters - pattern validation (alphanumeric, spaces, hyphens, apostrophes only) rejects: emoji (&quot;Waters 🐟&quot;)" time="0">
    </testcase>
    <testcase classname="conservationSchema - otherWaters validation otherWaters - pattern validation (alphanumeric, spaces, hyphens, apostrophes only) rejects: emoji at start (&quot;🇬🇧 Waters&quot;)" name="conservationSchema - otherWaters validation otherWaters - pattern validation (alphanumeric, spaces, hyphens, apostrophes only) rejects: emoji at start (&quot;🇬🇧 Waters&quot;)" time="0">
    </testcase>
    <testcase classname="conservationSchema - otherWaters validation otherWaters - pattern validation (alphanumeric, spaces, hyphens, apostrophes only) rejects: multiple emojis (&quot;🎉 Waters 🎊&quot;)" name="conservationSchema - otherWaters validation otherWaters - pattern validation (alphanumeric, spaces, hyphens, apostrophes only) rejects: multiple emojis (&quot;🎉 Waters 🎊&quot;)" time="0">
    </testcase>
    <testcase classname="conservationSchema - otherWaters validation watersCaughtIn - at least one water type required returns error when no water type is selected" name="conservationSchema - otherWaters validation watersCaughtIn - at least one water type required returns error when no water type is selected" time="0">
    </testcase>
    <testcase classname="conservationSchema - otherWaters validation watersCaughtIn - at least one water type required passes when caughtInUKWaters is Y" name="conservationSchema - otherWaters validation watersCaughtIn - at least one water type required passes when caughtInUKWaters is Y" time="0">
    </testcase>
    <testcase classname="conservationSchema - otherWaters validation watersCaughtIn - at least one water type required passes when caughtInEUWaters is Y" name="conservationSchema - otherWaters validation watersCaughtIn - at least one water type required passes when caughtInEUWaters is Y" time="0">
    </testcase>
    <testcase classname="conservationSchema - otherWaters validation watersCaughtIn - at least one water type required passes when caughtInOtherWaters is Y with valid otherWaters" name="conservationSchema - otherWaters validation watersCaughtIn - at least one water type required passes when caughtInOtherWaters is Y with valid otherWaters" time="0">
    </testcase>
    <testcase classname="conservationSchema - otherWaters validation watersCaughtIn - at least one water type required passes when multiple water types are selected" name="conservationSchema - otherWaters validation watersCaughtIn - at least one water type required passes when multiple water types are selected" time="0">
    </testcase>
    <testcase classname="conservationSaveAsDraftSchema - otherWaters validation otherWaters - pattern validation with additional required fields returns any.required error when otherWaters is missing and caughtInOtherWaters is Y" name="conservationSaveAsDraftSchema - otherWaters validation otherWaters - pattern validation with additional required fields returns any.required error when otherWaters is missing and caughtInOtherWaters is Y" time="0">
    </testcase>
    <testcase classname="conservationSaveAsDraftSchema - otherWaters validation otherWaters - pattern validation with additional required fields allows valid otherWaters with alphanumeric and allowed special chars" name="conservationSaveAsDraftSchema - otherWaters validation otherWaters - pattern validation with additional required fields allows valid otherWaters with alphanumeric and allowed special chars" time="0">
    </testcase>
    <testcase classname="conservationSaveAsDraftSchema - otherWaters validation otherWaters - pattern validation with additional required fields rejects otherWaters with special characters like @!#$%^&amp;*()" name="conservationSaveAsDraftSchema - otherWaters validation otherWaters - pattern validation with additional required fields rejects otherWaters with special characters like @!#$%^&amp;*()" time="0">
    </testcase>
    <testcase classname="conservationSaveAsDraftSchema - otherWaters validation otherWaters - pattern validation with additional required fields rejects otherWaters with emoji" name="conservationSaveAsDraftSchema - otherWaters validation otherWaters - pattern validation with additional required fields rejects otherWaters with emoji" time="0">
    </testcase>
    <testcase classname="conservationSaveAsDraftSchema - otherWaters validation otherWaters - pattern validation with additional required fields ignores otherWaters when caughtInOtherWaters is not Y" name="conservationSaveAsDraftSchema - otherWaters validation otherWaters - pattern validation with additional required fields ignores otherWaters when caughtInOtherWaters is not Y" time="0">
    </testcase>
    <testcase classname="conservationSaveAsDraftSchema - otherWaters validation conservationSaveAsDraftSchema - required fields validation returns error when currentUri is missing" name="conservationSaveAsDraftSchema - otherWaters validation conservationSaveAsDraftSchema - required fields validation returns error when currentUri is missing" time="0">
    </testcase>
    <testcase classname="conservationSaveAsDraftSchema - otherWaters validation conservationSaveAsDraftSchema - required fields validation returns error when journey is missing" name="conservationSaveAsDraftSchema - otherWaters validation conservationSaveAsDraftSchema - required fields validation returns error when journey is missing" time="0">
    </testcase>
    <testcase classname="conservationSaveAsDraftSchema - otherWaters validation conservationSaveAsDraftSchema - required fields validation returns error when dashboardUri is missing" name="conservationSaveAsDraftSchema - otherWaters validation conservationSaveAsDraftSchema - required fields validation returns error when dashboardUri is missing" time="0.001">
    </testcase>
    <testcase classname="conservationSaveAsDraftSchema - otherWaters validation conservationSaveAsDraftSchema - required fields validation passes with all required fields and valid water selection" name="conservationSaveAsDraftSchema - otherWaters validation conservationSaveAsDraftSchema - required fields validation passes with all required fields and valid water selection" time="0">
    </testcase>
  </testsuite>
  <testsuite name="createExportPayloadForValidation" errors="0" failures="0" skipped="0" timestamp="2026-08-13T14:24:33" time="0.079" tests="23">
    <testcase classname="createExportPayloadForValidation should transform a product and landing into an export payload" name="createExportPayloadForValidation should transform a product and landing into an export payload" time="0.001">
    </testcase>
    <testcase classname="createExportPayloadForValidation should transform a product and landing into an export payload without a start date" name="createExportPayloadForValidation should transform a product and landing into an export payload without a start date" time="0">
    </testcase>
    <testcase classname="createExportPayloadForValidation should format startDate when it is provided" name="createExportPayloadForValidation should format startDate when it is provided" time="0">
    </testcase>
    <testcase classname="validateLanding should pass" name="validateLanding should pass" time="0">
    </testcase>
    <testcase classname="validateLanding should error if vessel validation throws an error" name="validateLanding should error if vessel validation throws an error" time="0.004">
    </testcase>
    <testcase classname="validateLanding should error if product validation fails" name="validateLanding should error if product validation fails" time="0.001">
    </testcase>
    <testcase classname="validateLanding should error if product validation fails on start date" name="validateLanding should error if product validation fails on start date" time="0">
    </testcase>
    <testcase classname="validateLanding should return error for invalid gear type/category pair" name="validateLanding should return error for invalid gear type/category pair" time="0">
    </testcase>
    <testcase classname="validateLanding should not call isValidGearType if no gear info is present" name="validateLanding should not call isValidGearType if no gear info is present" time="0">
    </testcase>
    <testcase classname="validateLanding will call isValidGearType for each landing" name="validateLanding will call isValidGearType for each landing" time="0.001">
    </testcase>
    <testcase classname="validateLanding will return error if any one call to isValidGearType fails" name="validateLanding will return error if any one call to isValidGearType fails" time="0">
    </testcase>
    <testcase classname="validateLanding validateAggregateExportWeight returns an error when frontendTotal meets/exceeds limit" name="validateLanding validateAggregateExportWeight returns an error when frontendTotal meets/exceeds limit" time="0">
    </testcase>
    <testcase classname="validateLanding validateAggregateExportWeight returns empty array when opts are missing" name="validateLanding validateAggregateExportWeight returns empty array when opts are missing" time="0">
    </testcase>
    <testcase classname="validateLanding validateAggregateExportWeight returns empty array when frontendTotal is invalid (NaN)" name="validateLanding validateAggregateExportWeight returns empty array when frontendTotal is invalid (NaN)" time="0">
    </testcase>
    <testcase classname="validateLanding should return aggregate-weight error when frontend total is adjusted and exceeds limit" name="validateLanding should return aggregate-weight error when frontend total is adjusted and exceeds limit" time="0">
    </testcase>
    <testcase classname="validateLanding should not error for aggregate-weight when under limit" name="validateLanding should not error for aggregate-weight when under limit" time="0">
    </testcase>
    <testcase classname="validateLanding validateAggregateExportWeight returns empty array when computation throws" name="validateLanding validateAggregateExportWeight returns empty array when computation throws" time="0.002">
    </testcase>
    <testcase classname="validateLanding validateAggregateExportWeight returns empty array when called with null input" name="validateLanding validateAggregateExportWeight returns empty array when called with null input" time="0">
    </testcase>
    <testcase classname="validateLanding validateAggregateExportWeight returns empty array when error thrown has no stack" name="validateLanding validateAggregateExportWeight returns empty array when error thrown has no stack" time="0.005">
    </testcase>
    <testcase classname="validateLanding should return gearType error from validateLanding and aggregate error from validateAggregateExportWeight separately" name="validateLanding should return gearType error from validateLanding and aggregate error from validateAggregateExportWeight separately" time="0.001">
    </testcase>
    <testcase classname="validateLanding should return gearType error when isValidGearType promise is rejected" name="validateLanding should return gearType error when isValidGearType promise is rejected" time="0">
    </testcase>
    <testcase classname="validateLanding should handle payload where landings is undefined" name="validateLanding should handle payload where landings is undefined" time="0">
    </testcase>
    <testcase classname="validateLanding should error for both startDate and dateLanded across multiple seasonal fish validations without processing further items" name="validateLanding should error for both startDate and dateLanded across multiple seasonal fish validations without processing further items" time="0">
    </testcase>
  </testsuite>
  <testsuite name="ManageCertificatesController" errors="0" failures="0" skipped="0" timestamp="2026-08-13T14:24:33" time="0.221" tests="14">
    <testcase classname="ManageCertificatesController deleteDraftCertificate() redirects to previousUri when payload.documentDelete is not &apos;Yes&apos;" name="ManageCertificatesController deleteDraftCertificate() redirects to previousUri when payload.documentDelete is not &apos;Yes&apos;" time="0.001">
    </testcase>
    <testcase classname="ManageCertificatesController deleteDraftCertificate() redirects to nextUri when payload.documentDelete is &apos;Yes&apos;" name="ManageCertificatesController deleteDraftCertificate() redirects to nextUri when payload.documentDelete is &apos;Yes&apos;" time="0">
    </testcase>
    <testcase classname="ManageCertificatesController deleteDraftCertificate() will return the payload object when accept header is not text/html" name="ManageCertificatesController deleteDraftCertificate() will return the payload object when accept header is not text/html" time="0">
    </testcase>
    <testcase classname="ManageCertificatesController deleteDraftCertificate() should print exception to console.error" name="ManageCertificatesController deleteDraftCertificate() should print exception to console.error" time="0.001">
    </testcase>
    <testcase classname="ManageCertificatesController voidCertificate() redirects to payload.previousUri when payload.documentVoid is not &apos;Yes&apos;" name="ManageCertificatesController voidCertificate() redirects to payload.previousUri when payload.documentVoid is not &apos;Yes&apos;" time="0">
    </testcase>
    <testcase classname="ManageCertificatesController voidCertificate() returns payload object when payload.documentVoid is not &apos;Yes&apos; and accept header is not text/html" name="ManageCertificatesController voidCertificate() returns payload object when payload.documentVoid is not &apos;Yes&apos; and accept header is not text/html" time="0">
    </testcase>
    <testcase classname="ManageCertificatesController voidCertificate() redirects to nextUri when payload.documentVoid is &apos;Yes&apos;" name="ManageCertificatesController voidCertificate() redirects to nextUri when payload.documentVoid is &apos;Yes&apos;" time="0.001">
    </testcase>
    <testcase classname="ManageCertificatesController voidCertificate() should print exception to console.error" name="ManageCertificatesController voidCertificate() should print exception to console.error" time="0">
    </testcase>
    <testcase classname="ManageCertificatesController voidCertificate() When posting events to event hub When voiding a CC catch certificate should successfully post a void event" name="ManageCertificatesController voidCertificate() When posting events to event hub When voiding a CC catch certificate should successfully post a void event" time="0">
    </testcase>
    <testcase classname="ManageCertificatesController voidCertificate() When posting events to event hub When voiding a CC catch certificate should successfully post a unsual void event" name="ManageCertificatesController voidCertificate() When posting events to event hub When voiding a CC catch certificate should successfully post a unsual void event" time="0.001">
    </testcase>
    <testcase classname="ManageCertificatesController voidCertificate() When posting events to event hub When voiding a PS catch certificate should successfully post a void event" name="ManageCertificatesController voidCertificate() When posting events to event hub When voiding a PS catch certificate should successfully post a void event" time="0">
    </testcase>
    <testcase classname="ManageCertificatesController voidCertificate() When posting events to event hub When voiding a PS catch certificate should successfully post a unsual void event" name="ManageCertificatesController voidCertificate() When posting events to event hub When voiding a PS catch certificate should successfully post a unsual void event" time="0">
    </testcase>
    <testcase classname="ManageCertificatesController voidCertificate() When posting events to event hub When voiding a SD catch certificate should successfully post a download event" name="ManageCertificatesController voidCertificate() When posting events to event hub When voiding a SD catch certificate should successfully post a download event" time="0">
    </testcase>
    <testcase classname="ManageCertificatesController voidCertificate() When posting events to event hub When voiding a SD catch certificate should successfully post a unsual void event" name="ManageCertificatesController voidCertificate() When posting events to event hub When voiding a SD catch certificate should successfully post a unsual void event" time="0">
    </testcase>
  </testsuite>
  <testsuite name="MongoConnection" errors="0" failures="0" skipped="0" timestamp="2026-08-13T14:24:34" time="0.11" tests="20">
    <testcase classname="MongoConnection constructor should have a private constructor" name="MongoConnection constructor should have a private constructor" time="0.001">
    </testcase>
    <testcase classname="MongoConnection connect() pool size parsing should parse pool size string to number for maxPoolSize" name="MongoConnection connect() pool size parsing should parse pool size string to number for maxPoolSize" time="0">
    </testcase>
    <testcase classname="MongoConnection connect() pool size parsing should correctly parse single digit pool size" name="MongoConnection connect() pool size parsing should correctly parse single digit pool size" time="0.001">
    </testcase>
    <testcase classname="MongoConnection connect() pool size parsing should correctly parse large pool size" name="MongoConnection connect() pool size parsing should correctly parse large pool size" time="0">
    </testcase>
    <testcase classname="MongoConnection connect() pool size parsing should handle empty string and result in NaN for maxPoolSize" name="MongoConnection connect() pool size parsing should handle empty string and result in NaN for maxPoolSize" time="0">
    </testcase>
    <testcase classname="MongoConnection connect() pool size parsing should handle invalid string and result in NaN for maxPoolSize" name="MongoConnection connect() pool size parsing should handle invalid string and result in NaN for maxPoolSize" time="0">
    </testcase>
    <testcase classname="MongoConnection connect() pool size parsing should parse string with leading number correctly" name="MongoConnection connect() pool size parsing should parse string with leading number correctly" time="0">
    </testcase>
    <testcase classname="MongoConnection connect() connection behavior should connect only once when called multiple times" name="MongoConnection connect() connection behavior should connect only once when called multiple times" time="0.001">
    </testcase>
    <testcase classname="MongoConnection connect() connection behavior should only pass dbName and maxPoolSize in connection options" name="MongoConnection connect() connection behavior should only pass dbName and maxPoolSize in connection options" time="0">
    </testcase>
    <testcase classname="MongoConnection connect() error handling should log error and throw when connection fails" name="MongoConnection connect() error handling should log error and throw when connection fails" time="0.003">
    </testcase>
    <testcase classname="MongoConnection connect() error handling should throw custom error message even when underlying error is complex" name="MongoConnection connect() error handling should throw custom error message even when underlying error is complex" time="0">
    </testcase>
    <testcase classname="MongoConnection cleanUp() should close the connection" name="MongoConnection cleanUp() should close the connection" time="0.001">
    </testcase>
    <testcase classname="MongoConnection cleanUp() should log error when connection close fails" name="MongoConnection cleanUp() should log error when connection close fails" time="0">
    </testcase>
    <testcase classname="MongoConnection findOne() should call findOne on the collection" name="MongoConnection findOne() should call findOne on the collection" time="0">
    </testcase>
    <testcase classname="MongoConnection findOne() should log error when findOne fails" name="MongoConnection findOne() should log error when findOne fails" time="0">
    </testcase>
    <testcase classname="MongoConnection insert() should call insertOne on the collection" name="MongoConnection insert() should call insertOne on the collection" time="0">
    </testcase>
    <testcase classname="MongoConnection insert() should log error when insert fails" name="MongoConnection insert() should log error when insert fails" time="0">
    </testcase>
    <testcase classname="MongoConnection deleteOne() should call deleteOne on the collection" name="MongoConnection deleteOne() should call deleteOne on the collection" time="0">
    </testcase>
    <testcase classname="MongoConnection deleteOne() should log error when delete fails" name="MongoConnection deleteOne() should log error when delete fails" time="0">
    </testcase>
    <testcase classname="MongoConnection updateStatusAsVoid() should call updateOne with status VOID" name="MongoConnection updateStatusAsVoid() should call updateOne with status VOID" time="0">
    </testcase>
  </testsuite>
  <testsuite name="Export Location - saveAsDraft validation" errors="0" failures="0" skipped="0" timestamp="2026-08-13T14:24:34" time="0.063" tests="30">
    <testcase classname="Export Location - saveAsDraft validation pointOfDestination - optional field validation should accept empty string" name="Export Location - saveAsDraft validation pointOfDestination - optional field validation should accept empty string" time="0.001">
    </testcase>
    <testcase classname="Export Location - saveAsDraft validation pointOfDestination - optional field validation should accept null value" name="Export Location - saveAsDraft validation pointOfDestination - optional field validation should accept null value" time="0">
    </testcase>
    <testcase classname="Export Location - saveAsDraft validation pointOfDestination - optional field validation should be optional - missing field should pass validation" name="Export Location - saveAsDraft validation pointOfDestination - optional field validation should be optional - missing field should pass validation" time="0">
    </testcase>
    <testcase classname="Export Location - saveAsDraft validation pointOfDestination - valid pattern acceptance should accept pointOfDestination with ONLY alphanumeric characters" name="Export Location - saveAsDraft validation pointOfDestination - valid pattern acceptance should accept pointOfDestination with ONLY alphanumeric characters" time="0.001">
    </testcase>
    <testcase classname="Export Location - saveAsDraft validation pointOfDestination - valid pattern acceptance should accept pointOfDestination with ONLY numbers" name="Export Location - saveAsDraft validation pointOfDestination - valid pattern acceptance should accept pointOfDestination with ONLY numbers" time="0">
    </testcase>
    <testcase classname="Export Location - saveAsDraft validation pointOfDestination - valid pattern acceptance should accept pointOfDestination with alphanumeric and hyphens" name="Export Location - saveAsDraft validation pointOfDestination - valid pattern acceptance should accept pointOfDestination with alphanumeric and hyphens" time="0">
    </testcase>
    <testcase classname="Export Location - saveAsDraft validation pointOfDestination - valid pattern acceptance should accept pointOfDestination with alphanumeric and apostrophes" name="Export Location - saveAsDraft validation pointOfDestination - valid pattern acceptance should accept pointOfDestination with alphanumeric and apostrophes" time="0">
    </testcase>
    <testcase classname="Export Location - saveAsDraft validation pointOfDestination - valid pattern acceptance should accept pointOfDestination with combination of alphanumeric, hyphens, and apostrophes" name="Export Location - saveAsDraft validation pointOfDestination - valid pattern acceptance should accept pointOfDestination with combination of alphanumeric, hyphens, and apostrophes" time="0">
    </testcase>
    <testcase classname="Export Location - saveAsDraft validation pointOfDestination - with spaces and slashes should accept pointOfDestination with spaces" name="Export Location - saveAsDraft validation pointOfDestination - with spaces and slashes should accept pointOfDestination with spaces" time="0">
    </testcase>
    <testcase classname="Export Location - saveAsDraft validation pointOfDestination - with spaces and slashes should accept pointOfDestination with slashes" name="Export Location - saveAsDraft validation pointOfDestination - with spaces and slashes should accept pointOfDestination with slashes" time="0">
    </testcase>
    <testcase classname="Export Location - saveAsDraft validation pointOfDestination - with spaces and slashes should accept pointOfDestination with complex valid pattern" name="Export Location - saveAsDraft validation pointOfDestination - with spaces and slashes should accept pointOfDestination with complex valid pattern" time="0">
    </testcase>
    <testcase classname="Export Location - saveAsDraft validation pointOfDestination - with spaces and slashes should accept pointOfDestination with alphanumeric and space" name="Export Location - saveAsDraft validation pointOfDestination - with spaces and slashes should accept pointOfDestination with alphanumeric and space" time="0">
    </testcase>
    <testcase classname="Export Location - saveAsDraft validation pointOfDestination - with spaces and slashes should accept pointOfDestination with mixed characters including slash" name="Export Location - saveAsDraft validation pointOfDestination - with spaces and slashes should accept pointOfDestination with mixed characters including slash" time="0">
    </testcase>
    <testcase classname="Export Location - saveAsDraft validation pointOfDestination - length validation should reject pointOfDestination exceeding 100 characters" name="Export Location - saveAsDraft validation pointOfDestination - length validation should reject pointOfDestination exceeding 100 characters" time="0.001">
    </testcase>
    <testcase classname="Export Location - saveAsDraft validation pointOfDestination - length validation should accept pointOfDestination at 100 character boundary" name="Export Location - saveAsDraft validation pointOfDestination - length validation should accept pointOfDestination at 100 character boundary" time="0">
    </testcase>
    <testcase classname="Export Location - saveAsDraft validation pointOfDestination - length validation should accept 100 characters with spaces" name="Export Location - saveAsDraft validation pointOfDestination - length validation should accept 100 characters with spaces" time="0">
    </testcase>
    <testcase classname="Export Location - saveAsDraft validation pointOfDestination - trim behavior should trim leading and trailing whitespace" name="Export Location - saveAsDraft validation pointOfDestination - trim behavior should trim leading and trailing whitespace" time="0">
    </testcase>
    <testcase classname="Export Location - saveAsDraft validation pointOfDestination - trim behavior should trim tabs and newlines" name="Export Location - saveAsDraft validation pointOfDestination - trim behavior should trim tabs and newlines" time="0">
    </testcase>
    <testcase classname="Export Location - saveAsDraft validation pointOfDestination - regex validation should accept valid characters: alphanumeric, hyphens, apostrophes, spaces, slashes" name="Export Location - saveAsDraft validation pointOfDestination - regex validation should accept valid characters: alphanumeric, hyphens, apostrophes, spaces, slashes" time="0">
    </testcase>
    <testcase classname="Export Location - saveAsDraft validation pointOfDestination - regex validation should reject invalid characters like @ # $ %" name="Export Location - saveAsDraft validation pointOfDestination - regex validation should reject invalid characters like @ # $ %" time="0">
    </testcase>
    <testcase classname="Export Location - saveAsDraft validation pointOfDestination - regex validation should reject special characters" name="Export Location - saveAsDraft validation pointOfDestination - regex validation should reject special characters" time="0">
    </testcase>
    <testcase classname="Export Location - saveAsDraft validation pointOfDestination - edge cases should accept single character" name="Export Location - saveAsDraft validation pointOfDestination - edge cases should accept single character" time="0">
    </testcase>
    <testcase classname="Export Location - saveAsDraft validation pointOfDestination - edge cases should accept single hyphen" name="Export Location - saveAsDraft validation pointOfDestination - edge cases should accept single hyphen" time="0">
    </testcase>
    <testcase classname="Export Location - saveAsDraft validation pointOfDestination - edge cases should accept single apostrophe" name="Export Location - saveAsDraft validation pointOfDestination - edge cases should accept single apostrophe" time="0">
    </testcase>
    <testcase classname="Export Location - saveAsDraft validation pointOfDestination - edge cases should trim single space to empty string" name="Export Location - saveAsDraft validation pointOfDestination - edge cases should trim single space to empty string" time="0">
    </testcase>
    <testcase classname="Export Location - saveAsDraft validation pointOfDestination - edge cases should accept single slash" name="Export Location - saveAsDraft validation pointOfDestination - edge cases should accept single slash" time="0">
    </testcase>
    <testcase classname="Export Location - exportDestination emoji validation (Issue 3) detects emoji in exportDestination value" name="Export Location - exportDestination emoji validation (Issue 3) detects emoji in exportDestination value" time="0">
    </testcase>
    <testcase classname="Export Location - exportDestination emoji validation (Issue 3) detects mixed text and emoji in exportDestination value" name="Export Location - exportDestination emoji validation (Issue 3) detects mixed text and emoji in exportDestination value" time="0">
    </testcase>
    <testcase classname="Export Location - exportDestination emoji validation (Issue 3) does not flag plain country name as containing emoji" name="Export Location - exportDestination emoji validation (Issue 3) does not flag plain country name as containing emoji" time="0">
    </testcase>
    <testcase classname="Export Location - exportDestination emoji validation (Issue 3) does not flag empty string as containing emoji" name="Export Location - exportDestination emoji validation (Issue 3) does not flag empty string as containing emoji" time="0">
    </testcase>
  </testsuite>
  <testsuite name="confirmDocumentDelete" errors="0" failures="0" skipped="0" timestamp="2026-08-13T14:24:34" time="1.361" tests="8">
    <testcase classname="confirmDocumentDelete should report a DELETE event and delete the document and then delete the save as draft link" name="confirmDocumentDelete should report a DELETE event and delete the document and then delete the save as draft link" time="0.001">
    </testcase>
    <testcase classname="confirmDocumentDelete should gracefully handle a DELETE event failure" name="confirmDocumentDelete should gracefully handle a DELETE event failure" time="0">
    </testcase>
    <testcase classname="confirmDocumentDelete should handle exceptions thrown during document deletion process" name="confirmDocumentDelete should handle exceptions thrown during document deletion process" time="0.007">
    </testcase>
    <testcase classname="confirmDocumentDelete should handle when user chooses not to delete document" name="confirmDocumentDelete should handle when user chooses not to delete document" time="0">
    </testcase>
    <testcase classname="confirmDocumentDelete should handle missing nextUri in payload" name="confirmDocumentDelete should handle missing nextUri in payload" time="0.001">
    </testcase>
    <testcase classname="confirmDocumentDelete should handle exceptions in the main try block" name="confirmDocumentDelete should handle exceptions in the main try block" time="0">
    </testcase>
    <testcase classname="confirmDocumentDelete should wait for delete operations to complete before redirecting" name="confirmDocumentDelete should wait for delete operations to complete before redirecting" time="0.056">
    </testcase>
    <testcase classname="confirmDocumentDelete should complete delete operations for all journey types" name="confirmDocumentDelete should complete delete operations for all journey types" time="0.001">
    </testcase>
  </testsuite>
  <testsuite name="errorExtractor" errors="0" failures="0" skipped="0" timestamp="2026-08-13T14:24:35" time="0.044" tests="21">
    <testcase classname="errorExtractor buildRedirectUrlWithErrorStringInQueryParam() should return a valid response" name="errorExtractor buildRedirectUrlWithErrorStringInQueryParam() should return a valid response" time="0.001">
    </testcase>
    <testcase classname="errorExtractor buildErrorObject() should return a valid error object" name="errorExtractor buildErrorObject() should return a valid error object" time="0.001">
    </testcase>
    <testcase classname="errorExtractor buildNonJsErrorObject() should return a valid error object" name="errorExtractor buildNonJsErrorObject() should return a valid error object" time="0">
    </testcase>
    <testcase classname="errorExtractor buildErrorObject() should handle containerNumbers array.min validation" name="errorExtractor buildErrorObject() should handle containerNumbers array.min validation" time="0">
    </testcase>
    <testcase classname="errorExtractor buildErrorObject() should handle exportDate date.min validation for different transport types" name="errorExtractor buildErrorObject() should handle exportDate date.min validation for different transport types" time="0">
    </testcase>
    <testcase classname="errorExtractor buildRedirectUrlWithErrorStringInQueryParam() should handle redirectTo without existing query string" name="errorExtractor buildRedirectUrlWithErrorStringInQueryParam() should handle redirectTo without existing query string" time="0.001">
    </testcase>
    <testcase classname="errorExtractor buildErrorObject() should handle containerNumbers string.pattern.base for plane transport" name="errorExtractor buildErrorObject() should handle containerNumbers string.pattern.base for plane transport" time="0">
    </testcase>
    <testcase classname="errorExtractor buildErrorObject() should handle containerNumbers string.pattern.base for containerVessel transport" name="errorExtractor buildErrorObject() should handle containerNumbers string.pattern.base for containerVessel transport" time="0">
    </testcase>
    <testcase classname="errorExtractor buildErrorObject() should handle containerNumbers string.pattern.base for unknown transport (fallback)" name="errorExtractor buildErrorObject() should handle containerNumbers string.pattern.base for unknown transport (fallback)" time="0">
    </testcase>
    <testcase classname="errorExtractor buildErrorObject() should handle containerNumbers array.unique on the duplicate entry only" name="errorExtractor buildErrorObject() should handle containerNumbers array.unique on the duplicate entry only" time="0">
    </testcase>
    <testcase classname="errorExtractor buildErrorObject() should use same duplicate error key for plane transport" name="errorExtractor buildErrorObject() should use same duplicate error key for plane transport" time="0">
    </testcase>
    <testcase classname="errorExtractor buildErrorObject() should flag all duplicate container numbers, not just the first" name="errorExtractor buildErrorObject() should flag all duplicate container numbers, not just the first" time="0">
    </testcase>
    <testcase classname="errorExtractor buildErrorObject() should skip empty and null container entries when checking for duplicates" name="errorExtractor buildErrorObject() should skip empty and null container entries when checking for duplicates" time="0.001">
    </testcase>
    <testcase classname="errorExtractor buildErrorObject() should fall back to context.pos when _original has no containerNumbers" name="errorExtractor buildErrorObject() should fall back to context.pos when _original has no containerNumbers" time="0">
    </testcase>
    <testcase classname="errorExtractor buildErrorObject() should fall through to default error for unhandled containerNumbers error type" name="errorExtractor buildErrorObject() should fall through to default error for unhandled containerNumbers error type" time="0">
    </testcase>
    <testcase classname="errorExtractor buildErrorObject() should use custom message token when provided for a path detail" name="errorExtractor buildErrorObject() should use custom message token when provided for a path detail" time="0">
    </testcase>
    <testcase classname="errorExtractor buildErrorObject() should use custom message token for zero-length path with context label" name="errorExtractor buildErrorObject() should use custom message token for zero-length path with context label" time="0">
    </testcase>
    <testcase classname="errorExtractor buildErrorObject() should build standard error key for zero-length path with context label and no custom token" name="errorExtractor buildErrorObject() should build standard error key for zero-length path with context label and no custom token" time="0">
    </testcase>
    <testcase classname="errorExtractor buildNonJsErrorObject() should handle null standardError" name="errorExtractor buildNonJsErrorObject() should handle null standardError" time="0">
    </testcase>
    <testcase classname="errorExtractor buildNonJsErrorObject() should handle njError without transportDetails" name="errorExtractor buildNonJsErrorObject() should handle njError without transportDetails" time="0">
    </testcase>
    <testcase classname="errorExtractor buildNonJsErrorObject() should handle both null standardError and null njError" name="errorExtractor buildNonJsErrorObject() should handle both null standardError and null njError" time="0">
    </testcase>
  </testsuite>
  <testsuite name="FavouritesController" errors="0" failures="0" skipped="0" timestamp="2026-08-13T14:24:35" time="0.099" tests="13">
    <testcase classname="FavouritesController addFavourites should call save product function with the correct params" name="FavouritesController addFavourites should call save product function with the correct params" time="0">
    </testcase>
    <testcase classname="FavouritesController addFavourites should return 400 if use is duplicate (null) returned from saveFavouritesProduct" name="FavouritesController addFavourites should return 400 if use is duplicate (null) returned from saveFavouritesProduct" time="0">
    </testcase>
    <testcase classname="FavouritesController addFavourites should return value returned from saveFavouritesProduct" name="FavouritesController addFavourites should return value returned from saveFavouritesProduct" time="0">
    </testcase>
    <testcase classname="FavouritesController addFavourites should return 400 if the can add favourite check fails" name="FavouritesController addFavourites should return 400 if the can add favourite check fails" time="0">
    </testcase>
    <testcase classname="FavouritesController addFavourites should call getReferenceServiceUrl" name="FavouritesController addFavourites should call getReferenceServiceUrl" time="0.001">
    </testcase>
    <testcase classname="FavouritesController addFavourites should call validateSpeciesWithReferenceData" name="FavouritesController addFavourites should call validateSpeciesWithReferenceData" time="0">
    </testcase>
    <testcase classname="FavouritesController addFavourites should return 400 if species is invalid" name="FavouritesController addFavourites should return 400 if species is invalid" time="0">
    </testcase>
    <testcase classname="FavouritesController deleteFavouritesProduct should call deleteFavouritesProduct once with the right params" name="FavouritesController deleteFavouritesProduct should call deleteFavouritesProduct once with the right params" time="0">
    </testcase>
    <testcase classname="FavouritesController deleteFavouritesProduct should return the service output" name="FavouritesController deleteFavouritesProduct should return the service output" time="0">
    </testcase>
    <testcase classname="FavouritesController getFavourites should return a valid object if no products" name="FavouritesController getFavourites should return a valid object if no products" time="0">
    </testcase>
    <testcase classname="FavouritesController getFavourites should return a list of favourites" name="FavouritesController getFavourites should return a list of favourites" time="0">
    </testcase>
    <testcase classname="FavouritesController removeInvalidFavouriteProduct should remove Invalid Favourite Product" name="FavouritesController removeInvalidFavouriteProduct should remove Invalid Favourite Product" time="0">
    </testcase>
    <testcase classname="FavouritesController removeInvalidFavouriteProduct should catch any error thrown whilst removing an invalid favourite product" name="FavouritesController removeInvalidFavouriteProduct should catch any error thrown whilst removing an invalid favourite product" time="0">
    </testcase>
  </testsuite>
  <testsuite name="Get Conservation" errors="0" failures="0" skipped="0" timestamp="2026-08-13T14:24:35" time="0.227" tests="11">
    <testcase classname="Get Conservation should return conservation data from draft data together ignoring session data" name="Get Conservation should return conservation data from draft data together ignoring session data" time="0.001">
    </testcase>
    <testcase classname="Get Conservation should return conservation data from draft data together with its session data with document number" name="Get Conservation should return conservation data from draft data together with its session data with document number" time="0.001">
    </testcase>
    <testcase classname="Get Conservation will handle no conservations" name="Get Conservation will handle no conservations" time="0">
    </testcase>
    <testcase classname="Upsert Conservation should upsert conservation data TO MONGO" name="Upsert Conservation should upsert conservation data TO MONGO" time="0">
    </testcase>
    <testcase classname="Upsert Conservation should return the same payload given when document number undefined" name="Upsert Conservation should return the same payload given when document number undefined" time="0">
    </testcase>
    <testcase classname="Upsert Conservation should save session data in REDIS" name="Upsert Conservation should save session data in REDIS" time="0.001">
    </testcase>
    <testcase classname="Upsert Conservation should return the same payload given" name="Upsert Conservation should return the same payload given" time="0">
    </testcase>
    <testcase classname="Upsert Conservation should upsert conservation data to MONGO with document number" name="Upsert Conservation should upsert conservation data to MONGO with document number" time="0.001">
    </testcase>
    <testcase classname="Upsert Conservation should upsert conservation data TO MONGO with document number GB-34324-34234-234234" name="Upsert Conservation should upsert conservation data TO MONGO with document number GB-34324-34234-234234" time="0">
    </testcase>
    <testcase classname="Upsert Conservation should save session data in REDIS with document number GB-34324-34234-234234" name="Upsert Conservation should save session data in REDIS with document number GB-34324-34234-234234" time="0">
    </testcase>
    <testcase classname="Upsert Conservation should upsert conservation data to MONGO with document number GBR-3444-4343-3433" name="Upsert Conservation should upsert conservation data to MONGO with document number GBR-3444-4343-3433" time="0">
    </testcase>
  </testsuite>
  <testsuite name="Certificates routes" errors="0" failures="0" skipped="0" timestamp="2026-08-13T14:24:36" time="0.199" tests="8">
    <testcase classname="Certificates routes GET /v1/certificate will return 404 if a document summary can not be found" name="Certificates routes GET /v1/certificate will return 404 if a document summary can not be found" time="0.001">
    </testcase>
    <testcase classname="Certificates routes GET /v1/certificate will return 200 if there is summary data" name="Certificates routes GET /v1/certificate will return 200 if there is summary data" time="0.001">
    </testcase>
    <testcase classname="Certificates routes GET /v1/certificate will return 403 if the user does not own the document" name="Certificates routes GET /v1/certificate will return 403 if the user does not own the document" time="0">
    </testcase>
    <testcase classname="Certificates routes GET /v1/certificate will log and return 500 if there the get summary data function throws an error" name="Certificates routes GET /v1/certificate will log and return 500 if there the get summary data function throws an error" time="0.004">
    </testcase>
    <testcase classname="Certificates routes GET /v1/certificate/eu-data-integration/check-status will return 403 if EU CATCH reference data cannot be found" name="Certificates routes GET /v1/certificate/eu-data-integration/check-status will return 403 if EU CATCH reference data cannot be found" time="0.001">
    </testcase>
    <testcase classname="Certificates routes GET /v1/certificate/eu-data-integration/check-status will return 200 with EU CATCH reference number" name="Certificates routes GET /v1/certificate/eu-data-integration/check-status will return 200 with EU CATCH reference number" time="0">
    </testcase>
    <testcase classname="Certificates routes GET /v1/certificate/eu-data-integration/check-status will return 403 if the user does not own the document" name="Certificates routes GET /v1/certificate/eu-data-integration/check-status will return 403 if the user does not own the document" time="0">
    </testcase>
    <testcase classname="Certificates routes GET /v1/certificate/eu-data-integration/check-status will log and return 500 if there is an error retrieving EU integration data" name="Certificates routes GET /v1/certificate/eu-data-integration/check-status will log and return 500 if there is an error retrieving EU integration data" time="0.001">
    </testcase>
  </testsuite>
  <testsuite name="User Attribute services" errors="0" failures="0" skipped="0" timestamp="2026-08-13T14:24:36" time="0.752" tests="14">
    <testcase classname="User Attribute services find should null if no entries are found for the given user id" name="User Attribute services find should null if no entries are found for the given user id" time="0.006">
    </testcase>
    <testcase classname="User Attribute services find should retrieve full object is no properties param is passed" name="User Attribute services find should retrieve full object is no properties param is passed" time="0.003">
    </testcase>
    <testcase classname="User Attribute services find should retrieve only __id property if properties param is mot found" name="User Attribute services find should retrieve only __id property if properties param is mot found" time="0.003">
    </testcase>
    <testcase classname="User Attribute services find should retrieve only attributes object is no properties param is attributes" name="User Attribute services find should retrieve only attributes object is no properties param is attributes" time="0.002">
    </testcase>
    <testcase classname="User Attribute services find should retrieve only favourites object if properties param is favourites" name="User Attribute services find should retrieve only favourites object if properties param is favourites" time="0.003">
    </testcase>
    <testcase classname="User Attribute services find should retrieve only propertiess in the properties param" name="User Attribute services find should retrieve only propertiess in the properties param" time="0.003">
    </testcase>
    <testcase classname="User Attribute services saveOrUpdateAttributes should update attributes property when saving an existing attribute" name="User Attribute services saveOrUpdateAttributes should update attributes property when saving an existing attribute" time="0.004">
    </testcase>
    <testcase classname="User Attribute services saveOrUpdateAttributes should keep exiting favourites property when saving an attribute" name="User Attribute services saveOrUpdateAttributes should keep exiting favourites property when saving an attribute" time="0.004">
    </testcase>
    <testcase classname="User Attribute services saveOrUpdateAttributes should add new attribute when saving an non existing attribute" name="User Attribute services saveOrUpdateAttributes should add new attribute when saving an non existing attribute" time="0.006">
    </testcase>
    <testcase classname="User Attribute services saveOrUpdateAttributes should create a new  userAttributes entry when saving first attribute" name="User Attribute services saveOrUpdateAttributes should create a new  userAttributes entry when saving first attribute" time="0.002">
    </testcase>
    <testcase classname="User Attribute services saveOrUpdateAttributes should return user attributes when saving an existing attribute" name="User Attribute services saveOrUpdateAttributes should return user attributes when saving an existing attribute" time="0.003">
    </testcase>
    <testcase classname="User Attribute services saveOrUpdateAttributes should save and return user attributes when saving an non existing attribute" name="User Attribute services saveOrUpdateAttributes should save and return user attributes when saving an non existing attribute" time="0.086">
    </testcase>
    <testcase classname="User Attribute services saveOrUpdateAttributes should save and return user attributes when saving when the userAttributes entry do no exist" name="User Attribute services saveOrUpdateAttributes should save and return user attributes when saving when the userAttributes entry do no exist" time="0.003">
    </testcase>
    <testcase classname="User Attribute services save should save user attribute object" name="User Attribute services save should save user attribute object" time="0.002">
    </testcase>
  </testsuite>
  <testsuite name="favourites routes" errors="0" failures="0" skipped="0" timestamp="2026-08-13T14:24:37" time="0.135" tests="14">
    <testcase classname="favourites routes POST /favourites with a valid payload should call Favourites addFavourites method" name="favourites routes POST /favourites with a valid payload should call Favourites addFavourites method" time="0.002">
    </testcase>
    <testcase classname="favourites routes POST /favourites with a valid payload should response 500 error code if an error occurred" name="favourites routes POST /favourites with a valid payload should response 500 error code if an error occurred" time="0.001">
    </testcase>
    <testcase classname="favourites routes POST /favourites with a valid payload should add and return favourites array" name="favourites routes POST /favourites with a valid payload should add and return favourites array" time="0.001">
    </testcase>
    <testcase classname="favourites routes POST /favourites with a invalid payload will return 400 bad request" name="favourites routes POST /favourites with a invalid payload will return 400 bad request" time="0">
    </testcase>
    <testcase classname="favourites routes POST /favourites with a invalid payload will return a error payload" name="favourites routes POST /favourites with a invalid payload will return a error payload" time="0">
    </testcase>
    <testcase classname="favourites routes POST /favourites with emoji in commodity_code_description will return 400 bad request when commodity_code_description contains emoji" name="favourites routes POST /favourites with emoji in commodity_code_description will return 400 bad request when commodity_code_description contains emoji" time="0.001">
    </testcase>
    <testcase classname="favourites routes POST /favourites with emoji in commodity_code_description will return string.emoji error for commodity_code_description" name="favourites routes POST /favourites with emoji in commodity_code_description will return string.emoji error for commodity_code_description" time="0">
    </testcase>
    <testcase classname="favourites routes GET /favourites should fail if path is not correct" name="favourites routes GET /favourites should fail if path is not correct" time="0">
    </testcase>
    <testcase classname="favourites routes GET /favourites will return 200 request" name="favourites routes GET /favourites will return 200 request" time="0">
    </testcase>
    <testcase classname="favourites routes GET /favourites will return 500 if an error occurs" name="favourites routes GET /favourites will return 500 if an error occurs" time="0.004">
    </testcase>
    <testcase classname="favourites routes GET /favourites should call controller method" name="favourites routes GET /favourites should call controller method" time="0">
    </testcase>
    <testcase classname="favourites routes DELETE /favorites should call deleteFavouritesProduct once" name="favourites routes DELETE /favorites should call deleteFavouritesProduct once" time="0">
    </testcase>
    <testcase classname="favourites routes DELETE /favorites should response 500 error code if an error occurred" name="favourites routes DELETE /favorites should response 500 error code if an error occurred" time="0">
    </testcase>
    <testcase classname="favourites routes DELETE /favorites should return deleteFavouritesProduct output" name="favourites routes DELETE /favorites should return deleteFavouritesProduct output" time="0">
    </testcase>
  </testsuite>
  <testsuite name="When mapping from a back end conservation to a front end conservation model" errors="0" failures="0" skipped="0" timestamp="2026-08-13T14:24:37" time="0.074" tests="16">
    <testcase classname="When mapping from a back end conservation to a front end conservation model will contain the conservation reference" name="When mapping from a back end conservation to a front end conservation model will contain the conservation reference" time="0">
    </testcase>
    <testcase classname="When mapping from a back end conservation to a front end conservation model When generating the legislation property will contain an array with the different legislation" name="When mapping from a back end conservation to a front end conservation model When generating the legislation property will contain an array with the different legislation" time="0.001">
    </testcase>
    <testcase classname="When mapping from a back end conservation to a front end conservation model When generating the legislation property will create an array containing all the different legislation from conservation reference" name="When mapping from a back end conservation to a front end conservation model When generating the legislation property will create an array containing all the different legislation from conservation reference" time="0">
    </testcase>
    <testcase classname="When mapping from a back end conservation to a front end conservation model Property specifying if the catch was in uk waters Will be set `caughtInUKWaters` to `Y` if conservation reference is `UK Fisheries`" name="When mapping from a back end conservation to a front end conservation model Property specifying if the catch was in uk waters Will be set `caughtInUKWaters` to `Y` if conservation reference is `UK Fisheries`" time="0">
    </testcase>
    <testcase classname="When mapping from a back end conservation to a front end conservation model Property specifying if the catch was in uk waters Will not exist if conservation reference is not `UK Fisheries`" name="When mapping from a back end conservation to a front end conservation model Property specifying if the catch was in uk waters Will not exist if conservation reference is not `UK Fisheries`" time="0">
    </testcase>
    <testcase classname="When mapping from a back end conservation to a front end conservation model Property specifying if the catch was in EU waters Will be set `caughtInEUWaters` to `Y` if conservation reference is `Common Fisheries Policy`" name="When mapping from a back end conservation to a front end conservation model Property specifying if the catch was in EU waters Will be set `caughtInEUWaters` to `Y` if conservation reference is `Common Fisheries Policy`" time="0">
    </testcase>
    <testcase classname="When mapping from a back end conservation to a front end conservation model Property specifying if the catch was in EU waters Will not exist if conservation reference is not `Common Fisheries Policy`" name="When mapping from a back end conservation to a front end conservation model Property specifying if the catch was in EU waters Will not exist if conservation reference is not `Common Fisheries Policy`" time="0">
    </testcase>
    <testcase classname="When mapping from a back end conservation to a front end conservation model Property specifying if the catch was other waters Will be set `caughtInOtherWaters` to `Y` if conservation reference is anything other than `Common Fisheries Policy` or `UK Fisheries`" name="When mapping from a back end conservation to a front end conservation model Property specifying if the catch was other waters Will be set `caughtInOtherWaters` to `Y` if conservation reference is anything other than `Common Fisheries Policy` or `UK Fisheries`" time="0">
    </testcase>
    <testcase classname="When mapping from a back end conservation to a front end conservation model Property specifying if the catch was other waters Will not exist if conservation reference is `UK Fisheries`" name="When mapping from a back end conservation to a front end conservation model Property specifying if the catch was other waters Will not exist if conservation reference is `UK Fisheries`" time="0">
    </testcase>
    <testcase classname="When mapping from a back end conservation to a front end conservation model Property specifying if the catch was other waters Will not exist if conservation reference is `Common Fisheries Policy`" name="When mapping from a back end conservation to a front end conservation model Property specifying if the catch was other waters Will not exist if conservation reference is `Common Fisheries Policy`" time="0">
    </testcase>
    <testcase classname="When mapping from a back end conservation to a front end conservation model Property specifying `other waters` policy will contain the policy for `other waters`" name="When mapping from a back end conservation to a front end conservation model Property specifying `other waters` policy will contain the policy for `other waters`" time="0.001">
    </testcase>
    <testcase classname="When mapping from a back end conservation to a front end conservation model Property specifying `other waters` policy will contain the policy of other waters if other waters is in a array of many location catches" name="When mapping from a back end conservation to a front end conservation model Property specifying `other waters` policy will contain the policy of other waters if other waters is in a array of many location catches" time="0">
    </testcase>
    <testcase classname="When mapping from a back end conservation to a front end conservation model Property specifying `other waters` policy will not contain the policy of other waters if there is no other waters policy" name="When mapping from a back end conservation to a front end conservation model Property specifying `other waters` policy will not contain the policy of other waters if there is no other waters policy" time="0">
    </testcase>
    <testcase classname="When mapping from a back end conservation to a front end conservation model Will have the correct properties" name="When mapping from a back end conservation to a front end conservation model Will have the correct properties" time="0">
    </testcase>
    <testcase classname="When mapping from a back end conservation to a front end conservation model will handle unspecifed conservationReference" name="When mapping from a back end conservation to a front end conservation model will handle unspecifed conservationReference" time="0">
    </testcase>
    <testcase classname="When mapping from a back end conservation to a front end conservation model will handle undefined conservationReference" name="When mapping from a back end conservation to a front end conservation model will handle undefined conservationReference" time="0.001">
    </testcase>
  </testsuite>
  <testsuite name="processingStatement schema - toFrontEndProcessingStatementExportData" errors="0" failures="0" skipped="0" timestamp="2026-08-13T14:24:37" time="0.185" tests="7">
    <testcase classname="processingStatement schema - toFrontEndProcessingStatementExportData should include pointOfDestination when present in exportData" name="processingStatement schema - toFrontEndProcessingStatementExportData should include pointOfDestination when present in exportData" time="0.001">
    </testcase>
    <testcase classname="processingStatement schema - toFrontEndProcessingStatementExportData should return null for pointOfDestination when not present in exportData" name="processingStatement schema - toFrontEndProcessingStatementExportData should return null for pointOfDestination when not present in exportData" time="0.001">
    </testcase>
    <testcase classname="processingStatement schema - toFrontEndProcessingStatementExportData should return null for pointOfDestination when exportData has no pointOfDestination field" name="processingStatement schema - toFrontEndProcessingStatementExportData should return null for pointOfDestination when exportData has no pointOfDestination field" time="0">
    </testcase>
    <testcase classname="processingStatement schema - cloneExportData should preserve pointOfDestination when cloning export data" name="processingStatement schema - cloneExportData should preserve pointOfDestination when cloning export data" time="0">
    </testcase>
    <testcase classname="processingStatement schema - cloneExportData should handle undefined pointOfDestination when cloning export data" name="processingStatement schema - cloneExportData should handle undefined pointOfDestination when cloning export data" time="0">
    </testcase>
    <testcase classname="processingStatement schema - cloneProcessingStatement should preserve pointOfDestination in exportData when cloning processing statement" name="processingStatement schema - cloneProcessingStatement should preserve pointOfDestination in exportData when cloning processing statement" time="0.001">
    </testcase>
    <testcase classname="processingStatement schema - cloneProcessingStatement should handle missing pointOfDestination when cloning processing statement" name="processingStatement schema - cloneProcessingStatement should handle missing pointOfDestination when cloning processing statement" time="0">
    </testcase>
  </testsuite>
  <testsuite name="Mapping Species from backend to frontend" errors="0" failures="0" skipped="0" timestamp="2026-08-13T14:24:37" time="0.101" tests="11">
    <testcase classname="Mapping Species from backend to frontend should included caughtBY if Backend Does included" name="Mapping Species from backend to frontend should included caughtBY if Backend Does included" time="0">
    </testcase>
    <testcase classname="Mapping Species from backend to frontend should not included caughtBY if Backend Does not included" name="Mapping Species from backend to frontend should not included caughtBY if Backend Does not included" time="0">
    </testcase>
    <testcase classname="Mapping Species from backend to frontend maps partial data" name="Mapping Species from backend to frontend maps partial data" time="0">
    </testcase>
    <testcase classname="Mapping Species from frontend to backend maps when just ids are provided" name="Mapping Species from frontend to backend maps when just ids are provided" time="0">
    </testcase>
    <testcase classname="Mapping Species from frontend to backend maps when just species details are provided" name="Mapping Species from frontend to backend maps when just species details are provided" time="0">
    </testcase>
    <testcase classname="Mapping Species from frontend to backend maps when species state and presentation are provided" name="Mapping Species from frontend to backend maps when species state and presentation are provided" time="0">
    </testcase>
    <testcase classname="Mapping Species from frontend to backend maps when all data is provided" name="Mapping Species from frontend to backend maps when all data is provided" time="0">
    </testcase>
    <testcase classname="Mapping Species from frontend to backend does not return undefined values" name="Mapping Species from frontend to backend does not return undefined values" time="0.001">
    </testcase>
    <testcase classname="Mapping product to an IProduct should map a product to an IProduct" name="Mapping product to an IProduct should map a product to an IProduct" time="0">
    </testcase>
    <testcase classname="Mapping product to an IProduct should map undefined to null" name="Mapping product to an IProduct should map undefined to null" time="0">
    </testcase>
    <testcase classname="Mapping payload to a Product should map a product to a Product" name="Mapping payload to a Product should map a product to a Product" time="0">
    </testcase>
  </testsuite>
  <testsuite name="user attribute routes" errors="0" failures="0" skipped="0" timestamp="2026-08-13T14:24:37" time="0.153" tests="12">
    <testcase classname="user attribute routes for a user attributes will return 200" name="user attribute routes for a user attributes will return 200" time="0.001">
    </testcase>
    <testcase classname="user attribute routes for a user attributes will return empty if userattributes is empty" name="user attribute routes for a user attributes will return empty if userattributes is empty" time="0">
    </testcase>
    <testcase classname="user attribute routes for a user attributes will return privacy accepted if date is after Last updated date" name="user attribute routes for a user attributes will return privacy accepted if date is after Last updated date" time="0.001">
    </testcase>
    <testcase classname="user attribute routes for a user attributes will return cookies accepted if date is after Last updated date" name="user attribute routes for a user attributes will return cookies accepted if date is after Last updated date" time="0">
    </testcase>
    <testcase classname="user attribute routes for a user attributes will return cookies not accepted if date is before Last updated date" name="user attribute routes for a user attributes will return cookies not accepted if date is before Last updated date" time="0.001">
    </testcase>
    <testcase classname="user attribute routes for a user attributes will return cookies accepted if _lastUpdatedCookiePolicy is empty" name="user attribute routes for a user attributes will return cookies accepted if _lastUpdatedCookiePolicy is empty" time="0">
    </testcase>
    <testcase classname="user attribute routes for a user attributes will not return privacy accepted if date is before Last updated date" name="user attribute routes for a user attributes will not return privacy accepted if date is before Last updated date" time="0.001">
    </testcase>
    <testcase classname="user attribute routes for a user attributes will return language object even if privacy statement is before last updated date" name="user attribute routes for a user attributes will return language object even if privacy statement is before last updated date" time="0">
    </testcase>
    <testcase classname="user attribute routes for a user attributes will return privacy accepted if date and time is after Last updated date" name="user attribute routes for a user attributes will return privacy accepted if date and time is after Last updated date" time="0">
    </testcase>
    <testcase classname="user attribute routes for a user attributes will not return privacy accepted if date and time is before Last updated date" name="user attribute routes for a user attributes will not return privacy accepted if date and time is before Last updated date" time="0.001">
    </testcase>
    <testcase classname="user attribute routes for a user attributes will return language object even if privacy statement is before last updated date and time" name="user attribute routes for a user attributes will return language object even if privacy statement is before last updated date and time" time="0">
    </testcase>
    <testcase classname="user attribute routes for a user attributes will throw an 500 error" name="user attribute routes for a user attributes will throw an 500 error" time="0">
    </testcase>
  </testsuite>
  <testsuite name="SaveAsDraftService" errors="0" failures="0" skipped="0" timestamp="2026-08-13T14:24:37" time="0.051" tests="8">
    <testcase classname="SaveAsDraftService Get Draft Link should get save as draft details" name="SaveAsDraftService Get Draft Link should get save as draft details" time="0">
    </testcase>
    <testcase classname="SaveAsDraftService Get Draft Link should get all save as draft details" name="SaveAsDraftService Get Draft Link should get all save as draft details" time="0">
    </testcase>
    <testcase classname="SaveAsDraftService Get Draft Link should return an empty object if no draft links are found" name="SaveAsDraftService Get Draft Link should return an empty object if no draft links are found" time="0.001">
    </testcase>
    <testcase classname="SaveAsDraftService Delete Draft Link should remove a Save as Draft link with a document number" name="SaveAsDraftService Delete Draft Link should remove a Save as Draft link with a document number" time="0">
    </testcase>
    <testcase classname="SaveAsDraftService Delete Draft Link should remove a specified Save as Draft link for given document number" name="SaveAsDraftService Delete Draft Link should remove a specified Save as Draft link for given document number" time="0">
    </testcase>
    <testcase classname="SaveAsDraftService Delete Draft Link should not remove a Save as Draft link for undefined document number" name="SaveAsDraftService Delete Draft Link should not remove a Save as Draft link for undefined document number" time="0">
    </testcase>
    <testcase classname="SaveAsDraftService Delete Draft Link should not remove a Save as Draft link for empty currentUri object" name="SaveAsDraftService Delete Draft Link should not remove a Save as Draft link for empty currentUri object" time="0">
    </testcase>
    <testcase classname="SaveAsDraftService Delete Draft Link should not attempt to delete a Save as Draft link for an undefined currentUri" name="SaveAsDraftService Delete Draft Link should not attempt to delete a Save as Draft link for an undefined currentUri" time="0.001">
    </testcase>
  </testsuite>
  <testsuite name="When making a request that requires checking if a document is legitimately owned by a user" errors="0" failures="0" skipped="0" timestamp="2026-08-13T14:24:37" time="0.218" tests="14">
    <testcase classname="When making a request that requires checking if a document is legitimately owned by a user will continue as normal if validation is passed" name="When making a request that requires checking if a document is legitimately owned by a user will continue as normal if validation is passed" time="0.001">
    </testcase>
    <testcase classname="When making a request that requires checking if a document is legitimately owned by a user will uppercase doc number" name="When making a request that requires checking if a document is legitimately owned by a user will uppercase doc number" time="0">
    </testcase>
    <testcase classname="When making a request that requires checking if a document is legitimately owned by a user will validate against DRAFT documents when no status is provided" name="When making a request that requires checking if a document is legitimately owned by a user will validate against DRAFT documents when no status is provided" time="0">
    </testcase>
    <testcase classname="When making a request that requires checking if a document is legitimately owned by a user will validate against DRAFT documents when an invalid status is provided" name="When making a request that requires checking if a document is legitimately owned by a user will validate against DRAFT documents when an invalid status is provided" time="0.001">
    </testcase>
    <testcase classname="When making a request that requires checking if a document is legitimately owned by a user will validate against LOCKED documents when a status of LOCKED is provided" name="When making a request that requires checking if a document is legitimately owned by a user will validate against LOCKED documents when a status of LOCKED is provided" time="0">
    </testcase>
    <testcase classname="When making a request that requires checking if a document is legitimately owned by a user will validate against DRAFT and LOCKED documents when a statuses of DRAFT and LOCKED are provided" name="When making a request that requires checking if a document is legitimately owned by a user will validate against DRAFT and LOCKED documents when a statuses of DRAFT and LOCKED are provided" time="0">
    </testcase>
    <testcase classname="When making a request that requires checking if a document is legitimately owned by a user will validate against COMPLETE documents when a status of COMPLETE is provided" name="When making a request that requires checking if a document is legitimately owned by a user will validate against COMPLETE documents when a status of COMPLETE is provided" time="0">
    </testcase>
    <testcase classname="When making a request that requires checking if a document is legitimately owned by a user will continue as normal if journey is for SD" name="When making a request that requires checking if a document is legitimately owned by a user will continue as normal if journey is for SD" time="0">
    </testcase>
    <testcase classname="When making a request that requires checking if a document is legitimately owned by a user will continue as normal if journey is for PS" name="When making a request that requires checking if a document is legitimately owned by a user will continue as normal if journey is for PS" time="0">
    </testcase>
    <testcase classname="When making a request that requires checking if a document is legitimately owned by a user if there is no referer it will continue as normal" name="When making a request that requires checking if a document is legitimately owned by a user if there is no referer it will continue as normal" time="0">
    </testcase>
    <testcase classname="When making a request that requires checking if a document is legitimately owned by a user if no document number it will run as normal" name="When making a request that requires checking if a document is legitimately owned by a user if no document number it will run as normal" time="0">
    </testcase>
    <testcase classname="When making a request that requires checking if a document is legitimately owned by a user if no UserPrincipal it will run as normal" name="When making a request that requires checking if a document is legitimately owned by a user if no UserPrincipal it will run as normal" time="0">
    </testcase>
    <testcase classname="When making a request that requires checking if a document is legitimately owned by a user will return FORBIDDEN if we fail validation" name="When making a request that requires checking if a document is legitimately owned by a user will return FORBIDDEN if we fail validation" time="0">
    </testcase>
    <testcase classname="When making a request that requires checking if a document is legitimately owned by a user will return NOT FOUND if we fail validation" name="When making a request that requires checking if a document is legitimately owned by a user will return NOT FOUND if we fail validation" time="0">
    </testcase>
  </testsuite>
  <testsuite name="data driven" errors="0" failures="0" skipped="0" timestamp="2026-08-13T14:24:38" time="1.15" tests="5">
    <testcase classname="data driven generate correct foreign catch certificates from input: basic test" name="data driven generate correct foreign catch certificates from input: basic test" time="0.008">
    </testcase>
    <testcase classname="data driven generate correct foreign catch certificates from input: SD and PS" name="data driven generate correct foreign catch certificates from input: SD and PS" time="0.004">
    </testcase>
    <testcase classname="data driven generate correct foreign catch certificates from input: SD and PS multiple catches" name="data driven generate correct foreign catch certificates from input: SD and PS multiple catches" time="0.006">
    </testcase>
    <testcase classname=" should handle legacy data (storage documents without weightOnCC attribute)" name=" should handle legacy data (storage documents without weightOnCC attribute)" time="0.002">
    </testcase>
    <testcase classname=" should return empty array in edge cases" name=" should return empty array in edge cases" time="0.001">
    </testcase>
  </testsuite>
  <testsuite name="A draft creation validator" errors="0" failures="0" skipped="0" timestamp="2026-08-13T14:24:39" time="1.387" tests="10">
    <testcase classname="A draft creation validator It will pass validation When a user has not exceeded the maximum number of concurrent draft catch certificates" name="A draft creation validator It will pass validation When a user has not exceeded the maximum number of concurrent draft catch certificates" time="0.008">
    </testcase>
    <testcase classname="A draft creation validator It will pass validation When a user has not exceeded the maximum number of concurrent draft processing statement certificates" name="A draft creation validator It will pass validation When a user has not exceeded the maximum number of concurrent draft processing statement certificates" time="0.003">
    </testcase>
    <testcase classname="A draft creation validator It will pass validation When a user has not exceeded the maximum number of concurrent draft storage document certificates" name="A draft creation validator It will pass validation When a user has not exceeded the maximum number of concurrent draft storage document certificates" time="0.003">
    </testcase>
    <testcase classname="A draft creation validator It will pass validation When a user has not exceeded the maximum number of concurrent draft storage notes" name="A draft creation validator It will pass validation When a user has not exceeded the maximum number of concurrent draft storage notes" time="0.003">
    </testcase>
    <testcase classname="A draft creation validator It will fail validation When a user has reached the maximum number of concurrent catch certificate drafts" name="A draft creation validator It will fail validation When a user has reached the maximum number of concurrent catch certificate drafts" time="0.003">
    </testcase>
    <testcase classname="A draft creation validator It will fail validation When a user has exceeded the maximum number of concurrent catch certificate drafts" name="A draft creation validator It will fail validation When a user has exceeded the maximum number of concurrent catch certificate drafts" time="0.003">
    </testcase>
    <testcase classname="A draft creation validator It will fail validation When a user has reached the maximum number of concurrent processing statements drafts" name="A draft creation validator It will fail validation When a user has reached the maximum number of concurrent processing statements drafts" time="0.001">
    </testcase>
    <testcase classname="A draft creation validator It will fail validation When a user has exceeded the maximum number of concurrent processing statements drafts" name="A draft creation validator It will fail validation When a user has exceeded the maximum number of concurrent processing statements drafts" time="0.002">
    </testcase>
    <testcase classname="A draft creation validator It will fail validation When a user has reached the maximum number of concurrent storage document drafts" name="A draft creation validator It will fail validation When a user has reached the maximum number of concurrent storage document drafts" time="0.002">
    </testcase>
    <testcase classname="A draft creation validator It will fail validation When a user has exceeded the maximum number of concurrent storage document drafts" name="A draft creation validator It will fail validation When a user has exceeded the maximum number of concurrent storage document drafts" time="0.001">
    </testcase>
  </testsuite>
  <testsuite name="The online validation report filter" errors="0" failures="0" skipped="0" timestamp="2026-08-13T14:24:40" time="0.054" tests="5">
    <testcase classname="The online validation report filter will return all errors if everything is blocked" name="The online validation report filter will return all errors if everything is blocked" time="0">
    </testcase>
    <testcase classname="The online validation report filter will return only the reports for which the blocking is switched on" name="The online validation report filter will return only the reports for which the blocking is switched on" time="0">
    </testcase>
    <testcase classname="The online validation report filter will return only the report failures for which the blocking is switched on" name="The online validation report filter will return only the report failures for which the blocking is switched on" time="0.001">
    </testcase>
    <testcase classname="The online validation report filter will return an empty array if all the blocking is switched off" name="The online validation report filter will return an empty array if all the blocking is switched off" time="0">
    </testcase>
    <testcase classname="The online validation report filter will work when the data is more complex" name="The online validation report filter will work when the data is more complex" time="0">
    </testcase>
  </testsuite>
  <testsuite name="User Reference Payload" errors="0" failures="0" skipped="0" timestamp="2026-08-13T14:24:40" time="0.333" tests="10">
    <testcase classname="User Reference Payload GET /v1/userReference should GET /v1/userReference complete successfully with 200" name="User Reference Payload GET /v1/userReference should GET /v1/userReference complete successfully with 200" time="0.002">
    </testcase>
    <testcase classname="User Reference Payload GET /v1/userReference should GET /v1/userReference complete with 204" name="User Reference Payload GET /v1/userReference should GET /v1/userReference complete with 204" time="0.001">
    </testcase>
    <testcase classname="User Reference Payload GET /v1/userReference should GET /v1/userReference complete with 404" name="User Reference Payload GET /v1/userReference should GET /v1/userReference complete with 404" time="0">
    </testcase>
    <testcase classname="User Reference Payload GET /v1/userReference should GET /v1/userReference FAIL with 500" name="User Reference Payload GET /v1/userReference should GET /v1/userReference FAIL with 500" time="0.004">
    </testcase>
    <testcase classname="User Reference Payload POST /userReference::Valid Payload should call userReference and complete successfully" name="User Reference Payload POST /userReference::Valid Payload should call userReference and complete successfully" time="0.01">
    </testcase>
    <testcase classname="User Reference Payload POST /userReference::Valid Payload should call userReference and give 404" name="User Reference Payload POST /userReference::Valid Payload should call userReference and give 404" time="0.001">
    </testcase>
    <testcase classname="User Reference Payload POST /userReference::Valid Payload should call userReference, error and give 404" name="User Reference Payload POST /userReference::Valid Payload should call userReference, error and give 404" time="0.001">
    </testcase>
    <testcase classname="User Reference Payload POST /userReference::Valid Payload should call userReference and allow letters, numbers, hyphens, slashes and periods" name="User Reference Payload POST /userReference::Valid Payload should call userReference and allow letters, numbers, hyphens, slashes and periods" time="0">
    </testcase>
    <testcase classname="User Reference Payload POST /userReference::Invalid Payload should call userReference and fail" name="User Reference Payload POST /userReference::Invalid Payload should call userReference and fail" time="0.001">
    </testcase>
    <testcase classname="User Reference Payload POST /userReference::Invalid Payload should call userReference and fail (acceptsHtml)" name="User Reference Payload POST /userReference::Invalid Payload should call userReference and fail (acceptsHtml)" time="0">
    </testcase>
  </testsuite>
  <testsuite name="deleteDocument" errors="0" failures="0" skipped="0" timestamp="2026-08-13T14:24:41" time="1.254" tests="7">
    <testcase classname="deleteDocument will delete draft catch certificates from mongo and clear session data" name="deleteDocument will delete draft catch certificates from mongo and clear session data" time="0.002">
    </testcase>
    <testcase classname="deleteDocument will delete draft processing statements from mongo and clear session data" name="deleteDocument will delete draft processing statements from mongo and clear session data" time="0">
    </testcase>
    <testcase classname="deleteDocument will delete storage documents from mongo and clear session data" name="deleteDocument will delete storage documents from mongo and clear session data" time="0">
    </testcase>
    <testcase classname="deleteDocument will delete draft catch certificates from mongo and clear session data with document number GBR-REAACA-E4343-34FASD" name="deleteDocument will delete draft catch certificates from mongo and clear session data with document number GBR-REAACA-E4343-34FASD" time="0.001">
    </testcase>
    <testcase classname="deleteDocument will delete draft processing statements from mongo and clear session data with document number GBR-REAACA-E4343-34FASD" name="deleteDocument will delete draft processing statements from mongo and clear session data with document number GBR-REAACA-E4343-34FASD" time="0">
    </testcase>
    <testcase classname="deleteDocument will delete storage documents from mongo and clear session data with document number GBR-REAACA-E4343-34FASD" name="deleteDocument will delete storage documents from mongo and clear session data with document number GBR-REAACA-E4343-34FASD" time="0">
    </testcase>
    <testcase classname="deleteDocument will throw an error if an invalid journey is specified" name="deleteDocument will throw an error if an invalid journey is specified" time="0.004">
    </testcase>
  </testsuite>
  <testsuite name="Transport Validation Helpers" errors="0" failures="0" skipped="0" timestamp="2026-08-13T14:24:42" time="0.063" tests="15">
    <testcase classname="Transport Validation Helpers validateTruckNationality should return empty array when nationality is not provided" name="Transport Validation Helpers validateTruckNationality should return empty array when nationality is not provided" time="0">
    </testcase>
    <testcase classname="Transport Validation Helpers validateTruckNationality should return empty array when nationality is undefined" name="Transport Validation Helpers validateTruckNationality should return empty array when nationality is undefined" time="0">
    </testcase>
    <testcase classname="Transport Validation Helpers validateTruckNationality should return empty array when vehicle is not a truck" name="Transport Validation Helpers validateTruckNationality should return empty array when vehicle is not a truck" time="0">
    </testcase>
    <testcase classname="Transport Validation Helpers validateTruckNationality should return empty array in draft mode regardless of validity" name="Transport Validation Helpers validateTruckNationality should return empty array in draft mode regardless of validity" time="0">
    </testcase>
    <testcase classname="Transport Validation Helpers validateTruckNationality should return empty array when nationality is valid" name="Transport Validation Helpers validateTruckNationality should return empty array when nationality is valid" time="0.001">
    </testcase>
    <testcase classname="Transport Validation Helpers validateTruckNationality should return error when nationality is invalid" name="Transport Validation Helpers validateTruckNationality should return error when nationality is invalid" time="0">
    </testcase>
    <testcase classname="Transport Validation Helpers validateTruckNationality should return error when reference service fails" name="Transport Validation Helpers validateTruckNationality should return error when reference service fails" time="0">
    </testcase>
    <testcase classname="Transport Validation Helpers validateContainerNumbers should return empty array when containerNumbers is undefined" name="Transport Validation Helpers validateContainerNumbers should return empty array when containerNumbers is undefined" time="0">
    </testcase>
    <testcase classname="Transport Validation Helpers validateContainerNumbers should return empty array when containerNumbers is empty" name="Transport Validation Helpers validateContainerNumbers should return empty array when containerNumbers is empty" time="0.001">
    </testcase>
    <testcase classname="Transport Validation Helpers validateContainerNumbers should return empty array for valid unique container numbers" name="Transport Validation Helpers validateContainerNumbers should return empty array for valid unique container numbers" time="0">
    </testcase>
    <testcase classname="Transport Validation Helpers validateContainerNumbers should return format error for invalid container number" name="Transport Validation Helpers validateContainerNumbers should return format error for invalid container number" time="0">
    </testcase>
    <testcase classname="Transport Validation Helpers validateContainerNumbers should return duplicate error when same container number appears twice" name="Transport Validation Helpers validateContainerNumbers should return duplicate error when same container number appears twice" time="0.001">
    </testcase>
    <testcase classname="Transport Validation Helpers validateContainerNumbers should return duplicate error for third occurrence of same container number" name="Transport Validation Helpers validateContainerNumbers should return duplicate error for third occurrence of same container number" time="0">
    </testcase>
    <testcase classname="Transport Validation Helpers validateContainerNumbers should not flag empty strings as duplicates" name="Transport Validation Helpers validateContainerNumbers should not flag empty strings as duplicates" time="0">
    </testcase>
    <testcase classname="Transport Validation Helpers validateContainerNumbers should return both format and duplicate errors when applicable" name="Transport Validation Helpers validateContainerNumbers should return both format and duplicate errors when applicable" time="0">
    </testcase>
  </testsuite>
  <testsuite name="postEventData" errors="0" failures="0" skipped="0" timestamp="2026-08-13T14:24:42" time="0.151" tests="8">
    <testcase classname="postEventData should call `EventHubProducerClient` with the correct parameters" name="postEventData should call `EventHubProducerClient` with the correct parameters" time="0.002">
    </testcase>
    <testcase classname="postEventData should log an error on throwing an exception" name="postEventData should log an error on throwing an exception" time="0.076">
    </testcase>
    <testcase classname="postEventData should call `getPartitionIds`, `send` and `close` with the right params" name="postEventData should call `getPartitionIds`, `send` and `close` with the right params" time="0.001">
    </testcase>
    <testcase classname="getEnvironment will return `localhost` as an environment" name="getEnvironment will return `localhost` as an environment" time="0">
    </testcase>
    <testcase classname="getEnvironment will return `SND` as an environment" name="getEnvironment will return `SND` as an environment" time="0">
    </testcase>
    <testcase classname="getEnvironment will return `TST` as an environment" name="getEnvironment will return `TST` as an environment" time="0">
    </testcase>
    <testcase classname="getEnvironment will return `PRE` as an environment" name="getEnvironment will return `PRE` as an environment" time="0">
    </testcase>
    <testcase classname="getEnvironment will return `PRD` as an environment" name="getEnvironment will return `PRD` as an environment" time="0">
    </testcase>
  </testsuite>
  <testsuite name="MemoryStorage" errors="0" failures="0" skipped="0" timestamp="2026-08-13T14:24:42" time="0.042" tests="13">
    <testcase classname="MemoryStorage readAll() should return a blank array if the key is not in store" name="MemoryStorage readAll() should return a blank array if the key is not in store" time="0.001">
    </testcase>
    <testcase classname="MemoryStorage readAll() should return the value if the key is in store" name="MemoryStorage readAll() should return the value if the key is in store" time="0">
    </testcase>
    <testcase classname="MemoryStorage read() should return a null value if the key is not in store" name="MemoryStorage read() should return a null value if the key is not in store" time="0">
    </testcase>
    <testcase classname="MemoryStorage read() should return the value if the key is in store" name="MemoryStorage read() should return the value if the key is in store" time="0">
    </testcase>
    <testcase classname="MemoryStorage readFor() should return undefined if the key is not in store" name="MemoryStorage readFor() should return undefined if the key is not in store" time="0">
    </testcase>
    <testcase classname="MemoryStorage readFor() should return the value if the key is in store" name="MemoryStorage readFor() should return the value if the key is in store" time="0">
    </testcase>
    <testcase classname="MemoryStorage writeFor() should write the value to the store" name="MemoryStorage writeFor() should write the value to the store" time="0">
    </testcase>
    <testcase classname="MemoryStorage readAllFor() should return a blank array if the key is not in store" name="MemoryStorage readAllFor() should return a blank array if the key is not in store" time="0">
    </testcase>
    <testcase classname="MemoryStorage readAllFor() should return the value if the key is in store" name="MemoryStorage readAllFor() should return the value if the key is in store" time="0">
    </testcase>
    <testcase classname="MemoryStorage tagging and keys should create an empty tag for a document number and retrieve keys" name="MemoryStorage tagging and keys should create an empty tag for a document number and retrieve keys" time="0">
    </testcase>
    <testcase classname="MemoryStorage tagging and keys should remove a tag and return undefined for keys afterwards" name="MemoryStorage tagging and keys should remove a tag and return undefined for keys afterwards" time="0">
    </testcase>
    <testcase classname="MemoryStorage tagging and keys getDocument should return null by default" name="MemoryStorage tagging and keys getDocument should return null by default" time="0.001">
    </testcase>
    <testcase classname="MemoryStorage deleteFor should return blank after delete" name="MemoryStorage deleteFor should return blank after delete" time="0">
    </testcase>
  </testsuite>
  <testsuite name="When mapping basic transport details to a front end model" errors="0" failures="0" skipped="0" timestamp="2026-08-13T14:24:42" time="0.065" tests="3">
    <testcase classname="When mapping basic transport details to a front end model will map the export location" name="When mapping basic transport details to a front end model will map the export location" time="0.001">
    </testcase>
    <testcase classname="When mapping basic transport details to a front end model will handle undefined exportedFrom, exportedTo and pointOfDestination" name="When mapping basic transport details to a front end model will handle undefined exportedFrom, exportedTo and pointOfDestination" time="0">
    </testcase>
    <testcase classname="When mapping basic transport details to a front end model will map the export location from exportData" name="When mapping basic transport details to a front end model will map the export location from exportData" time="0">
    </testcase>
  </testsuite>
  <testsuite name="Document pdf routes" errors="0" failures="0" skipped="0" timestamp="2026-08-13T14:24:42" time="0.207" tests="5">
    <testcase classname="Document pdf routes GET /v1/document/pdf will return 200 if there is summary data" name="Document pdf routes GET /v1/document/pdf will return 200 if there is summary data" time="0.001">
    </testcase>
    <testcase classname="Document pdf routes GET /v1/document/pdf will return 200 if a document summary can not be found" name="Document pdf routes GET /v1/document/pdf will return 200 if a document summary can not be found" time="0">
    </testcase>
    <testcase classname="Document pdf routes GET /v1/document/pdf will return 403 if the user does not own the document" name="Document pdf routes GET /v1/document/pdf will return 403 if the user does not own the document" time="0">
    </testcase>
    <testcase classname="Document pdf routes GET /v1/document/pdf will log and return 500 if there the get summary data function throws an error" name="Document pdf routes GET /v1/document/pdf will log and return 500 if there the get summary data function throws an error" time="0.003">
    </testcase>
    <testcase classname="Document pdf routes GET /v1/document/pdf will log and return 500 if there the get summary data function throws a text error" name="Document pdf routes GET /v1/document/pdf will log and return 500 if there the get summary data function throws a text error" time="0">
    </testcase>
  </testsuite>
  <testsuite name="ExportLocationController" errors="0" failures="0" skipped="0" timestamp="2026-08-13T14:24:42" time="0.224" tests="5">
    <testcase classname="ExportLocationController getExportLocation() should call Services.get() with the right params" name="ExportLocationController getExportLocation() should call Services.get() with the right params" time="0.001">
    </testcase>
    <testcase classname="ExportLocationController addExportLocation() should call Services.addExportLocation() with the right params" name="ExportLocationController addExportLocation() should call Services.addExportLocation() with the right params" time="0">
    </testcase>
    <testcase classname="ExportLocationController addExportLocation() should return a result if the accept request header is not text/html" name="ExportLocationController addExportLocation() should return a result if the accept request header is not text/html" time="0">
    </testcase>
    <testcase classname="ExportLocationController addExportLocationAndSaveAsDraft should call ExportLocationController.addExportLocation() with the right params" name="ExportLocationController addExportLocationAndSaveAsDraft should call ExportLocationController.addExportLocation() with the right params" time="0.001">
    </testcase>
    <testcase classname="ExportLocationController addExportLocationAndSaveAsDraft should pass saveAsDraft flag as true when saving as draft" name="ExportLocationController addExportLocationAndSaveAsDraft should pass saveAsDraft flag as true when saving as draft" time="0">
    </testcase>
  </testsuite>
  <testsuite name="ConservationController" errors="0" failures="0" skipped="0" timestamp="2026-08-13T14:24:43" time="0.158" tests="6">
    <testcase classname="ConservationController addConservation() should redirect to payload.dashboardUri" name="ConservationController addConservation() should redirect to payload.dashboardUri" time="0.001">
    </testcase>
    <testcase classname="ConservationController addConservation() should redirect to payload.currentUri" name="ConservationController addConservation() should redirect to payload.currentUri" time="0">
    </testcase>
    <testcase classname="ConservationController addConservation() should redirect to payload.nextUri" name="ConservationController addConservation() should redirect to payload.nextUri" time="0">
    </testcase>
    <testcase classname="ConservationController addConservation() should return data" name="ConservationController addConservation() should return data" time="0">
    </testcase>
    <testcase classname="ConservationController getConservation() should call ConservationService.getConservation() wit the right params" name="ConservationController getConservation() should call ConservationService.getConservation() wit the right params" time="0.001">
    </testcase>
    <testcase classname="ConservationController addConservationAndSaveAsDraft() should return a valid result" name="ConservationController addConservationAndSaveAsDraft() should return a valid result" time="0">
    </testcase>
  </testsuite>
  <testsuite name="ProtectionMonitoringController" errors="0" failures="0" skipped="0" timestamp="2026-08-13T14:24:43" time="0.176" tests="3">
    <testcase classname="ProtectionMonitoringController When viewing a CC catch certificate should successfully post a download event" name="ProtectionMonitoringController When viewing a CC catch certificate should successfully post a download event" time="0.001">
    </testcase>
    <testcase classname="ProtectionMonitoringController When viewing a PS catch certificate should successfully post a download event" name="ProtectionMonitoringController When viewing a PS catch certificate should successfully post a download event" time="0.001">
    </testcase>
    <testcase classname="ProtectionMonitoringController When viewing a SD catch certificate should successfully post a download event" name="ProtectionMonitoringController When viewing a SD catch certificate should successfully post a download event" time="0">
    </testcase>
  </testsuite>
  <testsuite name="utils" errors="0" failures="0" skipped="0" timestamp="2026-08-13T14:24:43" time="0.04" tests="10">
    <testcase classname="utils will return a random number of 10 digits" name="utils will return a random number of 10 digits" time="0.001">
    </testcase>
    <testcase classname="utils returns a real 10 digit number when unmocked" name="utils returns a real 10 digit number when unmocked" time="0">
    </testcase>
    <testcase classname="utils should return an array of FAO Area codes with exactly 19 items" name="utils should return an array of FAO Area codes with exactly 19 items" time="0.001">
    </testcase>
    <testcase classname="utils valueOrDefault returns value when the condition parameter is true" name="utils valueOrDefault returns value when the condition parameter is true" time="0">
    </testcase>
    <testcase classname="utils valueOrDefault returns default value when the condition parameter is false" name="utils valueOrDefault returns default value when the condition parameter is false" time="0">
    </testcase>
    <testcase classname="utils valueOrDefault returns undefined when no default value is passed and condition parameter is false" name="utils valueOrDefault returns undefined when no default value is passed and condition parameter is false" time="0">
    </testcase>
    <testcase classname="utils hasValue returns true for for values other than null or undefined" name="utils hasValue returns true for for values other than null or undefined" time="0">
    </testcase>
    <testcase classname="utils hasValue returns false for undefined" name="utils hasValue returns false for undefined" time="0">
    </testcase>
    <testcase classname="utils hasValue returns false for null" name="utils hasValue returns false for null" time="0">
    </testcase>
    <testcase classname="utils nonJSInputHistory pushes only non-empty tracked fields onto transportDetails with a temp-prefixed field name" name="utils nonJSInputHistory pushes only non-empty tracked fields onto transportDetails with a temp-prefixed field name" time="0">
    </testcase>
  </testsuite>
  <testsuite name="void routes" errors="0" failures="0" skipped="0" timestamp="2026-08-13T14:24:43" time="0.243" tests="4">
    <testcase classname="void routes POST /v1/void-certificate should return 200 if document ownership passes" name="void routes POST /v1/void-certificate should return 200 if document ownership passes" time="0.002">
    </testcase>
    <testcase classname="void routes POST /v1/void-certificate should return 500 if an error occurs" name="void routes POST /v1/void-certificate should return 500 if an error occurs" time="0.004">
    </testcase>
    <testcase classname="void routes POST /v1/void-certificate should return 400 if documentNumber is not given in payload" name="void routes POST /v1/void-certificate should return 400 if documentNumber is not given in payload" time="0.001">
    </testcase>
    <testcase classname="void routes POST /v1/void-certificate should return 302 if documentNumber is not given in payload (acceptsHtml)" name="void routes POST /v1/void-certificate should return 302 if documentNumber is not given in payload (acceptsHtml)" time="0">
    </testcase>
  </testsuite>
  <testsuite name="mapToPersistableSchema" errors="0" failures="0" skipped="0" timestamp="2026-08-13T14:24:44" time="0.043" tests="1">
    <testcase classname="mapToPersistableSchema should return mapped data" name="mapToPersistableSchema should return mapped data" time="0.001">
    </testcase>
  </testsuite>
  <testsuite name="buildProducts" errors="0" failures="0" skipped="0" timestamp="2026-08-13T14:24:44" time="0.041" tests="2">
    <testcase classname="buildProducts should map products correctly" name="buildProducts should map products correctly" time="0">
    </testcase>
    <testcase classname="buildProducts should built a list of products from a list of species with landings" name="buildProducts should built a list of products from a list of species with landings" time="0.001">
    </testcase>
  </testsuite>
  <testsuite name="Summary errors routes" errors="0" failures="0" skipped="0" timestamp="2026-08-13T14:24:44" time="0.211" tests="5">
    <testcase classname="Summary errors routes GET /v1/summary-errors will return 204 if there is no errors" name="Summary errors routes GET /v1/summary-errors will return 204 if there is no errors" time="0.002">
    </testcase>
    <testcase classname="Summary errors routes GET /v1/summary-errors will return 200 if there all an error" name="Summary errors routes GET /v1/summary-errors will return 200 if there all an error" time="0.001">
    </testcase>
    <testcase classname="Summary errors routes GET /v1/summary-errors will return 403 if the user does not own the document" name="Summary errors routes GET /v1/summary-errors will return 403 if the user does not own the document" time="0.001">
    </testcase>
    <testcase classname="Summary errors routes GET /v1/summary-errors will log and return 500 if there the get function throws an error" name="Summary errors routes GET /v1/summary-errors will log and return 500 if there the get function throws an error" time="0.003">
    </testcase>
    <testcase classname="Summary errors routes GET /v1/summary-errors will call SummaryErrorService get with document number" name="Summary errors routes GET /v1/summary-errors will call SummaryErrorService get with document number" time="0.001">
    </testcase>
  </testsuite>
  <testsuite name="containsEmoji" errors="0" failures="0" skipped="0" timestamp="2026-08-13T14:24:44" time="0.048" tests="29">
    <testcase classname="containsEmoji returns true for emoji characters face emoji: 😀" name="containsEmoji returns true for emoji characters face emoji: 😀" time="0">
    </testcase>
    <testcase classname="containsEmoji returns true for emoji characters grinning face: 😁" name="containsEmoji returns true for emoji characters grinning face: 😁" time="0">
    </testcase>
    <testcase classname="containsEmoji returns true for emoji characters thumbs up: 👍" name="containsEmoji returns true for emoji characters thumbs up: 👍" time="0">
    </testcase>
    <testcase classname="containsEmoji returns true for emoji characters rocket: 🚀" name="containsEmoji returns true for emoji characters rocket: 🚀" time="0">
    </testcase>
    <testcase classname="containsEmoji returns true for emoji characters pizza: 🍕" name="containsEmoji returns true for emoji characters pizza: 🍕" time="0">
    </testcase>
    <testcase classname="containsEmoji returns true for emoji characters fire: 🔥" name="containsEmoji returns true for emoji characters fire: 🔥" time="0">
    </testcase>
    <testcase classname="containsEmoji returns true for emoji characters check mark button: ✅" name="containsEmoji returns true for emoji characters check mark button: ✅" time="0">
    </testcase>
    <testcase classname="containsEmoji returns true for emoji characters wrench emoji (FI0-10908 example): 🔧" name="containsEmoji returns true for emoji characters wrench emoji (FI0-10908 example): 🔧" time="0">
    </testcase>
    <testcase classname="containsEmoji returns true for emoji characters flag sequence (GB): 🇬🇧" name="containsEmoji returns true for emoji characters flag sequence (GB): 🇬🇧" time="0">
    </testcase>
    <testcase classname="containsEmoji returns true for emoji characters text with leading emoji: 👋 Hello" name="containsEmoji returns true for emoji characters text with leading emoji: 👋 Hello" time="0">
    </testcase>
    <testcase classname="containsEmoji returns true for emoji characters text with trailing emoji: Hello 🌍" name="containsEmoji returns true for emoji characters text with trailing emoji: Hello 🌍" time="0">
    </testcase>
    <testcase classname="containsEmoji returns true for emoji characters text with embedded emoji: Fish 🐟 export" name="containsEmoji returns true for emoji characters text with embedded emoji: Fish 🐟 export" time="0">
    </testcase>
    <testcase classname="containsEmoji returns true for emoji characters multiple emojis: 🎉🎊" name="containsEmoji returns true for emoji characters multiple emojis: 🎉🎊" time="0">
    </testcase>
    <testcase classname="containsEmoji returns false for permitted characters plain letters: John Smith" name="containsEmoji returns false for permitted characters plain letters: John Smith" time="0">
    </testcase>
    <testcase classname="containsEmoji returns false for permitted characters letters with apostrophe: Mary O&apos;Connor" name="containsEmoji returns false for permitted characters letters with apostrophe: Mary O&apos;Connor" time="0">
    </testcase>
    <testcase classname="containsEmoji returns false for permitted characters letters with period: Mr. Smith" name="containsEmoji returns false for permitted characters letters with period: Mr. Smith" time="0.001">
    </testcase>
    <testcase classname="containsEmoji returns false for permitted characters letters with hyphen: Smith-Jones" name="containsEmoji returns false for permitted characters letters with hyphen: Smith-Jones" time="0">
    </testcase>
    <testcase classname="containsEmoji returns false for permitted characters letters and numbers: Company123" name="containsEmoji returns false for permitted characters letters and numbers: Company123" time="0">
    </testcase>
    <testcase classname="containsEmoji returns false for permitted characters alphanumeric with spaces: Fish Co 2024" name="containsEmoji returns false for permitted characters alphanumeric with spaces: Fish Co 2024" time="0">
    </testcase>
    <testcase classname="containsEmoji returns false for permitted characters address with common punctuation: 12, Lancaster House" name="containsEmoji returns false for permitted characters address with common punctuation: 12, Lancaster House" time="0">
    </testcase>
    <testcase classname="containsEmoji returns false for permitted characters empty string: " name="containsEmoji returns false for permitted characters empty string: " time="0">
    </testcase>
    <testcase classname="containsEmoji returns false for permitted characters single letter: A" name="containsEmoji returns false for permitted characters single letter: A" time="0">
    </testcase>
    <testcase classname="containsEmoji returns false for permitted characters digits only: 12345" name="containsEmoji returns false for permitted characters digits only: 12345" time="0">
    </testcase>
    <testcase classname="validateNoEmoji passes validation for permitted text" name="validateNoEmoji passes validation for permitted text" time="0">
    </testcase>
    <testcase classname="validateNoEmoji passes validation for text with apostrophe" name="validateNoEmoji passes validation for text with apostrophe" time="0">
    </testcase>
    <testcase classname="validateNoEmoji returns a string.emoji error type for emoji input" name="validateNoEmoji returns a string.emoji error type for emoji input" time="0">
    </testcase>
    <testcase classname="validateNoEmoji returns a string.emoji error for a wrench emoji" name="validateNoEmoji returns a string.emoji error for a wrench emoji" time="0.001">
    </testcase>
    <testcase classname="validateNoEmoji returns a string.emoji error when emoji is embedded in text" name="validateNoEmoji returns a string.emoji error when emoji is embedded in text" time="0">
    </testcase>
    <testcase classname="validateNoEmoji returns a string.emoji error for flag emoji" name="validateNoEmoji returns a string.emoji error for flag emoji" time="0">
    </testcase>
  </testsuite>
  <testsuite name="querySpecies()" errors="0" failures="0" skipped="0" timestamp="2026-08-13T14:24:44" time="0.039" tests="7">
    <testcase classname="querySpecies() should return an empty array if the the query is empty" name="querySpecies() should return an empty array if the the query is empty" time="0.001">
    </testcase>
    <testcase classname="querySpecies() should return an rank of 1 if the fao code matches" name="querySpecies() should return an rank of 1 if the fao code matches" time="0">
    </testcase>
    <testcase classname="querySpecies() should return an rank of 10 if the fao name matches" name="querySpecies() should return an rank of 10 if the fao name matches" time="0">
    </testcase>
    <testcase classname="querySpecies() should return an rank of 20 if the scientific name matches" name="querySpecies() should return an rank of 20 if the scientific name matches" time="0">
    </testcase>
    <testcase classname="querySpecies() should return an rank of 20 if the common names matches" name="querySpecies() should return an rank of 20 if the common names matches" time="0">
    </testcase>
    <testcase classname="querySpecies() should return an rank of 100 if nothing matches" name="querySpecies() should return an rank of 100 if nothing matches" time="0">
    </testcase>
    <testcase classname="querySpecies() should return only exact FAO code match when query is an exact code" name="querySpecies() should return only exact FAO code match when query is an exact code" time="0.001">
    </testcase>
  </testsuite>
  <testsuite name="eu-countries.service" errors="0" failures="0" skipped="0" timestamp="2026-08-13T14:24:44" time="0.058" tests="6">
    <testcase classname="eu-countries.service returns upper-cased deduped country list and caches result" name="eu-countries.service returns upper-cased deduped country list and caches result" time="0.002">
    </testcase>
    <testcase classname="eu-countries.service isEuCountry returns true for string and object inputs (case-insensitive)" name="eu-countries.service isEuCountry returns true for string and object inputs (case-insensitive)" time="0">
    </testcase>
    <testcase classname="eu-countries.service handles non-array responses gracefully" name="eu-countries.service handles non-array responses gracefully" time="0">
    </testcase>
    <testcase classname="eu-countries.service logs and returns empty array when axios throws" name="eu-countries.service logs and returns empty array when axios throws" time="0.003">
    </testcase>
    <testcase classname="eu-countries.service maps non-string array items to empty and trims raw strings" name="eu-countries.service maps non-string array items to empty and trims raw strings" time="0">
    </testcase>
    <testcase classname="eu-countries.service isEuCountry returns false for object without officialCountryName" name="eu-countries.service isEuCountry returns false for object without officialCountryName" time="0.001">
    </testcase>
  </testsuite>
  <testsuite name="fish.validator" errors="0" failures="0" skipped="0" timestamp="2026-08-13T14:24:44" time="0.046" tests="4">
    <testcase classname="fish.validator constructPath() should return a well formed path" name="fish.validator constructPath() should return a well formed path" time="0.001">
    </testcase>
    <testcase classname="fish.validator validateSpeciesName() should return a validated species name" name="fish.validator validateSpeciesName() should return a validated species name" time="0">
    </testcase>
    <testcase classname="fish.validator validateSpeciesWithSuggestions() should return a validated species name" name="fish.validator validateSpeciesWithSuggestions() should return a validated species name" time="0">
    </testcase>
    <testcase classname="fish.validator validateSpeciesWithReferenceData" name="fish.validator validateSpeciesWithReferenceData" time="0">
    </testcase>
  </testsuite>
  <testsuite name="safeClone" errors="0" failures="0" skipped="0" timestamp="2026-08-13T14:24:44" time="0.046" tests="7">
    <testcase classname="safeClone deep clones a plain object, decoupling nested objects and arrays from the original" name="safeClone deep clones a plain object, decoupling nested objects and arrays from the original" time="0.001">
    </testcase>
    <testcase classname="safeClone clones an object created with Object.create(null) as a plain object" name="safeClone clones an object created with Object.create(null) as a plain object" time="0.001">
    </testcase>
    <testcase classname="safeClone deep clones arrays, including nested arrays and array items" name="safeClone deep clones arrays, including nested arrays and array items" time="0">
    </testcase>
    <testcase classname="safeClone returns non-plain objects (e.g. Date) by reference instead of cloning them" name="safeClone returns non-plain objects (e.g. Date) by reference instead of cloning them" time="0">
    </testcase>
    <testcase classname="safeClone returns class instances by reference instead of cloning them" name="safeClone returns class instances by reference instead of cloning them" time="0">
    </testcase>
    <testcase classname="safeClone preserves a MongoDB ObjectId by reference rather than corrupting it" name="safeClone preserves a MongoDB ObjectId by reference rather than corrupting it" time="0">
    </testcase>
    <testcase classname="safeClone returns primitive values, null and undefined unchanged" name="safeClone returns primitive values, null and undefined unchanged" time="0.001">
    </testcase>
  </testsuite>
  <testsuite name="update and void ConsolidateLandings" errors="0" failures="0" skipped="0" timestamp="2026-08-13T14:24:44" time="0.055" tests="4">
    <testcase classname="update and void ConsolidateLandings returns response data for update ConsolidateLandings" name="update and void ConsolidateLandings returns response data for update ConsolidateLandings" time="0.001">
    </testcase>
    <testcase classname="update and void ConsolidateLandings should log and rethrow any errors for updateConsolidateLandings" name="update and void ConsolidateLandings should log and rethrow any errors for updateConsolidateLandings" time="0.002">
    </testcase>
    <testcase classname="update and void ConsolidateLandings returns response data for voidConsolidateLandings" name="update and void ConsolidateLandings returns response data for voidConsolidateLandings" time="0">
    </testcase>
    <testcase classname="update and void ConsolidateLandings should log and rethrow any errors for voidConsolidateLandings" name="update and void ConsolidateLandings should log and rethrow any errors for voidConsolidateLandings" time="0.001">
    </testcase>
  </testsuite>
  <testsuite name="countries.validator" errors="0" failures="0" skipped="0" timestamp="2026-08-13T14:24:44" time="0.046" tests="5">
    <testcase classname="countries.validator should return an error if the country name does not exist in the countries array" name="countries.validator should return an error if the country name does not exist in the countries array" time="0.001">
    </testcase>
    <testcase classname="countries.validator should return an error if a country destination is not given" name="countries.validator should return an error if a country destination is not given" time="0">
    </testcase>
    <testcase classname="countries.validator should return isError: false and error:null if the country name exists in the countries array" name="countries.validator should return isError: false and error:null if the country name exists in the countries array" time="0">
    </testcase>
    <testcase classname="countries.validator should call validate countries with correct error property" name="countries.validator should call validate countries with correct error property" time="0.001">
    </testcase>
    <testcase classname="countries.validator should call validate countries with given error property" name="countries.validator should call validate countries with given error property" time="0">
    </testcase>
  </testsuite>
  <testsuite name="find out if the blocking is on" errors="0" failures="0" skipped="0" timestamp="2026-08-13T14:24:44" time="0.464" tests="5">
    <testcase classname="find out if the blocking is on Returns a boolean value" name="find out if the blocking is on Returns a boolean value" time="0.005">
    </testcase>
    <testcase classname="find out if the blocking is on Treats a `not found` as false" name="find out if the blocking is on Treats a `not found` as false" time="0">
    </testcase>
    <testcase classname="getBlockingStatuses returns correct statuses for multiple names" name="getBlockingStatuses returns correct statuses for multiple names" time="0.002">
    </testcase>
    <testcase classname="getBlockingStatuses returns false for names not found in the database" name="getBlockingStatuses returns false for names not found in the database" time="0.001">
    </testcase>
    <testcase classname="getBlockingStatuses handles a mix of found and not-found names" name="getBlockingStatuses handles a mix of found and not-found names" time="0.001">
    </testcase>
  </testsuite>
  <testsuite name="commodityCode.validator" errors="0" failures="0" skipped="0" timestamp="2026-08-13T14:24:45" time="0.045" tests="5">
    <testcase classname="commodityCode.validator should return an error if the commodity code does not exist" name="commodityCode.validator should return an error if the commodity code does not exist" time="0.001">
    </testcase>
    <testcase classname="commodityCode.validator should return an error if a country destination is not given" name="commodityCode.validator should return an error if a country destination is not given" time="0">
    </testcase>
    <testcase classname="commodityCode.validator should return isError: false and error:null if the commodity code exists" name="commodityCode.validator should return isError: false and error:null if the commodity code exists" time="0">
    </testcase>
    <testcase classname="commodityCode.validator should call validate commodityCode with correct error property" name="commodityCode.validator should call validate commodityCode with correct error property" time="0">
    </testcase>
    <testcase classname="commodityCode.validator should call validate commodityCode with given error property" name="commodityCode.validator should call validate commodityCode with given error property" time="0">
    </testcase>
  </testsuite>
  <testsuite name="notification routes" errors="0" failures="0" skipped="0" timestamp="2026-08-13T14:24:45" time="0.084" tests="3">
    <testcase classname="notification routes GET /v1/notifications should return 204 if there is no notification" name="notification routes GET /v1/notifications should return 204 if there is no notification" time="0.001">
    </testcase>
    <testcase classname="notification routes GET /v1/notifications should return 200 if there is a notification and it is published" name="notification routes GET /v1/notifications should return 200 if there is a notification and it is published" time="0">
    </testcase>
    <testcase classname="notification routes GET /v1/notifications should return 204 if there is a notification and it is not published" name="notification routes GET /v1/notifications should return 204 if there is a notification and it is not published" time="0">
    </testcase>
  </testsuite>
  <testsuite name="PresentationStateController.getPS()" errors="0" failures="0" skipped="0" timestamp="2026-08-13T14:24:45" time="0.049" tests="2">
    <testcase classname="PresentationStateController.getPS() should redirect with the correct param" name="PresentationStateController.getPS() should redirect with the correct param" time="0">
    </testcase>
    <testcase classname="PresentationStateController.getPS() should return the results" name="PresentationStateController.getPS() should return the results" time="0">
    </testcase>
  </testsuite>
  <testsuite name="getLandingsRefreshData" errors="0" failures="0" skipped="0" timestamp="2026-08-13T14:24:45" time="0.04" tests="2">
    <testcase classname="getLandingsRefreshData will convert from LandingStatus[] to LandingsRefreshData[]" name="getLandingsRefreshData will convert from LandingStatus[] to LandingsRefreshData[]" time="0.001">
    </testcase>
    <testcase classname="getLandingsRefreshData will not return landings that have an vesselOverriddenByAdmin flag" name="getLandingsRefreshData will not return landings that have an vesselOverriddenByAdmin flag" time="0">
    </testcase>
  </testsuite>
  <testsuite name="CommodityController.searchCC()" errors="0" failures="0" skipped="0" timestamp="2026-08-13T14:24:45" time="0.05" tests="2">
    <testcase classname="CommodityController.searchCC() should redirect when mime type is text/html" name="CommodityController.searchCC() should redirect when mime type is text/html" time="0">
    </testcase>
    <testcase classname="CommodityController.searchCC() should return a response when mime type is not text/html" name="CommodityController.searchCC() should return a response when mime type is not text/html" time="0.001">
    </testcase>
  </testsuite>
  <testsuite name="undefined" errors="0" failures="0" skipped="0" timestamp="2026-08-13T14:24:45" time="0.041" tests="2">
    <testcase classname=" when validating vessel data against reference service it should return vehicle object if the vehicle exists in reference service" name=" when validating vessel data against reference service it should return vehicle object if the vehicle exists in reference service" time="0">
    </testcase>
    <testcase classname=" when validating vessel data against reference service it should throw an error if the vehicle does not exist in reference service" name=" when validating vessel data against reference service it should throw an error if the vehicle does not exist in reference service" time="0">
    </testcase>
  </testsuite>
  <testsuite name="NotificationService" errors="0" failures="0" skipped="0" timestamp="2026-08-13T14:24:45" time="0.04" tests="1">
    <testcase classname="NotificationService get should return data from the &apos;notifications&apos; key in redis" name="NotificationService get should return data from the &apos;notifications&apos; key in redis" time="0">
    </testcase>
  </testsuite>
  <testsuite name="When mapping from a front end Conservation to a back end Conservation" errors="0" failures="0" skipped="0" timestamp="2026-08-13T14:24:45" time="0.036" tests="1">
    <testcase classname="When mapping from a front end Conservation to a back end Conservation will just contain the conservation reference" name="When mapping from a front end Conservation to a back end Conservation will just contain the conservation reference" time="0.001">
    </testcase>
  </testsuite>
  <testsuite name="undefined" errors="0" failures="0" skipped="0" timestamp="2026-08-13T14:24:45" time="0.033" tests="2">
    <testcase classname=" should be able to set the vessel name in the mock data" name=" should be able to set the vessel name in the mock data" time="0">
    </testcase>
    <testcase classname=" should be able to create full mock object" name=" should be able to create full mock object" time="0.001">
    </testcase>
  </testsuite>
  <testsuite name="toExportedTo" errors="0" failures="0" skipped="0" timestamp="2026-08-13T14:24:45" time="0.06" tests="2">
    <testcase classname="toExportedTo will convert an old exportedTo into a new one" name="toExportedTo will convert an old exportedTo into a new one" time="0">
    </testcase>
    <testcase classname="toExportedTo will not convert an new exportedTo" name="toExportedTo will not convert an new exportedTo" time="0">
    </testcase>
  </testsuite>
  <testsuite name="FishController.augmentProductDetails()" errors="0" failures="0" skipped="0" timestamp="2026-08-13T14:24:45" time="0.287" tests="1">
    <testcase classname="FishController.augmentProductDetails() should return a valid product" name="FishController.augmentProductDetails() should return a valid product" time="0.014">
    </testcase>
  </testsuite>
  <testsuite name="CatchService.searchCC" errors="0" failures="0" skipped="0" timestamp="2026-08-13T14:24:46" time="0.049" tests="2">
    <testcase classname="CatchService.searchCC should return an array of commodity codes" name="CatchService.searchCC should return an array of commodity codes" time="0.003">
    </testcase>
    <testcase classname="CatchService.searchCC should thrown an error if commodity codes cannot be read" name="CatchService.searchCC should thrown an error if commodity codes cannot be read" time="0">
    </testcase>
  </testsuite>
  <testsuite name="defineAuthStrategies" errors="0" failures="0" skipped="0" timestamp="2026-08-13T14:24:46" time="0.035" tests="2">
    <testcase classname="defineAuthStrategies should return null if auth is disabled" name="defineAuthStrategies should return null if auth is disabled" time="0.001">
    </testcase>
    <testcase classname="defineAuthStrategies should return auth array if auth is enabled" name="defineAuthStrategies should return auth array if auth is enabled" time="0">
    </testcase>
  </testsuite>
  <testsuite name="acceptsSortSite" errors="0" failures="0" skipped="0" timestamp="2026-08-13T14:24:46" time="0.035" tests="2">
    <testcase classname="acceptsSortSite should return true when accept headers has valid mime types" name="acceptsSortSite should return true when accept headers has valid mime types" time="0.001">
    </testcase>
    <testcase classname="acceptsSortSite should return false when accept headers are missing" name="acceptsSortSite should return false when accept headers are missing" time="0">
    </testcase>
  </testsuite>
  <testsuite name="breakDownNameAndCode()" errors="0" failures="0" skipped="0" timestamp="2026-08-13T14:24:46" time="0.033" tests="2">
    <testcase classname="breakDownNameAndCode() should parse correctly to name/pln when param is correctly formatted" name="breakDownNameAndCode() should parse correctly to name/pln when param is correctly formatted" time="0.001">
    </testcase>
    <testcase classname="breakDownNameAndCode() should return null when param is incorrectly formatted" name="breakDownNameAndCode() should return null when param is incorrectly formatted" time="0">
    </testcase>
  </testsuite>
  <testsuite name="home handler" errors="0" failures="0" skipped="0" timestamp="2026-08-13T14:24:46" time="0.032" tests="1">
    <testcase classname="home handler returns errors and next" name="home handler returns errors and next" time="0.001">
    </testcase>
  </testsuite>
  <testsuite name="PresentationStateService" errors="0" failures="0" skipped="0" timestamp="2026-08-13T14:24:46" time="0.037" tests="1">
    <testcase classname="PresentationStateService getPS" name="PresentationStateService getPS" time="0">
    </testcase>
  </testsuite>
  <testsuite name="SessionStoreFactory" errors="0" failures="0" skipped="0" timestamp="2026-08-13T14:24:46" time="0.034" tests="1">
    <testcase classname="SessionStoreFactory getSessionStore() should return an initialized store" name="SessionStoreFactory getSessionStore() should return an initialized store" time="0.001">
    </testcase>
  </testsuite>
</testsuites>